Processing esp32dev (platform: espressif32; board: esp32dev; framework: arduino; monitor_speed: 115200; lib_deps: tzapu/WiFiManager @ ^2.0.17, https://github.com/me-no-dev/ESPAsyncWebServer.git#master, adafruit/Adafruit PN532 @ ^1.3.3, miguelbalboa/MFRC522 @ ^1.4.11, adafruit/Adafruit NeoPixel, bblanchon/ArduinoJson @ ^7.3.0, knolleary/PubSubClient @ ^2.8, digitaldragon/SSLClient @ ^1.3.2, https://github.com/marvinroger/async-mqtt-client.git; board_build.filesystem: littlefs; board_build.partitions: partitions.csv; board_upload.flash_size: 4MB; board_build.flash_mode: dio; board_upload.flash_freq: "40m"; build_flags: -Os, -ffunction-sections, -fdata-sections, -mtext-section-literals, -DVERSION=\""2.0.10"\", -DTOOLDVERSION=\""1.5.10"\", -DASYNCWEBSERVER_REGEX, -DCONFIG_ARDUHAL_LOG_COLORS=1, -DCONFIG_OPTIMIZATION_LEVEL_DEBUG=1, -DBOOT_APP_PARTITION_OTA_0=1, -DCONFIG_LWIP_TCP_MSL=60000, -DCONFIG_LWIP_TCP_RCV_BUF_DEFAULT=4096, -DCONFIG_LWIP_MAX_ACTIVE_TCP=16, -DASYNC_MQTT; extra_scripts: scripts/extra_script.py, pre:scripts/combine_html.py, scripts/gzip_files.py)
--------------------------------------------------------------------------------
CONFIGURATION: https://docs.platformio.org/page/boards/espressif32/esp32dev.html
PLATFORM: Espressif 32 (6.12.0) > Espressif ESP32 Dev Module
HARDWARE: ESP32 240MHz, 320KB RAM, 4MB Flash
DEBUG: Current (cmsis-dap) External (cmsis-dap, esp-bridge, esp-prog, iot-bus-jtag, jlink, minimodule, olimex-arm-usb-ocd, olimex-arm-usb-ocd-h, olimex-arm-usb-tiny-h, olimex-jtag-tiny, tumpa)
PACKAGES: 
 - framework-arduinoespressif32 @ 3.20017.241212+sha.dcc1105b 
 - tool-esptoolpy @ 2.40900.250804 (4.9.0) 
 - toolchain-xtensa-esp32 @ 8.4.0+2021r2-patch5
LDF: Library Dependency Finder -> https://bit.ly/configure-pio-ldf
LDF Modes: Finder ~ chain, Compatibility ~ soft
Found 44 compatible libraries
Scanning dependencies...
Dependency Graph
|-- WiFiManager @ 2.0.17 (License: Unknown, Path: C:\docs\vscode\ragesaq\filaman\Filaman\.pio\libdeps\esp32dev\WiFiManager)
|   |-- DNSServer @ 2.0.0 (License: Unknown, Path: C:\Users\saq\.platformio\packages\framework-arduinoespressif32\libraries\DNSServer)
|   |   |-- WiFi @ 2.0.0 (License: Unknown, Path: C:\Users\saq\.platformio\packages\framework-arduinoespressif32\libraries\WiFi)
|   |-- ESPmDNS @ 2.0.0 (License: Unknown, Path: C:\Users\saq\.platformio\packages\framework-arduinoespressif32\libraries\ESPmDNS)
|   |   |-- WiFi @ 2.0.0 (License: Unknown, Path: C:\Users\saq\.platformio\packages\framework-arduinoespressif32\libraries\WiFi)
|   |-- Update @ 2.0.0 (License: Unknown, Path: C:\Users\saq\.platformio\packages\framework-arduinoespressif32\libraries\Update)
|   |-- WebServer @ 2.0.0 (License: Unknown, Path: C:\Users\saq\.platformio\packages\framework-arduinoespressif32\libraries\WebServer)
|   |   |-- WiFi @ 2.0.0 (License: Unknown, Path: C:\Users\saq\.platformio\packages\framework-arduinoespressif32\libraries\WiFi)
|   |   |-- FS @ 2.0.0 (License: Unknown, Path: C:\Users\saq\.platformio\packages\framework-arduinoespressif32\libraries\FS)
|   |-- WiFi @ 2.0.0 (License: Unknown, Path: C:\Users\saq\.platformio\packages\framework-arduinoespressif32\libraries\WiFi)
|-- ESPAsyncWebServer @ 3.6.0+sha.ad3741d (License: LGPL-3.0, URI: git+https://github.com/me-no-dev/ESPAsyncWebServer.git#master, Path: C:\docs\vscode\ragesaq\filaman\Filaman\.pio\libdeps\esp32dev\ESPAsyncWebServer)
|   |-- FS @ 2.0.0 (License: Unknown, Path: C:\Users\saq\.platformio\packages\framework-arduinoespressif32\libraries\FS)
|   |-- AsyncTCP @ 3.4.9 (License: LGPL-3.0, Path: C:\docs\vscode\ragesaq\filaman\Filaman\.pio\libdeps\esp32dev\AsyncTCP)
|   |-- WebServer @ 2.0.0 (License: Unknown, Path: C:\Users\saq\.platformio\packages\framework-arduinoespressif32\libraries\WebServer)
|   |   |-- WiFi @ 2.0.0 (License: Unknown, Path: C:\Users\saq\.platformio\packages\framework-arduinoespressif32\libraries\WiFi)
|   |   |-- FS @ 2.0.0 (License: Unknown, Path: C:\Users\saq\.platformio\packages\framework-arduinoespressif32\libraries\FS)
|   |-- WiFi @ 2.0.0 (License: Unknown, Path: C:\Users\saq\.platformio\packages\framework-arduinoespressif32\libraries\WiFi)
|   |-- ArduinoJson @ 7.4.2 (License: Unknown, Path: C:\docs\vscode\ragesaq\filaman\Filaman\.pio\libdeps\esp32dev\ArduinoJson)
|-- Adafruit PN532 @ 1.3.4 (License: Unknown, Path: C:\docs\vscode\ragesaq\filaman\Filaman\.pio\libdeps\esp32dev\Adafruit PN532)
|   |-- Adafruit BusIO @ 1.17.4 (License: Unknown, Path: C:\docs\vscode\ragesaq\filaman\Filaman\.pio\libdeps\esp32dev\Adafruit BusIO)
|   |   |-- Wire @ 2.0.0 (License: Unknown, Path: C:\Users\saq\.platformio\packages\framework-arduinoespressif32\libraries\Wire)
|   |   |-- SPI @ 2.0.0 (License: Unknown, Path: C:\Users\saq\.platformio\packages\framework-arduinoespressif32\libraries\SPI)
|   |-- Wire @ 2.0.0 (License: Unknown, Path: C:\Users\saq\.platformio\packages\framework-arduinoespressif32\libraries\Wire)
|   |-- SPI @ 2.0.0 (License: Unknown, Path: C:\Users\saq\.platformio\packages\framework-arduinoespressif32\libraries\SPI)
|-- MFRC522 @ 1.4.12 (License: Unlicense, Path: C:\docs\vscode\ragesaq\filaman\Filaman\.pio\libdeps\esp32dev\MFRC522)
|   |-- SPI @ 2.0.0 (License: Unknown, Path: C:\Users\saq\.platformio\packages\framework-arduinoespressif32\libraries\SPI)
|-- Adafruit NeoPixel @ 1.15.2 (License: Unknown, Path: C:\docs\vscode\ragesaq\filaman\Filaman\.pio\libdeps\esp32dev\Adafruit NeoPixel)
|-- ArduinoJson @ 7.4.2 (License: Unknown, Path: C:\docs\vscode\ragesaq\filaman\Filaman\.pio\libdeps\esp32dev\ArduinoJson)
|-- PubSubClient @ 2.8.0 (License: Unknown, Path: C:\docs\vscode\ragesaq\filaman\Filaman\.pio\libdeps\esp32dev\PubSubClient)
|-- SSLClient @ 1.3.2 (License: GPL-3.0-or-later, Path: C:\docs\vscode\ragesaq\filaman\Filaman\.pio\libdeps\esp32dev\SSLClient)
|-- AsyncMqttClient @ 0.9.0+sha.3d93fc7 (License: Unknown, URI: git+https://github.com/marvinroger/async-mqtt-client.git, Path: C:\docs\vscode\ragesaq\filaman\Filaman\.pio\libdeps\esp32dev\AsyncMqttClient)
|   |-- AsyncTCP @ 3.4.9 (License: LGPL-3.0, Path: C:\docs\vscode\ragesaq\filaman\Filaman\.pio\libdeps\esp32dev\AsyncTCP)
|-- HTTPClient @ 2.0.0 (License: Unknown, Path: C:\Users\saq\.platformio\packages\framework-arduinoespressif32\libraries\HTTPClient)
|   |-- WiFi @ 2.0.0 (License: Unknown, Path: C:\Users\saq\.platformio\packages\framework-arduinoespressif32\libraries\WiFi)
|   |-- WiFiClientSecure @ 2.0.0 (License: Unknown, Path: C:\Users\saq\.platformio\packages\framework-arduinoespressif32\libraries\WiFiClientSecure)
|   |   |-- WiFi @ 2.0.0 (License: Unknown, Path: C:\Users\saq\.platformio\packages\framework-arduinoespressif32\libraries\WiFi)
|-- Preferences @ 2.0.0 (License: Unknown, Path: C:\Users\saq\.platformio\packages\framework-arduinoespressif32\libraries\Preferences)
|-- LittleFS @ 2.0.0 (License: Unknown, Path: C:\Users\saq\.platformio\packages\framework-arduinoespressif32\libraries\LittleFS)
|   |-- FS @ 2.0.0 (License: Unknown, Path: C:\Users\saq\.platformio\packages\framework-arduinoespressif32\libraries\FS)
|-- ArduinoOTA @ 2.0.0 (License: Unknown, Path: C:\Users\saq\.platformio\packages\framework-arduinoespressif32\libraries\ArduinoOTA)
|   |-- Update @ 2.0.0 (License: Unknown, Path: C:\Users\saq\.platformio\packages\framework-arduinoespressif32\libraries\Update)
|   |-- WiFi @ 2.0.0 (License: Unknown, Path: C:\Users\saq\.platformio\packages\framework-arduinoespressif32\libraries\WiFi)
|   |-- ESPmDNS @ 2.0.0 (License: Unknown, Path: C:\Users\saq\.platformio\packages\framework-arduinoespressif32\libraries\ESPmDNS)
|   |   |-- WiFi @ 2.0.0 (License: Unknown, Path: C:\Users\saq\.platformio\packages\framework-arduinoespressif32\libraries\WiFi)
|-- WiFi @ 2.0.0 (License: Unknown, Path: C:\Users\saq\.platformio\packages\framework-arduinoespressif32\libraries\WiFi)
|-- Wire @ 2.0.0 (License: Unknown, Path: C:\Users\saq\.platformio\packages\framework-arduinoespressif32\libraries\Wire)
|-- SPI @ 2.0.0 (License: Unknown, Path: C:\Users\saq\.platformio\packages\framework-arduinoespressif32\libraries\SPI)
|-- Update @ 2.0.0 (License: Unknown, Path: C:\Users\saq\.platformio\packages\framework-arduinoespressif32\libraries\Update)
|-- DNSServer @ 2.0.0 (License: Unknown, Path: C:\Users\saq\.platformio\packages\framework-arduinoespressif32\libraries\DNSServer)
|   |-- WiFi @ 2.0.0 (License: Unknown, Path: C:\Users\saq\.platformio\packages\framework-arduinoespressif32\libraries\WiFi)
|-- ESPmDNS @ 2.0.0 (License: Unknown, Path: C:\Users\saq\.platformio\packages\framework-arduinoespressif32\libraries\ESPmDNS)
|   |-- WiFi @ 2.0.0 (License: Unknown, Path: C:\Users\saq\.platformio\packages\framework-arduinoespressif32\libraries\WiFi)
|-- WiFiClientSecure @ 2.0.0 (License: Unknown, Path: C:\Users\saq\.platformio\packages\framework-arduinoespressif32\libraries\WiFiClientSecure)
|   |-- WiFi @ 2.0.0 (License: Unknown, Path: C:\Users\saq\.platformio\packages\framework-arduinoespressif32\libraries\WiFi)
|-- AsyncTCP @ 3.4.9 (License: LGPL-3.0, Path: C:\docs\vscode\ragesaq\filaman\Filaman\.pio\libdeps\esp32dev\AsyncTCP)
Building in release mode
Copied html\.DS_Store to data\.\.DS_Store
Copied html\bambu_credentials.json to data\.\bambu_credentials.json
Copied html\bambu_filaments.json to data\.\bambu_filaments.json
Copied html\favicon.ico to data\.\favicon.ico
Compressed html\header.html to data\.\header.html.gz
Compressed html\index.html to data\.\index.html.gz
Compressed html\logo.png to data\.\logo.png.gz
Copied html\own_filaments.json to data\.\own_filaments.json
Compressed html\rfid.html to data\.\rfid.html.gz
Compressed html\rfid.js to data\.\rfid.js.gz
Compressed html\rfid_bambu.html to data\.\rfid_bambu.html.gz
Compressed html\set_spoolman.png to data\.\set_spoolman.png.gz
Copied html\spoolman.html to data\.\spoolman.html
Compressed html\spoolman.js to data\.\spoolman.js.gz
Copied html\spoolman_url.json to data\.\spoolman_url.json
Compressed html\spool_in.png to data\.\spool_in.png.gz
Compressed html\style.css to data\.\style.css.gz
Compressed html\upgrade.html to data\.\upgrade.html.gz
Copied html\waage.html to data\.\waage.html
Compressed html\wifi.html to data\.\wifi.html.gz
<lambda>(["checkprogsize"], [".pio\build\esp32dev\firmware.elf"])
MethodWrapper(["checkprogsize"], [".pio\build\esp32dev\firmware.elf"])
Advanced Memory Usage is available via "PlatformIO Home > Project Inspect"
RAM:   [==        ]  21.2% (used 69548 bytes from 327680 bytes)
Flash: [========  ]  84.3% (used 1656609 bytes from 1966080 bytes)
.pio\build\esp32dev\firmware.elf  :

section                                                                                                                                                                                                                                                                                                                          size         addr

.rtc.text                                                                                                                                                                                                                                                                                                                           0   1074528256

.rtc.dummy                                                                                                                                                                                                                                                                                                                          0   1073217536

.rtc.force_fast                                                                                                                                                                                                                                                                                                                     0   1073217536

.rtc_noinit                                                                                                                                                                                                                                                                                                                        16   1342177792

.rtc.force_slow                                                                                                                                                                                                                                                                                                                     0   1342177808

.iram0.vectors                                                                                                                                                                                                                                                                                                                   1027   1074266112

.iram0.text                                                                                                                                                                                                                                                                                                                     90859   1074267140

.dram0.data                                                                                                                                                                                                                                                                                                                     27284   1073470304

.ext_ram_noinit                                                                                                                                                                                                                                                                                                                     0   1065353216

.noinit                                                                                                                                                                                                                                                                                                                             0   1073497588

.ext_ram.bss                                                                                                                                                                                                                                                                                                                        0   1065353216

.dram0.bss                                                                                                                                                                                                                                                                                                                      42264   1073497592

.flash.appdesc                                                                                                                                                                                                                                                                                                                    256   1061158944

.flash.rodata                                                                                                                                                                                                                                                                                                                  344708   1061159200

.flash.rodata_noload                                                                                                                                                                                                                                                                                                            16060   1061503908

.flash.text                                                                                                                                                                                                                                                                                                                   1192731   1074593824

.phyiram.0                                                                                                                                                                                                                                                                                                                         43   1075786556

.phyiram.1                                                                                                                                                                                                                                                                                                                        125   1075786600

.phyiram.2                                                                                                                                                                                                                                                                                                                        542   1075786728

.phyiram.3                                                                                                                                                                                                                                                                                                                        178   1075787272

.phyiram.6                                                                                                                                                                                                                                                                                                                        222   1075787452

.phyiram.4                                                                                                                                                                                                                                                                                                                        234   1075787676

.phyiram.7                                                                                                                                                                                                                                                                                                                        228   1075787912

.phyiram.8                                                                                                                                                                                                                                                                                                                        547   1075788140

.phyiram.9                                                                                                                                                                                                                                                                                                                        387   1075788688

.phyiram.10                                                                                                                                                                                                                                                                                                                       142   1075789076

.phyiram.13                                                                                                                                                                                                                                                                                                                       392   1075789220

.phyiram.15                                                                                                                                                                                                                                                                                                                       186   1075789612

.phyiram.14                                                                                                                                                                                                                                                                                                                       239   1075789800

.phyiram.16                                                                                                                                                                                                                                                                                                                       459   1075790040

.phyiram.18                                                                                                                                                                                                                                                                                                                       114   1075790500

.phyiram.12                                                                                                                                                                                                                                                                                                                       120   1075790616

.phyiram.17                                                                                                                                                                                                                                                                                                                       238   1075790736

.phyiram.24                                                                                                                                                                                                                                                                                                                        74   1075790976

.phyiram.25                                                                                                                                                                                                                                                                                                                        49   1075791052

.phyiram.26                                                                                                                                                                                                                                                                                                                       259   1075791104

.phyiram.27                                                                                                                                                                                                                                                                                                                       135   1075791364

.phyiram.22                                                                                                                                                                                                                                                                                                                        97   1075791500

.phyiram.20                                                                                                                                                                                                                                                                                                                       270   1075791600

.phyiram.21                                                                                                                                                                                                                                                                                                                       158   1075791872

.phyiram.19                                                                                                                                                                                                                                                                                                                       735   1075792032

.iram0.text_end                                                                                                                                                                                                                                                                                                                     1   1074357999

.iram0.data                                                                                                                                                                                                                                                                                                                         0   1074358000

.iram0.bss                                                                                                                                                                                                                                                                                                                          0   1074358000

.dram0.heap_start                                                                                                                                                                                                                                                                                                                   0   1073539856

.xt.prop                                                                                                                                                                                                                                                                                                                       794256            0

.xt.lit                                                                                                                                                                                                                                                                                                                         23904            0

.xtensa.info                                                                                                                                                                                                                                                                                                                       56            0

.comment                                                                                                                                                                                                                                                                                                                          282            0

.xt.lit._ZN11ArduinoJson8V742PB226detail16DefaultAllocator10reallocateEPvj                                                                                                                                                                                                                                                          0            0

.xt.lit._ZN11ArduinoJson8V742PB226detail16DefaultAllocator10deallocateEPv                                                                                                                                                                                                                                                           0            0

.xt.lit._ZN11ArduinoJson8V742PB226detail16DefaultAllocator8allocateEj                                                                                                                                                                                                                                                               0            0

.xt.lit._ZNK11ArduinoJson8V742PB226detail7pgm_ptrIdEixEi$isra$76                                                                                                                                                                                                                                                                    0            0

.xt.lit._ZN6String7replaceEPKcS1_                                                                                                                                                                                                                                                                                                   8            0

.xt.lit._ZN11ArduinoJson8V742PB226detail10StringNode6createEjPNS0_9AllocatorE                                                                                                                                                                                                                                                       8            0

.xt.lit._ZN11ArduinoJson8V742PB2210JsonStringC2EPKcb                                                                                                                                                                                                                                                                                0            0

.xt.lit._ZNK11ArduinoJson8V742PB226detail11VariantData8asStringEv                                                                                                                                                                                                                                                                   0            0

.xt.lit._ZN11ArduinoJson8V742PB226detail15ResourceManager12resizeStringEPNS1_10StringNodeEj                                                                                                                                                                                                                                         0            0

.xt.lit._ZN11ArduinoJson8V742PB2212JsonDocumentC2EPNS0_9AllocatorE                                                                                                                                                                                                                                                                  8            0

.xt.lit._ZN11ArduinoJson8V742PB226detail6WriterI6StringvE5flushEv                                                                                                                                                                                                                                                                   0            0

.xt.lit._ZN11ArduinoJson8V742PB226detail6WriterI6StringvE5writeEh                                                                                                                                                                                                                                                                   0            0

.xt.lit._ZN11ArduinoJson8V742PB226detail13StringBuilderD2Ev                                                                                                                                                                                                                                                                         8            0

.xt.lit._ZN11ArduinoJson8V742PB226detail13StringBuilder11startStringEv                                                                                                                                                                                                                                                              0            0

.xt.lit._ZN11ArduinoJson8V742PB226detail13StringBuilder6appendEc                                                                                                                                                                                                                                                                    0            0

.xt.lit._ZN11ArduinoJson8V742PB226detail5Utf169Codepoint6appendEt                                                                                                                                                                                                                                                                   8            0

.xt.lit._ZN11ArduinoJson8V742PB226detail11parseNumberEPKc                                                                                                                                                                                                                                                                           8            0

.xt.lit._ZN15SendToApiParamsD2Ev                                                                                                                                                                                                                                                                                                    0            0

.xt.lit._ZN15SendToApiParamsC2Ev                                                                                                                                                                                                                                                                                                    0            0

.xt.lit._ZN11ArduinoJson8V742PB2212JsonDocument5clearEv                                                                                                                                                                                                                                                                             8            0

.xt.lit._ZN11ArduinoJson8V742PB226detail15ResourceManagerD2Ev                                                                                                                                                                                                                                                                       0            0

.xt.lit._ZNK11ArduinoJson8V742PB226detail14MemoryPoolListINS1_15ResourceManager8SlotDataEE7getSlotEt                                                                                                                                                                                                                                0            0

.xt.lit._ZN11ArduinoJson8V742PB226detail18CollectionIterator4nextEPKNS1_15ResourceManagerE                                                                                                                                                                                                                                          0            0

.xt.lit._ZNK11ArduinoJson8V742PB226detail14CollectionData4sizeEPKNS1_15ResourceManagerE                                                                                                                                                                                                                                             0            0

.xt.lit._ZNK11ArduinoJson8V742PB2212JsonDocument4sizeEv                                                                                                                                                                                                                                                                             0            0

.xt.lit._ZN11ArduinoJson8V742PB226detail14CollectionData5clearEPNS1_15ResourceManagerE                                                                                                                                                                                                                                              0            0

.xt.lit._ZN11ArduinoJson8V742PB226detail11VariantData5clearEPNS1_15ResourceManagerE                                                                                                                                                                                                                                                 0            0

.xt.lit._ZNK11ArduinoJson8V742PB226detail11VariantData12getExtensionEPKNS1_15ResourceManagerE                                                                                                                                                                                                                                       0            0

.xt.lit._ZN11ArduinoJson8V742PB226detail13StringBuilder4saveEPNS1_11VariantDataE                                                                                                                                                                                                                                                    8            0

.xt.lit._ZN11ArduinoJson8V742PB226detail14MemoryPoolListINS1_15ResourceManager8SlotDataEE9allocSlotEPNS0_9AllocatorE                                                                                                                                                                                                                8            0

.xt.lit._ZN11ArduinoJson8V742PB226detail15ResourceManager12allocVariantEv                                                                                                                                                                                                                                                           0            0

.xt.lit._ZN11ArduinoJson8V742PB226detail9ArrayData10addElementEPNS1_15ResourceManagerE                                                                                                                                                                                                                                              0            0

.xt.lit._ZN11ArduinoJson8V742PB226detail10ObjectData7addPairEPPNS1_11VariantDataEPNS1_15ResourceManagerE                                                                                                                                                                                                                            0            0

.xt.lit._ZN11ArduinoJson8V742PB226detail15ResourceManager14allocExtensionEv                                                                                                                                                                                                                                                         0            0

.xt.lit._ZNK11ArduinoJson8V742PB226detail14VariantRefBaseINS0_11JsonVariantEE5doSetINS0_9ConverterIyvEEyEEbRKT0_NS1_17integral_constantIbLb1EEE$isra$146                                                                                                                                                                            0            0

.xt.lit._ZN11ArduinoJson8V742PB226detail11MemberProxyINS2_IRNS0_12JsonDocumentENS1_9RamStringEEES5_EC2ERKS7_                                                                                                                                                                                                                        8            0

.xt.lit._ZN11ArduinoJson8V742PB229ConverterI6StringvE9checkJsonENS0_16JsonVariantConstE                                                                                                                                                                                                                                             0            0

.xt.lit._ZNK11ArduinoJson8V742PB2216JsonVariantConst2isI6StringLi0EEEbv                                                                                                                                                                                                                                                             0            0

.xt.lit._ZNK11ArduinoJson8V742PB226detail10ObjectData9getMemberINS1_9RamStringEEEPNS1_11VariantDataET_PKNS1_15ResourceManagerE                                                                                                                                                                                                      0            0

.xt.lit._ZNK11ArduinoJson8V742PB226detail11VariantData9getMemberINS1_9RamStringEEEPS2_T_PKNS1_15ResourceManagerE                                                                                                                                                                                                                    0            0

.xt.lit._ZNK11ArduinoJson8V742PB2212JsonDocumentixIA2_cLi0EEENS0_16JsonVariantConstERKT_                                                                                                                                                                                                                                            0            0

.xt.lit._ZNK11ArduinoJson8V742PB2212JsonDocumentixIA3_cLi0EEENS0_16JsonVariantConstERKT_                                                                                                                                                                                                                                            0            0

.xt.lit._ZNK11ArduinoJson8V742PB2212JsonDocumentixIA4_cLi0EEENS0_16JsonVariantConstERKT_                                                                                                                                                                                                                                            0            0

.xt.lit._ZN11ArduinoJson8V742PB226detail10StringPool3addINS1_9RamStringEEEPNS1_10StringNodeET_PNS0_9AllocatorE                                                                                                                                                                                                                      0            0

.xt.lit._ZN11ArduinoJson8V742PB226detail11VariantData9setStringINS1_9RamStringEEEbT_PNS1_15ResourceManagerE                                                                                                                                                                                                                         0            0

.xt.lit._ZN11ArduinoJson8V742PB226detail11VariantData9setStringINS1_9RamStringEEEvPS2_T_PNS1_15ResourceManagerE                                                                                                                                                                                                                     0            0

.xt.lit._ZN11ArduinoJson8V742PB226detail14VisitorAdapterINS1_17JsonVariantCopierEE5visitINS0_10JsonStringEEEbRKT_$isra$108                                                                                                                                                                                                          0            0

.xt.lit._ZN11ArduinoJson8V742PB226detail11parseNumberItEET_PKc                                                                                                                                                                                                                                                                      8            0

.xt.lit._ZNK11ArduinoJson8V742PB226detail11VariantData10asIntegralItEET_PKNS1_15ResourceManagerE                                                                                                                                                                                                                                    0            0

.xt.lit._ZN11ArduinoJson8V742PB226detail11parseNumberIiEET_PKc                                                                                                                                                                                                                                                                      8            0

.xt.lit._ZNK11ArduinoJson8V742PB226detail11VariantData10asIntegralIiEET_PKNS1_15ResourceManagerE                                                                                                                                                                                                                                    8            0

.xt.lit._ZN11ArduinoJson8V742PB226detail16JsonDeserializerINS1_6ReaderI6StringvEEE11skipKeywordEPKc                                                                                                                                                                                                                                 0            0

.xt.lit._ZNK11ArduinoJson8V742PB226detail11MemberProxyIRNS0_12JsonDocumentENS1_9RamStringEE7getDataEv                                                                                                                                                                                                                               0            0

.xt.lit._ZNK11ArduinoJson8V742PB226detail11MemberProxyINS2_IRNS0_12JsonDocumentENS1_9RamStringEEES5_E7getDataEv                                                                                                                                                                                                                     0            0

.xt.lit._ZNK11ArduinoJson8V742PB226detail11MemberProxyINS2_INS2_IRNS0_12JsonDocumentENS1_9RamStringEEES5_EES5_E7getDataEv                                                                                                                                                                                                           0            0

.xt.lit._ZNK11ArduinoJson8V742PB226detail14VariantRefBaseINS1_11MemberProxyIRNS0_12JsonDocumentENS1_9RamStringEEEE2asItEET_v                                                                                                                                                                                                        0            0

.xt.lit._ZNK11ArduinoJson8V742PB226detail11MemberProxyINS1_12ElementProxyIRNS0_12JsonDocumentEEENS1_9RamStringEE7getDataEv                                                                                                                                                                                                          0            0

.xt.lit._ZNK11ArduinoJson8V742PB226detail14VariantRefBaseINS1_11MemberProxyINS1_12ElementProxyIRNS0_12JsonDocumentEEENS1_9RamStringEEEE2asItEET_v                                                                                                                                                                                   0            0

.xt.lit._ZN11ArduinoJson8V742PB226detail16JsonDeserializerINS1_6ReaderIPKcvEEE11skipKeywordES5_                                                                                                                                                                                                                                     0            0

.xt.lit._ZN11ArduinoJson8V742PB2213convertToJsonI15StringSumHelperEENS0_6detail9enable_ifIXsrNS3_8IsStringIT_vEE5valueEvE4typeERKS6_NS0_11JsonVariantE                                                                                                                                                                              0            0

.xt.lit._ZNK11ArduinoJson8V742PB226detail11MemberProxyINS0_10JsonObjectENS1_9RamStringEE7getDataEv                                                                                                                                                                                                                                  0            0

.xt.lit._ZN11ArduinoJson8V742PB226detail8ComparerI6StringvE5visitENS0_10JsonStringE                                                                                                                                                                                                                                                 0            0

.xt.lit._ZNK11ArduinoJson8V742PB226detail11VariantData6acceptINS1_14VisitorAdapterINS1_8ComparerI6StringvEEEEEENT_11result_typeERS9_PKNS1_15ResourceManagerE                                                                                                                                                                        8            0

.xt.lit._ZN11ArduinoJson8V742PB226detail17CountingDecoratorINS1_6WriterI6StringvEEE5writeEPKhj                                                                                                                                                                                                                                      0            0

.xt.lit._ZN11ArduinoJson8V742PB226detail13TextFormatterINS1_6WriterI6StringvEEE8writeRawEPKc                                                                                                                                                                                                                                        0            0

.xt.lit._ZN11ArduinoJson8V742PB226detail13TextFormatterINS1_6WriterI6StringvEEE12writeIntegerIyEENS1_9enable_ifIXsrNS1_11is_unsignedIT_EE5valueEvE4typeESA_                                                                                                                                                                         8            0

.xt.lit._ZN11ArduinoJson8V742PB226detail16JsonDeserializerINS1_6ReaderI6StringvEEE3eatEc                                                                                                                                                                                                                                            0            0

.xt.lit._ZN11ArduinoJson8V742PB226detail11VariantData10setIntegerIyEENS1_9enable_ifIXsrNS1_11is_unsignedIT_EE5valueEbE4typeES6_PNS1_15ResourceManagerE                                                                                                                                                                              0            0

.xt.lit._ZN11ArduinoJson8V742PB226detail11VariantData10setIntegerIxEENS1_9enable_ifIXsrNS1_9is_signedIT_EE5valueEbE4typeES6_PNS1_15ResourceManagerE                                                                                                                                                                                 8            0

.xt.lit._ZN11ArduinoJson8V742PB226detail11VariantData8setFloatIdEENS1_9enable_ifIXeqstT_Li8EEbE4typeES5_PNS1_15ResourceManagerE                                                                                                                                                                                                     8            0

.xt.lit._ZN11ArduinoJson8V742PB226detail16JsonDeserializerINS1_6ReaderI6StringvEEE17parseNumericValueERNS1_11VariantDataE                                                                                                                                                                                                           8            0

.xt.lit._ZN11ArduinoJson8V742PB226detail16JsonDeserializerINS1_6ReaderIPKcvEEE17parseNumericValueERNS1_11VariantDataE                                                                                                                                                                                                               0            0

.xt.lit._ZN11ArduinoJson8V742PB226detail16JsonDeserializerINS1_6ReaderIPKcvEEE3eatEc                                                                                                                                                                                                                                                0            0

.xt.lit._ZN11ArduinoJson8V742PB226detail11VariantData14getOrAddMemberINS1_9RamStringEEEPS2_T_PNS1_15ResourceManagerE                                                                                                                                                                                                                0            0

.xt.lit._ZN11ArduinoJson8V742PB2210JsonObject3setENS0_15JsonObjectConstE                                                                                                                                                                                                                                                            0            0

.xt.lit._ZN11ArduinoJson8V742PB226detail14VisitorAdapterINS1_17JsonVariantCopierEE5visitERKNS1_10ObjectDataE                                                                                                                                                                                                                        0            0

.xt.lit._ZNK11ArduinoJson8V742PB226detail11VariantData6acceptINS1_14VisitorAdapterINS1_17JsonVariantCopierEEEEENT_11result_typeERS7_PKNS1_15ResourceManagerE                                                                                                                                                                        0            0

.xt.lit._ZNK11ArduinoJson8V742PB229JsonArray3setENS0_14JsonArrayConstE                                                                                                                                                                                                                                                              0            0

.xt.lit._ZN11ArduinoJson8V742PB226detail4Utf815encodeCodepointINS1_13StringBuilderEEEvjRT_                                                                                                                                                                                                                                          0            0

.xt.lit._ZN11ArduinoJson8V742PB226detail16JsonDeserializerINS1_6ReaderI6StringvEEE17parseQuotedStringEv                                                                                                                                                                                                                             8            0

.xt.lit._ZN11ArduinoJson8V742PB226detail16JsonDeserializerINS1_6ReaderIPKcvEEE17parseQuotedStringEv                                                                                                                                                                                                                                 0            0

.xt.lit._ZNK11ArduinoJson8V742PB226detail11MemberProxyIRNS0_12JsonDocumentENS1_9RamStringEE15getOrCreateDataEv                                                                                                                                                                                                                      0            0

.xt.lit._ZNK11ArduinoJson8V742PB226detail14VariantRefBaseINS1_11MemberProxyIRNS0_12JsonDocumentENS1_9RamStringEEEE18getOrCreateVariantEv                                                                                                                                                                                            0            0

.xt.lit._ZNK11ArduinoJson8V742PB226detail14VariantRefBaseINS1_11MemberProxyIRNS0_12JsonDocumentENS1_9RamStringEEEE3setI6StringEEbRKT_                                                                                                                                                                                               0            0

.xt.lit._ZNK11ArduinoJson8V742PB226detail14VariantRefBaseINS1_11MemberProxyINS3_IRNS0_12JsonDocumentENS1_9RamStringEEES6_EEE3setI15StringSumHelperEEbRKT_                                                                                                                                                                           0            0

.xt.lit._ZN11ArduinoJson8V742PB226detail17CountingDecoratorINS1_6WriterI6StringvEEE5writeEh                                                                                                                                                                                                                                         0            0

.xt.lit._ZN11ArduinoJson8V742PB226detail13TextFormatterINS1_6WriterI6StringvEEE11writeStringEPKcj                                                                                                                                                                                                                                   8            0

.xt.lit._ZN11ArduinoJson8V742PB226detail13TextFormatterINS1_6WriterI6StringvEEE12writeIntegerIxEENS1_9enable_ifIXsrNS1_9is_signedIT_EE5valueEvE4typeESA_                                                                                                                                                                            0            0

.xt.lit._ZN11ArduinoJson8V742PB226detail13TextFormatterINS1_6WriterI6StringvEEE10writeFloatEda                                                                                                                                                                                                                                      8            0

.xt.lit._ZNK11ArduinoJson8V742PB226detail11VariantData6acceptINS1_14JsonSerializerINS1_6WriterI6StringvEEEEEENT_11result_typeERS9_PKNS1_15ResourceManagerE                                                                                                                                                                          8            0

.xt.lit._ZN11ArduinoJson8V742PB2213serializeJsonI6StringLi0EEEjNS0_16JsonVariantConstERT_                                                                                                                                                                                                                                           0            0

.xt.lit._ZN11ArduinoJson8V742PB229ConverterI6StringvE8fromJsonENS0_16JsonVariantConstE                                                                                                                                                                                                                                              0            0

.xt.lit._ZNK11ArduinoJson8V742PB226detail14VariantRefBaseINS1_11MemberProxyINS3_IRNS0_12JsonDocumentENS1_9RamStringEEES6_EEE2asI6StringEET_v                                                                                                                                                                                        0            0

.xt.lit._ZNK11ArduinoJson8V742PB226detail14VariantRefBaseINS1_11MemberProxyINS3_INS3_IRNS0_12JsonDocumentENS1_9RamStringEEES6_EES6_EEE2asI6StringEET_v                                                                                                                                                                              0            0

.xt.lit._ZNK11ArduinoJson8V742PB226detail14VariantRefBaseINS1_11MemberProxyIRNS0_12JsonDocumentENS1_9RamStringEEEE2asI6StringEET_v                                                                                                                                                                                                  0            0

.xt.lit._ZNK11ArduinoJson8V742PB2216JsonVariantConst2asI6StringLi0EEET_v                                                                                                                                                                                                                                                            0            0

.xt.lit._ZN11ArduinoJson8V742PB226detail16JsonDeserializerINS1_6ReaderI6StringvEEE22canBeInNonQuotedStringEc                                                                                                                                                                                                                        8            0

.xt.lit._ZN11ArduinoJson8V742PB226detail16JsonDeserializerINS1_6ReaderI6StringvEEE11parseObjectINS1_14AllowAllFilterEEENS0_20DeserializationError4CodeERNS1_10ObjectDataET_NS0_21DeserializationOption12NestingLimitE                                                                                                               0            0

.xt.lit._ZN11ArduinoJson8V742PB226detail16JsonDeserializerINS1_6ReaderI6StringvEEE12parseVariantINS1_14AllowAllFilterEEENS0_20DeserializationError4CodeERNS1_11VariantDataET_NS0_21DeserializationOption12NestingLimitE                                                                                                             0            0

.xt.lit._ZN11ArduinoJson8V742PB226detail11deserializeINS1_16JsonDeserializerERNS0_12JsonDocumentER6StringJELi0EEENS0_20DeserializationErrorEOT0_OT1_DpT2_                                                                                                                                                                           8            0

.xt.lit._ZN11ArduinoJson8V742PB226detail16JsonDeserializerINS1_6ReaderIPKcvEEE22canBeInNonQuotedStringEc                                                                                                                                                                                                                            0            0

.xt.lit._ZN11ArduinoJson8V742PB226detail16JsonDeserializerINS1_6ReaderIPKcvEEE11parseObjectINS1_14AllowAllFilterEEENS0_20DeserializationError4CodeERNS1_10ObjectDataET_NS0_21DeserializationOption12NestingLimitE                                                                                                                   0            0

.xt.lit._ZN11ArduinoJson8V742PB226detail16JsonDeserializerINS1_6ReaderIPKcvEEE12parseVariantINS1_14AllowAllFilterEEENS0_20DeserializationError4CodeERNS1_11VariantDataET_NS0_21DeserializationOption12NestingLimitE                                                                                                                 0            0

.xt.prop._ZN11ArduinoJson8V742PB226detail16DefaultAllocator10reallocateEPvj                                                                                                                                                                                                                                                        36            0

.xt.prop._ZN11ArduinoJson8V742PB226detail16DefaultAllocator10deallocateEPv                                                                                                                                                                                                                                                         36            0

.xt.prop._ZN11ArduinoJson8V742PB226detail16DefaultAllocator8allocateEj                                                                                                                                                                                                                                                             36            0

.xt.prop._ZNK11ArduinoJson8V742PB226detail7pgm_ptrIdEixEi$isra$76                                                                                                                                                                                                                                                                  36            0

.xt.prop._ZNK6String6lengthEv                                                                                                                                                                                                                                                                                                      72            0

.xt.prop._ZN6String7replaceEPKcS1_                                                                                                                                                                                                                                                                                                108            0

.xt.prop._ZN11ArduinoJson8V742PB226detail10StringNode6createEjPNS0_9AllocatorE                                                                                                                                                                                                                                                     60            0

.xt.prop._ZN11ArduinoJson8V742PB226detail10StringNode7destroyEPS2_PNS0_9AllocatorE                                                                                                                                                                                                                                                 36            0

.xt.prop._ZN11ArduinoJson8V742PB2210JsonStringC2EPKcb                                                                                                                                                                                                                                                                              36            0

.xt.prop._ZNK11ArduinoJson8V742PB226detail11VariantData8asStringEv                                                                                                                                                                                                                                                                108            0

.xt.prop._ZN11ArduinoJson8V742PB226detail15ResourceManager12resizeStringEPNS1_10StringNodeEj                                                                                                                                                                                                                                       72            0

.xt.prop._ZN11ArduinoJson8V742PB2212JsonDocumentC2EPNS0_9AllocatorE                                                                                                                                                                                                                                                                48            0

.xt.prop._ZN11ArduinoJson8V742PB226detail6WriterI6StringvE5flushEv                                                                                                                                                                                                                                                                 48            0

.xt.prop._ZN11ArduinoJson8V742PB226detail6WriterI6StringvE5writeEh                                                                                                                                                                                                                                                                 72            0

.xt.prop._ZN11ArduinoJson8V742PB226detail13StringBuilderD2Ev                                                                                                                                                                                                                                                                       48            0

.xt.prop._ZN11ArduinoJson8V742PB226detail13StringBuilder11startStringEv                                                                                                                                                                                                                                                            48            0

.xt.prop._ZN11ArduinoJson8V742PB226detail13StringBuilder6appendEc                                                                                                                                                                                                                                                                  60            0

.xt.prop._ZN11ArduinoJson8V742PB226detail5Utf169Codepoint6appendEt                                                                                                                                                                                                                                                                 84            0

.xt.prop._ZN11ArduinoJson8V742PB226detail11parseNumberEPKc                                                                                                                                                                                                                                                                        636            0

.xt.prop._ZN15SendToApiParamsD2Ev                                                                                                                                                                                                                                                                                                  36            0

.xt.prop._ZN15SendToApiParamsC2Ev                                                                                                                                                                                                                                                                                                 156            0

.xt.prop._ZN11ArduinoJson8V742PB226detail14MemoryPoolListINS1_15ResourceManager8SlotDataEE5clearEPNS0_9AllocatorE                                                                                                                                                                                                                  72            0

.xt.prop._ZN11ArduinoJson8V742PB2212JsonDocument5clearEv                                                                                                                                                                                                                                                                           72            0

.xt.prop._ZN11ArduinoJson8V742PB226detail15ResourceManagerD2Ev                                                                                                                                                                                                                                                                     60            0

.xt.prop._ZN11ArduinoJson8V742PB226detail14MemoryPoolListINS1_15ResourceManager8SlotDataEE11shrinkToFitEPNS0_9AllocatorE                                                                                                                                                                                                           48            0

.xt.prop._ZNK11ArduinoJson8V742PB226detail14MemoryPoolListINS1_15ResourceManager8SlotDataEE7getSlotEt                                                                                                                                                                                                                              48            0

.xt.prop._ZN11ArduinoJson8V742PB226detail18CollectionIterator4nextEPKNS1_15ResourceManagerE                                                                                                                                                                                                                                        48            0

.xt.prop._ZNK11ArduinoJson8V742PB226detail14CollectionData4sizeEPKNS1_15ResourceManagerE                                                                                                                                                                                                                                           60            0

.xt.prop._ZNK11ArduinoJson8V742PB2212JsonDocument4sizeEv                                                                                                                                                                                                                                                                           72            0

.xt.prop._ZN11ArduinoJson8V742PB226detail14CollectionData5clearEPNS1_15ResourceManagerE                                                                                                                                                                                                                                            72            0

.xt.prop._ZN11ArduinoJson8V742PB226detail11VariantData5clearEPNS1_15ResourceManagerE                                                                                                                                                                                                                                               96            0

.xt.prop._ZNK11ArduinoJson8V742PB226detail11VariantData12getExtensionEPKNS1_15ResourceManagerE                                                                                                                                                                                                                                     36            0

.xt.prop._ZN11ArduinoJson8V742PB226detail11VariantData13setTinyStringINS1_9RamStringEEEvRKT_                                                                                                                                                                                                                                       60            0

.xt.prop._ZN11ArduinoJson8V742PB226detail13StringBuilder4saveEPNS1_11VariantDataE                                                                                                                                                                                                                                                 120            0

.xt.prop._ZN11ArduinoJson8V742PB226detail14MemoryPoolListINS1_15ResourceManager8SlotDataEE17allocFromLastPoolEv                                                                                                                                                                                                                    60            0

.xt.prop._ZN11ArduinoJson8V742PB226detail14MemoryPoolListINS1_15ResourceManager8SlotDataEE9allocSlotEPNS0_9AllocatorE                                                                                                                                                                                                             144            0

.xt.prop._ZN11ArduinoJson8V742PB226detail15ResourceManager12allocVariantEv                                                                                                                                                                                                                                                         60            0

.xt.prop._ZN11ArduinoJson8V742PB226detail9ArrayData10addElementEPNS1_15ResourceManagerE                                                                                                                                                                                                                                            72            0

.xt.prop._ZN11ArduinoJson8V742PB226detail10ObjectData7addPairEPPNS1_11VariantDataEPNS1_15ResourceManagerE                                                                                                                                                                                                                         108            0

.xt.prop._ZN11ArduinoJson8V742PB226detail15ResourceManager14allocExtensionEv                                                                                                                                                                                                                                                       60            0

.xt.prop._ZNK11ArduinoJson8V742PB226detail14VariantRefBaseINS0_11JsonVariantEE5doSetINS0_9ConverterIyvEEyEEbRKT0_NS1_17integral_constantIbLb1EEE$isra$146                                                                                                                                                                          72            0

.xt.prop._ZN11ArduinoJson8V742PB226detail11MemberProxyIRNS0_12JsonDocumentENS1_9RamStringEEC2ERKS6_                                                                                                                                                                                                                                36            0

.xt.prop._ZN11ArduinoJson8V742PB226detail11MemberProxyINS2_IRNS0_12JsonDocumentENS1_9RamStringEEES5_EC2ERKS7_                                                                                                                                                                                                                      48            0

.xt.prop._ZN11ArduinoJson8V742PB229ConverterI6StringvE9checkJsonENS0_16JsonVariantConstE                                                                                                                                                                                                                                           72            0

.xt.prop._ZNK11ArduinoJson8V742PB2216JsonVariantConst2isI6StringLi0EEEbv                                                                                                                                                                                                                                                           36            0

.xt.prop._ZNK11ArduinoJson8V742PB226detail10ObjectData9getMemberINS1_9RamStringEEEPNS1_11VariantDataET_PKNS1_15ResourceManagerE                                                                                                                                                                                                   132            0

.xt.prop._ZNK11ArduinoJson8V742PB226detail11VariantData9getMemberINS1_9RamStringEEEPS2_T_PKNS1_15ResourceManagerE                                                                                                                                                                                                                  36            0

.xt.prop._ZNK11ArduinoJson8V742PB2212JsonDocumentixIA2_cLi0EEENS0_16JsonVariantConstERKT_                                                                                                                                                                                                                                          36            0

.xt.prop._ZNK11ArduinoJson8V742PB2212JsonDocumentixIA3_cLi0EEENS0_16JsonVariantConstERKT_                                                                                                                                                                                                                                          36            0

.xt.prop._ZNK11ArduinoJson8V742PB2212JsonDocumentixIA4_cLi0EEENS0_16JsonVariantConstERKT_                                                                                                                                                                                                                                          36            0

.xt.prop._ZN11ArduinoJson8V742PB226detail10StringPool3addINS1_9RamStringEEEPNS1_10StringNodeET_PNS0_9AllocatorE                                                                                                                                                                                                                    96            0

.xt.prop._ZN11ArduinoJson8V742PB226detail11VariantData9setStringINS1_9RamStringEEEbT_PNS1_15ResourceManagerE                                                                                                                                                                                                                      132            0

.xt.prop._ZN11ArduinoJson8V742PB226detail11VariantData9setStringINS1_9RamStringEEEvPS2_T_PNS1_15ResourceManagerE                                                                                                                                                                                                                   48            0

.xt.prop._ZN11ArduinoJson8V742PB226detail14VisitorAdapterINS1_17JsonVariantCopierEE5visitINS0_10JsonStringEEEbRKT_$isra$108                                                                                                                                                                                                        36            0

.xt.prop._ZN11ArduinoJson8V742PB226detail11parseNumberItEET_PKc                                                                                                                                                                                                                                                                   144            0

.xt.prop._ZNK11ArduinoJson8V742PB226detail11VariantData10asIntegralItEET_PKNS1_15ResourceManagerE                                                                                                                                                                                                                                 252            0

.xt.prop._ZN11ArduinoJson8V742PB226detail11parseNumberIiEET_PKc                                                                                                                                                                                                                                                                   192            0

.xt.prop._ZNK11ArduinoJson8V742PB226detail11VariantData10asIntegralIiEET_PKNS1_15ResourceManagerE                                                                                                                                                                                                                                 312            0

.xt.prop._ZN11ArduinoJson8V742PB226detail16JsonDeserializerINS1_6ReaderI6StringvEEE7currentEv                                                                                                                                                                                                                                      36            0

.xt.prop._ZN11ArduinoJson8V742PB226detail16JsonDeserializerINS1_6ReaderI6StringvEEE11skipKeywordEPKc                                                                                                                                                                                                                              108            0

.xt.prop._ZNK11ArduinoJson8V742PB226detail11MemberProxyIRNS0_12JsonDocumentENS1_9RamStringEE7getDataEv                                                                                                                                                                                                                             36            0

.xt.prop._ZNK11ArduinoJson8V742PB226detail11MemberProxyINS2_IRNS0_12JsonDocumentENS1_9RamStringEEES5_E7getDataEv                                                                                                                                                                                                                   36            0

.xt.prop._ZNK11ArduinoJson8V742PB226detail11MemberProxyINS2_INS2_IRNS0_12JsonDocumentENS1_9RamStringEEES5_EES5_E7getDataEv                                                                                                                                                                                                         36            0

.xt.prop._ZNK11ArduinoJson8V742PB226detail14VariantRefBaseINS1_11MemberProxyIRNS0_12JsonDocumentENS1_9RamStringEEEE2asItEET_v                                                                                                                                                                                                      36            0

.xt.prop._ZNK11ArduinoJson8V742PB226detail11MemberProxyINS1_12ElementProxyIRNS0_12JsonDocumentEEENS1_9RamStringEE7getDataEv                                                                                                                                                                                                        60            0

.xt.prop._ZNK11ArduinoJson8V742PB226detail14VariantRefBaseINS1_11MemberProxyINS1_12ElementProxyIRNS0_12JsonDocumentEEENS1_9RamStringEEEE2asItEET_v                                                                                                                                                                                 36            0

.xt.prop._ZN11ArduinoJson8V742PB226detail16JsonDeserializerINS1_6ReaderIPKcvEEE7currentEv                                                                                                                                                                                                                                          36            0

.xt.prop._ZN11ArduinoJson8V742PB226detail16JsonDeserializerINS1_6ReaderIPKcvEEE11skipKeywordES5_                                                                                                                                                                                                                                  108            0

.xt.prop._ZN11ArduinoJson8V742PB2213convertToJsonI15StringSumHelperEENS0_6detail9enable_ifIXsrNS3_8IsStringIT_vEE5valueEvE4typeERKS6_NS0_11JsonVariantE                                                                                                                                                                            36            0

.xt.prop._ZNK11ArduinoJson8V742PB226detail11MemberProxyINS0_10JsonObjectENS1_9RamStringEE7getDataEv                                                                                                                                                                                                                                36            0

.xt.prop._ZN11ArduinoJson8V742PB226detail8ComparerI6StringvE5visitENS0_10JsonStringE                                                                                                                                                                                                                                               96            0

.xt.prop._ZNK11ArduinoJson8V742PB226detail11VariantData6acceptINS1_14VisitorAdapterINS1_8ComparerI6StringvEEEEEENT_11result_typeERS9_PKNS1_15ResourceManagerE                                                                                                                                                                     204            0

.xt.prop._ZN11ArduinoJson8V742PB226detail17CountingDecoratorINS1_6WriterI6StringvEEE5writeEPKhj                                                                                                                                                                                                                                    60            0

.xt.prop._ZN11ArduinoJson8V742PB226detail13TextFormatterINS1_6WriterI6StringvEEE8writeRawEPKc                                                                                                                                                                                                                                      36            0

.xt.prop._ZN11ArduinoJson8V742PB226detail13TextFormatterINS1_6WriterI6StringvEEE12writeIntegerIyEENS1_9enable_ifIXsrNS1_11is_unsignedIT_EE5valueEvE4typeESA_                                                                                                                                                                       96            0

.xt.prop._ZN11ArduinoJson8V742PB226detail16JsonDeserializerINS1_6ReaderI6StringvEEE3eatEc                                                                                                                                                                                                                                          48            0

.xt.prop._ZN11ArduinoJson8V742PB226detail11VariantData10setIntegerIyEENS1_9enable_ifIXsrNS1_11is_unsignedIT_EE5valueEbE4typeES6_PNS1_15ResourceManagerE                                                                                                                                                                            84            0

.xt.prop._ZN11ArduinoJson8V742PB226detail11VariantData10setIntegerIxEENS1_9enable_ifIXsrNS1_9is_signedIT_EE5valueEbE4typeES6_PNS1_15ResourceManagerE                                                                                                                                                                              108            0

.xt.prop._ZN11ArduinoJson8V742PB226detail11VariantData8setFloatIdEENS1_9enable_ifIXeqstT_Li8EEbE4typeES5_PNS1_15ResourceManagerE                                                                                                                                                                                                   96            0

.xt.prop._ZN11ArduinoJson8V742PB226detail16JsonDeserializerINS1_6ReaderI6StringvEEE17parseNumericValueERNS1_11VariantDataE                                                                                                                                                                                                        216            0

.xt.prop._ZN11ArduinoJson8V742PB226detail16JsonDeserializerINS1_6ReaderIPKcvEEE17parseNumericValueERNS1_11VariantDataE                                                                                                                                                                                                            204            0

.xt.prop._ZN11ArduinoJson8V742PB226detail16JsonDeserializerINS1_6ReaderIPKcvEEE3eatEc                                                                                                                                                                                                                                              48            0

.xt.prop._ZN11ArduinoJson8V742PB226detail11VariantData14getOrAddMemberINS1_9RamStringEEEPS2_T_PNS1_15ResourceManagerE                                                                                                                                                                                                             144            0

.xt.prop._ZN11ArduinoJson8V742PB2210JsonObject3setENS0_15JsonObjectConstE                                                                                                                                                                                                                                                         120            0

.xt.prop._ZN11ArduinoJson8V742PB226detail14VisitorAdapterINS1_17JsonVariantCopierEE5visitERKNS1_10ObjectDataE                                                                                                                                                                                                                      60            0

.xt.prop._ZNK11ArduinoJson8V742PB226detail11VariantData6acceptINS1_14VisitorAdapterINS1_17JsonVariantCopierEEEEENT_11result_typeERS7_PKNS1_15ResourceManagerE                                                                                                                                                                     420            0

.xt.prop._ZNK11ArduinoJson8V742PB229JsonArray3setENS0_14JsonArrayConstE                                                                                                                                                                                                                                                           120            0

.xt.prop._ZN11ArduinoJson8V742PB226detail4Utf815encodeCodepointINS1_13StringBuilderEEEvjRT_                                                                                                                                                                                                                                       120            0

.xt.prop._ZN11ArduinoJson8V742PB226detail16JsonDeserializerINS1_6ReaderI6StringvEEE17parseQuotedStringEv                                                                                                                                                                                                                          228            0

.xt.prop._ZN11ArduinoJson8V742PB226detail16JsonDeserializerINS1_6ReaderIPKcvEEE17parseQuotedStringEv                                                                                                                                                                                                                              228            0

.xt.prop._ZNK11ArduinoJson8V742PB226detail11MemberProxyIRNS0_12JsonDocumentENS1_9RamStringEE15getOrCreateDataEv                                                                                                                                                                                                                    48            0

.xt.prop._ZNK11ArduinoJson8V742PB226detail14VariantRefBaseINS1_11MemberProxyIRNS0_12JsonDocumentENS1_9RamStringEEEE18getOrCreateVariantEv                                                                                                                                                                                          36            0

.xt.prop._ZNK11ArduinoJson8V742PB226detail14VariantRefBaseINS1_11MemberProxyIRNS0_12JsonDocumentENS1_9RamStringEEEE3setI6StringEEbRKT_                                                                                                                                                                                             60            0

.xt.prop._ZNK11ArduinoJson8V742PB226detail14VariantRefBaseINS1_11MemberProxyINS3_IRNS0_12JsonDocumentENS1_9RamStringEEES6_EEE3setI15StringSumHelperEEbRKT_                                                                                                                                                                         36            0

.xt.prop._ZN11ArduinoJson8V742PB226detail17CountingDecoratorINS1_6WriterI6StringvEEE5writeEh                                                                                                                                                                                                                                       36            0

.xt.prop._ZN11ArduinoJson8V742PB226detail13TextFormatterINS1_6WriterI6StringvEEE11writeStringEPKcj                                                                                                                                                                                                                                120            0

.xt.prop._ZN11ArduinoJson8V742PB226detail13TextFormatterINS1_6WriterI6StringvEEE12writeIntegerIxEENS1_9enable_ifIXsrNS1_9is_signedIT_EE5valueEvE4typeESA_                                                                                                                                                                          48            0

.xt.prop._ZN11ArduinoJson8V742PB226detail13TextFormatterINS1_6WriterI6StringvEEE10writeFloatEda                                                                                                                                                                                                                                   360            0

.xt.prop._ZNK11ArduinoJson8V742PB226detail11VariantData6acceptINS1_14JsonSerializerINS1_6WriterI6StringvEEEEEENT_11result_typeERS9_PKNS1_15ResourceManagerE                                                                                                                                                                       432            0

.xt.prop._ZN11ArduinoJson8V742PB2213serializeJsonI6StringLi0EEEjNS0_16JsonVariantConstERT_                                                                                                                                                                                                                                         96            0

.xt.prop._ZN11ArduinoJson8V742PB229ConverterI6StringvE8fromJsonENS0_16JsonVariantConstE                                                                                                                                                                                                                                           120            0

.xt.prop._ZNK11ArduinoJson8V742PB226detail14VariantRefBaseINS1_11MemberProxyINS3_IRNS0_12JsonDocumentENS1_9RamStringEEES6_EEE2asI6StringEET_v                                                                                                                                                                                      36            0

.xt.prop._ZNK11ArduinoJson8V742PB226detail14VariantRefBaseINS1_11MemberProxyINS3_INS3_IRNS0_12JsonDocumentENS1_9RamStringEEES6_EES6_EEE2asI6StringEET_v                                                                                                                                                                            36            0

.xt.prop._ZNK11ArduinoJson8V742PB226detail14VariantRefBaseINS1_11MemberProxyIRNS0_12JsonDocumentENS1_9RamStringEEEE2asI6StringEET_v                                                                                                                                                                                                36            0

.xt.prop._ZNK11ArduinoJson8V742PB2216JsonVariantConst2asI6StringLi0EEET_v                                                                                                                                                                                                                                                          36            0

.xt.prop._ZN11ArduinoJson8V742PB226detail16JsonDeserializerINS1_6ReaderI6StringvEEE22canBeInNonQuotedStringEc                                                                                                                                                                                                                      60            0

.xt.prop._ZN11ArduinoJson8V742PB226detail16JsonDeserializerINS1_6ReaderI6StringvEEE11parseObjectINS1_14AllowAllFilterEEENS0_20DeserializationError4CodeERNS1_10ObjectDataET_NS0_21DeserializationOption12NestingLimitE                                                                                                            204            0

.xt.prop._ZN11ArduinoJson8V742PB226detail16JsonDeserializerINS1_6ReaderI6StringvEEE12parseVariantINS1_14AllowAllFilterEEENS0_20DeserializationError4CodeERNS1_11VariantDataET_NS0_21DeserializationOption12NestingLimitE                                                                                                          264            0

.xt.prop._ZN11ArduinoJson8V742PB226detail11deserializeINS1_16JsonDeserializerERNS0_12JsonDocumentER6StringJELi0EEENS0_20DeserializationErrorEOT0_OT1_DpT2_                                                                                                                                                                        132            0

.xt.prop._ZN11ArduinoJson8V742PB226detail16JsonDeserializerINS1_6ReaderIPKcvEEE22canBeInNonQuotedStringEc                                                                                                                                                                                                                          48            0

.xt.prop._ZN11ArduinoJson8V742PB226detail16JsonDeserializerINS1_6ReaderIPKcvEEE11parseObjectINS1_14AllowAllFilterEEENS0_20DeserializationError4CodeERNS1_10ObjectDataET_NS0_21DeserializationOption12NestingLimitE                                                                                                                204            0

.xt.prop._ZN11ArduinoJson8V742PB226detail16JsonDeserializerINS1_6ReaderIPKcvEEE12parseVariantINS1_14AllowAllFilterEEENS0_20DeserializationError4CodeERNS1_11VariantDataET_NS0_21DeserializationOption12NestingLimitE                                                                                                              264            0

.xt.prop._ZTVN11ArduinoJson8V742PB226detail16DefaultAllocatorE                                                                                                                                                                                                                                                                     12            0

.xt.prop._ZZN11ArduinoJson8V742PB226detail11FloatTraitsIfLj4EE25negativeBinaryPowersOfTenEvE7factors                                                                                                                                                                                                                               12            0

.xt.prop._ZZN11ArduinoJson8V742PB226detail11FloatTraitsIfLj4EE25positiveBinaryPowersOfTenEvE7factors                                                                                                                                                                                                                               12            0

.xt.prop._ZZN11ArduinoJson8V742PB226detail11FloatTraitsIdLj8EE25negativeBinaryPowersOfTenEvE7factors                                                                                                                                                                                                                               12            0

.xt.prop._ZZN11ArduinoJson8V742PB226detail11FloatTraitsIdLj8EE25positiveBinaryPowersOfTenEvE7factors                                                                                                                                                                                                                               12            0

.xt.prop._ZZNK11ArduinoJson8V742PB2220DeserializationError5c_strEvE8messages                                                                                                                                                                                                                                                       12            0

.xt.prop._ZZN11ArduinoJson8V742PB226detail16DefaultAllocator8instanceEvE9allocator                                                                                                                                                                                                                                                 12            0

.xt.lit._ZNK11ArduinoJson8V742PB226detail7pgm_ptrIdEixEi$isra$77                                                                                                                                                                                                                                                                    0            0

.xt.lit._ZNK6StringneERKS_                                                                                                                                                                                                                                                                                                          0            0

.xt.lit._ZNK6StringneEPKc                                                                                                                                                                                                                                                                                                           0            0

.xt.lit._ZN11ArduinoJson8V742PB226detail14decomposeFloatEda                                                                                                                                                                                                                                                                         0            0

.xt.lit._ZN8TrayDataC2Ev                                                                                                                                                                                                                                                                                                            8            0

.xt.lit._ZN8TrayDataD2Ev                                                                                                                                                                                                                                                                                                            0            0

.xt.lit._ZNK11ArduinoJson8V742PB2210JsonObject5beginEv                                                                                                                                                                                                                                                                              0            0

.xt.lit._ZN11ArduinoJson8V742PB228JsonPairC2ENS0_6detail18CollectionIteratorEPNS2_15ResourceManagerE                                                                                                                                                                                                                                0            0

.xt.lit._ZN11ArduinoJson8V742PB2218JsonObjectIteratorppEv                                                                                                                                                                                                                                                                           0            0

.xt.lit._ZNK11ArduinoJson8V742PB229JsonArray4sizeEv                                                                                                                                                                                                                                                                                 0            0

.xt.lit._ZNK11ArduinoJson8V742PB226detail11VariantData10getElementEjPKNS1_15ResourceManagerE                                                                                                                                                                                                                                        0            0

.xt.lit._ZN11ArduinoJson8V742PB2212JsonDocumentixI6StringLi0EEENS0_6detail11MemberProxyIRS1_NS4_13StringAdapterINS4_11conditionalIXsrNS4_15IsStringLiteralIT_EE5valueESA_NS4_9remove_cvINS4_16remove_referenceISA_E4typeEE4typeEE4typeEvE13AdaptedStringEEERKSA_                                                                    0            0

.xt.lit._ZNK11ArduinoJson8V742PB229JsonArray3addINS0_11JsonVariantELi0EEES3_v                                                                                                                                                                                                                                                       0            0

.xt.lit._ZN11ArduinoJson8V742PB226detail9ArrayData15getOrAddElementEjPNS1_15ResourceManagerE                                                                                                                                                                                                                                        0            0

.xt.lit._ZNK11ArduinoJson8V742PB2216JsonVariantConst2asIbLi0EEET_v                                                                                                                                                                                                                                                                  0            0

.xt.lit._ZNK11ArduinoJson8V742PB226detail14VariantRefBaseINS1_12ElementProxyINS0_9JsonArrayEEEE2asINS0_10JsonObjectEEET_v                                                                                                                                                                                                           0            0

.xt.lit._ZN11ArduinoJson8V742PB226detail11MemberProxyINS2_INS2_IRNS0_12JsonDocumentENS1_9RamStringEEES5_EES5_EC2ERKS8_                                                                                                                                                                                                              0            0

.xt.lit._ZN11ArduinoJson8V742PB226detail12ElementProxyINS1_11MemberProxyINS3_INS3_IRNS0_12JsonDocumentENS1_9RamStringEEES6_EES6_EEEC2ERKSA_                                                                                                                                                                                         0            0

.xt.lit._ZN11ArduinoJson8V742PB226detail11MemberProxyINS1_12ElementProxyINS2_INS2_INS2_IRNS0_12JsonDocumentENS1_9RamStringEEES6_EES6_EEEES6_EC2ERKSB_                                                                                                                                                                               0            0

.xt.lit._ZN11ArduinoJson8V742PB226detail12ElementProxyINS1_11MemberProxyINS2_INS3_INS3_INS3_IRNS0_12JsonDocumentENS1_9RamStringEEES6_EES6_EEEES6_EEEC2ERKSC_                                                                                                                                                                        0            0

.xt.lit._ZN11ArduinoJson8V742PB226detail11VariantData9getMemberINS1_9RamStringEEEPS2_PKS2_T_PKNS1_15ResourceManagerE                                                                                                                                                                                                                0            0

.xt.lit._ZNK11ArduinoJson8V742PB226detail11VariantData6acceptINS1_14VisitorAdapterINS1_8ComparerIbvEEEEEENT_11result_typeERS8_PKNS1_15ResourceManagerE                                                                                                                                                                              0            0

.xt.lit._ZNSt12_Destroy_auxILb0EE9__destroyIP6StringEEvT_S4_                                                                                                                                                                                                                                                                        0            0

.xt.lit._ZNSt6vectorI6StringSaIS0_EED2Ev                                                                                                                                                                                                                                                                                            0            0

.xt.lit._ZN11ArduinoJson8V742PB226detail11parseNumberIhEET_PKc                                                                                                                                                                                                                                                                      8            0

.xt.lit._ZNK11ArduinoJson8V742PB226detail11VariantData10asIntegralIhEET_PKNS1_15ResourceManagerE                                                                                                                                                                                                                                    0            0

.xt.lit._ZNK11ArduinoJson8V742PB226detail14VariantRefBaseINS1_11MemberProxyIRNS0_12JsonDocumentENS1_9RamStringEEEE2asIiEET_v                                                                                                                                                                                                        0            0

.xt.lit._ZNK11ArduinoJson8V742PB226detail14VariantRefBaseINS1_11MemberProxyINS0_10JsonObjectENS1_9RamStringEEEE2asIhEET_v                                                                                                                                                                                                           0            0

.xt.lit._ZNK11ArduinoJson8V742PB226detail14VariantRefBaseINS1_11MemberProxyINS0_10JsonObjectENS1_9RamStringEEEE2asIiEET_v                                                                                                                                                                                                           0            0

.xt.lit._ZNK11ArduinoJson8V742PB226detail14VariantRefBaseINS1_11MemberProxyINS0_10JsonObjectENS1_9RamStringEEEE2asINS0_9JsonArrayEEET_v                                                                                                                                                                                             0            0

.xt.lit._ZNK11ArduinoJson8V742PB226detail11MemberProxyINS0_10JsonObjectENS1_9RamStringEE15getOrCreateDataEv                                                                                                                                                                                                                         0            0

.xt.lit._ZNK11ArduinoJson8V742PB226detail14VariantRefBaseINS1_11MemberProxyINS0_10JsonObjectENS1_9RamStringEEEE18getOrCreateVariantEv                                                                                                                                                                                               0            0

.xt.lit._ZNK11ArduinoJson8V742PB226detail14VariantRefBaseINS1_11MemberProxyINS0_10JsonObjectENS1_9RamStringEEEE3setIA1_cEEbRKT_                                                                                                                                                                                                     0            0

.xt.lit._ZNSt20__uninitialized_copyILb0EE13__uninit_copyIPK6StringPS2_EET0_T_S7_S6_                                                                                                                                                                                                                                                 8            0

.xt.lit._ZNSt6vectorI6StringSaIS0_EE17_M_realloc_insertIJRKS0_EEEvN9__gnu_cxx17__normal_iteratorIPS0_S2_EEDpOT_                                                                                                                                                                                                                     8            0

.xt.lit._ZN11ArduinoJson8V742PB2213convertToJsonI6StringEENS0_6detail9enable_ifIXsrNS3_8IsStringIT_vEE5valueEvE4typeERKS6_NS0_11JsonVariantE                                                                                                                                                                                        0            0

.xt.lit._ZNK11ArduinoJson8V742PB226detail14VariantRefBaseINS1_11MemberProxyINS0_10JsonObjectENS1_9RamStringEEEE3setI6StringEEbRKT_                                                                                                                                                                                                  0            0

.xt.lit._ZNK11ArduinoJson8V742PB226detail14VariantRefBaseINS1_11MemberProxyINS3_IRNS0_12JsonDocumentENS1_9RamStringEEES6_EEE2asIiEET_v                                                                                                                                                                                              0            0

.xt.lit._ZN11ArduinoJson8V742PB226detail16JsonDeserializerINS1_13BoundedReaderIPhvEEE16skipQuotedStringEv                                                                                                                                                                                                                           0            0

.xt.lit._ZN11ArduinoJson8V742PB226detail16JsonDeserializerINS1_13BoundedReaderIPhvEEE11skipKeywordEPKc                                                                                                                                                                                                                              0            0

.xt.lit._ZN11ArduinoJson8V742PB226detail8ComparerIPKcvE5visitENS0_10JsonStringE                                                                                                                                                                                                                                                     0            0

.xt.lit._ZNK11ArduinoJson8V742PB226detail11VariantData6acceptINS1_14VisitorAdapterINS1_8ComparerIPKcvEEEEEENT_11result_typeERSA_PKNS1_15ResourceManagerE                                                                                                                                                                            8            0

.xt.lit._ZN11ArduinoJson8V742PB226detaileqIKcEEbRKNS1_11MemberProxyINS4_IRNS0_12JsonDocumentENS1_9RamStringEEES7_EEPT_                                                                                                                                                                                                              0            0

.xt.lit._ZN11ArduinoJson8V742PB226detail16JsonDeserializerINS1_13BoundedReaderIPhvEEE3eatEc                                                                                                                                                                                                                                         0            0

.xt.lit._ZN11ArduinoJson8V742PB226detail16JsonDeserializerINS1_13BoundedReaderIPhvEEE13canBeInNumberEc                                                                                                                                                                                                                              8            0

.xt.lit._ZN11ArduinoJson8V742PB226detail16JsonDeserializerINS1_13BoundedReaderIPhvEEE17parseNumericValueERNS1_11VariantDataE                                                                                                                                                                                                        0            0

.xt.lit._ZN11ArduinoJson8V742PB226detail16JsonDeserializerINS1_13BoundedReaderIPhvEEE16skipNumericValueEv                                                                                                                                                                                                                           0            0

.xt.lit._ZN11ArduinoJson8V742PB226detail13TextFormatterINS1_6WriterI14HardwareSerialvEEE8writeRawEPKc                                                                                                                                                                                                                               8            0

.xt.lit._ZN11ArduinoJson8V742PB226detail13TextFormatterINS1_6WriterI14HardwareSerialvEEE12writeIntegerIyEENS1_9enable_ifIXsrNS1_11is_unsignedIT_EE5valueEvE4typeESA_                                                                                                                                                                0            0

.xt.lit._ZN11ArduinoJson8V742PB226detail16JsonDeserializerINS1_13BoundedReaderIPhvEEE17parseQuotedStringEv                                                                                                                                                                                                                          8            0

.xt.lit._ZNK11ArduinoJson8V742PB226detail11MemberProxyINS2_IRNS0_12JsonDocumentENS1_9RamStringEEES5_E15getOrCreateDataEv                                                                                                                                                                                                            0            0

.xt.lit._ZNK11ArduinoJson8V742PB226detail14VariantRefBaseINS1_11MemberProxyINS3_IRNS0_12JsonDocumentENS1_9RamStringEEES6_EEE18getOrCreateVariantEv                                                                                                                                                                                  0            0

.xt.lit._ZNK11ArduinoJson8V742PB226detail14VariantRefBaseINS1_11MemberProxyINS3_IRNS0_12JsonDocumentENS1_9RamStringEEES6_EEE3setI6StringEEbRKT_                                                                                                                                                                                     0            0

.xt.lit._ZNK11ArduinoJson8V742PB226detail14VariantRefBaseINS1_11MemberProxyIRNS0_12JsonDocumentENS1_9RamStringEEEE3setIA1_cEEbRKT_                                                                                                                                                                                                  0            0

.xt.lit._ZNK11ArduinoJson8V742PB226detail11MemberProxyINS2_INS2_IRNS0_12JsonDocumentENS1_9RamStringEEES5_EES5_E15getOrCreateDataEv                                                                                                                                                                                                  0            0

.xt.lit._ZNK11ArduinoJson8V742PB226detail11MemberProxyINS1_12ElementProxyINS2_INS2_INS2_IRNS0_12JsonDocumentENS1_9RamStringEEES6_EES6_EEEES6_E15getOrCreateDataEv                                                                                                                                                                   0            0

.xt.lit._ZNK11ArduinoJson8V742PB2216JsonVariantConstixIA2_cLi0EEES1_RKT_                                                                                                                                                                                                                                                            0            0

.xt.lit._ZNK11ArduinoJson8V742PB2221DeserializationOption6FilterixImEES2_RKT_                                                                                                                                                                                                                                                       8            0

.xt.lit._ZNK11ArduinoJson8V742PB2221DeserializationOption6FilterixINS0_10JsonStringEEES2_RKT_                                                                                                                                                                                                                                       0            0

.xt.lit._ZNK11ArduinoJson8V742PB226detail14VariantRefBaseINS0_11JsonVariantEE2asI6StringEET_v                                                                                                                                                                                                                                       0            0

.xt.lit._ZNK11ArduinoJson8V742PB226detail14VariantRefBaseINS1_11MemberProxyINS0_10JsonObjectENS1_9RamStringEEEE2asI6StringEET_v                                                                                                                                                                                                     0            0

.xt.lit._ZN11ArduinoJson8V742PB226detail16JsonDeserializerINS1_13BoundedReaderIPhvEEE22canBeInNonQuotedStringEc                                                                                                                                                                                                                     8            0

.xt.lit._ZN11ArduinoJson8V742PB226detail16JsonDeserializerINS1_13BoundedReaderIPhvEEE10skipObjectENS0_21DeserializationOption12NestingLimitE                                                                                                                                                                                        0            0

.xt.lit._ZN11ArduinoJson8V742PB226detail16JsonDeserializerINS1_13BoundedReaderIPhvEEE11skipVariantENS0_21DeserializationOption12NestingLimitE                                                                                                                                                                                       8            0

.xt.lit._ZN11ArduinoJson8V742PB226detail16JsonDeserializerINS1_13BoundedReaderIPhvEEE9skipArrayENS0_21DeserializationOption12NestingLimitE                                                                                                                                                                                          0            0

.xt.lit._ZN11ArduinoJson8V742PB226detail16JsonDeserializerINS1_13BoundedReaderIPhvEEE12parseVariantINS0_21DeserializationOption6FilterEEENS0_20DeserializationError4CodeERNS1_11VariantDataET_NS8_12NestingLimitE                                                                                                                   0            0

.xt.lit._ZN11ArduinoJson8V742PB226detail16JsonDeserializerINS1_13BoundedReaderIPhvEEE10parseArrayINS0_21DeserializationOption6FilterEEENS0_20DeserializationError4CodeERNS1_9ArrayDataET_NS8_12NestingLimitE                                                                                                                        0            0

.xt.lit._ZN11ArduinoJson8V742PB226detail16JsonDeserializerINS1_13BoundedReaderIPhvEEE11parseObjectINS0_21DeserializationOption6FilterEEENS0_20DeserializationError4CodeERNS1_10ObjectDataET_NS8_12NestingLimitE                                                                                                                     0            0

.xt.lit._ZN11ArduinoJson8V742PB226detail13TextFormatterINS1_6WriterI14HardwareSerialvEEE10writeFloatEda                                                                                                                                                                                                                             8            0

.xt.lit._ZN11ArduinoJson8V742PB226detail13TextFormatterINS1_6WriterI14HardwareSerialvEEE11writeStringEPKcj                                                                                                                                                                                                                          8            0

.xt.lit._ZN11ArduinoJson8V742PB226detail13TextFormatterINS1_6WriterI14HardwareSerialvEEE12writeIntegerIxEENS1_9enable_ifIXsrNS1_9is_signedIT_EE5valueEvE4typeESA_                                                                                                                                                                   0            0

.xt.lit._ZNK11ArduinoJson8V742PB226detail11VariantData6acceptINS1_14JsonSerializerINS1_6WriterI14HardwareSerialvEEEEEENT_11result_typeERS9_PKNS1_15ResourceManagerE                                                                                                                                                                 0            0

.xt.prop._ZNK11ArduinoJson8V742PB226detail7pgm_ptrIdEixEi$isra$77                                                                                                                                                                                                                                                                  36            0

.xt.prop._ZNK6StringneERKS_                                                                                                                                                                                                                                                                                                        36            0

.xt.prop._ZNK6StringneEPKc                                                                                                                                                                                                                                                                                                         36            0

.xt.prop._ZN11ArduinoJson8V742PB226detail14decomposeFloatEda                                                                                                                                                                                                                                                                      228            0

.xt.prop._ZN8TrayDataC2Ev                                                                                                                                                                                                                                                                                                         228            0

.xt.prop._ZN8TrayDataD2Ev                                                                                                                                                                                                                                                                                                          36            0

.xt.prop._ZNK11ArduinoJson8V742PB2210JsonObject5beginEv                                                                                                                                                                                                                                                                            60            0

.xt.prop._ZN11ArduinoJson8V742PB228JsonPairC2ENS0_6detail18CollectionIteratorEPNS2_15ResourceManagerE                                                                                                                                                                                                                              36            0

.xt.prop._ZN11ArduinoJson8V742PB2218JsonObjectIteratorppEv                                                                                                                                                                                                                                                                         36            0

.xt.prop._ZNK11ArduinoJson8V742PB229JsonArray4sizeEv                                                                                                                                                                                                                                                                               48            0

.xt.prop._ZNK11ArduinoJson8V742PB226detail11VariantData10getElementEjPKNS1_15ResourceManagerE                                                                                                                                                                                                                                      60            0

.xt.prop._ZN11ArduinoJson8V742PB2212JsonDocumentixI6StringLi0EEENS0_6detail11MemberProxyIRS1_NS4_13StringAdapterINS4_11conditionalIXsrNS4_15IsStringLiteralIT_EE5valueESA_NS4_9remove_cvINS4_16remove_referenceISA_E4typeEE4typeEE4typeEvE13AdaptedStringEEERKSA_                                                                  60            0

.xt.prop._ZN11ArduinoJson8V742PB2212JsonDocument2asINS0_10JsonObjectEEET_v                                                                                                                                                                                                                                                         36            0

.xt.prop._ZNK11ArduinoJson8V742PB229JsonArray3addINS0_11JsonVariantELi0EEES3_v                                                                                                                                                                                                                                                     36            0

.xt.prop._ZN11ArduinoJson8V742PB226detail9ArrayData15getOrAddElementEjPNS1_15ResourceManagerE                                                                                                                                                                                                                                      84            0

.xt.prop._ZNK11ArduinoJson8V742PB2216JsonVariantConst2asIbLi0EEET_v                                                                                                                                                                                                                                                               204            0

.xt.prop._ZNK11ArduinoJson8V742PB226detail14VariantRefBaseINS1_12ElementProxyINS0_9JsonArrayEEEE2asINS0_10JsonObjectEEET_v                                                                                                                                                                                                         36            0

.xt.prop._ZN11ArduinoJson8V742PB226detail11MemberProxyINS2_INS2_IRNS0_12JsonDocumentENS1_9RamStringEEES5_EES5_EC2ERKS8_                                                                                                                                                                                                            36            0

.xt.prop._ZN11ArduinoJson8V742PB226detail12ElementProxyINS1_11MemberProxyINS3_INS3_IRNS0_12JsonDocumentENS1_9RamStringEEES6_EES6_EEEC2ERKSA_                                                                                                                                                                                       36            0

.xt.prop._ZN11ArduinoJson8V742PB226detail11MemberProxyINS1_12ElementProxyINS2_INS2_INS2_IRNS0_12JsonDocumentENS1_9RamStringEEES6_EES6_EEEES6_EC2ERKSB_                                                                                                                                                                             36            0

.xt.prop._ZN11ArduinoJson8V742PB226detail12ElementProxyINS1_11MemberProxyINS2_INS3_INS3_INS3_IRNS0_12JsonDocumentENS1_9RamStringEEES6_EES6_EEEES6_EEEC2ERKSC_                                                                                                                                                                      36            0

.xt.prop._ZN11ArduinoJson8V742PB226detail11VariantData9getMemberINS1_9RamStringEEEPS2_PKS2_T_PKNS1_15ResourceManagerE                                                                                                                                                                                                              36            0

.xt.prop._ZNK11ArduinoJson8V742PB226detail11VariantData6acceptINS1_14VisitorAdapterINS1_8ComparerIbvEEEEEENT_11result_typeERS8_PKNS1_15ResourceManagerE                                                                                                                                                                           336            0

.xt.prop._ZNSt12_Destroy_auxILb0EE9__destroyIP6StringEEvT_S4_                                                                                                                                                                                                                                                                      60            0

.xt.prop._ZNSt6vectorI6StringSaIS0_EED2Ev                                                                                                                                                                                                                                                                                          36            0

.xt.prop._ZN11ArduinoJson8V742PB226detail11parseNumberIhEET_PKc                                                                                                                                                                                                                                                                   132            0

.xt.prop._ZNK11ArduinoJson8V742PB226detail11VariantData10asIntegralIhEET_PKNS1_15ResourceManagerE                                                                                                                                                                                                                                 252            0

.xt.prop._ZNK11ArduinoJson8V742PB226detail14VariantRefBaseINS1_11MemberProxyIRNS0_12JsonDocumentENS1_9RamStringEEEE2asIiEET_v                                                                                                                                                                                                      36            0

.xt.prop._ZNK11ArduinoJson8V742PB226detail14VariantRefBaseINS1_11MemberProxyINS0_10JsonObjectENS1_9RamStringEEEE2asIhEET_v                                                                                                                                                                                                         36            0

.xt.prop._ZNK11ArduinoJson8V742PB226detail14VariantRefBaseINS1_11MemberProxyINS0_10JsonObjectENS1_9RamStringEEEE2asIiEET_v                                                                                                                                                                                                         36            0

.xt.prop._ZNK11ArduinoJson8V742PB226detail14VariantRefBaseINS1_11MemberProxyINS0_10JsonObjectENS1_9RamStringEEEE2asINS0_9JsonArrayEEET_v                                                                                                                                                                                           36            0

.xt.prop._ZNK11ArduinoJson8V742PB226detail11MemberProxyINS0_10JsonObjectENS1_9RamStringEE15getOrCreateDataEv                                                                                                                                                                                                                       48            0

.xt.prop._ZNK11ArduinoJson8V742PB226detail14VariantRefBaseINS1_11MemberProxyINS0_10JsonObjectENS1_9RamStringEEEE18getOrCreateVariantEv                                                                                                                                                                                             36            0

.xt.prop._ZNK11ArduinoJson8V742PB226detail14VariantRefBaseINS1_11MemberProxyINS0_10JsonObjectENS1_9RamStringEEEE3setIA1_cEEbRKT_                                                                                                                                                                                                   36            0

.xt.prop._ZNSt20__uninitialized_copyILb0EE13__uninit_copyIPK6StringPS2_EET0_T_S7_S6_                                                                                                                                                                                                                                              120            0

.xt.prop._ZNSt6vectorI6StringSaIS0_EE17_M_realloc_insertIJRKS0_EEEvN9__gnu_cxx17__normal_iteratorIPS0_S2_EEDpOT_                                                                                                                                                                                                                  204            0

.xt.prop._ZN11ArduinoJson8V742PB2213convertToJsonI6StringEENS0_6detail9enable_ifIXsrNS3_8IsStringIT_vEE5valueEvE4typeERKS6_NS0_11JsonVariantE                                                                                                                                                                                      60            0

.xt.prop._ZNK11ArduinoJson8V742PB226detail14VariantRefBaseINS1_11MemberProxyINS0_10JsonObjectENS1_9RamStringEEEE3setI6StringEEbRKT_                                                                                                                                                                                                36            0

.xt.prop._ZNK11ArduinoJson8V742PB226detail14VariantRefBaseINS1_11MemberProxyINS3_IRNS0_12JsonDocumentENS1_9RamStringEEES6_EEE2asIiEET_v                                                                                                                                                                                            36            0

.xt.prop._ZN11ArduinoJson8V742PB226detail16JsonDeserializerINS1_13BoundedReaderIPhvEEE7currentEv                                                                                                                                                                                                                                   36            0

.xt.prop._ZN11ArduinoJson8V742PB226detail16JsonDeserializerINS1_13BoundedReaderIPhvEEE16skipQuotedStringEv                                                                                                                                                                                                                         96            0

.xt.prop._ZN11ArduinoJson8V742PB226detail16JsonDeserializerINS1_13BoundedReaderIPhvEEE11skipKeywordEPKc                                                                                                                                                                                                                           108            0

.xt.prop._ZN11ArduinoJson8V742PB226detail8ComparerIPKcvE5visitENS0_10JsonStringE                                                                                                                                                                                                                                                   96            0

.xt.prop._ZNK11ArduinoJson8V742PB226detail11VariantData6acceptINS1_14VisitorAdapterINS1_8ComparerIPKcvEEEEEENT_11result_typeERSA_PKNS1_15ResourceManagerE                                                                                                                                                                         204            0

.xt.prop._ZN11ArduinoJson8V742PB226detaileqIKcEEbRKNS1_11MemberProxyINS4_IRNS0_12JsonDocumentENS1_9RamStringEEES7_EEPT_                                                                                                                                                                                                            60            0

.xt.prop._ZN11ArduinoJson8V742PB226detail16JsonDeserializerINS1_13BoundedReaderIPhvEEE3eatEc                                                                                                                                                                                                                                       48            0

.xt.prop._ZN11ArduinoJson8V742PB226detail16JsonDeserializerINS1_13BoundedReaderIPhvEEE13canBeInNumberEc                                                                                                                                                                                                                            60            0

.xt.prop._ZN11ArduinoJson8V742PB226detail16JsonDeserializerINS1_13BoundedReaderIPhvEEE17parseNumericValueERNS1_11VariantDataE                                                                                                                                                                                                     192            0

.xt.prop._ZN11ArduinoJson8V742PB226detail16JsonDeserializerINS1_13BoundedReaderIPhvEEE16skipNumericValueEv                                                                                                                                                                                                                         60            0

.xt.prop._ZN11ArduinoJson8V742PB226detail17CountingDecoratorINS1_6WriterI14HardwareSerialvEEE5writeEPKhj                                                                                                                                                                                                                           36            0

.xt.prop._ZN11ArduinoJson8V742PB226detail13TextFormatterINS1_6WriterI14HardwareSerialvEEE8writeRawEPKc                                                                                                                                                                                                                             48            0

.xt.prop._ZN11ArduinoJson8V742PB226detail13TextFormatterINS1_6WriterI14HardwareSerialvEEE12writeIntegerIyEENS1_9enable_ifIXsrNS1_11is_unsignedIT_EE5valueEvE4typeESA_                                                                                                                                                              84            0

.xt.prop._ZN11ArduinoJson8V742PB226detail16JsonDeserializerINS1_13BoundedReaderIPhvEEE17parseQuotedStringEv                                                                                                                                                                                                                       228            0

.xt.prop._ZNK11ArduinoJson8V742PB226detail11MemberProxyINS2_IRNS0_12JsonDocumentENS1_9RamStringEEES5_E15getOrCreateDataEv                                                                                                                                                                                                          48            0

.xt.prop._ZNK11ArduinoJson8V742PB226detail14VariantRefBaseINS1_11MemberProxyINS3_IRNS0_12JsonDocumentENS1_9RamStringEEES6_EEE18getOrCreateVariantEv                                                                                                                                                                                36            0

.xt.prop._ZNK11ArduinoJson8V742PB226detail14VariantRefBaseINS1_11MemberProxyINS3_IRNS0_12JsonDocumentENS1_9RamStringEEES6_EEE3setI6StringEEbRKT_                                                                                                                                                                                   36            0

.xt.prop._ZNK11ArduinoJson8V742PB226detail14VariantRefBaseINS1_11MemberProxyIRNS0_12JsonDocumentENS1_9RamStringEEEE3setIA1_cEEbRKT_                                                                                                                                                                                                36            0

.xt.prop._ZNK11ArduinoJson8V742PB226detail11MemberProxyINS2_INS2_IRNS0_12JsonDocumentENS1_9RamStringEEES5_EES5_E15getOrCreateDataEv                                                                                                                                                                                                48            0

.xt.prop._ZNK11ArduinoJson8V742PB226detail11MemberProxyINS1_12ElementProxyINS2_INS2_INS2_IRNS0_12JsonDocumentENS1_9RamStringEEES6_EES6_EEEES6_E15getOrCreateDataEv                                                                                                                                                                108            0

.xt.prop._ZNK11ArduinoJson8V742PB2216JsonVariantConstixIA2_cLi0EEES1_RKT_                                                                                                                                                                                                                                                          36            0

.xt.prop._ZNK11ArduinoJson8V742PB2221DeserializationOption6FilterixImEES2_RKT_                                                                                                                                                                                                                                                    120            0

.xt.prop._ZNK11ArduinoJson8V742PB2221DeserializationOption6FilterixINS0_10JsonStringEEES2_RKT_                                                                                                                                                                                                                                     96            0

.xt.prop._ZNK11ArduinoJson8V742PB226detail14VariantRefBaseINS0_11JsonVariantEE2asI6StringEET_v                                                                                                                                                                                                                                     36            0

.xt.prop._ZNK11ArduinoJson8V742PB226detail14VariantRefBaseINS1_11MemberProxyINS0_10JsonObjectENS1_9RamStringEEEE2asI6StringEET_v                                                                                                                                                                                                   36            0

.xt.prop._ZN11ArduinoJson8V742PB226detail16JsonDeserializerINS1_13BoundedReaderIPhvEEE22canBeInNonQuotedStringEc                                                                                                                                                                                                                   60            0

.xt.prop._ZN11ArduinoJson8V742PB226detail16JsonDeserializerINS1_13BoundedReaderIPhvEEE10skipObjectENS0_21DeserializationOption12NestingLimitE                                                                                                                                                                                     168            0

.xt.prop._ZN11ArduinoJson8V742PB226detail16JsonDeserializerINS1_13BoundedReaderIPhvEEE11skipVariantENS0_21DeserializationOption12NestingLimitE                                                                                                                                                                                    216            0

.xt.prop._ZN11ArduinoJson8V742PB226detail16JsonDeserializerINS1_13BoundedReaderIPhvEEE9skipArrayENS0_21DeserializationOption12NestingLimitE                                                                                                                                                                                        60            0

.xt.prop._ZN11ArduinoJson8V742PB226detail16JsonDeserializerINS1_13BoundedReaderIPhvEEE12parseVariantINS0_21DeserializationOption6FilterEEENS0_20DeserializationError4CodeERNS1_11VariantDataET_NS8_12NestingLimitE                                                                                                                288            0

.xt.prop._ZN11ArduinoJson8V742PB226detail16JsonDeserializerINS1_13BoundedReaderIPhvEEE10parseArrayINS0_21DeserializationOption6FilterEEENS0_20DeserializationError4CodeERNS1_9ArrayDataET_NS8_12NestingLimitE                                                                                                                     120            0

.xt.prop._ZN11ArduinoJson8V742PB226detail16JsonDeserializerINS1_13BoundedReaderIPhvEEE11parseObjectINS0_21DeserializationOption6FilterEEENS0_20DeserializationError4CodeERNS1_10ObjectDataET_NS8_12NestingLimitE                                                                                                                  228            0

.xt.prop._ZN11ArduinoJson8V742PB226detail17CountingDecoratorINS1_6WriterI14HardwareSerialvEEE5writeEh                                                                                                                                                                                                                              36            0

.xt.prop._ZN11ArduinoJson8V742PB226detail13TextFormatterINS1_6WriterI14HardwareSerialvEEE10writeFloatEda                                                                                                                                                                                                                          192            0

.xt.prop._ZN11ArduinoJson8V742PB226detail13TextFormatterINS1_6WriterI14HardwareSerialvEEE11writeStringEPKcj                                                                                                                                                                                                                       120            0

.xt.prop._ZN11ArduinoJson8V742PB226detail13TextFormatterINS1_6WriterI14HardwareSerialvEEE12writeIntegerIxEENS1_9enable_ifIXsrNS1_9is_signedIT_EE5valueEvE4typeESA_                                                                                                                                                                 48            0

.xt.prop._ZNK11ArduinoJson8V742PB226detail11VariantData6acceptINS1_14JsonSerializerINS1_6WriterI14HardwareSerialvEEEEEENT_11result_typeERS9_PKNS1_15ResourceManagerE                                                                                                                                                              432            0

.xt.lit._ZNK11ArduinoJson8V742PB226detail10ObjectData7findKeyINS1_9RamStringEEENS1_18CollectionIteratorET_PKNS1_15ResourceManagerE                                                                                                                                                                                                  0            0

.xt.lit._ZN11ArduinoJson8V742PB226detail16JsonDeserializerINS1_6ReaderIN2fs4FileEvEEE11skipKeywordEPKc                                                                                                                                                                                                                              0            0

.xt.lit._ZN11ArduinoJson8V742PB226detail16JsonDeserializerINS1_6ReaderIN2fs4FileEvEEE17parseNumericValueERNS1_11VariantDataE                                                                                                                                                                                                        8            0

.xt.lit._ZN11ArduinoJson8V742PB226detail16JsonDeserializerINS1_6ReaderIN2fs4FileEvEEE3eatEc                                                                                                                                                                                                                                         0            0

.xt.lit._ZN11ArduinoJson8V742PB226detail16JsonDeserializerINS1_6ReaderIN2fs4FileEvEEE17parseQuotedStringEv                                                                                                                                                                                                                          8            0

.xt.lit._ZN11ArduinoJson8V742PB226detail16JsonDeserializerINS1_6ReaderIN2fs4FileEvEEE11parseObjectINS1_14AllowAllFilterEEENS0_20DeserializationError4CodeERNS1_10ObjectDataET_NS0_21DeserializationOption12NestingLimitE                                                                                                            8            0

.xt.lit._ZN11ArduinoJson8V742PB226detail16JsonDeserializerINS1_6ReaderIN2fs4FileEvEEE12parseVariantINS1_14AllowAllFilterEEENS0_20DeserializationError4CodeERNS1_11VariantDataET_NS0_21DeserializationOption12NestingLimitE                                                                                                          8            0

.xt.lit._ZN11ArduinoJson8V742PB226detail16JsonDeserializerINS1_6ReaderIN2fs4FileEvEEE10parseArrayINS1_14AllowAllFilterEEENS0_20DeserializationError4CodeERNS1_9ArrayDataET_NS0_21DeserializationOption12NestingLimitE                                                                                                               0            0

.xt.lit._ZN2fs4FileD2Ev                                                                                                                                                                                                                                                                                                             8            0

.xt.lit._ZN2fs4FileD0Ev                                                                                                                                                                                                                                                                                                             0            0

.xt.prop._ZNK11ArduinoJson8V742PB226detail10ObjectData7findKeyINS1_9RamStringEEENS1_18CollectionIteratorET_PKNS1_15ResourceManagerE                                                                                                                                                                                               192            0

.xt.prop._ZN11ArduinoJson8V742PB226detail16JsonDeserializerINS1_6ReaderIN2fs4FileEvEEE7currentEv                                                                                                                                                                                                                                   36            0

.xt.prop._ZN11ArduinoJson8V742PB226detail16JsonDeserializerINS1_6ReaderIN2fs4FileEvEEE11skipKeywordEPKc                                                                                                                                                                                                                           108            0

.xt.prop._ZN11ArduinoJson8V742PB226detail16JsonDeserializerINS1_6ReaderIN2fs4FileEvEEE17parseNumericValueERNS1_11VariantDataE                                                                                                                                                                                                     312            0

.xt.prop._ZN11ArduinoJson8V742PB226detail16JsonDeserializerINS1_6ReaderIN2fs4FileEvEEE3eatEc                                                                                                                                                                                                                                       48            0

.xt.prop._ZN11ArduinoJson8V742PB226detail16JsonDeserializerINS1_6ReaderIN2fs4FileEvEEE17parseQuotedStringEv                                                                                                                                                                                                                       240            0

.xt.prop._ZN11ArduinoJson8V742PB226detail16JsonDeserializerINS1_6ReaderIN2fs4FileEvEEE22canBeInNonQuotedStringEc                                                                                                                                                                                                                   48            0

.xt.prop._ZN11ArduinoJson8V742PB226detail16JsonDeserializerINS1_6ReaderIN2fs4FileEvEEE11parseObjectINS1_14AllowAllFilterEEENS0_20DeserializationError4CodeERNS1_10ObjectDataET_NS0_21DeserializationOption12NestingLimitE                                                                                                         252            0

.xt.prop._ZN11ArduinoJson8V742PB226detail16JsonDeserializerINS1_6ReaderIN2fs4FileEvEEE12parseVariantINS1_14AllowAllFilterEEENS0_20DeserializationError4CodeERNS1_11VariantDataET_NS0_21DeserializationOption12NestingLimitE                                                                                                       192            0

.xt.prop._ZN11ArduinoJson8V742PB226detail16JsonDeserializerINS1_6ReaderIN2fs4FileEvEEE10parseArrayINS1_14AllowAllFilterEEENS0_20DeserializationError4CodeERNS1_9ArrayDataET_NS0_21DeserializationOption12NestingLimitE                                                                                                            156            0

.xt.prop._ZN2fs4FileD2Ev                                                                                                                                                                                                                                                                                                           72            0

.xt.prop._ZN2fs4FileD0Ev                                                                                                                                                                                                                                                                                                           36            0

.xt.prop._ZZNK11ArduinoJson8V742PB2220DeserializationError5f_strEvE8messages                                                                                                                                                                                                                                                       12            0

.xt.prop._ZNSt14_Function_baseD2Ev                                                                                                                                                                                                                                                                                                 36            0

.xt.lit._ZSt34__uninitialized_move_if_noexcept_aIPSt4pairINSt7__cxx1112basic_stringIcSt11char_traitsIcESaIcEEES6_ES8_SaIS7_EET0_T_SB_SA_RT1_$isra$74                                                                                                                                                                                8            0

.xt.lit._ZNSt6vectorINSt7__cxx1112basic_stringIcSt11char_traitsIcESaIcEEESaIS5_EED2Ev                                                                                                                                                                                                                                               8            0

.xt.lit._ZNSt6vectorINSt7__cxx1112basic_stringIcSt11char_traitsIcESaIcEEESaIS5_EE17_M_realloc_insertIJS5_EEEvN9__gnu_cxx17__normal_iteratorIPS5_S7_EEDpOT_                                                                                                                                                                          8            0

.xt.lit._ZNSt12_Destroy_auxILb0EE9__destroyIPSt4pairINSt7__cxx1112basic_stringIcSt11char_traitsIcESaIcEEES8_EEEvT_SB_                                                                                                                                                                                                               0            0

.xt.lit._ZNSt6vectorISt4pairINSt7__cxx1112basic_stringIcSt11char_traitsIcESaIcEEES6_ESaIS7_EED2Ev                                                                                                                                                                                                                                   0            0

.xt.lit._ZNSt6vectorISt4pairINSt7__cxx1112basic_stringIcSt11char_traitsIcESaIcEEES6_ESaIS7_EE17_M_realloc_insertIJS6_S6_EEEvN9__gnu_cxx17__normal_iteratorIPS7_S9_EEDpOT_                                                                                                                                                           8            0

.xt.prop._ZSt34__uninitialized_move_if_noexcept_aIPSt4pairINSt7__cxx1112basic_stringIcSt11char_traitsIcESaIcEEES6_ES8_SaIS7_EET0_T_SB_SA_RT1_$isra$74                                                                                                                                                                              84            0

.xt.prop._ZNSt6vectorINSt7__cxx1112basic_stringIcSt11char_traitsIcESaIcEEESaIS5_EED2Ev                                                                                                                                                                                                                                             72            0

.xt.prop._ZNSt6vectorINSt7__cxx1112basic_stringIcSt11char_traitsIcESaIcEEESaIS5_EE17_M_realloc_insertIJS5_EEEvN9__gnu_cxx17__normal_iteratorIPS5_S7_EEDpOT_                                                                                                                                                                       144            0

.xt.prop._ZNSt12_Destroy_auxILb0EE9__destroyIPSt4pairINSt7__cxx1112basic_stringIcSt11char_traitsIcESaIcEEES8_EEEvT_SB_                                                                                                                                                                                                             60            0

.xt.prop._ZNSt6vectorISt4pairINSt7__cxx1112basic_stringIcSt11char_traitsIcESaIcEEES6_ESaIS7_EED2Ev                                                                                                                                                                                                                                 36            0

.xt.prop._ZNSt6vectorISt4pairINSt7__cxx1112basic_stringIcSt11char_traitsIcESaIcEEES6_ESaIS7_EE17_M_realloc_insertIJS6_S6_EEEvN9__gnu_cxx17__normal_iteratorIPS7_S9_EEDpOT_                                                                                                                                                         72            0

.xt.lit._ZN11ArduinoJson8V742PB226detail14EscapeSequence12unescapeCharEc                                                                                                                                                                                                                                                            8            0

.xt.lit._ZNSt5dequeIP15WriteQueueEntrySaIS1_EE9pop_frontEv                                                                                                                                                                                                                                                                          0            0

.xt.lit._ZNSt11_Deque_baseIP15WriteQueueEntrySaIS1_EED2Ev                                                                                                                                                                                                                                                                           0            0

.xt.lit._ZN11ArduinoJson8V742PB229ConverterIivE9checkJsonENS0_16JsonVariantConstE                                                                                                                                                                                                                                                   8            0

.xt.lit._ZNSt5dequeIP15WriteQueueEntrySaIS1_EE17_M_reallocate_mapEjb                                                                                                                                                                                                                                                                8            0

.xt.lit._ZN11ArduinoJson8V742PB226detaileqIKcEEbRKNS1_11MemberProxyIRNS0_12JsonDocumentENS1_9RamStringEEEPT_                                                                                                                                                                                                                        8            0

.xt.lit._ZN11ArduinoJson8V742PB226detailneIKcEEbRKNS1_11MemberProxyIRNS0_12JsonDocumentENS1_9RamStringEEEPT_                                                                                                                                                                                                                        0            0

.xt.lit._ZN11ArduinoJson8V742PB226detail16JsonDeserializerINS1_6ReaderIPcvEEE11skipKeywordEPKc                                                                                                                                                                                                                                      0            0

.xt.lit._ZN11ArduinoJson8V742PB226detail16JsonDeserializerINS1_6ReaderIPcvEEE17parseNumericValueERNS1_11VariantDataE                                                                                                                                                                                                                8            0

.xt.lit._ZN11ArduinoJson8V742PB226detail16JsonDeserializerINS1_6ReaderIPcvEEE3eatEc                                                                                                                                                                                                                                                 0            0

.xt.lit._ZN11ArduinoJson8V742PB226detail16JsonDeserializerINS1_6ReaderIPcvEEE17parseQuotedStringEv                                                                                                                                                                                                                                  0            0

.xt.lit._ZN11ArduinoJson8V742PB226detail11copyVariantENS0_11JsonVariantENS0_16JsonVariantConstE                                                                                                                                                                                                                                     0            0

.xt.lit._ZNK11ArduinoJson8V742PB226detail14VariantRefBaseINS1_11MemberProxyIRNS0_12JsonDocumentENS1_9RamStringEEEE3setIA2_cEEbRKT_                                                                                                                                                                                                  0            0

.xt.lit._ZN11ArduinoJson8V742PB226detail9serializeINS1_14JsonSerializerE6StringEEjNS0_16JsonVariantConstERT0_                                                                                                                                                                                                                       8            0

.xt.lit._ZN11ArduinoJson8V742PB2215convertFromJsonENS0_16JsonVariantConstER6String                                                                                                                                                                                                                                                  0            0

.xt.lit._ZN11ArduinoJson8V742PB226detail16JsonDeserializerINS1_6ReaderIPcvEEE22canBeInNonQuotedStringEc                                                                                                                                                                                                                             8            0

.xt.lit._ZN11ArduinoJson8V742PB226detail16JsonDeserializerINS1_6ReaderIPcvEEE11parseObjectINS1_14AllowAllFilterEEENS0_20DeserializationError4CodeERNS1_10ObjectDataET_NS0_21DeserializationOption12NestingLimitE                                                                                                                    8            0

.xt.lit._ZN11ArduinoJson8V742PB226detail16JsonDeserializerINS1_6ReaderIPcvEEE12parseVariantINS1_14AllowAllFilterEEENS0_20DeserializationError4CodeERNS1_11VariantDataET_NS0_21DeserializationOption12NestingLimitE                                                                                                                  8            0

.xt.prop._ZN11ArduinoJson8V742PB226detail14EscapeSequence12unescapeCharEc                                                                                                                                                                                                                                                          84            0

.xt.prop._ZN11ArduinoJson8V742PB226detail11adaptStringIRNS0_10JsonStringEEENS1_13StringAdapterINS1_11conditionalIXsrNS1_15IsStringLiteralIT_EE5valueES8_NS1_9remove_cvINS1_16remove_referenceIS8_E4typeEE4typeEE4typeEvE13AdaptedStringEOS8_                                                                                       36            0

.xt.prop._ZNSt5dequeIP15WriteQueueEntrySaIS1_EE9pop_frontEv                                                                                                                                                                                                                                                                        60            0

.xt.prop._ZNSt11_Deque_baseIP15WriteQueueEntrySaIS1_EED2Ev                                                                                                                                                                                                                                                                         60            0

.xt.prop._ZN11ArduinoJson8V742PB229ConverterIivE9checkJsonENS0_16JsonVariantConstE                                                                                                                                                                                                                                                180            0

.xt.prop._ZNSt5dequeIP15WriteQueueEntrySaIS1_EE17_M_reallocate_mapEjb                                                                                                                                                                                                                                                             168            0

.xt.prop._ZN11ArduinoJson8V742PB226detaileqIKcEEbRKNS1_11MemberProxyIRNS0_12JsonDocumentENS1_9RamStringEEEPT_                                                                                                                                                                                                                      72            0

.xt.prop._ZN11ArduinoJson8V742PB226detailneIKcEEbRKNS1_11MemberProxyIRNS0_12JsonDocumentENS1_9RamStringEEEPT_                                                                                                                                                                                                                      60            0

.xt.prop._ZN11ArduinoJson8V742PB226detail16JsonDeserializerINS1_6ReaderIPcvEEE7currentEv                                                                                                                                                                                                                                           36            0

.xt.prop._ZN11ArduinoJson8V742PB226detail16JsonDeserializerINS1_6ReaderIPcvEEE11skipKeywordEPKc                                                                                                                                                                                                                                   108            0

.xt.prop._ZN11ArduinoJson8V742PB226detail16JsonDeserializerINS1_6ReaderIPcvEEE17parseNumericValueERNS1_11VariantDataE                                                                                                                                                                                                             216            0

.xt.prop._ZN11ArduinoJson8V742PB226detail16JsonDeserializerINS1_6ReaderIPcvEEE3eatEc                                                                                                                                                                                                                                               48            0

.xt.prop._ZN11ArduinoJson8V742PB226detail16JsonDeserializerINS1_6ReaderIPcvEEE17parseQuotedStringEv                                                                                                                                                                                                                               204            0

.xt.prop._ZN11ArduinoJson8V742PB226detail11copyVariantENS0_11JsonVariantENS0_16JsonVariantConstE                                                                                                                                                                                                                                   60            0

.xt.prop._ZNK11ArduinoJson8V742PB226detail14VariantRefBaseINS1_11MemberProxyIRNS0_12JsonDocumentENS1_9RamStringEEEE3setIA2_cEEbRKT_                                                                                                                                                                                                36            0

.xt.prop._ZN11ArduinoJson8V742PB226detail9serializeINS1_14JsonSerializerE6StringEEjNS0_16JsonVariantConstERT0_                                                                                                                                                                                                                     96            0

.xt.prop._ZN11ArduinoJson8V742PB2215convertFromJsonENS0_16JsonVariantConstER6String                                                                                                                                                                                                                                                60            0

.xt.prop._ZN11ArduinoJson8V742PB226detail16JsonDeserializerINS1_6ReaderIPcvEEE22canBeInNonQuotedStringEc                                                                                                                                                                                                                           60            0

.xt.prop._ZN11ArduinoJson8V742PB226detail16JsonDeserializerINS1_6ReaderIPcvEEE11parseObjectINS1_14AllowAllFilterEEENS0_20DeserializationError4CodeERNS1_10ObjectDataET_NS0_21DeserializationOption12NestingLimitE                                                                                                                 216            0

.xt.prop._ZN11ArduinoJson8V742PB226detail16JsonDeserializerINS1_6ReaderIPcvEEE12parseVariantINS1_14AllowAllFilterEEENS0_20DeserializationError4CodeERNS1_11VariantDataET_NS0_21DeserializationOption12NestingLimitE                                                                                                               264            0

.xt.lit._ZN15AsyncWebHandlerD2Ev                                                                                                                                                                                                                                                                                                    8            0

.xt.lit._ZN15AsyncWebHandlerD0Ev                                                                                                                                                                                                                                                                                                    0            0

.xt.lit._ZN21AsyncWebServerRequest4sendEiPKcS1_St8functionIF6StringRKS3_EE                                                                                                                                                                                                                                                          8            0

.xt.lit._ZSt4swapISt9_Any_dataENSt9enable_ifIXsrSt6__and_IJSt6__not_ISt15__is_tuple_likeIT_EESt21is_move_constructibleIS5_ESt18is_move_assignableIS5_EEE5valueEvE4typeERS5_SF_                                                                                                                                                      0            0

.xt.lit._ZNSt8functionIFvP21AsyncWebServerRequestEEaSERKS3_                                                                                                                                                                                                                                                                         0            0

.xt.prop._ZNK15AsyncWebHandler9canHandleEP21AsyncWebServerRequest                                                                                                                                                                                                                                                                  36            0

.xt.prop._ZN15AsyncWebHandler13handleRequestEP21AsyncWebServerRequest                                                                                                                                                                                                                                                              36            0

.xt.prop._ZN15AsyncWebHandler12handleUploadEP21AsyncWebServerRequestRK6StringjPhjb                                                                                                                                                                                                                                                 36            0

.xt.prop._ZN15AsyncWebHandler10handleBodyEP21AsyncWebServerRequestPhjjj                                                                                                                                                                                                                                                            36            0

.xt.prop._ZNK15AsyncWebHandler23isRequestHandlerTrivialEv                                                                                                                                                                                                                                                                          36            0

.xt.prop._ZN15AsyncWebHandlerD2Ev                                                                                                                                                                                                                                                                                                  48            0

.xt.prop._ZN15AsyncWebHandlerD0Ev                                                                                                                                                                                                                                                                                                  36            0

.xt.prop._ZN21AsyncWebServerRequest4sendEiPKcS1_St8functionIF6StringRKS3_EE                                                                                                                                                                                                                                                       132            0

.xt.prop._ZSt4swapISt9_Any_dataENSt9enable_ifIXsrSt6__and_IJSt6__not_ISt15__is_tuple_likeIT_EESt21is_move_constructibleIS5_ESt18is_move_assignableIS5_EEE5valueEvE4typeERS5_SF_                                                                                                                                                    60            0

.xt.prop._ZNSt8functionIFvP21AsyncWebServerRequestEEaSERKS3_                                                                                                                                                                                                                                                                       72            0

.xt.prop._ZTV15AsyncWebHandler                                                                                                                                                                                                                                                                                                     12            0

.xt.lit._ZN6String7replaceEPKcRKS_                                                                                                                                                                                                                                                                                                  0            0

.xt.lit._ZN14AsyncWebSocketD2Ev                                                                                                                                                                                                                                                                                                     8            0

.xt.lit._ZN14AsyncWebSocketD0Ev                                                                                                                                                                                                                                                                                                     0            0

.xt.lit._ZNSt8functionIF6StringRKS0_EEC2ERKS4_                                                                                                                                                                                                                                                                                      0            0

.xt.lit._ZN21AsyncWebServerRequest4sendEiRK6StringS2_St8functionIFS0_S2_EE                                                                                                                                                                                                                                                          0            0

.xt.lit._ZNSt8functionIFvP14AsyncWebSocketP20AsyncWebSocketClient12AwsEventTypePvPhjEEaSERKS8_                                                                                                                                                                                                                                      0            0

.xt.lit._ZN11ArduinoJson8V742PB226detail15ResourceManager5clearEv                                                                                                                                                                                                                                                                   0            0

.xt.lit._ZN11ArduinoJson8V742PB226detail16JsonDeserializerINS1_13BoundedReaderIPcvEEE11skipKeywordEPKc                                                                                                                                                                                                                              0            0

.xt.lit._ZN11ArduinoJson8V742PB226detail16JsonDeserializerINS1_13BoundedReaderIPcvEEE17parseNumericValueERNS1_11VariantDataE                                                                                                                                                                                                        8            0

.xt.lit._ZN11ArduinoJson8V742PB226detail16JsonDeserializerINS1_13BoundedReaderIPcvEEE3eatEc                                                                                                                                                                                                                                         0            0

.xt.lit._ZN11ArduinoJson8V742PB226detail16JsonDeserializerINS1_13BoundedReaderIPcvEEE17parseQuotedStringEv                                                                                                                                                                                                                          8            0

.xt.lit._ZN11ArduinoJson8V742PB226detail16JsonDeserializerINS1_13BoundedReaderIPcvEEE11parseObjectINS1_14AllowAllFilterEEENS0_20DeserializationError4CodeERNS1_10ObjectDataET_NS0_21DeserializationOption12NestingLimitE                                                                                                            8            0

.xt.lit._ZN11ArduinoJson8V742PB226detail16JsonDeserializerINS1_13BoundedReaderIPcvEEE12parseVariantINS1_14AllowAllFilterEEENS0_20DeserializationError4CodeERNS1_11VariantDataET_NS0_21DeserializationOption12NestingLimitE                                                                                                          8            0

.xt.lit._ZN11ArduinoJson8V742PB226detail16JsonDeserializerINS1_13BoundedReaderIPcvEEE10parseArrayINS1_14AllowAllFilterEEENS0_20DeserializationError4CodeERNS1_9ArrayDataET_NS0_21DeserializationOption12NestingLimitE                                                                                                               0            0

.xt.lit._ZN11ArduinoJson8V742PB226detail11deserializeINS1_16JsonDeserializerERNS0_12JsonDocumentEcjJELi0EEENS0_20DeserializationErrorEOT0_PT1_T2_DpT3_                                                                                                                                                                              0            0

.xt.prop._ZNSt17_Function_handlerIFvP14AsyncWebSocketP20AsyncWebSocketClient12AwsEventTypePvPhjEPS7_E9_M_invokeERKSt9_Any_dataOS1_OS3_OS4_OS5_OS6_Oj                                                                                                                                                                               36            0

.xt.prop._ZNSt14_Function_base13_Base_managerIPFvP14AsyncWebSocketP20AsyncWebSocketClient12AwsEventTypePvPhjEE10_M_managerERSt9_Any_dataRKSB_St18_Manager_operation                                                                                                                                                                60            0

.xt.prop._ZN6String7replaceEPKcRKS_                                                                                                                                                                                                                                                                                                72            0

.xt.prop._ZN14AsyncWebSocketD2Ev                                                                                                                                                                                                                                                                                                   72            0

.xt.prop._ZN14AsyncWebSocketD0Ev                                                                                                                                                                                                                                                                                                   36            0

.xt.prop._ZNSt8functionIF6StringRKS0_EEC2ERKS4_                                                                                                                                                                                                                                                                                    60            0

.xt.prop._ZN21AsyncWebServerRequest4sendEiRK6StringS2_St8functionIFS0_S2_EE                                                                                                                                                                                                                                                        72            0

.xt.prop._ZNSt8functionIFvP14AsyncWebSocketP20AsyncWebSocketClient12AwsEventTypePvPhjEEaSERKS8_                                                                                                                                                                                                                                    72            0

.xt.prop._ZN11ArduinoJson8V742PB226detail15ResourceManager5clearEv                                                                                                                                                                                                                                                                 60            0

.xt.prop._ZN11ArduinoJson8V742PB226detail16JsonDeserializerINS1_13BoundedReaderIPcvEEE7currentEv                                                                                                                                                                                                                                   36            0

.xt.prop._ZN11ArduinoJson8V742PB226detail16JsonDeserializerINS1_13BoundedReaderIPcvEEE11skipKeywordEPKc                                                                                                                                                                                                                           108            0

.xt.prop._ZN11ArduinoJson8V742PB226detail16JsonDeserializerINS1_13BoundedReaderIPcvEEE17parseNumericValueERNS1_11VariantDataE                                                                                                                                                                                                     312            0

.xt.prop._ZN11ArduinoJson8V742PB226detail16JsonDeserializerINS1_13BoundedReaderIPcvEEE3eatEc                                                                                                                                                                                                                                       48            0

.xt.prop._ZN11ArduinoJson8V742PB226detail16JsonDeserializerINS1_13BoundedReaderIPcvEEE17parseQuotedStringEv                                                                                                                                                                                                                       240            0

.xt.prop._ZN11ArduinoJson8V742PB226detail16JsonDeserializerINS1_13BoundedReaderIPcvEEE22canBeInNonQuotedStringEc                                                                                                                                                                                                                   48            0

.xt.prop._ZN11ArduinoJson8V742PB226detail16JsonDeserializerINS1_13BoundedReaderIPcvEEE11parseObjectINS1_14AllowAllFilterEEENS0_20DeserializationError4CodeERNS1_10ObjectDataET_NS0_21DeserializationOption12NestingLimitE                                                                                                         252            0

.xt.prop._ZN11ArduinoJson8V742PB226detail16JsonDeserializerINS1_13BoundedReaderIPcvEEE12parseVariantINS1_14AllowAllFilterEEENS0_20DeserializationError4CodeERNS1_11VariantDataET_NS0_21DeserializationOption12NestingLimitE                                                                                                       192            0

.xt.prop._ZN11ArduinoJson8V742PB226detail16JsonDeserializerINS1_13BoundedReaderIPcvEEE10parseArrayINS1_14AllowAllFilterEEENS0_20DeserializationError4CodeERNS1_9ArrayDataET_NS0_21DeserializationOption12NestingLimitE                                                                                                            156            0

.xt.prop._ZN11ArduinoJson8V742PB226detail11deserializeINS1_16JsonDeserializerERNS0_12JsonDocumentEcjJELi0EEENS0_20DeserializationErrorEOT0_PT1_T2_DpT3_                                                                                                                                                                            72            0

.xt.prop._ZNSt17_Function_handlerIFvP11WiFiManagerEPS2_E9_M_invokeERKSt9_Any_dataOS1_                                                                                                                                                                                                                                              36            0

.xt.prop._ZNSt14_Function_base13_Base_managerIPFvP11WiFiManagerEE10_M_managerERSt9_Any_dataRKS6_St18_Manager_operation                                                                                                                                                                                                             60            0

.xt.lit._ZNSt15_Sp_counted_ptrIP22WiFiClientSocketHandleLN9__gnu_cxx12_Lock_policyE2EED0Ev                                                                                                                                                                                                                                          0            0

.xt.lit._ZNSt15_Sp_counted_ptrIP22WiFiClientSocketHandleLN9__gnu_cxx12_Lock_policyE2EE10_M_destroyEv                                                                                                                                                                                                                                0            0

.xt.lit._ZNSt15_Sp_counted_ptrIP18WiFiClientRxBufferLN9__gnu_cxx12_Lock_policyE2EED0Ev                                                                                                                                                                                                                                              0            0

.xt.lit._ZNSt15_Sp_counted_ptrIP18WiFiClientRxBufferLN9__gnu_cxx12_Lock_policyE2EE10_M_destroyEv                                                                                                                                                                                                                                    0            0

.xt.lit._ZNSt15_Sp_counted_ptrIP18WiFiClientRxBufferLN9__gnu_cxx12_Lock_policyE2EE10_M_disposeEv                                                                                                                                                                                                                                    0            0

.xt.lit._ZNSt15_Sp_counted_ptrIP22WiFiClientSocketHandleLN9__gnu_cxx12_Lock_policyE2EE10_M_disposeEv                                                                                                                                                                                                                                8            0

.xt.lit._ZN18WiFiClientRxBuffer11r_availableEv                                                                                                                                                                                                                                                                                      8            0

.xt.lit._ZN18WiFiClientRxBuffer10fillBufferEv                                                                                                                                                                                                                                                                                       8            0

.xt.lit._ZN18WiFiClientRxBuffer4readEPhj                                                                                                                                                                                                                                                                                            0            0

.xt.lit._ZNSt14__shared_countILN9__gnu_cxx12_Lock_policyE2EED2Ev                                                                                                                                                                                                                                                                    8            0

.xt.lit._ZNSt12__shared_ptrI22WiFiClientSocketHandleLN9__gnu_cxx12_Lock_policyE2EE5resetIS0_EENSt9enable_ifIXsrSt21__sp_is_constructibleIS0_T_E5valueEvE4typeEPS7_                                                                                                                                                                  8            0

.xt.lit._ZNSt12__shared_ptrI18WiFiClientRxBufferLN9__gnu_cxx12_Lock_policyE2EE5resetIS0_EENSt9enable_ifIXsrSt21__sp_is_constructibleIS0_T_E5valueEvE4typeEPS7_                                                                                                                                                                      8            0

.xt.prop._ZN5Print17availableForWriteEv                                                                                                                                                                                                                                                                                            36            0

.xt.prop._ZN6Stream9readBytesEPhj                                                                                                                                                                                                                                                                                                  36            0

.xt.prop._ZN10WiFiClientcvbEv                                                                                                                                                                                                                                                                                                      36            0

.xt.prop._ZNSt15_Sp_counted_ptrIP18WiFiClientRxBufferLN9__gnu_cxx12_Lock_policyE2EED2Ev                                                                                                                                                                                                                                            36            0

.xt.prop._ZNSt15_Sp_counted_ptrIP22WiFiClientSocketHandleLN9__gnu_cxx12_Lock_policyE2EED2Ev                                                                                                                                                                                                                                        36            0

.xt.prop._ZNSt15_Sp_counted_ptrIP18WiFiClientRxBufferLN9__gnu_cxx12_Lock_policyE2EE14_M_get_deleterERKSt9type_info                                                                                                                                                                                                                 36            0

.xt.prop._ZNSt15_Sp_counted_ptrIP22WiFiClientSocketHandleLN9__gnu_cxx12_Lock_policyE2EE14_M_get_deleterERKSt9type_info                                                                                                                                                                                                             36            0

.xt.prop._ZNSt15_Sp_counted_ptrIP22WiFiClientSocketHandleLN9__gnu_cxx12_Lock_policyE2EED0Ev                                                                                                                                                                                                                                        36            0

.xt.prop._ZNSt15_Sp_counted_ptrIP22WiFiClientSocketHandleLN9__gnu_cxx12_Lock_policyE2EE10_M_destroyEv                                                                                                                                                                                                                              36            0

.xt.prop._ZNSt15_Sp_counted_ptrIP18WiFiClientRxBufferLN9__gnu_cxx12_Lock_policyE2EED0Ev                                                                                                                                                                                                                                            36            0

.xt.prop._ZNSt15_Sp_counted_ptrIP18WiFiClientRxBufferLN9__gnu_cxx12_Lock_policyE2EE10_M_destroyEv                                                                                                                                                                                                                                  36            0

.xt.prop._ZNSt15_Sp_counted_ptrIP18WiFiClientRxBufferLN9__gnu_cxx12_Lock_policyE2EE10_M_disposeEv                                                                                                                                                                                                                                  48            0

.xt.prop._ZNSt15_Sp_counted_ptrIP22WiFiClientSocketHandleLN9__gnu_cxx12_Lock_policyE2EE10_M_disposeEv                                                                                                                                                                                                                              60            0

.xt.prop._ZN18WiFiClientRxBuffer11r_availableEv                                                                                                                                                                                                                                                                                    84            0

.xt.prop._ZN18WiFiClientRxBuffer10fillBufferEv                                                                                                                                                                                                                                                                                    144            0

.xt.prop._ZN18WiFiClientRxBuffer4readEPhj                                                                                                                                                                                                                                                                                         180            0

.xt.prop._ZNSt16_Sp_counted_baseILN9__gnu_cxx12_Lock_policyE2EE10_M_releaseEv                                                                                                                                                                                                                                                      60            0

.xt.prop._ZNSt14__shared_countILN9__gnu_cxx12_Lock_policyE2EED2Ev                                                                                                                                                                                                                                                                  48            0

.xt.prop._ZNSt12__shared_ptrI22WiFiClientSocketHandleLN9__gnu_cxx12_Lock_policyE2EE5resetIS0_EENSt9enable_ifIXsrSt21__sp_is_constructibleIS0_T_E5valueEvE4typeEPS7_                                                                                                                                                                96            0

.xt.prop._ZNSt12__shared_ptrI18WiFiClientRxBufferLN9__gnu_cxx12_Lock_policyE2EE5resetIS0_EENSt9enable_ifIXsrSt21__sp_is_constructibleIS0_T_E5valueEvE4typeEPS7_                                                                                                                                                                    96            0

.xt.prop._ZTV10WiFiClient                                                                                                                                                                                                                                                                                                          12            0

.xt.prop._ZTVSt15_Sp_counted_ptrIP22WiFiClientSocketHandleLN9__gnu_cxx12_Lock_policyE2EE                                                                                                                                                                                                                                           12            0

.xt.prop._ZTVSt15_Sp_counted_ptrIP18WiFiClientRxBufferLN9__gnu_cxx12_Lock_policyE2EE                                                                                                                                                                                                                                               12            0

.xt.lit._ZN15WiFiEventCbListC2Ev                                                                                                                                                                                                                                                                                                    8            0

.xt.lit._ZNSt8functionIFv18arduino_event_id_t20arduino_event_info_tEEC2ERKS3_                                                                                                                                                                                                                                                       0            0

.xt.lit._ZN15WiFiEventCbListC2ERKS_                                                                                                                                                                                                                                                                                                 0            0

.xt.lit._ZNSt8functionIFv18arduino_event_id_t20arduino_event_info_tEE4swapERS3_                                                                                                                                                                                                                                                     0            0

.xt.lit._ZSt34__uninitialized_move_if_noexcept_aIP15WiFiEventCbListS1_SaIS0_EET0_T_S4_S3_RT1_$isra$30                                                                                                                                                                                                                               0            0

.xt.lit._ZNSt6vectorI15WiFiEventCbListSaIS0_EE17_M_realloc_insertIJRKS0_EEEvN9__gnu_cxx17__normal_iteratorIPS0_S2_EEDpOT_                                                                                                                                                                                                           8            0

.xt.lit._ZNSt6vectorI15WiFiEventCbListSaIS0_EE9push_backERKS0_                                                                                                                                                                                                                                                                      0            0

.xt.lit._ZNSt6vectorI15WiFiEventCbListSaIS0_EE8_M_eraseEN9__gnu_cxx17__normal_iteratorIPS0_S2_EE                                                                                                                                                                                                                                    0            0

.xt.prop._ZN15WiFiEventCbListC2Ev                                                                                                                                                                                                                                                                                                  48            0

.xt.prop._ZNSt8functionIFv18arduino_event_id_t20arduino_event_info_tEEC2ERKS3_                                                                                                                                                                                                                                                     60            0

.xt.prop._ZN15WiFiEventCbListC2ERKS_                                                                                                                                                                                                                                                                                               36            0

.xt.prop._ZNSt8functionIFv18arduino_event_id_t20arduino_event_info_tEE4swapERS3_                                                                                                                                                                                                                                                   60            0

.xt.prop._ZSt34__uninitialized_move_if_noexcept_aIP15WiFiEventCbListS1_SaIS0_EET0_T_S4_S3_RT1_$isra$30                                                                                                                                                                                                                             60            0

.xt.prop._ZNSt6vectorI15WiFiEventCbListSaIS0_EE17_M_realloc_insertIJRKS0_EEEvN9__gnu_cxx17__normal_iteratorIPS0_S2_EEDpOT_                                                                                                                                                                                                        168            0

.xt.prop._ZNSt6vectorI15WiFiEventCbListSaIS0_EE9push_backERKS0_                                                                                                                                                                                                                                                                    60            0

.xt.prop._ZNSt6vectorI15WiFiEventCbListSaIS0_EE8_M_eraseEN9__gnu_cxx17__normal_iteratorIPS0_S2_EE                                                                                                                                                                                                                                  84            0

.xt.lit._ZNKSt8functionIFvjjEEclEjj                                                                                                                                                                                                                                                                                                 8            0

.xt.prop._ZNKSt8functionIFvjjEEclEjj                                                                                                                                                                                                                                                                                               60            0

.xt.lit._ZN2fs4FileC2ESt10shared_ptrINS_8FileImplEE                                                                                                                                                                                                                                                                                 0            0

.xt.lit._ZN2fs4File9readBytesEPcj                                                                                                                                                                                                                                                                                                   0            0

.xt.prop._ZN2fs4FileC2ESt10shared_ptrINS_8FileImplEE                                                                                                                                                                                                                                                                               60            0

.xt.prop._ZN2fs4File9readBytesEPcj                                                                                                                                                                                                                                                                                                 36            0

.xt.prop._ZTVN2fs4FileE                                                                                                                                                                                                                                                                                                            12            0

.xt.lit._ZN3UriD2Ev                                                                                                                                                                                                                                                                                                                 8            0

.xt.lit._ZN3UriD0Ev                                                                                                                                                                                                                                                                                                                 0            0

.xt.lit._ZNK3Uri5cloneEv                                                                                                                                                                                                                                                                                                            0            0

.xt.lit._ZN3Uri9canHandleERK6StringRSt6vectorIS0_SaIS0_EE                                                                                                                                                                                                                                                                           0            0

.xt.lit._ZNSt14_Function_base13_Base_managerISt5_BindIFM11WiFiManagerFvvEPS2_EEE10_M_managerERSt9_Any_dataRKS9_St18_Manager_operation                                                                                                                                                                                               0            0

.xt.lit._ZNSt14_Function_base13_Base_managerISt5_BindIFM11WiFiManagerFvbEPS2_bEEE10_M_managerERSt9_Any_dataRKS9_St18_Manager_operation                                                                                                                                                                                              0            0

.xt.lit._ZNSt14_Function_base13_Base_managerISt5_BindIFM11WiFiManagerFv18arduino_event_id_t20arduino_event_info_tEPS2_St12_PlaceholderILi1EES8_ILi2EEEEE10_M_managerERSt9_Any_dataRKSE_St18_Manager_operation                                                                                                                       0            0

.xt.lit._ZNSt17_Function_handlerIFv18arduino_event_id_t20arduino_event_info_tESt5_BindIFM11WiFiManagerFvS0_S1_EPS4_St12_PlaceholderILi1EES8_ILi2EEEEE9_M_invokeERKSt9_Any_dataOS0_OS1_                                                                                                                                              0            0

.xt.lit._ZN6StringaSEPK19__FlashStringHelper                                                                                                                                                                                                                                                                                        0            0

.xt.lit._ZNK6StringcvMS_KFvvEEv                                                                                                                                                                                                                                                                                                     8            0

.xt.lit._ZN6String7replaceEPK19__FlashStringHelperPKc                                                                                                                                                                                                                                                                               0            0

.xt.lit._ZN5Print5printEPK19__FlashStringHelper                                                                                                                                                                                                                                                                                     0            0

.xt.lit._ZN3UriC2EPKc                                                                                                                                                                                                                                                                                                               0            0

.xt.lit._ZN11WiFiManager8DEBUG_WMIPK19__FlashStringHelperjEEv15wm_debuglevel_tT_T0_                                                                                                                                                                                                                                                 8            0

.xt.lit._ZN11WiFiManager8DEBUG_WMIPK19__FlashStringHelperiEEv15wm_debuglevel_tT_T0_                                                                                                                                                                                                                                                 0            0

.xt.lit._ZN11WiFiManager8DEBUG_WMIPK19__FlashStringHelperPKcEEv15wm_debuglevel_tT_T0_                                                                                                                                                                                                                                               0            0

.xt.lit._ZN11WiFiManager8DEBUG_WMIPK19__FlashStringHelperEEv15wm_debuglevel_tT_                                                                                                                                                                                                                                                     0            0

.xt.lit._ZNSt10unique_ptrI9DNSServerSt14default_deleteIS0_EED2Ev                                                                                                                                                                                                                                                                    8            0

.xt.lit._ZNSt10unique_ptrI9WebServerSt14default_deleteIS0_EED2Ev                                                                                                                                                                                                                                                                    8            0

.xt.lit._ZN11WiFiManager8DEBUG_WMIPK19__FlashStringHelperEEvT_                                                                                                                                                                                                                                                                      0            0

.xt.lit._ZN11WiFiManager8DEBUG_WMIPK19__FlashStringHelper15StringSumHelperEEv15wm_debuglevel_tT_T0_                                                                                                                                                                                                                                 0            0

.xt.lit._ZN11WiFiManager8DEBUG_WMIPK19__FlashStringHelper6StringEEv15wm_debuglevel_tT_T0_                                                                                                                                                                                                                                           0            0

.xt.lit._ZN11WiFiManager8DEBUG_WMIPK19__FlashStringHelper15StringSumHelperEEvT_T0_                                                                                                                                                                                                                                                  0            0

.xt.lit._ZN11WiFiManager8DEBUG_WMIPK19__FlashStringHelper6StringEEvT_T0_                                                                                                                                                                                                                                                            0            0

.xt.lit._ZN11WiFiManager8DEBUG_WMIPK19__FlashStringHelpertEEv15wm_debuglevel_tT_T0_                                                                                                                                                                                                                                                 0            0

.xt.lit._ZNKSt8functionIFvvEEclEv                                                                                                                                                                                                                                                                                                   0            0

.xt.lit._ZNSt8functionIFvvEEC2ISt5_BindIFM11WiFiManagerFvvEPS4_EEvvEET_                                                                                                                                                                                                                                                             8            0

.xt.lit._ZNSt8functionIFvvEEC2ISt5_BindIFM11WiFiManagerFvbEPS4_bEEvvEET_                                                                                                                                                                                                                                                            8            0

.xt.lit._ZN11WiFiManager8DEBUG_WMIPK19__FlashStringHelper9IPAddressEEv15wm_debuglevel_tT_T0_                                                                                                                                                                                                                                        8            0

.xt.lit._ZN11WiFiManager8DEBUG_WMImPK19__FlashStringHelperEEv15wm_debuglevel_tT_T0_                                                                                                                                                                                                                                                 0            0

.xt.lit._ZN11WiFiManager8DEBUG_WMIjPK19__FlashStringHelperEEv15wm_debuglevel_tT_T0_                                                                                                                                                                                                                                                 0            0

.xt.lit._ZN11WiFiManager8DEBUG_WMI15StringSumHelper6StringEEv15wm_debuglevel_tT_T0_                                                                                                                                                                                                                                                 0            0

.xt.lit._ZN11WiFiManager8DEBUG_WMIPKc6StringEEv15wm_debuglevel_tT_T0_                                                                                                                                                                                                                                                               0            0

.xt.lit._ZN11WiFiManager8DEBUG_WMIPK19__FlashStringHelperhEEv15wm_debuglevel_tT_T0_                                                                                                                                                                                                                                                 0            0

.xt.lit._ZN11WiFiManager8DEBUG_WMIPKcS2_EEv15wm_debuglevel_tT_T0_                                                                                                                                                                                                                                                                   0            0

.xt.lit._ZN11WiFiManager8DEBUG_WMIPKcEEv15wm_debuglevel_tT_                                                                                                                                                                                                                                                                         0            0

.xt.lit._ZNSt12_Vector_baseIPKcSaIS1_EED2Ev                                                                                                                                                                                                                                                                                         0            0

.xt.lit._ZNSt6vectorIPKcSaIS1_EEC2ESt16initializer_listIS1_ERKS2_                                                                                                                                                                                                                                                                   8            0

.xt.lit._ZNSt12_Vector_baseIhSaIhEED2Ev                                                                                                                                                                                                                                                                                             0            0

.xt.lit._ZN11WiFiManager8DEBUG_WMI9IPAddressPKcEEv15wm_debuglevel_tT_T0_                                                                                                                                                                                                                                                            0            0

.xt.lit._ZN11WiFiManager8DEBUG_WMIiPK19__FlashStringHelperEEv15wm_debuglevel_tT_T0_                                                                                                                                                                                                                                                 0            0

.xt.lit._ZN11WiFiManager8DEBUG_WMI6StringPKcEEv15wm_debuglevel_tT_T0_                                                                                                                                                                                                                                                               0            0

.xt.lit._ZN11WiFiManager8DEBUG_WMI6StringEEv15wm_debuglevel_tT_                                                                                                                                                                                                                                                                     0            0

.xt.lit._ZN11WiFiManager8DEBUG_WMI15StringSumHelperPKcEEv15wm_debuglevel_tT_T0_                                                                                                                                                                                                                                                     0            0

.xt.lit._ZN11WiFiManager8DEBUG_WMI15StringSumHelperEEv15wm_debuglevel_tT_                                                                                                                                                                                                                                                           0            0

.xt.lit._ZNSt6vectorIhSaIhEE12emplace_backIJhEEEvDpOT_                                                                                                                                                                                                                                                                              8            0

.xt.lit._ZN11WiFiManager8DEBUG_WMIPK19__FlashStringHelperPcEEv15wm_debuglevel_tT_T0_                                                                                                                                                                                                                                                0            0

.xt.lit._ZN11WiFiManager8DEBUG_WMIPK19__FlashStringHelper16wifi_auth_mode_tEEv15wm_debuglevel_tT_T0_                                                                                                                                                                                                                                0            0

.xt.lit._ZNSt8functionIFvvEEaSERKS1_                                                                                                                                                                                                                                                                                                0            0

.xt.prop._ZNK6String14StringIfHelperEv                                                                                                                                                                                                                                                                                             36            0

.xt.prop._ZN3Uri12initPathArgsERSt6vectorI6StringSaIS1_EE                                                                                                                                                                                                                                                                          36            0

.xt.prop._ZN3UriD2Ev                                                                                                                                                                                                                                                                                                               48            0

.xt.prop._ZN3UriD0Ev                                                                                                                                                                                                                                                                                                               36            0

.xt.prop._ZNK3Uri5cloneEv                                                                                                                                                                                                                                                                                                          96            0

.xt.prop._ZN3Uri9canHandleERK6StringRSt6vectorIS0_SaIS0_EE                                                                                                                                                                                                                                                                         36            0

.xt.prop._ZNSt14_Function_base13_Base_managerISt5_BindIFM11WiFiManagerFvvEPS2_EEE10_M_managerERSt9_Any_dataRKS9_St18_Manager_operation                                                                                                                                                                                             96            0

.xt.prop._ZNSt14_Function_base13_Base_managerISt5_BindIFM11WiFiManagerFvbEPS2_bEEE10_M_managerERSt9_Any_dataRKS9_St18_Manager_operation                                                                                                                                                                                            96            0

.xt.prop._ZNSt14_Function_base13_Base_managerISt5_BindIFM11WiFiManagerFv18arduino_event_id_t20arduino_event_info_tEPS2_St12_PlaceholderILi1EES8_ILi2EEEEE10_M_managerERSt9_Any_dataRKSE_St18_Manager_operation                                                                                                                     96            0

.xt.prop._ZNSt17_Function_handlerIFvvESt5_BindIFM11WiFiManagerFvvEPS2_EEE9_M_invokeERKSt9_Any_data                                                                                                                                                                                                                                 48            0

.xt.prop._ZNSt17_Function_handlerIFvvESt5_BindIFM11WiFiManagerFvbEPS2_bEEE9_M_invokeERKSt9_Any_data                                                                                                                                                                                                                                48            0

.xt.prop._ZNSt17_Function_handlerIFv18arduino_event_id_t20arduino_event_info_tESt5_BindIFM11WiFiManagerFvS0_S1_EPS4_St12_PlaceholderILi1EES8_ILi2EEEEE9_M_invokeERKSt9_Any_dataOS0_OS1_                                                                                                                                            48            0

.xt.prop._ZN6StringaSEPK19__FlashStringHelper                                                                                                                                                                                                                                                                                      36            0

.xt.prop._ZNK6StringcvMS_KFvvEEv                                                                                                                                                                                                                                                                                                   72            0

.xt.prop._ZN6String7replaceEPK19__FlashStringHelperPKc                                                                                                                                                                                                                                                                             72            0

.xt.prop._ZN5Print5printEPK19__FlashStringHelper                                                                                                                                                                                                                                                                                   36            0

.xt.prop._ZN3UriC2EPKc                                                                                                                                                                                                                                                                                                             48            0

.xt.prop._ZN11WiFiManager8DEBUG_WMIPK19__FlashStringHelperjEEv15wm_debuglevel_tT_T0_                                                                                                                                                                                                                                              120            0

.xt.prop._ZN11WiFiManager8DEBUG_WMIPK19__FlashStringHelperiEEv15wm_debuglevel_tT_T0_                                                                                                                                                                                                                                              120            0

.xt.prop._ZN11WiFiManager8DEBUG_WMIPK19__FlashStringHelperPKcEEv15wm_debuglevel_tT_T0_                                                                                                                                                                                                                                            120            0

.xt.prop._ZN11WiFiManager8DEBUG_WMIPK19__FlashStringHelperEEv15wm_debuglevel_tT_                                                                                                                                                                                                                                                   60            0

.xt.prop._ZNSt10unique_ptrI9DNSServerSt14default_deleteIS0_EED2Ev                                                                                                                                                                                                                                                                  48            0

.xt.prop._ZNSt10unique_ptrI9WebServerSt14default_deleteIS0_EED2Ev                                                                                                                                                                                                                                                                  48            0

.xt.prop._ZN11WiFiManager8DEBUG_WMIPK19__FlashStringHelperEEvT_                                                                                                                                                                                                                                                                    48            0

.xt.prop._ZN11WiFiManager8DEBUG_WMIPK19__FlashStringHelper15StringSumHelperEEv15wm_debuglevel_tT_T0_                                                                                                                                                                                                                              120            0

.xt.prop._ZN11WiFiManager8DEBUG_WMIPK19__FlashStringHelper6StringEEv15wm_debuglevel_tT_T0_                                                                                                                                                                                                                                        120            0

.xt.prop._ZN11WiFiManager8DEBUG_WMIPK19__FlashStringHelper15StringSumHelperEEvT_T0_                                                                                                                                                                                                                                                72            0

.xt.prop._ZN11WiFiManager8DEBUG_WMIPK19__FlashStringHelper6StringEEvT_T0_                                                                                                                                                                                                                                                          72            0

.xt.prop._ZN11WiFiManager8DEBUG_WMIPK19__FlashStringHelpertEEv15wm_debuglevel_tT_T0_                                                                                                                                                                                                                                              120            0

.xt.prop._ZNKSt8functionIFvvEEclEv                                                                                                                                                                                                                                                                                                 48            0

.xt.prop._ZNSt8functionIFvvEEC2ISt5_BindIFM11WiFiManagerFvvEPS4_EEvvEET_                                                                                                                                                                                                                                                           72            0

.xt.prop._ZNSt8functionIFvvEEC2ISt5_BindIFM11WiFiManagerFvbEPS4_bEEvvEET_                                                                                                                                                                                                                                                          72            0

.xt.prop._ZN11WiFiManager8DEBUG_WMIPK19__FlashStringHelper9IPAddressEEv15wm_debuglevel_tT_T0_                                                                                                                                                                                                                                     132            0

.xt.prop._ZN11WiFiManager8DEBUG_WMImPK19__FlashStringHelperEEv15wm_debuglevel_tT_T0_                                                                                                                                                                                                                                              120            0

.xt.prop._ZN11WiFiManager8DEBUG_WMIjPK19__FlashStringHelperEEv15wm_debuglevel_tT_T0_                                                                                                                                                                                                                                              120            0

.xt.prop._ZN11WiFiManager8DEBUG_WMI15StringSumHelper6StringEEv15wm_debuglevel_tT_T0_                                                                                                                                                                                                                                              120            0

.xt.prop._ZN11WiFiManager8DEBUG_WMIPKc6StringEEv15wm_debuglevel_tT_T0_                                                                                                                                                                                                                                                            120            0

.xt.prop._ZN11WiFiManager8DEBUG_WMIPK19__FlashStringHelperhEEv15wm_debuglevel_tT_T0_                                                                                                                                                                                                                                              120            0

.xt.prop._ZN11WiFiManager8DEBUG_WMIPKcS2_EEv15wm_debuglevel_tT_T0_                                                                                                                                                                                                                                                                120            0

.xt.prop._ZN11WiFiManager8DEBUG_WMIPKcEEv15wm_debuglevel_tT_                                                                                                                                                                                                                                                                       60            0

.xt.prop._ZNSt12_Vector_baseIPKcSaIS1_EED2Ev                                                                                                                                                                                                                                                                                       36            0

.xt.prop._ZNSt6vectorIPKcSaIS1_EEC2ESt16initializer_listIS1_ERKS2_                                                                                                                                                                                                                                                                 84            0

.xt.prop._ZNSt12_Vector_baseIhSaIhEED2Ev                                                                                                                                                                                                                                                                                           36            0

.xt.prop._ZN11WiFiManager8DEBUG_WMI9IPAddressPKcEEv15wm_debuglevel_tT_T0_                                                                                                                                                                                                                                                         120            0

.xt.prop._ZN11WiFiManager8DEBUG_WMIiPK19__FlashStringHelperEEv15wm_debuglevel_tT_T0_                                                                                                                                                                                                                                              120            0

.xt.prop._ZN11WiFiManager8DEBUG_WMI6StringPKcEEv15wm_debuglevel_tT_T0_                                                                                                                                                                                                                                                            120            0

.xt.prop._ZN11WiFiManager8DEBUG_WMI6StringEEv15wm_debuglevel_tT_                                                                                                                                                                                                                                                                   84            0

.xt.prop._ZN11WiFiManager8DEBUG_WMI15StringSumHelperPKcEEv15wm_debuglevel_tT_T0_                                                                                                                                                                                                                                                  120            0

.xt.prop._ZN11WiFiManager8DEBUG_WMI15StringSumHelperEEv15wm_debuglevel_tT_                                                                                                                                                                                                                                                         72            0

.xt.prop._ZNSt6vectorIhSaIhEE12emplace_backIJhEEEvDpOT_                                                                                                                                                                                                                                                                           108            0

.xt.prop._ZN11WiFiManager8DEBUG_WMIPK19__FlashStringHelperPcEEv15wm_debuglevel_tT_T0_                                                                                                                                                                                                                                             120            0

.xt.prop._ZN11WiFiManager8DEBUG_WMIPK19__FlashStringHelper16wifi_auth_mode_tEEv15wm_debuglevel_tT_T0_                                                                                                                                                                                                                             120            0

.xt.prop._ZNSt8functionIFvvEEaSERKS1_                                                                                                                                                                                                                                                                                              72            0

.xt.prop._ZTV3Uri                                                                                                                                                                                                                                                                                                                  12            0

.xt.lit._ZNSt23_Sp_counted_ptr_inplaceISt6vectorIhSaIhEESaIS2_ELN9__gnu_cxx12_Lock_policyE2EE14_M_get_deleterERKSt9type_info                                                                                                                                                                                                        8            0

.xt.lit._ZNSt23_Sp_counted_ptr_inplaceISt6vectorIhSaIhEESaIS2_ELN9__gnu_cxx12_Lock_policyE2EED0Ev                                                                                                                                                                                                                                   0            0

.xt.lit._ZNSt23_Sp_counted_ptr_inplaceISt6vectorIhSaIhEESaIS2_ELN9__gnu_cxx12_Lock_policyE2EE10_M_disposeEv                                                                                                                                                                                                                         0            0

.xt.lit._ZNSt23_Sp_counted_ptr_inplaceISt6vectorIhSaIhEESaIS2_ELN9__gnu_cxx12_Lock_policyE2EE10_M_destroyEv                                                                                                                                                                                                                         0            0

.xt.lit._ZNSt5mutex4lockEv                                                                                                                                                                                                                                                                                                          8            0

.xt.lit._ZN22AsyncWebServerResponseD2Ev                                                                                                                                                                                                                                                                                             8            0

.xt.lit._ZN22AsyncWebSocketResponseD2Ev                                                                                                                                                                                                                                                                                             8            0

.xt.lit._ZN22AsyncWebSocketResponseD0Ev                                                                                                                                                                                                                                                                                             0            0

.xt.lit._ZN22AsyncWebServerResponseD0Ev                                                                                                                                                                                                                                                                                             0            0

.xt.lit._ZN22AsyncWebServerResponse9addHeaderERK6StringS2_b                                                                                                                                                                                                                                                                         0            0

.xt.lit._ZN21AsyncWebSocketControlC2EhPKhjb                                                                                                                                                                                                                                                                                         0            0

.xt.lit._ZN21AsyncWebSocketControlD2Ev                                                                                                                                                                                                                                                                                              0            0

.xt.lit._ZNSt10lock_guardISt5mutexED2Ev                                                                                                                                                                                                                                                                                             8            0

.xt.lit._ZNSt5dequeI21AsyncWebSocketControlSaIS0_EE9pop_frontEv                                                                                                                                                                                                                                                                     0            0

.xt.lit._ZNSt11unique_lockISt5mutexE6unlockEv                                                                                                                                                                                                                                                                                       0            0

.xt.lit._ZNSt5dequeI21AsyncWebSocketMessageSaIS0_EE12emplace_backIJRSt10shared_ptrISt6vectorIhSaIhEEERhRbEEEvDpOT_                                                                                                                                                                                                                  0            0

.xt.lit._ZNSt11_Deque_baseI21AsyncWebSocketControlSaIS0_EED2Ev                                                                                                                                                                                                                                                                      0            0

.xt.lit._ZNSt11_Deque_baseI21AsyncWebSocketMessageSaIS0_EED2Ev                                                                                                                                                                                                                                                                      0            0

.xt.lit._ZStmiI21AsyncWebSocketMessageRS0_PS0_ENSt15_Deque_iteratorIT_T0_T1_E15difference_typeERKS7_SA_                                                                                                                                                                                                                             8            0

.xt.lit._ZNSt14__shared_countILN9__gnu_cxx12_Lock_policyE2EEC2ISt6vectorIhSaIhEESaIS6_EJRjEEERPT_St20_Sp_alloc_shared_tagIT0_EDpOT1_                                                                                                                                                                                                8            0

.xt.lit._ZNSt12_Destroy_auxILb0EE9__destroyIP21AsyncWebSocketControlEEvT_S4_                                                                                                                                                                                                                                                        0            0

.xt.lit._ZNSt5dequeI21AsyncWebSocketControlSaIS0_EED2Ev                                                                                                                                                                                                                                                                             0            0

.xt.lit._ZNSt12_Destroy_auxILb0EE9__destroyIP21AsyncWebSocketMessageEEvT_S4_                                                                                                                                                                                                                                                        0            0

.xt.lit._ZNSt5dequeI21AsyncWebSocketMessageSaIS0_EED2Ev                                                                                                                                                                                                                                                                             0            0

.xt.prop._ZNK22AsyncWebSocketResponse12_sourceValidEv                                                                                                                                                                                                                                                                              36            0

.xt.prop._ZNSt23_Sp_counted_ptr_inplaceISt6vectorIhSaIhEESaIS2_ELN9__gnu_cxx12_Lock_policyE2EED2Ev                                                                                                                                                                                                                                 36            0

.xt.prop._ZNSt23_Sp_counted_ptr_inplaceISt6vectorIhSaIhEESaIS2_ELN9__gnu_cxx12_Lock_policyE2EE14_M_get_deleterERKSt9type_info                                                                                                                                                                                                      48            0

.xt.prop._ZNSt23_Sp_counted_ptr_inplaceISt6vectorIhSaIhEESaIS2_ELN9__gnu_cxx12_Lock_policyE2EED0Ev                                                                                                                                                                                                                                 36            0

.xt.prop._ZNSt23_Sp_counted_ptr_inplaceISt6vectorIhSaIhEESaIS2_ELN9__gnu_cxx12_Lock_policyE2EE10_M_disposeEv                                                                                                                                                                                                                       36            0

.xt.prop._ZNSt23_Sp_counted_ptr_inplaceISt6vectorIhSaIhEESaIS2_ELN9__gnu_cxx12_Lock_policyE2EE10_M_destroyEv                                                                                                                                                                                                                       36            0

.xt.prop._ZNSt5mutex4lockEv                                                                                                                                                                                                                                                                                                        60            0

.xt.prop._ZN22AsyncWebServerResponseD2Ev                                                                                                                                                                                                                                                                                           72            0

.xt.prop._ZN22AsyncWebSocketResponseD2Ev                                                                                                                                                                                                                                                                                           48            0

.xt.prop._ZN22AsyncWebSocketResponseD0Ev                                                                                                                                                                                                                                                                                           36            0

.xt.prop._ZN22AsyncWebServerResponseD0Ev                                                                                                                                                                                                                                                                                           36            0

.xt.prop._ZN22AsyncWebServerResponse9addHeaderERK6StringS2_b                                                                                                                                                                                                                                                                       36            0

.xt.prop._ZNSt12__shared_ptrISt6vectorIhSaIhEELN9__gnu_cxx12_Lock_policyE2EEC2ERKS5_                                                                                                                                                                                                                                               48            0

.xt.prop._ZN21AsyncWebSocketControlC2EhPKhjb                                                                                                                                                                                                                                                                                       96            0

.xt.prop._ZN21AsyncWebSocketControlD2Ev                                                                                                                                                                                                                                                                                            36            0

.xt.prop._ZNSt10lock_guardISt5mutexED2Ev                                                                                                                                                                                                                                                                                           48            0

.xt.prop._ZNSt5dequeI21AsyncWebSocketMessageSaIS0_EE5frontEv                                                                                                                                                                                                                                                                       36            0

.xt.prop._ZNSt5dequeI21AsyncWebSocketControlSaIS0_EE9pop_frontEv                                                                                                                                                                                                                                                                   60            0

.xt.prop._ZNSt11unique_lockISt5mutexE6unlockEv                                                                                                                                                                                                                                                                                     60            0

.xt.prop._ZNSt5dequeI21AsyncWebSocketMessageSaIS0_EE12emplace_backIJRSt10shared_ptrISt6vectorIhSaIhEEERhRbEEEvDpOT_                                                                                                                                                                                                               156            0

.xt.prop._ZNSt11_Deque_baseI21AsyncWebSocketControlSaIS0_EED2Ev                                                                                                                                                                                                                                                                    60            0

.xt.prop._ZNSt11_Deque_baseI21AsyncWebSocketMessageSaIS0_EED2Ev                                                                                                                                                                                                                                                                    60            0

.xt.prop._ZStmiI21AsyncWebSocketMessageRS0_PS0_ENSt15_Deque_iteratorIT_T0_T1_E15difference_typeERKS7_SA_                                                                                                                                                                                                                           48            0

.xt.prop._ZNSt14__shared_countILN9__gnu_cxx12_Lock_policyE2EEC2ISt6vectorIhSaIhEESaIS6_EJRjEEERPT_St20_Sp_alloc_shared_tagIT0_EDpOT1_                                                                                                                                                                                              84            0

.xt.prop._ZNSt12_Destroy_auxILb0EE9__destroyIP21AsyncWebSocketControlEEvT_S4_                                                                                                                                                                                                                                                      60            0

.xt.prop._ZNSt5dequeI21AsyncWebSocketControlSaIS0_EED2Ev                                                                                                                                                                                                                                                                           36            0

.xt.prop._ZNSt12_Destroy_auxILb0EE9__destroyIP21AsyncWebSocketMessageEEvT_S4_                                                                                                                                                                                                                                                      60            0

.xt.prop._ZNSt5dequeI21AsyncWebSocketMessageSaIS0_EED2Ev                                                                                                                                                                                                                                                                           36            0

.xt.prop._ZTV14AsyncWebSocket                                                                                                                                                                                                                                                                                                      12            0

.xt.prop._ZTV22AsyncWebSocketResponse                                                                                                                                                                                                                                                                                              12            0

.xt.prop._ZTVSt23_Sp_counted_ptr_inplaceISt6vectorIhSaIhEESaIS2_ELN9__gnu_cxx12_Lock_policyE2EE                                                                                                                                                                                                                                    12            0

.xt.prop._ZZNSt19_Sp_make_shared_tag5_S_tiEvE5__tag                                                                                                                                                                                                                                                                                12            0

.xt.lit._ZNSt8functionIFvvEEC2ERKS1_                                                                                                                                                                                                                                                                                                0            0

.xt.prop._ZNSt8functionIFvvEEC2ERKS1_                                                                                                                                                                                                                                                                                              60            0

.xt.lit._ZNSt23_Sp_counted_ptr_inplaceINSt8__detail4_NFAINSt7__cxx1112regex_traitsIcEEEESaIS5_ELN9__gnu_cxx12_Lock_policyE2EE14_M_get_deleterERKSt9type_info                                                                                                                                                                        0            0

.xt.lit._ZNSt23_Sp_counted_ptr_inplaceINSt8__detail4_NFAINSt7__cxx1112regex_traitsIcEEEESaIS5_ELN9__gnu_cxx12_Lock_policyE2EED0Ev                                                                                                                                                                                                   0            0

.xt.lit._ZNSt23_Sp_counted_ptr_inplaceINSt8__detail4_NFAINSt7__cxx1112regex_traitsIcEEEESaIS5_ELN9__gnu_cxx12_Lock_policyE2EE10_M_destroyEv                                                                                                                                                                                         0            0

.xt.lit._ZNSt17_Function_handlerIFbcENSt8__detail11_AnyMatcherINSt7__cxx1112regex_traitsIcEELb0ELb0ELb0EEEE9_M_invokeERKSt9_Any_dataOc                                                                                                                                                                                              8            0

.xt.lit._ZNSt17_Function_handlerIFbcENSt8__detail11_AnyMatcherINSt7__cxx1112regex_traitsIcEELb0ELb0ELb1EEEE9_M_invokeERKSt9_Any_dataOc                                                                                                                                                                                              8            0

.xt.lit._ZNK6String10startsWithEPKc                                                                                                                                                                                                                                                                                                 0            0

.xt.lit._ZNK6String8endsWithEPKc                                                                                                                                                                                                                                                                                                    0            0

.xt.lit._ZN23AsyncCallbackWebHandlerD2Ev                                                                                                                                                                                                                                                                                            0            0

.xt.lit._ZN23AsyncCallbackWebHandlerD0Ev                                                                                                                                                                                                                                                                                            0            0

.xt.lit._ZSt19__throw_regex_errorNSt15regex_constants10error_typeEPKc                                                                                                                                                                                                                                                               8            0

.xt.lit._ZNSt8__detail8_ScannerIcE18_M_eat_escape_ecmaEv                                                                                                                                                                                                                                                                            8            0

.xt.lit._ZNSt8__detail12_ScannerBaseC2ENSt15regex_constants18syntax_option_typeE                                                                                                                                                                                                                                                    8            0

.xt.lit._ZNSt12_Vector_baseINSt7__cxx119sub_matchIN9__gnu_cxx17__normal_iteratorIPKcNS0_12basic_stringIcSt11char_traitsIcESaIcEEEEEEESaISC_EED2Ev                                                                                                                                                                                   0            0

.xt.lit._ZNSt8__detail9_ExecutorIN9__gnu_cxx17__normal_iteratorIPKcNSt7__cxx1112basic_stringIcSt11char_traitsIcESaIcEEEEESaINS5_9sub_matchISB_EEENS5_12regex_traitsIcEELb1EED2Ev                                                                                                                                                    0            0

.xt.lit._ZNSt6vectorISt4pairIN9__gnu_cxx17__normal_iteratorIPKcNSt7__cxx1112basic_stringIcSt11char_traitsIcESaIcEEEEEiESaISC_EEC2EjRKSD_                                                                                                                                                                                            0            0

.xt.lit._ZNSt8__detail9_ExecutorIN9__gnu_cxx17__normal_iteratorIPKcNSt7__cxx1112basic_stringIcSt11char_traitsIcESaIcEEEEESaINS5_9sub_matchISB_EEENS5_12regex_traitsIcEELb1EEC2ESB_SB_RSt6vectorISD_SE_ERKNS5_11basic_regexIcSG_EENSt15regex_constants15match_flag_typeE                                                             0            0

.xt.lit._ZNSt8__detail9_CompilerINSt7__cxx1112regex_traitsIcEEE6_M_popEv                                                                                                                                                                                                                                                            0            0

.xt.lit._ZNSt11_Deque_baseINSt8__detail9_StateSeqINSt7__cxx1112regex_traitsIcEEEESaIS5_EED2Ev                                                                                                                                                                                                                                       0            0

.xt.lit._ZNSt5dequeINSt8__detail9_StateSeqINSt7__cxx1112regex_traitsIcEEEESaIS5_EED2Ev                                                                                                                                                                                                                                              0            0

.xt.lit._ZNSt6vectorINSt7__cxx119sub_matchIN9__gnu_cxx17__normal_iteratorIPKcNS0_12basic_stringIcSt11char_traitsIcESaIcEEEEEEESaISC_EE17_M_default_appendEj                                                                                                                                                                         8            0

.xt.lit._ZNSt6vectorINSt7__cxx119sub_matchIN9__gnu_cxx17__normal_iteratorIPKcNS0_12basic_stringIcSt11char_traitsIcESaIcEEEEEEESaISC_EE6resizeEj                                                                                                                                                                                     0            0

.xt.lit._ZNSt8__detail6_StateIcED2Ev                                                                                                                                                                                                                                                                                                0            0

.xt.lit._ZNSt12_Destroy_auxILb0EE9__destroyIPSt4pairIlSt6vectorINSt7__cxx119sub_matchIN9__gnu_cxx17__normal_iteratorIPKcNS4_12basic_stringIcSt11char_traitsIcESaIcEEEEEEESaISG_EEEEEvT_SL_                                                                                                                                          0            0

.xt.lit._ZNSt6vectorISt4pairIlS_INSt7__cxx119sub_matchIN9__gnu_cxx17__normal_iteratorIPKcNS1_12basic_stringIcSt11char_traitsIcESaIcEEEEEEESaISD_EEESaISG_EED2Ev                                                                                                                                                                     0            0

.xt.lit._ZNSt8__detail9_ExecutorIN9__gnu_cxx17__normal_iteratorIPKcNSt7__cxx1112basic_stringIcSt11char_traitsIcESaIcEEEEESaINS5_9sub_matchISB_EEENS5_12regex_traitsIcEELb0EED2Ev                                                                                                                                                    0            0

.xt.lit._ZNSt8__detail9_ExecutorIN9__gnu_cxx17__normal_iteratorIPKcNSt7__cxx1112basic_stringIcSt11char_traitsIcESaIcEEEEESaINS5_9sub_matchISB_EEENS5_12regex_traitsIcEELb0EEC2ESB_SB_RSt6vectorISD_SE_ERKNS5_11basic_regexIcSG_EENSt15regex_constants15match_flag_typeE                                                             0            0

.xt.lit._ZNSt6vectorINSt7__cxx119sub_matchIN9__gnu_cxx17__normal_iteratorIPKcNS0_12basic_stringIcSt11char_traitsIcESaIcEEEEEEESaISC_EEaSERKSE_                                                                                                                                                                                      0            0

.xt.lit._ZNSt8__detail8_ScannerIcE17_M_eat_escape_awkEv                                                                                                                                                                                                                                                                             8            0

.xt.lit._ZNSt8__detail8_ScannerIcE19_M_eat_escape_posixEv                                                                                                                                                                                                                                                                           8            0

.xt.lit._ZNSt8__detail8_ScannerIcE14_M_scan_normalEv                                                                                                                                                                                                                                                                                8            0

.xt.lit._ZNSt8__detail8_ScannerIcE16_M_scan_in_braceEv                                                                                                                                                                                                                                                                              8            0

.xt.lit._ZNSt6vectorIjSaIjEE17_M_realloc_insertIJRKjEEEvN9__gnu_cxx17__normal_iteratorIPjS1_EEDpOT_                                                                                                                                                                                                                                 0            0

.xt.lit._ZNSt8__detail8_ScannerIcE12_M_eat_classEc                                                                                                                                                                                                                                                                                  8            0

.xt.lit._ZNSt8__detail8_ScannerIcE18_M_scan_in_bracketEv                                                                                                                                                                                                                                                                            8            0

.xt.lit._ZNSt8__detail8_ScannerIcE10_M_advanceEv                                                                                                                                                                                                                                                                                    0            0

.xt.lit._ZNSt8__detail9_CompilerINSt7__cxx1112regex_traitsIcEEE14_M_match_tokenENS_12_ScannerBase7_TokenTE                                                                                                                                                                                                                          8            0

.xt.lit._ZNSt8functionIFbcEE4swapERS1_                                                                                                                                                                                                                                                                                              0            0

.xt.lit._ZNSt8__detail6_StateIcEC2EOS1_                                                                                                                                                                                                                                                                                             0            0

.xt.lit._ZZNSt8__detail9_CompilerINSt7__cxx1112regex_traitsIcEEE13_M_quantifierEvENKUlvE_clEv                                                                                                                                                                                                                                       8            0

.xt.lit._ZNSt8__detail16_Backref_matcherIN9__gnu_cxx17__normal_iteratorIPKcNSt7__cxx1112basic_stringIcSt11char_traitsIcESaIcEEEEENS5_12regex_traitsIcEEE8_M_applyESB_SB_SB_SB_                                                                                                                                                      8            0

.xt.lit._ZNSt8__detail9_CompilerINSt7__cxx1112regex_traitsIcEEE16_M_cur_int_valueEi                                                                                                                                                                                                                                                 8            0

.xt.lit._ZNSt8__detail9_CompilerINSt7__cxx1112regex_traitsIcEEE11_M_try_charEv                                                                                                                                                                                                                                                      0            0

.xt.lit._ZNSt6vectorINSt7__cxx119sub_matchIN9__gnu_cxx17__normal_iteratorIPKcNS0_12basic_stringIcSt11char_traitsIcESaIcEEEEEEESaISC_EEC2ERKSE_                                                                                                                                                                                      8            0

.xt.lit._ZNSt6vectorISt4pairIlS_INSt7__cxx119sub_matchIN9__gnu_cxx17__normal_iteratorIPKcNS1_12basic_stringIcSt11char_traitsIcESaIcEEEEEEESaISD_EEESaISG_EE17_M_realloc_insertIJRlRKSF_EEEvNS4_IPSG_SI_EEDpOT_                                                                                                                      8            0

.xt.lit._ZNSt6vectorISt4pairIlS_INSt7__cxx119sub_matchIN9__gnu_cxx17__normal_iteratorIPKcNS1_12basic_stringIcSt11char_traitsIcESaIcEEEEEEESaISD_EEESaISG_EE12emplace_backIJRlRKSF_EEEvDpOT_                                                                                                                                         0            0

.xt.lit._ZNKSt8functionIFbcEEclEc                                                                                                                                                                                                                                                                                                   0            0

.xt.lit._ZNSt11_Deque_baseIlSaIlEED2Ev                                                                                                                                                                                                                                                                                              0            0

.xt.lit._ZNSt5dequeIlSaIlEED2Ev                                                                                                                                                                                                                                                                                                     0            0

.xt.lit._ZNSt5dequeIlSaIlEE8pop_backEv                                                                                                                                                                                                                                                                                              0            0

.xt.lit._ZNSt5dequeINSt8__detail9_StateSeqINSt7__cxx1112regex_traitsIcEEEESaIS5_EE22_M_reserve_map_at_backEj                                                                                                                                                                                                                        0            0

.xt.lit._ZNSt5dequeINSt8__detail9_StateSeqINSt7__cxx1112regex_traitsIcEEEESaIS5_EE9push_backERKS5_                                                                                                                                                                                                                                  0            0

.xt.lit._ZNSt5dequeINSt8__detail9_StateSeqINSt7__cxx1112regex_traitsIcEEEESaIS5_EE12emplace_backIJS5_EEEvDpOT_                                                                                                                                                                                                                      0            0

.xt.lit._ZNKSt7__cxx1112regex_traitsIcE16lookup_classnameIPKcEENS1_10_RegexMaskET_S6_b                                                                                                                                                                                                                                              8            0

.xt.lit._ZNKSt7__cxx1112regex_traitsIcE7isctypeEcNS1_10_RegexMaskE                                                                                                                                                                                                                                                                  8            0

.xt.lit._ZNKSt8__detail9_ExecutorIN9__gnu_cxx17__normal_iteratorIPKcNSt7__cxx1112basic_stringIcSt11char_traitsIcESaIcEEEEESaINS5_9sub_matchISB_EEENS5_12regex_traitsIcEELb0EE10_M_is_wordEc                                                                                                                                         8            0

.xt.lit._ZNKSt8__detail9_ExecutorIN9__gnu_cxx17__normal_iteratorIPKcNSt7__cxx1112basic_stringIcSt11char_traitsIcESaIcEEEEESaINS5_9sub_matchISB_EEENS5_12regex_traitsIcEELb0EE16_M_word_boundaryEv                                                                                                                                   0            0

.xt.lit._ZNSt8__detail9_ExecutorIN9__gnu_cxx17__normal_iteratorIPKcNSt7__cxx1112basic_stringIcSt11char_traitsIcESaIcEEEEESaINS5_9sub_matchISB_EEENS5_12regex_traitsIcEELb0EE6_M_dfsENSH_11_Match_modeEl                                                                                                                             0            0

.xt.lit._ZNSt8__detail9_ExecutorIN9__gnu_cxx17__normal_iteratorIPKcNSt7__cxx1112basic_stringIcSt11char_traitsIcESaIcEEEEESaINS5_9sub_matchISB_EEENS5_12regex_traitsIcEELb0EE16_M_main_dispatchENSH_11_Match_modeESt17integral_constantIbLb0EE                                                                                       0            0

.xt.lit._ZNSt8__detail9_ExecutorIN9__gnu_cxx17__normal_iteratorIPKcNSt7__cxx1112basic_stringIcSt11char_traitsIcESaIcEEEEESaINS5_9sub_matchISB_EEENS5_12regex_traitsIcEELb0EE12_M_lookaheadEl                                                                                                                                        0            0

.xt.lit._ZNSt8__detail9_ExecutorIN9__gnu_cxx17__normal_iteratorIPKcNSt7__cxx1112basic_stringIcSt11char_traitsIcESaIcEEEEESaINS5_9sub_matchISB_EEENS5_12regex_traitsIcEELb0EE16_M_rep_once_moreENSH_11_Match_modeEl                                                                                                                  0            0

.xt.lit._ZNKSt8__detail9_ExecutorIN9__gnu_cxx17__normal_iteratorIPKcNSt7__cxx1112basic_stringIcSt11char_traitsIcESaIcEEEEESaINS5_9sub_matchISB_EEENS5_12regex_traitsIcEELb1EE10_M_is_wordEc                                                                                                                                         8            0

.xt.lit._ZNSt8__detail9_ExecutorIN9__gnu_cxx17__normal_iteratorIPKcNSt7__cxx1112basic_stringIcSt11char_traitsIcESaIcEEEEESaINS5_9sub_matchISB_EEENS5_12regex_traitsIcEELb1EE23_M_handle_word_boundaryENSH_11_Match_modeEl                                                                                                           0            0

.xt.lit._ZNSt8__detail9_ExecutorIN9__gnu_cxx17__normal_iteratorIPKcNSt7__cxx1112basic_stringIcSt11char_traitsIcESaIcEEEEESaINS5_9sub_matchISB_EEENS5_12regex_traitsIcEELb1EE6_M_dfsENSH_11_Match_modeEl                                                                                                                             0            0

.xt.lit._ZNSt8__detail9_ExecutorIN9__gnu_cxx17__normal_iteratorIPKcNSt7__cxx1112basic_stringIcSt11char_traitsIcESaIcEEEEESaINS5_9sub_matchISB_EEENS5_12regex_traitsIcEELb1EE16_M_rep_once_moreENSH_11_Match_modeEl                                                                                                                  0            0

.xt.lit._ZNSt8__detail9_ExecutorIN9__gnu_cxx17__normal_iteratorIPKcNSt7__cxx1112basic_stringIcSt11char_traitsIcESaIcEEEEESaINS5_9sub_matchISB_EEENS5_12regex_traitsIcEELb1EE12_M_lookaheadEl                                                                                                                                        0            0

.xt.lit._ZNSt8__detail17__regex_algo_implIN9__gnu_cxx17__normal_iteratorIPKcNSt7__cxx1112basic_stringIcSt11char_traitsIcESaIcEEEEESaINS5_9sub_matchISB_EEEcNS5_12regex_traitsIcEELNS_20_RegexExecutorPolicyE0ELb0EEEbT_SI_RNS5_13match_resultsISI_T0_EERKNS5_11basic_regexIT1_T2_EENSt15regex_constants15match_flag_typeE           0            0

.xt.lit._ZNKSt8__detail20_RegexTranslatorBaseINSt7__cxx1112regex_traitsIcEELb1ELb0EE12_M_translateEc                                                                                                                                                                                                                                0            0

.xt.lit._ZNSt17_Function_handlerIFbcENSt8__detail11_AnyMatcherINSt7__cxx1112regex_traitsIcEELb0ELb1ELb0EEEE9_M_invokeERKSt9_Any_dataOc                                                                                                                                                                                              8            0

.xt.lit._ZNSt17_Function_handlerIFbcENSt8__detail12_CharMatcherINSt7__cxx1112regex_traitsIcEELb1ELb0EEEE9_M_invokeERKSt9_Any_dataOc                                                                                                                                                                                                 0            0

.xt.lit._ZNSt17_Function_handlerIFbcENSt8__detail11_AnyMatcherINSt7__cxx1112regex_traitsIcEELb1ELb1ELb0EEEE9_M_invokeERKSt9_Any_dataOc                                                                                                                                                                                              0            0

.xt.lit._ZNKSt8__detail20_RegexTranslatorBaseINSt7__cxx1112regex_traitsIcEELb1ELb1EE12_M_translateEc                                                                                                                                                                                                                                0            0

.xt.lit._ZNSt17_Function_handlerIFbcENSt8__detail11_AnyMatcherINSt7__cxx1112regex_traitsIcEELb0ELb1ELb1EEEE9_M_invokeERKSt9_Any_dataOc                                                                                                                                                                                              8            0

.xt.lit._ZNSt17_Function_handlerIFbcENSt8__detail12_CharMatcherINSt7__cxx1112regex_traitsIcEELb1ELb1EEEE9_M_invokeERKSt9_Any_dataOc                                                                                                                                                                                                 0            0

.xt.lit._ZNSt17_Function_handlerIFbcENSt8__detail11_AnyMatcherINSt7__cxx1112regex_traitsIcEELb1ELb1ELb1EEEE9_M_invokeERKSt9_Any_dataOc                                                                                                                                                                                              0            0

.xt.lit._ZNSt12_Vector_baseIcSaIcEED2Ev                                                                                                                                                                                                                                                                                             0            0

.xt.lit._ZNSt8__detail15_BracketMatcherINSt7__cxx1112regex_traitsIcEELb0ELb0EEC2EOS4_                                                                                                                                                                                                                                               8            0

.xt.lit._ZNSt8functionIFbcEEC2INSt8__detail15_BracketMatcherINSt7__cxx1112regex_traitsIcEELb0ELb0EEEvvEET_                                                                                                                                                                                                                          8            0

.xt.lit._ZNSt8__detail15_BracketMatcherINSt7__cxx1112regex_traitsIcEELb1ELb0EEC2EOS4_                                                                                                                                                                                                                                               0            0

.xt.lit._ZNSt8functionIFbcEEC2INSt8__detail15_BracketMatcherINSt7__cxx1112regex_traitsIcEELb1ELb0EEEvvEET_                                                                                                                                                                                                                          8            0

.xt.lit._ZNSt8__detail15_BracketMatcherINSt7__cxx1112regex_traitsIcEELb0ELb1EEC2EOS4_                                                                                                                                                                                                                                               0            0

.xt.lit._ZNSt8functionIFbcEEC2INSt8__detail15_BracketMatcherINSt7__cxx1112regex_traitsIcEELb0ELb1EEEvvEET_                                                                                                                                                                                                                          8            0

.xt.lit._ZNSt8__detail15_BracketMatcherINSt7__cxx1112regex_traitsIcEELb1ELb1EEC2EOS4_                                                                                                                                                                                                                                               0            0

.xt.lit._ZNSt8functionIFbcEEC2INSt8__detail15_BracketMatcherINSt7__cxx1112regex_traitsIcEELb1ELb1EEEvvEET_                                                                                                                                                                                                                          8            0

.xt.lit._ZNSt8_Rb_treeIlSt4pairIKllESt10_Select1stIS2_ESt4lessIlESaIS2_EE8_M_eraseEPSt13_Rb_tree_nodeIS2_E                                                                                                                                                                                                                          0            0

.xt.lit._ZNSt8functionIFbcEEC2ERKS1_                                                                                                                                                                                                                                                                                                0            0

.xt.lit._ZNSt11_Deque_baseIlSaIlEEC2Ev                                                                                                                                                                                                                                                                                              0            0

.xt.lit._ZNSt5dequeIlSaIlEE16_M_push_back_auxIJRKlEEEvDpOT_                                                                                                                                                                                                                                                                         0            0

.xt.lit._ZNSt5dequeIlSaIlEE9push_backERKl                                                                                                                                                                                                                                                                                           0            0

.xt.lit._ZNSt12_Destroy_auxILb0EE9__destroyIPNSt8__detail6_StateIcEEEEvT_S6_                                                                                                                                                                                                                                                        0            0

.xt.lit._ZNSt23_Sp_counted_ptr_inplaceINSt8__detail4_NFAINSt7__cxx1112regex_traitsIcEEEESaIS5_ELN9__gnu_cxx12_Lock_policyE2EE10_M_disposeEv                                                                                                                                                                                         0            0

.xt.lit._ZNSt6vectorINSt7__cxx1112regex_traitsIcE10_RegexMaskESaIS3_EE17_M_realloc_insertIJRKS3_EEEvN9__gnu_cxx17__normal_iteratorIPS3_S5_EEDpOT_                                                                                                                                                                                   0            0

.xt.lit._ZNSt6vectorINSt7__cxx1112regex_traitsIcE10_RegexMaskESaIS3_EE9push_backERKS3_                                                                                                                                                                                                                                              0            0

.xt.lit._ZNSt8__detail15_BracketMatcherINSt7__cxx1112regex_traitsIcEELb0ELb0EE22_M_add_character_classERKNS1_12basic_stringIcSt11char_traitsIcESaIcEEEb                                                                                                                                                                             8            0

.xt.lit._ZNSt8__detail15_BracketMatcherINSt7__cxx1112regex_traitsIcEELb0ELb1EE22_M_add_character_classERKNS1_12basic_stringIcSt11char_traitsIcESaIcEEEb                                                                                                                                                                             0            0

.xt.lit._ZNSt8__detail15_BracketMatcherINSt7__cxx1112regex_traitsIcEELb1ELb0EE22_M_add_character_classERKNS1_12basic_stringIcSt11char_traitsIcESaIcEEEb                                                                                                                                                                             0            0

.xt.lit._ZNSt8__detail15_BracketMatcherINSt7__cxx1112regex_traitsIcEELb1ELb1EE22_M_add_character_classERKNS1_12basic_stringIcSt11char_traitsIcESaIcEEEb                                                                                                                                                                             0            0

.xt.lit._ZNSt6vectorIcSaIcEE8_M_eraseEN9__gnu_cxx17__normal_iteratorIPcS1_EES5_                                                                                                                                                                                                                                                     0            0

.xt.lit._ZNSt4pairINSt7__cxx1112basic_stringIcSt11char_traitsIcESaIcEEES5_ED2Ev                                                                                                                                                                                                                                                     0            0

.xt.lit._ZNSt20__uninitialized_copyILb0EE13__uninit_copyIPKNSt8__detail6_StateIcEEPS4_EET0_T_S9_S8_                                                                                                                                                                                                                                 0            0

.xt.lit._ZNSt6vectorINSt8__detail6_StateIcEESaIS2_EE17_M_realloc_insertIJS2_EEEvN9__gnu_cxx17__normal_iteratorIPS2_S4_EEDpOT_                                                                                                                                                                                                       0            0

.xt.lit._ZNSt8__detail4_NFAINSt7__cxx1112regex_traitsIcEEE15_M_insert_stateENS_6_StateIcEE                                                                                                                                                                                                                                          8            0

.xt.lit._ZNSt8__detail4_NFAINSt7__cxx1112regex_traitsIcEEE17_M_insert_matcherESt8functionIFbcEE                                                                                                                                                                                                                                     0            0

.xt.lit._ZNSt8__detail9_CompilerINSt7__cxx1112regex_traitsIcEEE22_M_insert_char_matcherILb1ELb0EEEvv                                                                                                                                                                                                                                8            0

.xt.lit._ZNSt8__detail9_CompilerINSt7__cxx1112regex_traitsIcEEE22_M_insert_char_matcherILb1ELb1EEEvv                                                                                                                                                                                                                                8            0

.xt.lit._ZNSt8__detail4_NFAINSt7__cxx1112regex_traitsIcEEE17_M_insert_backrefEj                                                                                                                                                                                                                                                     8            0

.xt.lit._ZNSt8__detail4_NFAINSt7__cxx1112regex_traitsIcEEE16_M_insert_repeatEllb                                                                                                                                                                                                                                                    0            0

.xt.lit._ZNSt8__detail4_NFAINSt7__cxx1112regex_traitsIcEEE15_M_insert_dummyEv                                                                                                                                                                                                                                                       0            0

.xt.lit._ZNSt8__detail4_NFAINSt7__cxx1112regex_traitsIcEEE21_M_insert_subexpr_endEv                                                                                                                                                                                                                                                 0            0

.xt.lit._ZNSt8__detail4_NFAINSt7__cxx1112regex_traitsIcEEE16_M_insert_acceptEv                                                                                                                                                                                                                                                      0            0

.xt.lit._ZNSt8__detail4_NFAINSt7__cxx1112regex_traitsIcEEE23_M_insert_subexpr_beginEv                                                                                                                                                                                                                                               0            0

.xt.lit._ZNSt12_Destroy_auxILb0EE9__destroyIPNSt7__cxx1112basic_stringIcSt11char_traitsIcESaIcEEEEEvT_S9_                                                                                                                                                                                                                           0            0

.xt.lit._ZNSt8__detail15_BracketMatcherINSt7__cxx1112regex_traitsIcEELb0ELb0EED2Ev                                                                                                                                                                                                                                                  0            0

.xt.lit._ZNSt8__detail15_BracketMatcherINSt7__cxx1112regex_traitsIcEELb1ELb0EED2Ev                                                                                                                                                                                                                                                  0            0

.xt.lit._ZNSt8__detail15_BracketMatcherINSt7__cxx1112regex_traitsIcEELb0ELb1EED2Ev                                                                                                                                                                                                                                                  0            0

.xt.lit._ZNSt8__detail15_BracketMatcherINSt7__cxx1112regex_traitsIcEELb1ELb1EED2Ev                                                                                                                                                                                                                                                  0            0

.xt.lit._ZNKSt7__cxx1112regex_traitsIcE17transform_primaryIPKcEENS_12basic_stringIcSt11char_traitsIcESaIcEEET_SA_                                                                                                                                                                                                                   8            0

.xt.lit._ZNSt6vectorIcSaIcEEC2ERKS1_                                                                                                                                                                                                                                                                                                0            0

.xt.lit._ZNSt6vectorINSt7__cxx1112basic_stringIcSt11char_traitsIcESaIcEEESaIS5_EEC2ERKS7_                                                                                                                                                                                                                                           8            0

.xt.lit._ZNSt6vectorISt4pairIccESaIS1_EEC2ERKS3_                                                                                                                                                                                                                                                                                    0            0

.xt.lit._ZNSt6vectorINSt7__cxx1112regex_traitsIcE10_RegexMaskESaIS3_EEC2ERKS5_                                                                                                                                                                                                                                                      0            0

.xt.lit._ZNSt14_Function_base13_Base_managerINSt8__detail15_BracketMatcherINSt7__cxx1112regex_traitsIcEELb0ELb0EEEE10_M_managerERSt9_Any_dataRKS8_St18_Manager_operation                                                                                                                                                            0            0

.xt.lit._ZNSt14_Function_base13_Base_managerINSt8__detail15_BracketMatcherINSt7__cxx1112regex_traitsIcEELb1ELb0EEEE10_M_managerERSt9_Any_dataRKS8_St18_Manager_operation                                                                                                                                                            0            0

.xt.lit._ZNSt6vectorISt4pairINSt7__cxx1112basic_stringIcSt11char_traitsIcESaIcEEES6_ESaIS7_EEC2ERKS9_                                                                                                                                                                                                                               0            0

.xt.lit._ZNSt14_Function_base13_Base_managerINSt8__detail15_BracketMatcherINSt7__cxx1112regex_traitsIcEELb0ELb1EEEE10_M_managerERSt9_Any_dataRKS8_St18_Manager_operation                                                                                                                                                            0            0

.xt.lit._ZNSt14_Function_base13_Base_managerINSt8__detail15_BracketMatcherINSt7__cxx1112regex_traitsIcEELb1ELb1EEEE10_M_managerERSt9_Any_dataRKS8_St18_Manager_operation                                                                                                                                                            0            0

.xt.lit._ZNKSt7__cxx1112regex_traitsIcE18lookup_collatenameIPKcEENS_12basic_stringIcSt11char_traitsIcESaIcEEET_SA_                                                                                                                                                                                                                  8            0

.xt.lit._ZNSt6vectorIcSaIcEE12emplace_backIJcEEEvDpOT_                                                                                                                                                                                                                                                                              8            0

.xt.lit._ZNSt8__detail15_BracketMatcherINSt7__cxx1112regex_traitsIcEELb1ELb0EE11_M_add_charEc                                                                                                                                                                                                                                       0            0

.xt.lit._ZZNSt8__detail9_CompilerINSt7__cxx1112regex_traitsIcEEE18_M_expression_termILb1ELb0EEEbRSt4pairIbcERNS_15_BracketMatcherIS3_XT_EXT0_EEEENKUlcE_clEc                                                                                                                                                                        0            0

.xt.lit._ZZNSt8__detail9_CompilerINSt7__cxx1112regex_traitsIcEEE18_M_expression_termILb1ELb0EEEbRSt4pairIbcERNS_15_BracketMatcherIS3_XT_EXT0_EEEENKUlvE0_clEv                                                                                                                                                                       0            0

.xt.lit._ZNSt8__detail15_BracketMatcherINSt7__cxx1112regex_traitsIcEELb1ELb1EE11_M_add_charEc                                                                                                                                                                                                                                       0            0

.xt.lit._ZZNSt8__detail9_CompilerINSt7__cxx1112regex_traitsIcEEE18_M_expression_termILb1ELb1EEEbRSt4pairIbcERNS_15_BracketMatcherIS3_XT_EXT0_EEEENKUlcE_clEc                                                                                                                                                                        0            0

.xt.lit._ZZNSt8__detail9_CompilerINSt7__cxx1112regex_traitsIcEEE18_M_expression_termILb1ELb1EEEbRSt4pairIbcERNS_15_BracketMatcherIS3_XT_EXT0_EEEENKUlvE0_clEv                                                                                                                                                                       0            0

.xt.lit._ZZNSt8__detail9_CompilerINSt7__cxx1112regex_traitsIcEEE18_M_expression_termILb0ELb0EEEbRSt4pairIbcERNS_15_BracketMatcherIS3_XT_EXT0_EEEENKUlvE0_clEv                                                                                                                                                                       0            0

.xt.lit._ZZNSt8__detail9_CompilerINSt7__cxx1112regex_traitsIcEEE18_M_expression_termILb0ELb1EEEbRSt4pairIbcERNS_15_BracketMatcherIS3_XT_EXT0_EEEENKUlvE0_clEv                                                                                                                                                                       0            0

.xt.lit._ZZNSt8__detail9_CompilerINSt7__cxx1112regex_traitsIcEEE18_M_expression_termILb0ELb0EEEbRSt4pairIbcERNS_15_BracketMatcherIS3_XT_EXT0_EEEENKUlcE_clEc                                                                                                                                                                        0            0

.xt.lit._ZZNSt8__detail9_CompilerINSt7__cxx1112regex_traitsIcEEE18_M_expression_termILb0ELb1EEEbRSt4pairIbcERNS_15_BracketMatcherIS3_XT_EXT0_EEEENKUlcE_clEc                                                                                                                                                                        0            0

.xt.lit._ZNSt4pairINSt7__cxx1112basic_stringIcSt11char_traitsIcESaIcEEES5_EC2EOS6_                                                                                                                                                                                                                                                  0            0

.xt.lit._ZNSt8_Rb_treeIlSt4pairIKllESt10_Select1stIS2_ESt4lessIlESaIS2_EE24_M_get_insert_unique_posERS1_                                                                                                                                                                                                                            8            0

.xt.lit._ZNSt8_Rb_treeIlSt4pairIKllESt10_Select1stIS2_ESt4lessIlESaIS2_EE29_M_get_insert_hint_unique_posESt23_Rb_tree_const_iteratorIS2_ERS1_                                                                                                                                                                                       8            0

.xt.lit._ZNSt3mapIllSt4lessIlESaISt4pairIKllEEEixERS3_                                                                                                                                                                                                                                                                              8            0

.xt.lit._ZNSt8__detail9_StateSeqINSt7__cxx1112regex_traitsIcEEE8_M_cloneEv                                                                                                                                                                                                                                                          8            0

.xt.lit._ZNSt8__detail9_CompilerINSt7__cxx1112regex_traitsIcEEE13_M_quantifierEv                                                                                                                                                                                                                                                    8            0

.xt.lit._ZSt16__insertion_sortIN9__gnu_cxx17__normal_iteratorIPcSt6vectorIcSaIcEEEENS0_5__ops15_Iter_less_iterEEvT_S9_T0_                                                                                                                                                                                                           0            0

.xt.lit._ZNSt17_Function_handlerIFbcENSt8__detail15_BracketMatcherINSt7__cxx1112regex_traitsIcEELb0ELb0EEEE9_M_invokeERKSt9_Any_dataOc                                                                                                                                                                                              8            0

.xt.lit._ZNSt17_Function_handlerIFbcENSt8__detail15_BracketMatcherINSt7__cxx1112regex_traitsIcEELb0ELb1EEEE9_M_invokeERKSt9_Any_dataOc                                                                                                                                                                                              0            0

.xt.lit._ZNSt17_Function_handlerIFbcENSt8__detail15_BracketMatcherINSt7__cxx1112regex_traitsIcEELb1ELb0EEEE9_M_invokeERKSt9_Any_dataOc                                                                                                                                                                                              0            0

.xt.lit._ZNSt17_Function_handlerIFbcENSt8__detail15_BracketMatcherINSt7__cxx1112regex_traitsIcEELb1ELb1EEEE9_M_invokeERKSt9_Any_dataOc                                                                                                                                                                                              0            0

.xt.lit._ZNKSt7__cxx1112regex_traitsIcE9transformIN9__gnu_cxx17__normal_iteratorIPcNS_12basic_stringIcSt11char_traitsIcESaIcEEEEEEESA_T_SC_                                                                                                                                                                                         0            0

.xt.lit._ZNKSt8__detail20_RegexTranslatorBaseINSt7__cxx1112regex_traitsIcEELb0ELb1EE12_M_transformEc                                                                                                                                                                                                                                0            0

.xt.lit._ZNKSt8__detail20_RegexTranslatorBaseINSt7__cxx1112regex_traitsIcEELb1ELb1EE12_M_transformEc                                                                                                                                                                                                                                0            0

.xt.lit._ZNSt6vectorINSt7__cxx1112basic_stringIcSt11char_traitsIcESaIcEEESaIS5_EE17_M_realloc_insertIJRKS5_EEEvN9__gnu_cxx17__normal_iteratorIPS5_S7_EEDpOT_                                                                                                                                                                        0            0

.xt.lit._ZNSt6vectorINSt7__cxx1112basic_stringIcSt11char_traitsIcESaIcEEESaIS5_EE9push_backERKS5_                                                                                                                                                                                                                                   0            0

.xt.lit._ZNSt8__detail15_BracketMatcherINSt7__cxx1112regex_traitsIcEELb0ELb0EE24_M_add_equivalence_classERKNS1_12basic_stringIcSt11char_traitsIcESaIcEEE                                                                                                                                                                            8            0

.xt.lit._ZNSt8__detail15_BracketMatcherINSt7__cxx1112regex_traitsIcEELb0ELb1EE24_M_add_equivalence_classERKNS1_12basic_stringIcSt11char_traitsIcESaIcEEE                                                                                                                                                                            0            0

.xt.lit._ZNSt8__detail15_BracketMatcherINSt7__cxx1112regex_traitsIcEELb1ELb0EE24_M_add_equivalence_classERKNS1_12basic_stringIcSt11char_traitsIcESaIcEEE                                                                                                                                                                            0            0

.xt.lit._ZNSt8__detail15_BracketMatcherINSt7__cxx1112regex_traitsIcEELb1ELb1EE24_M_add_equivalence_classERKNS1_12basic_stringIcSt11char_traitsIcESaIcEEE                                                                                                                                                                            0            0

.xt.lit._ZNSt6vectorISt4pairIccESaIS1_EE17_M_realloc_insertIJS1_EEEvN9__gnu_cxx17__normal_iteratorIPS1_S3_EEDpOT_                                                                                                                                                                                                                   0            0

.xt.lit._ZNSt6vectorISt4pairIccESaIS1_EE12emplace_backIJS1_EEEvDpOT_                                                                                                                                                                                                                                                                0            0

.xt.lit._ZNSt8__detail15_BracketMatcherINSt7__cxx1112regex_traitsIcEELb0ELb0EE13_M_make_rangeEcc                                                                                                                                                                                                                                    8            0

.xt.lit._ZNSt8__detail9_CompilerINSt7__cxx1112regex_traitsIcEEE18_M_expression_termILb0ELb0EEEbRSt4pairIbcERNS_15_BracketMatcherIS3_XT_EXT0_EEE                                                                                                                                                                                     8            0

.xt.lit._ZNSt8__detail15_BracketMatcherINSt7__cxx1112regex_traitsIcEELb1ELb0EE13_M_make_rangeEcc                                                                                                                                                                                                                                    0            0

.xt.lit._ZNSt8__detail9_CompilerINSt7__cxx1112regex_traitsIcEEE18_M_expression_termILb1ELb0EEEbRSt4pairIbcERNS_15_BracketMatcherIS3_XT_EXT0_EEE                                                                                                                                                                                     0            0

.xt.lit._ZNSt6vectorISt4pairINSt7__cxx1112basic_stringIcSt11char_traitsIcESaIcEEES6_ESaIS7_EE17_M_realloc_insertIJS7_EEEvN9__gnu_cxx17__normal_iteratorIPS7_S9_EEDpOT_                                                                                                                                                              0            0

.xt.lit._ZNSt6vectorISt4pairINSt7__cxx1112basic_stringIcSt11char_traitsIcESaIcEEES6_ESaIS7_EE12emplace_backIJS7_EEEvDpOT_                                                                                                                                                                                                           0            0

.xt.lit._ZNSt8__detail15_BracketMatcherINSt7__cxx1112regex_traitsIcEELb0ELb1EE13_M_make_rangeEcc                                                                                                                                                                                                                                    0            0

.xt.lit._ZNSt8__detail9_CompilerINSt7__cxx1112regex_traitsIcEEE18_M_expression_termILb0ELb1EEEbRSt4pairIbcERNS_15_BracketMatcherIS3_XT_EXT0_EEE                                                                                                                                                                                     8            0

.xt.lit._ZNSt8__detail15_BracketMatcherINSt7__cxx1112regex_traitsIcEELb1ELb1EE13_M_make_rangeEcc                                                                                                                                                                                                                                    0            0

.xt.lit._ZNSt8__detail9_CompilerINSt7__cxx1112regex_traitsIcEEE18_M_expression_termILb1ELb1EEEbRSt4pairIbcERNS_15_BracketMatcherIS3_XT_EXT0_EEE                                                                                                                                                                                     0            0

.xt.lit._ZSteqIcEN9__gnu_cxx11__enable_ifIXsrSt9__is_charIT_E7__valueEbE6__typeERKNSt7__cxx1112basic_stringIS3_St11char_traitsIS3_ESaIS3_EEESE_                                                                                                                                                                                     0            0

.xt.lit._ZSt9__find_ifIN9__gnu_cxx17__normal_iteratorIPKNSt7__cxx1112basic_stringIcSt11char_traitsIcESaIcEEESt6vectorIS7_SaIS7_EEEENS0_5__ops16_Iter_equals_valIS8_EEET_SH_SH_T0_St26random_access_iterator_tag                                                                                                                     0            0

.xt.lit._ZZNKSt8__detail15_BracketMatcherINSt7__cxx1112regex_traitsIcEELb1ELb1EE8_M_applyEcSt17integral_constantIbLb0EEENKUlvE_clEv                                                                                                                                                                                                 8            0

.xt.lit._ZNSt8__detail15_BracketMatcherINSt7__cxx1112regex_traitsIcEELb1ELb1EE8_M_readyEv                                                                                                                                                                                                                                           8            0

.xt.lit._ZNSt8__detail9_CompilerINSt7__cxx1112regex_traitsIcEEE33_M_insert_character_class_matcherILb1ELb1EEEvv                                                                                                                                                                                                                     8            0

.xt.lit._ZNSt8__detail9_CompilerINSt7__cxx1112regex_traitsIcEEE25_M_insert_bracket_matcherILb1ELb1EEEvb                                                                                                                                                                                                                             0            0

.xt.lit._ZZNKSt8__detail15_BracketMatcherINSt7__cxx1112regex_traitsIcEELb0ELb0EE8_M_applyEcSt17integral_constantIbLb0EEENKUlvE_clEv                                                                                                                                                                                                 0            0

.xt.lit._ZNSt8__detail15_BracketMatcherINSt7__cxx1112regex_traitsIcEELb0ELb0EE8_M_readyEv                                                                                                                                                                                                                                           0            0

.xt.lit._ZNSt8__detail9_CompilerINSt7__cxx1112regex_traitsIcEEE33_M_insert_character_class_matcherILb0ELb0EEEvv                                                                                                                                                                                                                     0            0

.xt.lit._ZNSt8__detail9_CompilerINSt7__cxx1112regex_traitsIcEEE25_M_insert_bracket_matcherILb0ELb0EEEvb                                                                                                                                                                                                                             0            0

.xt.lit._ZZNKSt8__detail15_BracketMatcherINSt7__cxx1112regex_traitsIcEELb1ELb0EE8_M_applyEcSt17integral_constantIbLb0EEENKUlvE_clEv                                                                                                                                                                                                 0            0

.xt.lit._ZNSt8__detail15_BracketMatcherINSt7__cxx1112regex_traitsIcEELb1ELb0EE8_M_readyEv                                                                                                                                                                                                                                           0            0

.xt.lit._ZNSt8__detail9_CompilerINSt7__cxx1112regex_traitsIcEEE33_M_insert_character_class_matcherILb1ELb0EEEvv                                                                                                                                                                                                                     0            0

.xt.lit._ZNSt8__detail9_CompilerINSt7__cxx1112regex_traitsIcEEE25_M_insert_bracket_matcherILb1ELb0EEEvb                                                                                                                                                                                                                             0            0

.xt.lit._ZZNKSt8__detail15_BracketMatcherINSt7__cxx1112regex_traitsIcEELb0ELb1EE8_M_applyEcSt17integral_constantIbLb0EEENKUlvE_clEv                                                                                                                                                                                                 8            0

.xt.lit._ZNSt8__detail15_BracketMatcherINSt7__cxx1112regex_traitsIcEELb0ELb1EE8_M_readyEv                                                                                                                                                                                                                                           0            0

.xt.lit._ZNSt8__detail9_CompilerINSt7__cxx1112regex_traitsIcEEE33_M_insert_character_class_matcherILb0ELb1EEEvv                                                                                                                                                                                                                     0            0

.xt.lit._ZNSt8__detail9_CompilerINSt7__cxx1112regex_traitsIcEEE25_M_insert_bracket_matcherILb0ELb1EEEvb                                                                                                                                                                                                                             0            0

.xt.lit._ZNSt8__detail9_CompilerINSt7__cxx1112regex_traitsIcEEE21_M_bracket_expressionEv                                                                                                                                                                                                                                            0            0

.xt.lit._ZNSt8__detail9_CompilerINSt7__cxx1112regex_traitsIcEEE7_M_atomEv                                                                                                                                                                                                                                                           8            0

.xt.lit._ZNSt8__detail9_CompilerINSt7__cxx1112regex_traitsIcEEE14_M_alternativeEv                                                                                                                                                                                                                                                   0            0

.xt.lit._ZNSt8__detail9_CompilerINSt7__cxx1112regex_traitsIcEEE14_M_disjunctionEv                                                                                                                                                                                                                                                   0            0

.xt.lit._ZNSt8__detail9_CompilerINSt7__cxx1112regex_traitsIcEEEC2EPKcS6_RKSt6localeNSt15regex_constants18syntax_option_typeE                                                                                                                                                                                                        8            0

.xt.lit._ZNSt8__detail9_CompilerINSt7__cxx1112regex_traitsIcEEE12_M_assertionEv                                                                                                                                                                                                                                                     0            0

.xt.prop._ZSt3hexRSt8ios_base                                                                                                                                                                                                                                                                                                      36            0

.xt.prop._ZSt3octRSt8ios_base                                                                                                                                                                                                                                                                                                      36            0

.xt.prop._ZNK23AsyncCallbackWebHandler23isRequestHandlerTrivialEv                                                                                                                                                                                                                                                                  36            0

.xt.prop._ZNSt14_Function_base13_Base_managerINSt8__detail11_AnyMatcherINSt7__cxx1112regex_traitsIcEELb0ELb0ELb0EEEE10_M_managerERSt9_Any_dataRKS8_St18_Manager_operation                                                                                                                                                          48            0

.xt.prop._ZNSt14_Function_base13_Base_managerINSt8__detail11_AnyMatcherINSt7__cxx1112regex_traitsIcEELb0ELb0ELb1EEEE10_M_managerERSt9_Any_dataRKS8_St18_Manager_operation                                                                                                                                                          72            0

.xt.prop._ZNSt14_Function_base13_Base_managerINSt8__detail11_AnyMatcherINSt7__cxx1112regex_traitsIcEELb0ELb1ELb0EEEE10_M_managerERSt9_Any_dataRKS8_St18_Manager_operation                                                                                                                                                          72            0

.xt.prop._ZNSt14_Function_base13_Base_managerINSt8__detail11_AnyMatcherINSt7__cxx1112regex_traitsIcEELb0ELb1ELb1EEEE10_M_managerERSt9_Any_dataRKS8_St18_Manager_operation                                                                                                                                                          72            0

.xt.prop._ZNSt17_Function_handlerIFbcENSt8__detail11_AnyMatcherINSt7__cxx1112regex_traitsIcEELb1ELb0ELb0EEEE9_M_invokeERKSt9_Any_dataOc                                                                                                                                                                                            36            0

.xt.prop._ZNSt14_Function_base13_Base_managerINSt8__detail11_AnyMatcherINSt7__cxx1112regex_traitsIcEELb1ELb0ELb0EEEE10_M_managerERSt9_Any_dataRKS8_St18_Manager_operation                                                                                                                                                          48            0

.xt.prop._ZNSt17_Function_handlerIFbcENSt8__detail11_AnyMatcherINSt7__cxx1112regex_traitsIcEELb1ELb0ELb1EEEE9_M_invokeERKSt9_Any_dataOc                                                                                                                                                                                            36            0

.xt.prop._ZNSt14_Function_base13_Base_managerINSt8__detail11_AnyMatcherINSt7__cxx1112regex_traitsIcEELb1ELb0ELb1EEEE10_M_managerERSt9_Any_dataRKS8_St18_Manager_operation                                                                                                                                                          72            0

.xt.prop._ZNSt14_Function_base13_Base_managerINSt8__detail11_AnyMatcherINSt7__cxx1112regex_traitsIcEELb1ELb1ELb0EEEE10_M_managerERSt9_Any_dataRKS8_St18_Manager_operation                                                                                                                                                          72            0

.xt.prop._ZNSt14_Function_base13_Base_managerINSt8__detail11_AnyMatcherINSt7__cxx1112regex_traitsIcEELb1ELb1ELb1EEEE10_M_managerERSt9_Any_dataRKS8_St18_Manager_operation                                                                                                                                                          72            0

.xt.prop._ZNSt17_Function_handlerIFbcENSt8__detail12_CharMatcherINSt7__cxx1112regex_traitsIcEELb0ELb0EEEE9_M_invokeERKSt9_Any_dataOc                                                                                                                                                                                               36            0

.xt.prop._ZNSt14_Function_base13_Base_managerINSt8__detail12_CharMatcherINSt7__cxx1112regex_traitsIcEELb0ELb0EEEE10_M_managerERSt9_Any_dataRKS8_St18_Manager_operation                                                                                                                                                             84            0

.xt.prop._ZNSt17_Function_handlerIFbcENSt8__detail12_CharMatcherINSt7__cxx1112regex_traitsIcEELb0ELb1EEEE9_M_invokeERKSt9_Any_dataOc                                                                                                                                                                                               36            0

.xt.prop._ZNSt14_Function_base13_Base_managerINSt8__detail12_CharMatcherINSt7__cxx1112regex_traitsIcEELb0ELb1EEEE10_M_managerERSt9_Any_dataRKS8_St18_Manager_operation                                                                                                                                                             84            0

.xt.prop._ZNSt14_Function_base13_Base_managerINSt8__detail12_CharMatcherINSt7__cxx1112regex_traitsIcEELb1ELb0EEEE10_M_managerERSt9_Any_dataRKS8_St18_Manager_operation                                                                                                                                                             84            0

.xt.prop._ZNSt14_Function_base13_Base_managerINSt8__detail12_CharMatcherINSt7__cxx1112regex_traitsIcEELb1ELb1EEEE10_M_managerERSt9_Any_dataRKS8_St18_Manager_operation                                                                                                                                                             84            0

.xt.prop._ZNSt23_Sp_counted_ptr_inplaceINSt8__detail4_NFAINSt7__cxx1112regex_traitsIcEEEESaIS5_ELN9__gnu_cxx12_Lock_policyE2EED2Ev                                                                                                                                                                                                 36            0

.xt.prop._ZNSt23_Sp_counted_ptr_inplaceINSt8__detail4_NFAINSt7__cxx1112regex_traitsIcEEEESaIS5_ELN9__gnu_cxx12_Lock_policyE2EE14_M_get_deleterERKSt9type_info                                                                                                                                                                      48            0

.xt.prop._ZNSt23_Sp_counted_ptr_inplaceINSt8__detail4_NFAINSt7__cxx1112regex_traitsIcEEEESaIS5_ELN9__gnu_cxx12_Lock_policyE2EED0Ev                                                                                                                                                                                                 36            0

.xt.prop._ZNSt23_Sp_counted_ptr_inplaceINSt8__detail4_NFAINSt7__cxx1112regex_traitsIcEEEESaIS5_ELN9__gnu_cxx12_Lock_policyE2EE10_M_destroyEv                                                                                                                                                                                       36            0

.xt.prop._ZNSt17_Function_handlerIFbcENSt8__detail11_AnyMatcherINSt7__cxx1112regex_traitsIcEELb0ELb0ELb0EEEE9_M_invokeERKSt9_Any_dataOc                                                                                                                                                                                            60            0

.xt.prop._ZNSt17_Function_handlerIFbcENSt8__detail11_AnyMatcherINSt7__cxx1112regex_traitsIcEELb0ELb0ELb1EEEE9_M_invokeERKSt9_Any_dataOc                                                                                                                                                                                            60            0

.xt.prop._ZSt34__uninitialized_move_if_noexcept_aIPSt4pairIlSt6vectorINSt7__cxx119sub_matchIN9__gnu_cxx17__normal_iteratorIPKcNS2_12basic_stringIcSt11char_traitsIcESaIcEEEEEEESaISE_EEESI_SaISH_EET0_T_SL_SK_RT1_$isra$423                                                                                                        60            0

.xt.prop._ZNK6String10startsWithEPKc                                                                                                                                                                                                                                                                                               72            0

.xt.prop._ZNK6String8endsWithEPKc                                                                                                                                                                                                                                                                                                  72            0

.xt.prop._ZN23AsyncCallbackWebHandlerD2Ev                                                                                                                                                                                                                                                                                          48            0

.xt.prop._ZN23AsyncCallbackWebHandlerD0Ev                                                                                                                                                                                                                                                                                          36            0

.xt.prop._ZNKSt5ctypeIcE7tolowerEc                                                                                                                                                                                                                                                                                                 36            0

.xt.prop._ZNKSt5ctypeIcE6narrowEcc                                                                                                                                                                                                                                                                                                 48            0

.xt.prop._ZSt19__throw_regex_errorNSt15regex_constants10error_typeEPKc                                                                                                                                                                                                                                                             60            0

.xt.prop._ZNSt8__detail8_ScannerIcE18_M_eat_escape_ecmaEv                                                                                                                                                                                                                                                                         372            0

.xt.prop._ZNSt8__detail12_ScannerBaseC2ENSt15regex_constants18syntax_option_typeE                                                                                                                                                                                                                                                  60            0

.xt.prop._ZNSt12_Vector_baseINSt7__cxx119sub_matchIN9__gnu_cxx17__normal_iteratorIPKcNS0_12basic_stringIcSt11char_traitsIcESaIcEEEEEEESaISC_EED2Ev                                                                                                                                                                                 36            0

.xt.prop._ZNSt8__detail9_ExecutorIN9__gnu_cxx17__normal_iteratorIPKcNSt7__cxx1112basic_stringIcSt11char_traitsIcESaIcEEEEESaINS5_9sub_matchISB_EEENS5_12regex_traitsIcEELb1EED2Ev                                                                                                                                                  36            0

.xt.prop._ZNSt6vectorISt4pairIN9__gnu_cxx17__normal_iteratorIPKcNSt7__cxx1112basic_stringIcSt11char_traitsIcESaIcEEEEEiESaISC_EEC2EjRKSD_                                                                                                                                                                                         108            0

.xt.prop._ZNSt8__detail9_ExecutorIN9__gnu_cxx17__normal_iteratorIPKcNSt7__cxx1112basic_stringIcSt11char_traitsIcESaIcEEEEESaINS5_9sub_matchISB_EEENS5_12regex_traitsIcEELb1EEC2ESB_SB_RSt6vectorISD_SE_ERKNS5_11basic_regexIcSG_EENSt15regex_constants15match_flag_typeE                                                           72            0

.xt.prop._ZNSt8__detail9_StateSeqINSt7__cxx1112regex_traitsIcEEE9_M_appendEl                                                                                                                                                                                                                                                       36            0

.xt.prop._ZNSt8__detail9_CompilerINSt7__cxx1112regex_traitsIcEEE6_M_popEv                                                                                                                                                                                                                                                          60            0

.xt.prop._ZNSt8__detail9_StateSeqINSt7__cxx1112regex_traitsIcEEE9_M_appendERKS4_                                                                                                                                                                                                                                                   36            0

.xt.prop._ZNSt11_Deque_baseINSt8__detail9_StateSeqINSt7__cxx1112regex_traitsIcEEEESaIS5_EED2Ev                                                                                                                                                                                                                                     60            0

.xt.prop._ZNSt5dequeINSt8__detail9_StateSeqINSt7__cxx1112regex_traitsIcEEEESaIS5_EED2Ev                                                                                                                                                                                                                                            36            0

.xt.prop._ZNSt6vectorINSt7__cxx119sub_matchIN9__gnu_cxx17__normal_iteratorIPKcNS0_12basic_stringIcSt11char_traitsIcESaIcEEEEEEESaISC_EE17_M_default_appendEj                                                                                                                                                                      120            0

.xt.prop._ZNSt6vectorINSt7__cxx119sub_matchIN9__gnu_cxx17__normal_iteratorIPKcNS0_12basic_stringIcSt11char_traitsIcESaIcEEEEEEESaISC_EE6resizeEj                                                                                                                                                                                   84            0

.xt.prop._ZNSt8__detail6_StateIcED2Ev                                                                                                                                                                                                                                                                                              36            0

.xt.prop._ZNSt12_Destroy_auxILb0EE9__destroyIPSt4pairIlSt6vectorINSt7__cxx119sub_matchIN9__gnu_cxx17__normal_iteratorIPKcNS4_12basic_stringIcSt11char_traitsIcESaIcEEEEEEESaISG_EEEEEvT_SL_                                                                                                                                        60            0

.xt.prop._ZNSt6vectorISt4pairIlS_INSt7__cxx119sub_matchIN9__gnu_cxx17__normal_iteratorIPKcNS1_12basic_stringIcSt11char_traitsIcESaIcEEEEEEESaISD_EEESaISG_EED2Ev                                                                                                                                                                   36            0

.xt.prop._ZNSt8__detail9_ExecutorIN9__gnu_cxx17__normal_iteratorIPKcNSt7__cxx1112basic_stringIcSt11char_traitsIcESaIcEEEEESaINS5_9sub_matchISB_EEENS5_12regex_traitsIcEELb0EED2Ev                                                                                                                                                  36            0

.xt.prop._ZNSt8__detail9_ExecutorIN9__gnu_cxx17__normal_iteratorIPKcNSt7__cxx1112basic_stringIcSt11char_traitsIcESaIcEEEEESaINS5_9sub_matchISB_EEENS5_12regex_traitsIcEELb0EEC2ESB_SB_RSt6vectorISD_SE_ERKNS5_11basic_regexIcSG_EENSt15regex_constants15match_flag_typeE                                                          132            0

.xt.prop._ZNSt6vectorINSt7__cxx119sub_matchIN9__gnu_cxx17__normal_iteratorIPKcNS0_12basic_stringIcSt11char_traitsIcESaIcEEEEEEESaISC_EEaSERKSE_                                                                                                                                                                                   156            0

.xt.prop._ZNSt8__detail8_ScannerIcE17_M_eat_escape_awkEv                                                                                                                                                                                                                                                                          156            0

.xt.prop._ZNSt8__detail8_ScannerIcE19_M_eat_escape_posixEv                                                                                                                                                                                                                                                                        144            0

.xt.prop._ZNSt8__detail8_ScannerIcE14_M_scan_normalEv                                                                                                                                                                                                                                                                             420            0

.xt.prop._ZNSt8__detail8_ScannerIcE16_M_scan_in_braceEv                                                                                                                                                                                                                                                                           156            0

.xt.prop._ZNSt6vectorIjSaIjEE17_M_realloc_insertIJRKjEEEvN9__gnu_cxx17__normal_iteratorIPjS1_EEDpOT_                                                                                                                                                                                                                               84            0

.xt.prop._ZNSt8__detail8_ScannerIcE12_M_eat_classEc                                                                                                                                                                                                                                                                               108            0

.xt.prop._ZNSt8__detail8_ScannerIcE18_M_scan_in_bracketEv                                                                                                                                                                                                                                                                         264            0

.xt.prop._ZNSt8__detail8_ScannerIcE10_M_advanceEv                                                                                                                                                                                                                                                                                 120            0

.xt.prop._ZNSt8__detail9_CompilerINSt7__cxx1112regex_traitsIcEEE14_M_match_tokenENS_12_ScannerBase7_TokenTE                                                                                                                                                                                                                        60            0

.xt.prop._ZNSt8functionIFbcEE4swapERS1_                                                                                                                                                                                                                                                                                            36            0

.xt.prop._ZNSt8__detail6_StateIcEC2EOS1_                                                                                                                                                                                                                                                                                           36            0

.xt.prop._ZZNSt8__detail9_CompilerINSt7__cxx1112regex_traitsIcEEE13_M_quantifierEvENKUlvE_clEv                                                                                                                                                                                                                                     72            0

.xt.prop._ZNSt8__detail16_Backref_matcherIN9__gnu_cxx17__normal_iteratorIPKcNSt7__cxx1112basic_stringIcSt11char_traitsIcESaIcEEEEENS5_12regex_traitsIcEEE8_M_applyESB_SB_SB_SB_                                                                                                                                                   144            0

.xt.prop._ZNSt8__detail9_CompilerINSt7__cxx1112regex_traitsIcEEE16_M_cur_int_valueEi                                                                                                                                                                                                                                              192            0

.xt.prop._ZNSt8__detail9_CompilerINSt7__cxx1112regex_traitsIcEEE11_M_try_charEv                                                                                                                                                                                                                                                    72            0

.xt.prop._ZNSt6vectorINSt7__cxx119sub_matchIN9__gnu_cxx17__normal_iteratorIPKcNS0_12basic_stringIcSt11char_traitsIcESaIcEEEEEEESaISC_EEC2ERKSE_                                                                                                                                                                                    72            0

.xt.prop._ZNSt6vectorISt4pairIlS_INSt7__cxx119sub_matchIN9__gnu_cxx17__normal_iteratorIPKcNS1_12basic_stringIcSt11char_traitsIcESaIcEEEEEEESaISD_EEESaISG_EE17_M_realloc_insertIJRlRKSF_EEEvNS4_IPSG_SI_EEDpOT_                                                                                                                   156            0

.xt.prop._ZNSt6vectorISt4pairIlS_INSt7__cxx119sub_matchIN9__gnu_cxx17__normal_iteratorIPKcNS1_12basic_stringIcSt11char_traitsIcESaIcEEEEEEESaISD_EEESaISG_EE12emplace_backIJRlRKSF_EEEvDpOT_                                                                                                                                       60            0

.xt.prop._ZNKSt8functionIFbcEEclEc                                                                                                                                                                                                                                                                                                 48            0

.xt.prop._ZNKSt7__cxx1112regex_traitsIcE10_RegexMaskeqES2_                                                                                                                                                                                                                                                                         48            0

.xt.prop._ZNSt11_Deque_baseIlSaIlEED2Ev                                                                                                                                                                                                                                                                                            60            0

.xt.prop._ZNSt5dequeIlSaIlEED2Ev                                                                                                                                                                                                                                                                                                   36            0

.xt.prop._ZNSt5dequeIlSaIlEE8pop_backEv                                                                                                                                                                                                                                                                                            60            0

.xt.prop._ZNSt5dequeINSt8__detail9_StateSeqINSt7__cxx1112regex_traitsIcEEEESaIS5_EE22_M_reserve_map_at_backEj                                                                                                                                                                                                                     132            0

.xt.prop._ZNSt5dequeINSt8__detail9_StateSeqINSt7__cxx1112regex_traitsIcEEEESaIS5_EE9push_backERKS5_                                                                                                                                                                                                                                60            0

.xt.prop._ZNSt5dequeINSt8__detail9_StateSeqINSt7__cxx1112regex_traitsIcEEEESaIS5_EE12emplace_backIJS5_EEEvDpOT_                                                                                                                                                                                                                    60            0

.xt.prop._ZNKSt7__cxx1112regex_traitsIcE16lookup_classnameIPKcEENS1_10_RegexMaskET_S6_b                                                                                                                                                                                                                                           168            0

.xt.prop._ZNKSt7__cxx1112regex_traitsIcE7isctypeEcNS1_10_RegexMaskE                                                                                                                                                                                                                                                                84            0

.xt.prop._ZNKSt8__detail9_ExecutorIN9__gnu_cxx17__normal_iteratorIPKcNSt7__cxx1112basic_stringIcSt11char_traitsIcESaIcEEEEESaINS5_9sub_matchISB_EEENS5_12regex_traitsIcEELb0EE10_M_is_wordEc                                                                                                                                       48            0

.xt.prop._ZNKSt8__detail9_ExecutorIN9__gnu_cxx17__normal_iteratorIPKcNSt7__cxx1112basic_stringIcSt11char_traitsIcESaIcEEEEESaINS5_9sub_matchISB_EEENS5_12regex_traitsIcEELb0EE16_M_word_boundaryEv                                                                                                                                 60            0

.xt.prop._ZNSt8__detail9_ExecutorIN9__gnu_cxx17__normal_iteratorIPKcNSt7__cxx1112basic_stringIcSt11char_traitsIcESaIcEEEEESaINS5_9sub_matchISB_EEENS5_12regex_traitsIcEELb0EE6_M_dfsENSH_11_Match_modeEl                                                                                                                          408            0

.xt.prop._ZNSt8__detail9_ExecutorIN9__gnu_cxx17__normal_iteratorIPKcNSt7__cxx1112basic_stringIcSt11char_traitsIcESaIcEEEEESaINS5_9sub_matchISB_EEENS5_12regex_traitsIcEELb0EE16_M_main_dispatchENSH_11_Match_modeESt17integral_constantIbLb0EE                                                                                    132            0

.xt.prop._ZNSt8__detail9_ExecutorIN9__gnu_cxx17__normal_iteratorIPKcNSt7__cxx1112basic_stringIcSt11char_traitsIcESaIcEEEEESaINS5_9sub_matchISB_EEENS5_12regex_traitsIcEELb0EE12_M_lookaheadEl                                                                                                                                     120            0

.xt.prop._ZNSt8__detail9_ExecutorIN9__gnu_cxx17__normal_iteratorIPKcNSt7__cxx1112basic_stringIcSt11char_traitsIcESaIcEEEEESaINS5_9sub_matchISB_EEENS5_12regex_traitsIcEELb0EE16_M_rep_once_moreENSH_11_Match_modeEl                                                                                                                72            0

.xt.prop._ZNKSt8__detail9_ExecutorIN9__gnu_cxx17__normal_iteratorIPKcNSt7__cxx1112basic_stringIcSt11char_traitsIcESaIcEEEEESaINS5_9sub_matchISB_EEENS5_12regex_traitsIcEELb1EE10_M_is_wordEc                                                                                                                                       48            0

.xt.prop._ZNSt8__detail9_ExecutorIN9__gnu_cxx17__normal_iteratorIPKcNSt7__cxx1112basic_stringIcSt11char_traitsIcESaIcEEEEESaINS5_9sub_matchISB_EEENS5_12regex_traitsIcEELb1EE23_M_handle_word_boundaryENSH_11_Match_modeEl                                                                                                         60            0

.xt.prop._ZNSt8__detail9_ExecutorIN9__gnu_cxx17__normal_iteratorIPKcNSt7__cxx1112basic_stringIcSt11char_traitsIcESaIcEEEEESaINS5_9sub_matchISB_EEENS5_12regex_traitsIcEELb1EE6_M_dfsENSH_11_Match_modeEl                                                                                                                          456            0

.xt.prop._ZNSt8__detail9_ExecutorIN9__gnu_cxx17__normal_iteratorIPKcNSt7__cxx1112basic_stringIcSt11char_traitsIcESaIcEEEEESaINS5_9sub_matchISB_EEENS5_12regex_traitsIcEELb1EE16_M_rep_once_moreENSH_11_Match_modeEl                                                                                                                72            0

.xt.prop._ZNSt8__detail9_ExecutorIN9__gnu_cxx17__normal_iteratorIPKcNSt7__cxx1112basic_stringIcSt11char_traitsIcESaIcEEEEESaINS5_9sub_matchISB_EEENS5_12regex_traitsIcEELb1EE12_M_lookaheadEl                                                                                                                                     120            0

.xt.prop._ZNSt8__detail17__regex_algo_implIN9__gnu_cxx17__normal_iteratorIPKcNSt7__cxx1112basic_stringIcSt11char_traitsIcESaIcEEEEESaINS5_9sub_matchISB_EEEcNS5_12regex_traitsIcEELNS_20_RegexExecutorPolicyE0ELb0EEEbT_SI_RNS5_13match_resultsISI_T0_EERKNS5_11basic_regexIT1_T2_EENSt15regex_constants15match_flag_typeE        240            0

.xt.prop._ZNKSt8__detail20_RegexTranslatorBaseINSt7__cxx1112regex_traitsIcEELb1ELb0EE12_M_translateEc                                                                                                                                                                                                                              36            0

.xt.prop._ZNSt17_Function_handlerIFbcENSt8__detail11_AnyMatcherINSt7__cxx1112regex_traitsIcEELb0ELb1ELb0EEEE9_M_invokeERKSt9_Any_dataOc                                                                                                                                                                                            84            0

.xt.prop._ZNSt17_Function_handlerIFbcENSt8__detail12_CharMatcherINSt7__cxx1112regex_traitsIcEELb1ELb0EEEE9_M_invokeERKSt9_Any_dataOc                                                                                                                                                                                               36            0

.xt.prop._ZNSt17_Function_handlerIFbcENSt8__detail11_AnyMatcherINSt7__cxx1112regex_traitsIcEELb1ELb1ELb0EEEE9_M_invokeERKSt9_Any_dataOc                                                                                                                                                                                            36            0

.xt.prop._ZNKSt8__detail20_RegexTranslatorBaseINSt7__cxx1112regex_traitsIcEELb1ELb1EE12_M_translateEc                                                                                                                                                                                                                              36            0

.xt.prop._ZNSt17_Function_handlerIFbcENSt8__detail11_AnyMatcherINSt7__cxx1112regex_traitsIcEELb0ELb1ELb1EEEE9_M_invokeERKSt9_Any_dataOc                                                                                                                                                                                            84            0

.xt.prop._ZNSt17_Function_handlerIFbcENSt8__detail12_CharMatcherINSt7__cxx1112regex_traitsIcEELb1ELb1EEEE9_M_invokeERKSt9_Any_dataOc                                                                                                                                                                                               36            0

.xt.prop._ZNSt17_Function_handlerIFbcENSt8__detail11_AnyMatcherINSt7__cxx1112regex_traitsIcEELb1ELb1ELb1EEEE9_M_invokeERKSt9_Any_dataOc                                                                                                                                                                                            36            0

.xt.prop._ZNSt12_Base_bitsetILj8EEC2Ev                                                                                                                                                                                                                                                                                             36            0

.xt.prop._ZNSt12_Vector_baseIcSaIcEED2Ev                                                                                                                                                                                                                                                                                           36            0

.xt.prop._ZNSt7__cxx1112regex_traitsIcE10_RegexMaskoRES2_                                                                                                                                                                                                                                                                          36            0

.xt.prop._ZNSt12_Vector_baseIcSaIcEEC2EOS1_                                                                                                                                                                                                                                                                                        36            0

.xt.prop._ZNSt12_Vector_baseINSt7__cxx1112basic_stringIcSt11char_traitsIcESaIcEEESaIS5_EEC2EOS7_                                                                                                                                                                                                                                   36            0

.xt.prop._ZNSt12_Vector_baseINSt7__cxx1112regex_traitsIcE10_RegexMaskESaIS3_EEC2EOS5_                                                                                                                                                                                                                                              36            0

.xt.prop._ZNSt8__detail15_BracketMatcherINSt7__cxx1112regex_traitsIcEELb0ELb0EEC2EOS4_                                                                                                                                                                                                                                             48            0

.xt.prop._ZNSt8functionIFbcEEC2INSt8__detail15_BracketMatcherINSt7__cxx1112regex_traitsIcEELb0ELb0EEEvvEET_                                                                                                                                                                                                                        72            0

.xt.prop._ZNSt8__detail15_BracketMatcherINSt7__cxx1112regex_traitsIcEELb1ELb0EEC2EOS4_                                                                                                                                                                                                                                             36            0

.xt.prop._ZNSt8functionIFbcEEC2INSt8__detail15_BracketMatcherINSt7__cxx1112regex_traitsIcEELb1ELb0EEEvvEET_                                                                                                                                                                                                                        72            0

.xt.prop._ZNSt8__detail15_BracketMatcherINSt7__cxx1112regex_traitsIcEELb0ELb1EEC2EOS4_                                                                                                                                                                                                                                             36            0

.xt.prop._ZNSt8functionIFbcEEC2INSt8__detail15_BracketMatcherINSt7__cxx1112regex_traitsIcEELb0ELb1EEEvvEET_                                                                                                                                                                                                                        72            0

.xt.prop._ZNSt8__detail15_BracketMatcherINSt7__cxx1112regex_traitsIcEELb1ELb1EEC2EOS4_                                                                                                                                                                                                                                             36            0

.xt.prop._ZNSt8functionIFbcEEC2INSt8__detail15_BracketMatcherINSt7__cxx1112regex_traitsIcEELb1ELb1EEEvvEET_                                                                                                                                                                                                                        72            0

.xt.prop._ZNSt8_Rb_treeIlSt4pairIKllESt10_Select1stIS2_ESt4lessIlESaIS2_EE8_M_eraseEPSt13_Rb_tree_nodeIS2_E                                                                                                                                                                                                                        60            0

.xt.prop._ZNSt8functionIFbcEEC2ERKS1_                                                                                                                                                                                                                                                                                              60            0

.xt.prop._ZNKSt8_Rb_treeIlSt4pairIKllESt10_Select1stIS2_ESt4lessIlESaIS2_EE4findERS1_                                                                                                                                                                                                                                              96            0

.xt.prop._ZNSt11_Deque_baseIlSaIlEEC2Ev                                                                                                                                                                                                                                                                                            84            0

.xt.prop._ZNSt5dequeIlSaIlEE16_M_push_back_auxIJRKlEEEvDpOT_                                                                                                                                                                                                                                                                      132            0

.xt.prop._ZNSt5dequeIlSaIlEE9push_backERKl                                                                                                                                                                                                                                                                                         60            0

.xt.prop._ZNSt15_Deque_iteratorIlRlPlEmmEv                                                                                                                                                                                                                                                                                         48            0

.xt.prop._ZNSt12_Destroy_auxILb0EE9__destroyIPNSt8__detail6_StateIcEEEEvT_S6_                                                                                                                                                                                                                                                      60            0

.xt.prop._ZNSt23_Sp_counted_ptr_inplaceINSt8__detail4_NFAINSt7__cxx1112regex_traitsIcEEEESaIS5_ELN9__gnu_cxx12_Lock_policyE2EE10_M_disposeEv                                                                                                                                                                                       36            0

.xt.prop._ZNSt6vectorINSt7__cxx1112regex_traitsIcE10_RegexMaskESaIS3_EE17_M_realloc_insertIJRKS3_EEEvN9__gnu_cxx17__normal_iteratorIPS3_S5_EEDpOT_                                                                                                                                                                                120            0

.xt.prop._ZNSt6vectorINSt7__cxx1112regex_traitsIcE10_RegexMaskESaIS3_EE9push_backERKS3_                                                                                                                                                                                                                                            60            0

.xt.prop._ZNSt8__detail15_BracketMatcherINSt7__cxx1112regex_traitsIcEELb0ELb0EE22_M_add_character_classERKNS1_12basic_stringIcSt11char_traitsIcESaIcEEEb                                                                                                                                                                           96            0

.xt.prop._ZNSt8__detail15_BracketMatcherINSt7__cxx1112regex_traitsIcEELb0ELb1EE22_M_add_character_classERKNS1_12basic_stringIcSt11char_traitsIcESaIcEEEb                                                                                                                                                                           84            0

.xt.prop._ZNSt8__detail15_BracketMatcherINSt7__cxx1112regex_traitsIcEELb1ELb0EE22_M_add_character_classERKNS1_12basic_stringIcSt11char_traitsIcESaIcEEEb                                                                                                                                                                           84            0

.xt.prop._ZNSt8__detail15_BracketMatcherINSt7__cxx1112regex_traitsIcEELb1ELb1EE22_M_add_character_classERKNS1_12basic_stringIcSt11char_traitsIcESaIcEEEb                                                                                                                                                                           84            0

.xt.prop._ZSt8__uniqueIN9__gnu_cxx17__normal_iteratorIPcSt6vectorIcSaIcEEEENS0_5__ops19_Iter_equal_to_iterEET_S9_S9_T0_                                                                                                                                                                                                           108            0

.xt.prop._ZNSt6vectorIcSaIcEE8_M_eraseEN9__gnu_cxx17__normal_iteratorIPcS1_EES5_                                                                                                                                                                                                                                                   36            0

.xt.prop._ZNSt6bitsetILj256EE9referenceaSEb                                                                                                                                                                                                                                                                                        60            0

.xt.prop._ZNSt4pairINSt7__cxx1112basic_stringIcSt11char_traitsIcESaIcEEES5_ED2Ev                                                                                                                                                                                                                                                   36            0

.xt.prop._ZNSt20__uninitialized_copyILb0EE13__uninit_copyIPKNSt8__detail6_StateIcEEPS4_EET0_T_S9_S8_                                                                                                                                                                                                                              132            0

.xt.prop._ZNSt6vectorINSt8__detail6_StateIcEESaIS2_EE17_M_realloc_insertIJS2_EEEvN9__gnu_cxx17__normal_iteratorIPS2_S4_EEDpOT_                                                                                                                                                                                                    168            0

.xt.prop._ZNSt8__detail4_NFAINSt7__cxx1112regex_traitsIcEEE15_M_insert_stateENS_6_StateIcEE                                                                                                                                                                                                                                        72            0

.xt.prop._ZNSt8__detail4_NFAINSt7__cxx1112regex_traitsIcEEE17_M_insert_matcherESt8functionIFbcEE                                                                                                                                                                                                                                   72            0

.xt.prop._ZNSt8__detail9_CompilerINSt7__cxx1112regex_traitsIcEEE22_M_insert_char_matcherILb1ELb0EEEvv                                                                                                                                                                                                                              72            0

.xt.prop._ZNSt8__detail9_CompilerINSt7__cxx1112regex_traitsIcEEE22_M_insert_char_matcherILb1ELb1EEEvv                                                                                                                                                                                                                              72            0

.xt.prop._ZNSt8__detail4_NFAINSt7__cxx1112regex_traitsIcEEE17_M_insert_backrefEj                                                                                                                                                                                                                                                  108            0

.xt.prop._ZNSt8__detail4_NFAINSt7__cxx1112regex_traitsIcEEE16_M_insert_repeatEllb                                                                                                                                                                                                                                                  72            0

.xt.prop._ZNSt8__detail4_NFAINSt7__cxx1112regex_traitsIcEEE15_M_insert_dummyEv                                                                                                                                                                                                                                                     72            0

.xt.prop._ZNSt8__detail4_NFAINSt7__cxx1112regex_traitsIcEEE21_M_insert_subexpr_endEv                                                                                                                                                                                                                                               72            0

.xt.prop._ZNSt8__detail4_NFAINSt7__cxx1112regex_traitsIcEEE16_M_insert_acceptEv                                                                                                                                                                                                                                                    72            0

.xt.prop._ZNSt8__detail4_NFAINSt7__cxx1112regex_traitsIcEEE23_M_insert_subexpr_beginEv                                                                                                                                                                                                                                            120            0

.xt.prop._ZNSt12_Destroy_auxILb0EE9__destroyIPNSt7__cxx1112basic_stringIcSt11char_traitsIcESaIcEEEEEvT_S9_                                                                                                                                                                                                                         60            0

.xt.prop._ZNSt8__detail15_BracketMatcherINSt7__cxx1112regex_traitsIcEELb0ELb0EED2Ev                                                                                                                                                                                                                                                36            0

.xt.prop._ZNSt8__detail15_BracketMatcherINSt7__cxx1112regex_traitsIcEELb1ELb0EED2Ev                                                                                                                                                                                                                                                36            0

.xt.prop._ZNSt8__detail15_BracketMatcherINSt7__cxx1112regex_traitsIcEELb0ELb1EED2Ev                                                                                                                                                                                                                                                36            0

.xt.prop._ZNSt8__detail15_BracketMatcherINSt7__cxx1112regex_traitsIcEELb1ELb1EED2Ev                                                                                                                                                                                                                                                36            0

.xt.prop._ZSt13binary_searchIN9__gnu_cxx17__normal_iteratorIPKcSt6vectorIcSaIcEEEEcEbT_S8_RKT0_                                                                                                                                                                                                                                    84            0

.xt.prop._ZNKSt7__cxx1112regex_traitsIcE17transform_primaryIPKcEENS_12basic_stringIcSt11char_traitsIcESaIcEEET_SA_                                                                                                                                                                                                                180            0

.xt.prop._ZNSt6vectorIcSaIcEEC2ERKS1_                                                                                                                                                                                                                                                                                              36            0

.xt.prop._ZNSt6vectorINSt7__cxx1112basic_stringIcSt11char_traitsIcESaIcEEESaIS5_EEC2ERKS7_                                                                                                                                                                                                                                        144            0

.xt.prop._ZNSt6vectorISt4pairIccESaIS1_EEC2ERKS3_                                                                                                                                                                                                                                                                                  96            0

.xt.prop._ZNSt6vectorINSt7__cxx1112regex_traitsIcE10_RegexMaskESaIS3_EEC2ERKS5_                                                                                                                                                                                                                                                    96            0

.xt.prop._ZNSt14_Function_base13_Base_managerINSt8__detail15_BracketMatcherINSt7__cxx1112regex_traitsIcEELb0ELb0EEEE10_M_managerERSt9_Any_dataRKS8_St18_Manager_operation                                                                                                                                                         180            0

.xt.prop._ZNSt14_Function_base13_Base_managerINSt8__detail15_BracketMatcherINSt7__cxx1112regex_traitsIcEELb1ELb0EEEE10_M_managerERSt9_Any_dataRKS8_St18_Manager_operation                                                                                                                                                         180            0

.xt.prop._ZNSt6vectorISt4pairINSt7__cxx1112basic_stringIcSt11char_traitsIcESaIcEEES6_ESaIS7_EEC2ERKS9_                                                                                                                                                                                                                            204            0

.xt.prop._ZNSt14_Function_base13_Base_managerINSt8__detail15_BracketMatcherINSt7__cxx1112regex_traitsIcEELb0ELb1EEEE10_M_managerERSt9_Any_dataRKS8_St18_Manager_operation                                                                                                                                                         180            0

.xt.prop._ZNSt14_Function_base13_Base_managerINSt8__detail15_BracketMatcherINSt7__cxx1112regex_traitsIcEELb1ELb1EEEE10_M_managerERSt9_Any_dataRKS8_St18_Manager_operation                                                                                                                                                         180            0

.xt.prop._ZNKSt7__cxx1112regex_traitsIcE18lookup_collatenameIPKcEENS_12basic_stringIcSt11char_traitsIcESaIcEEET_SA_                                                                                                                                                                                                               156            0

.xt.prop._ZNSt6vectorIcSaIcEE12emplace_backIJcEEEvDpOT_                                                                                                                                                                                                                                                                            96            0

.xt.prop._ZNSt8__detail15_BracketMatcherINSt7__cxx1112regex_traitsIcEELb1ELb0EE11_M_add_charEc                                                                                                                                                                                                                                     36            0

.xt.prop._ZZNSt8__detail9_CompilerINSt7__cxx1112regex_traitsIcEEE18_M_expression_termILb1ELb0EEEbRSt4pairIbcERNS_15_BracketMatcherIS3_XT_EXT0_EEEENKUlcE_clEc                                                                                                                                                                      60            0

.xt.prop._ZZNSt8__detail9_CompilerINSt7__cxx1112regex_traitsIcEEE18_M_expression_termILb1ELb0EEEbRSt4pairIbcERNS_15_BracketMatcherIS3_XT_EXT0_EEEENKUlvE0_clEv                                                                                                                                                                     36            0

.xt.prop._ZNSt8__detail15_BracketMatcherINSt7__cxx1112regex_traitsIcEELb1ELb1EE11_M_add_charEc                                                                                                                                                                                                                                     36            0

.xt.prop._ZZNSt8__detail9_CompilerINSt7__cxx1112regex_traitsIcEEE18_M_expression_termILb1ELb1EEEbRSt4pairIbcERNS_15_BracketMatcherIS3_XT_EXT0_EEEENKUlcE_clEc                                                                                                                                                                      60            0

.xt.prop._ZZNSt8__detail9_CompilerINSt7__cxx1112regex_traitsIcEEE18_M_expression_termILb1ELb1EEEbRSt4pairIbcERNS_15_BracketMatcherIS3_XT_EXT0_EEEENKUlvE0_clEv                                                                                                                                                                     36            0

.xt.prop._ZZNSt8__detail9_CompilerINSt7__cxx1112regex_traitsIcEEE18_M_expression_termILb0ELb0EEEbRSt4pairIbcERNS_15_BracketMatcherIS3_XT_EXT0_EEEENKUlvE0_clEv                                                                                                                                                                     36            0

.xt.prop._ZZNSt8__detail9_CompilerINSt7__cxx1112regex_traitsIcEEE18_M_expression_termILb0ELb1EEEbRSt4pairIbcERNS_15_BracketMatcherIS3_XT_EXT0_EEEENKUlvE0_clEv                                                                                                                                                                     36            0

.xt.prop._ZZNSt8__detail9_CompilerINSt7__cxx1112regex_traitsIcEEE18_M_expression_termILb0ELb0EEEbRSt4pairIbcERNS_15_BracketMatcherIS3_XT_EXT0_EEEENKUlcE_clEc                                                                                                                                                                      60            0

.xt.prop._ZZNSt8__detail9_CompilerINSt7__cxx1112regex_traitsIcEEE18_M_expression_termILb0ELb1EEEbRSt4pairIbcERNS_15_BracketMatcherIS3_XT_EXT0_EEEENKUlcE_clEc                                                                                                                                                                      60            0

.xt.prop._ZNSt4pairINSt7__cxx1112basic_stringIcSt11char_traitsIcESaIcEEES5_EC2EOS6_                                                                                                                                                                                                                                                36            0

.xt.prop._ZNSt8_Rb_treeIlSt4pairIKllESt10_Select1stIS2_ESt4lessIlESaIS2_EE24_M_get_insert_unique_posERS1_                                                                                                                                                                                                                         168            0

.xt.prop._ZNSt8_Rb_treeIlSt4pairIKllESt10_Select1stIS2_ESt4lessIlESaIS2_EE29_M_get_insert_hint_unique_posESt23_Rb_tree_const_iteratorIS2_ERS1_                                                                                                                                                                                    228            0

.xt.prop._ZNSt3mapIllSt4lessIlESaISt4pairIKllEEEixERS3_                                                                                                                                                                                                                                                                           144            0

.xt.prop._ZNSt8__detail9_StateSeqINSt7__cxx1112regex_traitsIcEEE8_M_cloneEv                                                                                                                                                                                                                                                       288            0

.xt.prop._ZNSt8__detail9_CompilerINSt7__cxx1112regex_traitsIcEEE13_M_quantifierEv                                                                                                                                                                                                                                                 324            0

.xt.prop._ZSt16__insertion_sortIN9__gnu_cxx17__normal_iteratorIPcSt6vectorIcSaIcEEEENS0_5__ops15_Iter_less_iterEEvT_S9_T0_                                                                                                                                                                                                        108            0

.xt.prop._ZNKSt6bitsetILj256EE15_Unchecked_testEj                                                                                                                                                                                                                                                                                  36            0

.xt.prop._ZNSt17_Function_handlerIFbcENSt8__detail15_BracketMatcherINSt7__cxx1112regex_traitsIcEELb0ELb0EEEE9_M_invokeERKSt9_Any_dataOc                                                                                                                                                                                            48            0

.xt.prop._ZNSt17_Function_handlerIFbcENSt8__detail15_BracketMatcherINSt7__cxx1112regex_traitsIcEELb0ELb1EEEE9_M_invokeERKSt9_Any_dataOc                                                                                                                                                                                            36            0

.xt.prop._ZNSt17_Function_handlerIFbcENSt8__detail15_BracketMatcherINSt7__cxx1112regex_traitsIcEELb1ELb0EEEE9_M_invokeERKSt9_Any_dataOc                                                                                                                                                                                            36            0

.xt.prop._ZNSt17_Function_handlerIFbcENSt8__detail15_BracketMatcherINSt7__cxx1112regex_traitsIcEELb1ELb1EEEE9_M_invokeERKSt9_Any_dataOc                                                                                                                                                                                            36            0

.xt.prop._ZNKSt7__cxx1112regex_traitsIcE9transformIN9__gnu_cxx17__normal_iteratorIPcNS_12basic_stringIcSt11char_traitsIcESaIcEEEEEEESA_T_SC_                                                                                                                                                                                       72            0

.xt.prop._ZNKSt8__detail20_RegexTranslatorBaseINSt7__cxx1112regex_traitsIcEELb0ELb1EE12_M_transformEc                                                                                                                                                                                                                              72            0

.xt.prop._ZNKSt8__detail20_RegexTranslatorBaseINSt7__cxx1112regex_traitsIcEELb1ELb1EE12_M_transformEc                                                                                                                                                                                                                              72            0

.xt.prop._ZNSt6vectorINSt7__cxx1112basic_stringIcSt11char_traitsIcESaIcEEESaIS5_EE17_M_realloc_insertIJRKS5_EEEvN9__gnu_cxx17__normal_iteratorIPS5_S7_EEDpOT_                                                                                                                                                                     192            0

.xt.prop._ZNSt6vectorINSt7__cxx1112basic_stringIcSt11char_traitsIcESaIcEEESaIS5_EE9push_backERKS5_                                                                                                                                                                                                                                 60            0

.xt.prop._ZNSt8__detail15_BracketMatcherINSt7__cxx1112regex_traitsIcEELb0ELb0EE24_M_add_equivalence_classERKNS1_12basic_stringIcSt11char_traitsIcESaIcEEE                                                                                                                                                                          96            0

.xt.prop._ZNSt8__detail15_BracketMatcherINSt7__cxx1112regex_traitsIcEELb0ELb1EE24_M_add_equivalence_classERKNS1_12basic_stringIcSt11char_traitsIcESaIcEEE                                                                                                                                                                          84            0

.xt.prop._ZNSt8__detail15_BracketMatcherINSt7__cxx1112regex_traitsIcEELb1ELb0EE24_M_add_equivalence_classERKNS1_12basic_stringIcSt11char_traitsIcESaIcEEE                                                                                                                                                                          84            0

.xt.prop._ZNSt8__detail15_BracketMatcherINSt7__cxx1112regex_traitsIcEELb1ELb1EE24_M_add_equivalence_classERKNS1_12basic_stringIcSt11char_traitsIcESaIcEEE                                                                                                                                                                          84            0

.xt.prop._ZNSt6vectorISt4pairIccESaIS1_EE17_M_realloc_insertIJS1_EEEvN9__gnu_cxx17__normal_iteratorIPS1_S3_EEDpOT_                                                                                                                                                                                                                120            0

.xt.prop._ZNSt6vectorISt4pairIccESaIS1_EE12emplace_backIJS1_EEEvDpOT_                                                                                                                                                                                                                                                              60            0

.xt.prop._ZNSt8__detail15_BracketMatcherINSt7__cxx1112regex_traitsIcEELb0ELb0EE13_M_make_rangeEcc                                                                                                                                                                                                                                  48            0

.xt.prop._ZNSt8__detail9_CompilerINSt7__cxx1112regex_traitsIcEEE18_M_expression_termILb0ELb0EEEbRSt4pairIbcERNS_15_BracketMatcherIS3_XT_EXT0_EEE                                                                                                                                                                                  360            0

.xt.prop._ZNSt8__detail15_BracketMatcherINSt7__cxx1112regex_traitsIcEELb1ELb0EE13_M_make_rangeEcc                                                                                                                                                                                                                                  48            0

.xt.prop._ZNSt8__detail9_CompilerINSt7__cxx1112regex_traitsIcEEE18_M_expression_termILb1ELb0EEEbRSt4pairIbcERNS_15_BracketMatcherIS3_XT_EXT0_EEE                                                                                                                                                                                  360            0

.xt.prop._ZNSt6vectorISt4pairINSt7__cxx1112basic_stringIcSt11char_traitsIcESaIcEEES6_ESaIS7_EE17_M_realloc_insertIJS7_EEEvN9__gnu_cxx17__normal_iteratorIPS7_S9_EEDpOT_                                                                                                                                                           144            0

.xt.prop._ZNSt6vectorISt4pairINSt7__cxx1112basic_stringIcSt11char_traitsIcESaIcEEES6_ESaIS7_EE12emplace_backIJS7_EEEvDpOT_                                                                                                                                                                                                         60            0

.xt.prop._ZNSt8__detail15_BracketMatcherINSt7__cxx1112regex_traitsIcEELb0ELb1EE13_M_make_rangeEcc                                                                                                                                                                                                                                 108            0

.xt.prop._ZNSt8__detail9_CompilerINSt7__cxx1112regex_traitsIcEEE18_M_expression_termILb0ELb1EEEbRSt4pairIbcERNS_15_BracketMatcherIS3_XT_EXT0_EEE                                                                                                                                                                                  372            0

.xt.prop._ZNSt8__detail15_BracketMatcherINSt7__cxx1112regex_traitsIcEELb1ELb1EE13_M_make_rangeEcc                                                                                                                                                                                                                                 108            0

.xt.prop._ZNSt8__detail9_CompilerINSt7__cxx1112regex_traitsIcEEE18_M_expression_termILb1ELb1EEEbRSt4pairIbcERNS_15_BracketMatcherIS3_XT_EXT0_EEE                                                                                                                                                                                  360            0

.xt.prop._ZSt13__adjust_heapIN9__gnu_cxx17__normal_iteratorIPcSt6vectorIcSaIcEEEEicNS0_5__ops15_Iter_less_iterEEvT_T0_SA_T1_T2_                                                                                                                                                                                                    84            0

.xt.prop._ZSteqIcEN9__gnu_cxx11__enable_ifIXsrSt9__is_charIT_E7__valueEbE6__typeERKNSt7__cxx1112basic_stringIS3_St11char_traitsIS3_ESaIS3_EEESE_                                                                                                                                                                                   48            0

.xt.prop._ZSt9__find_ifIN9__gnu_cxx17__normal_iteratorIPKNSt7__cxx1112basic_stringIcSt11char_traitsIcESaIcEEESt6vectorIS7_SaIS7_EEEENS0_5__ops16_Iter_equals_valIS8_EEET_SH_SH_T0_St26random_access_iterator_tag                                                                                                                  144            0

.xt.prop._ZZNKSt8__detail15_BracketMatcherINSt7__cxx1112regex_traitsIcEELb1ELb1EE8_M_applyEcSt17integral_constantIbLb0EEENKUlvE_clEv                                                                                                                                                                                              180            0

.xt.prop._ZNSt8__detail15_BracketMatcherINSt7__cxx1112regex_traitsIcEELb1ELb1EE8_M_readyEv                                                                                                                                                                                                                                         60            0

.xt.prop._ZNSt8__detail9_CompilerINSt7__cxx1112regex_traitsIcEEE33_M_insert_character_class_matcherILb1ELb1EEEvv                                                                                                                                                                                                                  120            0

.xt.prop._ZNSt8__detail9_CompilerINSt7__cxx1112regex_traitsIcEEE25_M_insert_bracket_matcherILb1ELb1EEEvb                                                                                                                                                                                                                          216            0

.xt.prop._ZZNKSt8__detail15_BracketMatcherINSt7__cxx1112regex_traitsIcEELb0ELb0EE8_M_applyEcSt17integral_constantIbLb0EEENKUlvE_clEv                                                                                                                                                                                              120            0

.xt.prop._ZNSt8__detail15_BracketMatcherINSt7__cxx1112regex_traitsIcEELb0ELb0EE8_M_readyEv                                                                                                                                                                                                                                         48            0

.xt.prop._ZNSt8__detail9_CompilerINSt7__cxx1112regex_traitsIcEEE33_M_insert_character_class_matcherILb0ELb0EEEvv                                                                                                                                                                                                                  108            0

.xt.prop._ZNSt8__detail9_CompilerINSt7__cxx1112regex_traitsIcEEE25_M_insert_bracket_matcherILb0ELb0EEEvb                                                                                                                                                                                                                          168            0

.xt.prop._ZZNKSt8__detail15_BracketMatcherINSt7__cxx1112regex_traitsIcEELb1ELb0EE8_M_applyEcSt17integral_constantIbLb0EEENKUlvE_clEv                                                                                                                                                                                              156            0

.xt.prop._ZNSt8__detail15_BracketMatcherINSt7__cxx1112regex_traitsIcEELb1ELb0EE8_M_readyEv                                                                                                                                                                                                                                         48            0

.xt.prop._ZNSt8__detail9_CompilerINSt7__cxx1112regex_traitsIcEEE33_M_insert_character_class_matcherILb1ELb0EEEvv                                                                                                                                                                                                                  108            0

.xt.prop._ZNSt8__detail9_CompilerINSt7__cxx1112regex_traitsIcEEE25_M_insert_bracket_matcherILb1ELb0EEEvb                                                                                                                                                                                                                          216            0

.xt.prop._ZZNKSt8__detail15_BracketMatcherINSt7__cxx1112regex_traitsIcEELb0ELb1EE8_M_applyEcSt17integral_constantIbLb0EEENKUlvE_clEv                                                                                                                                                                                              120            0

.xt.prop._ZNSt8__detail15_BracketMatcherINSt7__cxx1112regex_traitsIcEELb0ELb1EE8_M_readyEv                                                                                                                                                                                                                                         48            0

.xt.prop._ZNSt8__detail9_CompilerINSt7__cxx1112regex_traitsIcEEE33_M_insert_character_class_matcherILb0ELb1EEEvv                                                                                                                                                                                                                  108            0

.xt.prop._ZNSt8__detail9_CompilerINSt7__cxx1112regex_traitsIcEEE25_M_insert_bracket_matcherILb0ELb1EEEvb                                                                                                                                                                                                                          168            0

.xt.prop._ZNSt8__detail9_CompilerINSt7__cxx1112regex_traitsIcEEE21_M_bracket_expressionEv                                                                                                                                                                                                                                         144            0

.xt.prop._ZNSt8__detail9_CompilerINSt7__cxx1112regex_traitsIcEEE7_M_atomEv                                                                                                                                                                                                                                                        768            0

.xt.prop._ZNSt8__detail9_CompilerINSt7__cxx1112regex_traitsIcEEE14_M_alternativeEv                                                                                                                                                                                                                                                 72            0

.xt.prop._ZNSt8__detail9_CompilerINSt7__cxx1112regex_traitsIcEEE14_M_disjunctionEv                                                                                                                                                                                                                                                108            0

.xt.prop._ZNSt8__detail9_CompilerINSt7__cxx1112regex_traitsIcEEEC2EPKcS6_RKSt6localeNSt15regex_constants18syntax_option_typeE                                                                                                                                                                                                     420            0

.xt.prop._ZNSt8__detail9_CompilerINSt7__cxx1112regex_traitsIcEEE12_M_assertionEv                                                                                                                                                                                                                                                  228            0

.xt.prop._ZTISt9exception                                                                                                                                                                                                                                                                                                          12            0

.xt.prop._ZTISt13runtime_error                                                                                                                                                                                                                                                                                                     12            0

.xt.prop._ZTISt11regex_error                                                                                                                                                                                                                                                                                                       12            0

.xt.prop._ZTV23AsyncCallbackWebHandler                                                                                                                                                                                                                                                                                             12            0

.xt.prop._ZTVSt23_Sp_counted_ptr_inplaceINSt8__detail4_NFAINSt7__cxx1112regex_traitsIcEEEESaIS5_ELN9__gnu_cxx12_Lock_policyE2EE                                                                                                                                                                                                    12            0

.xt.prop._ZZNKSt7__cxx1112regex_traitsIcE18lookup_collatenameIPKcEENS_12basic_stringIcSt11char_traitsIcESaIcEEET_SA_E14__collatenames                                                                                                                                                                                              12            0

.xt.prop._ZGVZNKSt8__detail11_AnyMatcherINSt7__cxx1112regex_traitsIcEELb0ELb1ELb1EEclEcE5__nul                                                                                                                                                                                                                                     12            0

.xt.prop._ZGVZNKSt8__detail11_AnyMatcherINSt7__cxx1112regex_traitsIcEELb0ELb1ELb0EEclEcE5__nul                                                                                                                                                                                                                                     12            0

.xt.prop._ZGVZNKSt8__detail11_AnyMatcherINSt7__cxx1112regex_traitsIcEELb0ELb0ELb1EEclEcE5__nul                                                                                                                                                                                                                                     12            0

.xt.prop._ZGVZNKSt8__detail11_AnyMatcherINSt7__cxx1112regex_traitsIcEELb0ELb0ELb0EEclEcE5__nul                                                                                                                                                                                                                                     12            0

.xt.prop._ZZNKSt7__cxx1112regex_traitsIcE16lookup_classnameIPKcEENS1_10_RegexMaskET_S6_bE12__classnames                                                                                                                                                                                                                            12            0

.xt.lit._ZNK6String9substringEj                                                                                                                                                                                                                                                                                                     0            0

.xt.lit._ZN17AsyncWebParameterC2ERK6StringS2_bbj                                                                                                                                                                                                                                                                                    0            0

.xt.lit._ZNSt10_HashtableIPKcSt4pairIKS1_6StringESaIS5_ENSt8__detail10_Select1stESt8equal_toIS1_ESt4hashIS1_ENS7_18_Mod_range_hashingENS7_20_Default_ranged_hashENS7_20_Prime_rehash_policyENS7_17_Hashtable_traitsILb0ELb0ELb1EEEED2Ev                                                                                             0            0

.xt.lit._ZNSt7__cxx1110_List_baseI14AsyncWebHeaderSaIS1_EE8_M_clearEv                                                                                                                                                                                                                                                               0            0

.xt.lit._ZNSt7__cxx1110_List_baseI17AsyncWebParameterSaIS1_EE8_M_clearEv                                                                                                                                                                                                                                                            0            0

.xt.lit._ZNSt15__allocated_ptrISaISt10_List_nodeI17AsyncWebParameterEEED2Ev                                                                                                                                                                                                                                                         0            0

.xt.lit._ZNSt6vectorI6StringSaIS0_EE17_M_realloc_insertIJRPKcEEEvN9__gnu_cxx17__normal_iteratorIPS0_S2_EEDpOT_                                                                                                                                                                                                                      0            0

.xt.prop._ZN6String5clearEv                                                                                                                                                                                                                                                                                                        72            0

.xt.prop._ZNK6String9substringEj                                                                                                                                                                                                                                                                                                   60            0

.xt.prop._ZN17AsyncWebParameterC2ERK6StringS2_bbj                                                                                                                                                                                                                                                                                  60            0

.xt.prop._ZNSt10_HashtableIPKcSt4pairIKS1_6StringESaIS5_ENSt8__detail10_Select1stESt8equal_toIS1_ESt4hashIS1_ENS7_18_Mod_range_hashingENS7_20_Default_ranged_hashENS7_20_Prime_rehash_policyENS7_17_Hashtable_traitsILb0ELb0ELb1EEEED2Ev                                                                                           60            0

.xt.prop._ZNSt7__cxx1110_List_baseI14AsyncWebHeaderSaIS1_EE8_M_clearEv                                                                                                                                                                                                                                                             60            0

.xt.prop._ZNSt7__cxx1110_List_baseI17AsyncWebParameterSaIS1_EE8_M_clearEv                                                                                                                                                                                                                                                          60            0

.xt.prop._ZNSt15__allocated_ptrISaISt10_List_nodeI17AsyncWebParameterEEED2Ev                                                                                                                                                                                                                                                       36            0

.xt.prop._ZNSt6vectorI6StringSaIS0_EE17_M_realloc_insertIJRPKcEEEvN9__gnu_cxx17__normal_iteratorIPS0_S2_EEDpOT_                                                                                                                                                                                                                   204            0

.xt.lit._ZNK17AsyncFileResponse12_sourceValidEv                                                                                                                                                                                                                                                                                     0            0

.xt.lit._ZNSt7__cxx114listI14AsyncWebHeaderSaIS1_EE5eraseESt20_List_const_iteratorIS1_E                                                                                                                                                                                                                                             0            0

.xt.lit._ZN18AsyncBasicResponseD2Ev                                                                                                                                                                                                                                                                                                 8            0

.xt.lit._ZN18AsyncBasicResponseD0Ev                                                                                                                                                                                                                                                                                                 0            0

.xt.lit._ZN21AsyncAbstractResponseD2Ev                                                                                                                                                                                                                                                                                              8            0

.xt.lit._ZN21AsyncAbstractResponseD0Ev                                                                                                                                                                                                                                                                                              0            0

.xt.lit._ZN20AsyncProgmemResponseD2Ev                                                                                                                                                                                                                                                                                               8            0

.xt.lit._ZN20AsyncProgmemResponseD0Ev                                                                                                                                                                                                                                                                                               0            0

.xt.lit._ZN17AsyncFileResponseD2Ev                                                                                                                                                                                                                                                                                                  8            0

.xt.lit._ZN17AsyncFileResponseD0Ev                                                                                                                                                                                                                                                                                                  0            0

.xt.lit._ZSt13move_backwardIPhS0_ET0_T_S2_S1_                                                                                                                                                                                                                                                                                       0            0

.xt.lit._ZNKSt6vectorIhSaIhEE12_M_check_lenEjPKc                                                                                                                                                                                                                                                                                    0            0

.xt.lit._ZNSt11__copy_moveILb1ELb1ESt26random_access_iterator_tagE8__copy_mIhEEPT_PKS3_S6_S4_                                                                                                                                                                                                                                       0            0

.xt.lit._ZNSt6vectorIhSaIhEE15_M_range_insertIPhEEvN9__gnu_cxx17__normal_iteratorIS3_S1_EET_S7_St20forward_iterator_tag                                                                                                                                                                                                             8            0

.xt.lit._ZNSt6vectorIhSaIhEE6insertIPhvEEN9__gnu_cxx17__normal_iteratorIS3_S1_EENS5_IPKhS1_EET_SA_                                                                                                                                                                                                                                  0            0

.xt.lit._ZNSt6vectorIhSaIhEE15_M_range_insertIPKcEEvN9__gnu_cxx17__normal_iteratorIPhS1_EET_S9_St20forward_iterator_tag                                                                                                                                                                                                             0            0

.xt.prop._ZN5Print5flushEv                                                                                                                                                                                                                                                                                                         36            0

.xt.prop._ZNK18AsyncBasicResponse12_sourceValidEv                                                                                                                                                                                                                                                                                  36            0

.xt.prop._ZNK21AsyncAbstractResponse12_sourceValidEv                                                                                                                                                                                                                                                                               36            0

.xt.prop._ZN21AsyncAbstractResponse11_fillBufferEPhj                                                                                                                                                                                                                                                                               36            0

.xt.prop._ZNK20AsyncProgmemResponse12_sourceValidEv                                                                                                                                                                                                                                                                                36            0

.xt.prop._ZNK17AsyncFileResponse12_sourceValidEv                                                                                                                                                                                                                                                                                   36            0

.xt.prop._ZNSt7__cxx114listI14AsyncWebHeaderSaIS1_EE5eraseESt20_List_const_iteratorIS1_E                                                                                                                                                                                                                                           36            0

.xt.prop._ZN18AsyncBasicResponseD2Ev                                                                                                                                                                                                                                                                                               48            0

.xt.prop._ZN18AsyncBasicResponseD0Ev                                                                                                                                                                                                                                                                                               36            0

.xt.prop._ZN21AsyncAbstractResponseD2Ev                                                                                                                                                                                                                                                                                            48            0

.xt.prop._ZN21AsyncAbstractResponseD0Ev                                                                                                                                                                                                                                                                                            36            0

.xt.prop._ZN20AsyncProgmemResponseD2Ev                                                                                                                                                                                                                                                                                             48            0

.xt.prop._ZN20AsyncProgmemResponseD0Ev                                                                                                                                                                                                                                                                                             36            0

.xt.prop._ZN17AsyncFileResponseD2Ev                                                                                                                                                                                                                                                                                                48            0

.xt.prop._ZN17AsyncFileResponseD0Ev                                                                                                                                                                                                                                                                                                36            0

.xt.prop._ZSt13move_backwardIPhS0_ET0_T_S2_S1_                                                                                                                                                                                                                                                                                     36            0

.xt.prop._ZNKSt6vectorIhSaIhEE12_M_check_lenEjPKc                                                                                                                                                                                                                                                                                  60            0

.xt.prop._ZNSt11__copy_moveILb1ELb1ESt26random_access_iterator_tagE8__copy_mIhEEPT_PKS3_S6_S4_                                                                                                                                                                                                                                     48            0

.xt.prop._ZNSt6vectorIhSaIhEE15_M_range_insertIPhEEvN9__gnu_cxx17__normal_iteratorIS3_S1_EET_S7_St20forward_iterator_tag                                                                                                                                                                                                          108            0

.xt.prop._ZNSt6vectorIhSaIhEE6insertIPhvEEN9__gnu_cxx17__normal_iteratorIS3_S1_EENS5_IPKhS1_EET_SA_                                                                                                                                                                                                                                36            0

.xt.prop._ZNSt6vectorIhSaIhEE15_M_range_insertIPKcEEvN9__gnu_cxx17__normal_iteratorIPhS1_EET_S9_St20forward_iterator_tag                                                                                                                                                                                                          144            0

.xt.prop._ZTV22AsyncWebServerResponse                                                                                                                                                                                                                                                                                              12            0

.xt.prop._ZTV18AsyncBasicResponse                                                                                                                                                                                                                                                                                                  12            0

.xt.prop._ZTV21AsyncAbstractResponse                                                                                                                                                                                                                                                                                               12            0

.xt.prop._ZTV17AsyncFileResponse                                                                                                                                                                                                                                                                                                   12            0

.xt.prop._ZTV20AsyncProgmemResponse                                                                                                                                                                                                                                                                                                12            0

.xt.prop._ZGVZN14DefaultHeaders8InstanceEvE8instance                                                                                                                                                                                                                                                                               12            0

.xt.prop._ZZN14DefaultHeaders8InstanceEvE8instance                                                                                                                                                                                                                                                                                 12            0

.xt.lit._ZN23AsyncCallbackWebHandlerC2Ev                                                                                                                                                                                                                                                                                            8            0

.xt.lit._ZNKSt8functionIFbP21AsyncWebServerRequestEEclES1_                                                                                                                                                                                                                                                                          0            0

.xt.lit._ZNSt8functionIFvP21AsyncWebServerRequestEEC2ERKS3_                                                                                                                                                                                                                                                                         0            0

.xt.lit._ZNSt8functionIFvP21AsyncWebServerRequestRK6StringjPhjbEEC2ERKS7_                                                                                                                                                                                                                                                           0            0

.xt.lit._ZNSt8functionIFvP21AsyncWebServerRequestPhjjjEEC2ERKS4_                                                                                                                                                                                                                                                                    0            0

.xt.lit._ZNSt7__cxx1110_List_baseISt10shared_ptrI15AsyncWebRewriteESaIS3_EE8_M_clearEv                                                                                                                                                                                                                                              0            0

.xt.lit._ZNSt7__cxx1110_List_baseISt10unique_ptrI15AsyncWebHandlerSt14default_deleteIS2_EESaIS5_EE8_M_clearEv                                                                                                                                                                                                                       8            0

.xt.lit._ZNSt8functionIFvP21AsyncWebServerRequestRK6StringjPhjbEEaSERKS7_                                                                                                                                                                                                                                                           0            0

.xt.lit._ZNSt8functionIFvP21AsyncWebServerRequestPhjjjEEaSERKS4_                                                                                                                                                                                                                                                                    0            0

.xt.prop._ZN23AsyncCallbackWebHandlerC2Ev                                                                                                                                                                                                                                                                                          72            0

.xt.prop._ZNKSt8functionIFbP21AsyncWebServerRequestEEclES1_                                                                                                                                                                                                                                                                        48            0

.xt.prop._ZNSt8functionIFvP21AsyncWebServerRequestEEC2ERKS3_                                                                                                                                                                                                                                                                       60            0

.xt.prop._ZNSt8functionIFvP21AsyncWebServerRequestRK6StringjPhjbEEC2ERKS7_                                                                                                                                                                                                                                                         60            0

.xt.prop._ZNSt8functionIFvP21AsyncWebServerRequestPhjjjEEC2ERKS4_                                                                                                                                                                                                                                                                  60            0

.xt.prop._ZNSt7__cxx1110_List_baseISt10shared_ptrI15AsyncWebRewriteESaIS3_EE8_M_clearEv                                                                                                                                                                                                                                            60            0

.xt.prop._ZNSt7__cxx1110_List_baseISt10unique_ptrI15AsyncWebHandlerSt14default_deleteIS2_EESaIS5_EE8_M_clearEv                                                                                                                                                                                                                     72            0

.xt.prop._ZNSt8functionIFvP21AsyncWebServerRequestRK6StringjPhjbEEaSERKS7_                                                                                                                                                                                                                                                         60            0

.xt.prop._ZNSt8functionIFvP21AsyncWebServerRequestPhjjjEEaSERKS4_                                                                                                                                                                                                                                                                  60            0

.xt.prop._ZTV7TwoWire                                                                                                                                                                                                                                                                                                              12            0

.xt.lit._ZNSt8functionIFvPcPhjEEC2ERKS3_                                                                                                                                                                                                                                                                                            0            0

.xt.lit._ZNSt8functionIFvPcPhjEEaSERKS3_                                                                                                                                                                                                                                                                                            0            0

.xt.prop._ZNSt8functionIFvPcPhjEEC2ERKS3_                                                                                                                                                                                                                                                                                          60            0

.xt.prop._ZNSt8functionIFvPcPhjEEaSERKS3_                                                                                                                                                                                                                                                                                          60            0

.xt.prop._ZTV12PubSubClient                                                                                                                                                                                                                                                                                                        12            0

.xt.prop._ZN9SSLClient5flushEv                                                                                                                                                                                                                                                                                                     36            0

.xt.prop._ZN9SSLClientcvbEv                                                                                                                                                                                                                                                                                                        36            0

.xt.prop._ZTV9SSLClient                                                                                                                                                                                                                                                                                                            12            0

.xt.lit._ZNSt7__cxx1112basic_stringIcSt11char_traitsIcESaIcEE12_M_constructIPKcEEvT_S8_St20forward_iterator_tag                                                                                                                                                                                                                     8            0

.xt.prop._ZNSt7__cxx1112basic_stringIcSt11char_traitsIcESaIcEE12_M_constructIPKcEEvT_S8_St20forward_iterator_tag                                                                                                                                                                                                                   48            0

.xt.lit._ZNSt14_Function_base13_Base_managerISt5_BindIFM15AsyncMqttClientFvbhEPS2_St12_PlaceholderILi1EES6_ILi2EEEEE10_M_managerERSt9_Any_dataRKSC_St18_Manager_operation                                                                                                                                                           0            0

.xt.lit._ZNSt14_Function_base13_Base_managerISt5_BindIFM15AsyncMqttClientFvvEPS2_EEE10_M_managerERSt9_Any_dataRKS9_St18_Manager_operation                                                                                                                                                                                           0            0

.xt.lit._ZNSt14_Function_base13_Base_managerISt5_BindIFM15AsyncMqttClientFvtcEPS2_St12_PlaceholderILi1EES6_ILi2EEEEE10_M_managerERSt9_Any_dataRKSC_St18_Manager_operation                                                                                                                                                           0            0

.xt.lit._ZNSt14_Function_base13_Base_managerISt5_BindIFM15AsyncMqttClientFvtEPS2_St12_PlaceholderILi1EEEEE10_M_managerERSt9_Any_dataRKSB_St18_Manager_operation                                                                                                                                                                     0            0

.xt.lit._ZNSt14_Function_base13_Base_managerISt5_BindIFM15AsyncMqttClientFvPcS3_hbbjjjtEPS2_St12_PlaceholderILi1EES7_ILi2EES7_ILi3EES7_ILi4EES7_ILi5EES7_ILi6EES7_ILi7EES7_ILi8EES7_ILi9EEEEE10_M_managerERSt9_Any_dataRKSK_St18_Manager_operation                                                                                  0            0

.xt.lit._ZNSt14_Function_base13_Base_managerISt5_BindIFM15AsyncMqttClientFvthEPS2_St12_PlaceholderILi1EES6_ILi2EEEEE10_M_managerERSt9_Any_dataRKSC_St18_Manager_operation                                                                                                                                                           0            0

.xt.lit._ZNSt6vectorISt8functionIFvbEESaIS2_EED2Ev                                                                                                                                                                                                                                                                                  0            0

.xt.lit._ZNSt6vectorISt8functionIFv31AsyncMqttClientDisconnectReasonEESaIS3_EED2Ev                                                                                                                                                                                                                                                  0            0

.xt.lit._ZNSt6vectorISt8functionIFvthEESaIS2_EED2Ev                                                                                                                                                                                                                                                                                 0            0

.xt.lit._ZNSt6vectorISt8functionIFvtEESaIS2_EED2Ev                                                                                                                                                                                                                                                                                  0            0

.xt.lit._ZNSt6vectorISt8functionIFvPcS1_32AsyncMqttClientMessagePropertiesjjjEESaIS4_EED2Ev                                                                                                                                                                                                                                         0            0

.xt.lit._ZNSt8functionIFv31AsyncMqttClientDisconnectReasonEEC2ERKS2_                                                                                                                                                                                                                                                                0            0

.xt.lit._ZNSt8functionIFvtEEC2ISt5_BindIFM15AsyncMqttClientFvtEPS4_St12_PlaceholderILi1EEEEvvEET_                                                                                                                                                                                                                                   8            0

.xt.lit._ZNSt8functionIFvbEEC2ERKS1_                                                                                                                                                                                                                                                                                                0            0

.xt.lit._ZNSt8functionIFvthEEC2ERKS1_                                                                                                                                                                                                                                                                                               0            0

.xt.lit._ZNSt8functionIFvtEEC2ERKS1_                                                                                                                                                                                                                                                                                                0            0

.xt.lit._ZNKSt8functionIFvtEEclEt                                                                                                                                                                                                                                                                                                   0            0

.xt.lit._ZNSt8functionIFvPcS0_32AsyncMqttClientMessagePropertiesjjjEEC2ERKS3_                                                                                                                                                                                                                                                       0            0

.xt.lit._ZNSt12_Vector_baseIN24AsyncMqttClientInternals13PendingPubRelESaIS1_EED2Ev                                                                                                                                                                                                                                                 0            0

.xt.lit._ZSt34__uninitialized_move_if_noexcept_aIPSt8functionIFvbEES3_SaIS2_EET0_T_S6_S5_RT1_$isra$241                                                                                                                                                                                                                              0            0

.xt.lit._ZNSt6vectorISt8functionIFvbEESaIS2_EE17_M_realloc_insertIJRKS2_EEEvN9__gnu_cxx17__normal_iteratorIPS2_S4_EEDpOT_                                                                                                                                                                                                           8            0

.xt.lit._ZSt34__uninitialized_move_if_noexcept_aIPSt8functionIFv31AsyncMqttClientDisconnectReasonEES4_SaIS3_EET0_T_S7_S6_RT1_$isra$243                                                                                                                                                                                              0            0

.xt.lit._ZNSt6vectorISt8functionIFv31AsyncMqttClientDisconnectReasonEESaIS3_EE17_M_realloc_insertIJRKS3_EEEvN9__gnu_cxx17__normal_iteratorIPS3_S5_EEDpOT_                                                                                                                                                                           0            0

.xt.lit._ZSt34__uninitialized_move_if_noexcept_aIPSt8functionIFvPcS1_32AsyncMqttClientMessagePropertiesjjjEES5_SaIS4_EET0_T_S8_S7_RT1_$isra$245                                                                                                                                                                                     0            0

.xt.lit._ZNSt6vectorISt8functionIFvPcS1_32AsyncMqttClientMessagePropertiesjjjEESaIS4_EE17_M_realloc_insertIJRKS4_EEEvN9__gnu_cxx17__normal_iteratorIPS4_S6_EEDpOT_                                                                                                                                                                  0            0

.xt.lit._ZNSt11__copy_moveILb1ELb1ESt26random_access_iterator_tagE8__copy_mIN24AsyncMqttClientInternals13PendingPubRelEEEPT_PKS5_S8_S6_                                                                                                                                                                                             0            0

.xt.lit._ZNSt19__shrink_to_fit_auxISt6vectorIN24AsyncMqttClientInternals13PendingPubRelESaIS2_EELb1EE8_S_do_itERS4_                                                                                                                                                                                                                 0            0

.xt.lit._ZNSt6vectorIN24AsyncMqttClientInternals13PendingPubRelESaIS1_EE16_M_shrink_to_fitEv                                                                                                                                                                                                                                        0            0

.xt.prop._ZNSt14_Function_base13_Base_managerISt5_BindIFM15AsyncMqttClientFvbhEPS2_St12_PlaceholderILi1EES6_ILi2EEEEE10_M_managerERSt9_Any_dataRKSC_St18_Manager_operation                                                                                                                                                         96            0

.xt.prop._ZNSt14_Function_base13_Base_managerISt5_BindIFM15AsyncMqttClientFvvEPS2_EEE10_M_managerERSt9_Any_dataRKS9_St18_Manager_operation                                                                                                                                                                                         96            0

.xt.prop._ZNSt14_Function_base13_Base_managerISt5_BindIFM15AsyncMqttClientFvtcEPS2_St12_PlaceholderILi1EES6_ILi2EEEEE10_M_managerERSt9_Any_dataRKSC_St18_Manager_operation                                                                                                                                                         96            0

.xt.prop._ZNSt14_Function_base13_Base_managerISt5_BindIFM15AsyncMqttClientFvtEPS2_St12_PlaceholderILi1EEEEE10_M_managerERSt9_Any_dataRKSB_St18_Manager_operation                                                                                                                                                                   96            0

.xt.prop._ZNSt14_Function_base13_Base_managerISt5_BindIFM15AsyncMqttClientFvPcS3_hbbjjjtEPS2_St12_PlaceholderILi1EES7_ILi2EES7_ILi3EES7_ILi4EES7_ILi5EES7_ILi6EES7_ILi7EES7_ILi8EES7_ILi9EEEEE10_M_managerERSt9_Any_dataRKSK_St18_Manager_operation                                                                                96            0

.xt.prop._ZNSt14_Function_base13_Base_managerISt5_BindIFM15AsyncMqttClientFvthEPS2_St12_PlaceholderILi1EES6_ILi2EEEEE10_M_managerERSt9_Any_dataRKSC_St18_Manager_operation                                                                                                                                                         96            0

.xt.prop._ZNSt17_Function_handlerIFvbhESt5_BindIFM15AsyncMqttClientFvbhEPS2_St12_PlaceholderILi1EES6_ILi2EEEEE9_M_invokeERKSt9_Any_dataObOh                                                                                                                                                                                        48            0

.xt.prop._ZNSt17_Function_handlerIFvvESt5_BindIFM15AsyncMqttClientFvvEPS2_EEE9_M_invokeERKSt9_Any_data                                                                                                                                                                                                                             48            0

.xt.prop._ZNSt17_Function_handlerIFvtcESt5_BindIFM15AsyncMqttClientFvtcEPS2_St12_PlaceholderILi1EES6_ILi2EEEEE9_M_invokeERKSt9_Any_dataOtOc                                                                                                                                                                                        48            0

.xt.prop._ZNSt17_Function_handlerIFvtESt5_BindIFM15AsyncMqttClientFvtEPS2_St12_PlaceholderILi1EEEEE9_M_invokeERKSt9_Any_dataOt                                                                                                                                                                                                     48            0

.xt.prop._ZNSt17_Function_handlerIFvPcS0_hbbjjjtESt5_BindIFM15AsyncMqttClientFvS0_S0_hbbjjjtEPS3_St12_PlaceholderILi1EES7_ILi2EES7_ILi3EES7_ILi4EES7_ILi5EES7_ILi6EES7_ILi7EES7_ILi8EES7_ILi9EEEEE9_M_invokeERKSt9_Any_dataOS0_SN_OhObSP_OjSQ_SQ_Ot                                                                                48            0

.xt.prop._ZNSt17_Function_handlerIFvthESt5_BindIFM15AsyncMqttClientFvthEPS2_St12_PlaceholderILi1EES6_ILi2EEEEE9_M_invokeERKSt9_Any_dataOtOh                                                                                                                                                                                        48            0

.xt.prop._ZNSt6vectorISt8functionIFvbEESaIS2_EED2Ev                                                                                                                                                                                                                                                                                60            0

.xt.prop._ZNSt6vectorISt8functionIFv31AsyncMqttClientDisconnectReasonEESaIS3_EED2Ev                                                                                                                                                                                                                                                60            0

.xt.prop._ZNSt6vectorISt8functionIFvthEESaIS2_EED2Ev                                                                                                                                                                                                                                                                               60            0

.xt.prop._ZNSt6vectorISt8functionIFvtEESaIS2_EED2Ev                                                                                                                                                                                                                                                                                60            0

.xt.prop._ZNSt6vectorISt8functionIFvPcS1_32AsyncMqttClientMessagePropertiesjjjEESaIS4_EED2Ev                                                                                                                                                                                                                                       60            0

.xt.prop._ZNSt8functionIFv31AsyncMqttClientDisconnectReasonEEC2ERKS2_                                                                                                                                                                                                                                                              60            0

.xt.prop._ZNSt8functionIFvtEEC2ISt5_BindIFM15AsyncMqttClientFvtEPS4_St12_PlaceholderILi1EEEEvvEET_                                                                                                                                                                                                                                 72            0

.xt.prop._ZNSt8functionIFvbEEC2ERKS1_                                                                                                                                                                                                                                                                                              60            0

.xt.prop._ZNSt8functionIFvthEEC2ERKS1_                                                                                                                                                                                                                                                                                             60            0

.xt.prop._ZNSt8functionIFvtEEC2ERKS1_                                                                                                                                                                                                                                                                                              60            0

.xt.prop._ZNKSt8functionIFvtEEclEt                                                                                                                                                                                                                                                                                                 48            0

.xt.prop._ZNSt8functionIFvPcS0_32AsyncMqttClientMessagePropertiesjjjEEC2ERKS3_                                                                                                                                                                                                                                                     60            0

.xt.prop._ZNSt12_Vector_baseIN24AsyncMqttClientInternals13PendingPubRelESaIS1_EED2Ev                                                                                                                                                                                                                                               36            0

.xt.prop._ZSt34__uninitialized_move_if_noexcept_aIPSt8functionIFvbEES3_SaIS2_EET0_T_S6_S5_RT1_$isra$241                                                                                                                                                                                                                            60            0

.xt.prop._ZNSt6vectorISt8functionIFvbEESaIS2_EE17_M_realloc_insertIJRKS2_EEEvN9__gnu_cxx17__normal_iteratorIPS2_S4_EEDpOT_                                                                                                                                                                                                        180            0

.xt.prop._ZSt34__uninitialized_move_if_noexcept_aIPSt8functionIFv31AsyncMqttClientDisconnectReasonEES4_SaIS3_EET0_T_S7_S6_RT1_$isra$243                                                                                                                                                                                            60            0

.xt.prop._ZNSt6vectorISt8functionIFv31AsyncMqttClientDisconnectReasonEESaIS3_EE17_M_realloc_insertIJRKS3_EEEvN9__gnu_cxx17__normal_iteratorIPS3_S5_EEDpOT_                                                                                                                                                                        168            0

.xt.prop._ZSt34__uninitialized_move_if_noexcept_aIPSt8functionIFvPcS1_32AsyncMqttClientMessagePropertiesjjjEES5_SaIS4_EET0_T_S8_S7_RT1_$isra$245                                                                                                                                                                                   60            0

.xt.prop._ZNSt6vectorISt8functionIFvPcS1_32AsyncMqttClientMessagePropertiesjjjEESaIS4_EE17_M_realloc_insertIJRKS4_EEEvN9__gnu_cxx17__normal_iteratorIPS4_S6_EEDpOT_                                                                                                                                                               168            0

.xt.prop._ZNSt11__copy_moveILb1ELb1ESt26random_access_iterator_tagE8__copy_mIN24AsyncMqttClientInternals13PendingPubRelEEEPT_PKS5_S8_S6_                                                                                                                                                                                           48            0

.xt.prop._ZNSt19__shrink_to_fit_auxISt6vectorIN24AsyncMqttClientInternals13PendingPubRelESaIS2_EELb1EE8_S_do_itERS4_                                                                                                                                                                                                              132            0

.xt.prop._ZNSt6vectorIN24AsyncMqttClientInternals13PendingPubRelESaIS1_EE16_M_shrink_to_fitEv                                                                                                                                                                                                                                      48            0

.xt.prop._ZTVN24AsyncMqttClientInternals13ConnAckPacketE                                                                                                                                                                                                                                                                           12            0

.xt.lit._ZN24AsyncMqttClientInternals16ConnectOutPacketD2Ev                                                                                                                                                                                                                                                                         8            0

.xt.lit._ZN24AsyncMqttClientInternals16ConnectOutPacketD0Ev                                                                                                                                                                                                                                                                         0            0

.xt.lit._ZNSt6vectorIhSaIhEE15_M_range_insertIPcEEvN9__gnu_cxx17__normal_iteratorIPhS1_EET_S8_St20forward_iterator_tag                                                                                                                                                                                                              8            0

.xt.lit._ZNSt6vectorIhSaIhEE6insertIPcvEEN9__gnu_cxx17__normal_iteratorIPhS1_EENS5_IPKhS1_EET_SB_                                                                                                                                                                                                                                   0            0

.xt.lit._ZNSt6vectorIhSaIhEE6insertIPKcvEEN9__gnu_cxx17__normal_iteratorIPhS1_EENS6_IPKhS1_EET_SC_                                                                                                                                                                                                                                  0            0

.xt.prop._ZN24AsyncMqttClientInternals16ConnectOutPacketD2Ev                                                                                                                                                                                                                                                                       60            0

.xt.prop._ZN24AsyncMqttClientInternals16ConnectOutPacketD0Ev                                                                                                                                                                                                                                                                       36            0

.xt.prop._ZNSt6vectorIhSaIhEE15_M_range_insertIPcEEvN9__gnu_cxx17__normal_iteratorIPhS1_EET_S8_St20forward_iterator_tag                                                                                                                                                                                                           156            0

.xt.prop._ZNSt6vectorIhSaIhEE6insertIPcvEEN9__gnu_cxx17__normal_iteratorIPhS1_EENS5_IPKhS1_EET_SB_                                                                                                                                                                                                                                 36            0

.xt.prop._ZNSt6vectorIhSaIhEE6insertIPKcvEEN9__gnu_cxx17__normal_iteratorIPhS1_EENS6_IPKhS1_EET_SC_                                                                                                                                                                                                                                36            0

.xt.prop._ZTVN24AsyncMqttClientInternals16ConnectOutPacketE                                                                                                                                                                                                                                                                        12            0

.xt.lit._ZN24AsyncMqttClientInternals16DisconnOutPacketD2Ev                                                                                                                                                                                                                                                                         8            0

.xt.lit._ZN24AsyncMqttClientInternals16DisconnOutPacketD0Ev                                                                                                                                                                                                                                                                         0            0

.xt.prop._ZN24AsyncMqttClientInternals16DisconnOutPacketD2Ev                                                                                                                                                                                                                                                                       48            0

.xt.prop._ZN24AsyncMqttClientInternals16DisconnOutPacketD0Ev                                                                                                                                                                                                                                                                       36            0

.xt.prop._ZTVN24AsyncMqttClientInternals16DisconnOutPacketE                                                                                                                                                                                                                                                                        12            0

.xt.prop._ZTVN24AsyncMqttClientInternals9OutPacketE                                                                                                                                                                                                                                                                                12            0

.xt.lit._ZN24AsyncMqttClientInternals16PingReqOutPacketD2Ev                                                                                                                                                                                                                                                                         8            0

.xt.lit._ZN24AsyncMqttClientInternals16PingReqOutPacketD0Ev                                                                                                                                                                                                                                                                         0            0

.xt.prop._ZN24AsyncMqttClientInternals16PingReqOutPacketD2Ev                                                                                                                                                                                                                                                                       48            0

.xt.prop._ZN24AsyncMqttClientInternals16PingReqOutPacketD0Ev                                                                                                                                                                                                                                                                       36            0

.xt.prop._ZTVN24AsyncMqttClientInternals16PingReqOutPacketE                                                                                                                                                                                                                                                                        12            0

.xt.lit._ZN24AsyncMqttClientInternals15PubAckOutPacketD2Ev                                                                                                                                                                                                                                                                          8            0

.xt.lit._ZN24AsyncMqttClientInternals15PubAckOutPacketD0Ev                                                                                                                                                                                                                                                                          0            0

.xt.prop._ZN24AsyncMqttClientInternals15PubAckOutPacketD2Ev                                                                                                                                                                                                                                                                        48            0

.xt.prop._ZN24AsyncMqttClientInternals15PubAckOutPacketD0Ev                                                                                                                                                                                                                                                                        36            0

.xt.prop._ZTVN24AsyncMqttClientInternals15PubAckOutPacketE                                                                                                                                                                                                                                                                         12            0

.xt.lit._ZN24AsyncMqttClientInternals16PublishOutPacketD2Ev                                                                                                                                                                                                                                                                         8            0

.xt.lit._ZN24AsyncMqttClientInternals16PublishOutPacketD0Ev                                                                                                                                                                                                                                                                         0            0

.xt.prop._ZN24AsyncMqttClientInternals16PublishOutPacketD2Ev                                                                                                                                                                                                                                                                       48            0

.xt.prop._ZN24AsyncMqttClientInternals16PublishOutPacketD0Ev                                                                                                                                                                                                                                                                       36            0

.xt.prop._ZTVN24AsyncMqttClientInternals16PublishOutPacketE                                                                                                                                                                                                                                                                        12            0

.xt.lit._ZN24AsyncMqttClientInternals18SubscribeOutPacketD2Ev                                                                                                                                                                                                                                                                       8            0

.xt.lit._ZN24AsyncMqttClientInternals18SubscribeOutPacketD0Ev                                                                                                                                                                                                                                                                       0            0

.xt.prop._ZN24AsyncMqttClientInternals18SubscribeOutPacketD2Ev                                                                                                                                                                                                                                                                     48            0

.xt.prop._ZN24AsyncMqttClientInternals18SubscribeOutPacketD0Ev                                                                                                                                                                                                                                                                     36            0

.xt.prop._ZTVN24AsyncMqttClientInternals18SubscribeOutPacketE                                                                                                                                                                                                                                                                      12            0

.xt.prop._ZTVN24AsyncMqttClientInternals14PingRespPacketE                                                                                                                                                                                                                                                                          12            0

.xt.prop._ZTVN24AsyncMqttClientInternals12PubAckPacketE                                                                                                                                                                                                                                                                            12            0

.xt.prop._ZTVN24AsyncMqttClientInternals13PubCompPacketE                                                                                                                                                                                                                                                                           12            0

.xt.prop._ZTVN24AsyncMqttClientInternals12PubRecPacketE                                                                                                                                                                                                                                                                            12            0

.xt.prop._ZTVN24AsyncMqttClientInternals12PubRelPacketE                                                                                                                                                                                                                                                                            12            0

.xt.lit._ZNKSt8functionIFvthEEclEth                                                                                                                                                                                                                                                                                                 0            0

.xt.prop._ZNKSt8functionIFvthEEclEth                                                                                                                                                                                                                                                                                               48            0

.xt.prop._ZTVN24AsyncMqttClientInternals13PublishPacketE                                                                                                                                                                                                                                                                           12            0

.xt.prop._ZTVN24AsyncMqttClientInternals12SubAckPacketE                                                                                                                                                                                                                                                                            12            0

.xt.prop._ZTVN24AsyncMqttClientInternals14UnsubAckPacketE                                                                                                                                                                                                                                                                          12            0

.xt.prop._ZN16WiFiClientSecure5flushEv                                                                                                                                                                                                                                                                                             36            0

.xt.prop._ZN16WiFiClientSecurecvbEv                                                                                                                                                                                                                                                                                                36            0

.xt.prop._ZTV16WiFiClientSecure                                                                                                                                                                                                                                                                                                    12            0

.xt.lit._ZN9TLSTraitsD0Ev                                                                                                                                                                                                                                                                                                           0            0

.xt.lit._ZN15TransportTraitsD0Ev                                                                                                                                                                                                                                                                                                    0            0

.xt.lit._ZN9TLSTraits6verifyER10WiFiClientPKc                                                                                                                                                                                                                                                                                       8            0

.xt.lit._ZN9TLSTraits6createEv                                                                                                                                                                                                                                                                                                      0            0

.xt.lit._ZN15TransportTraits6createEv                                                                                                                                                                                                                                                                                               0            0

.xt.lit._ZN6CookieD2Ev                                                                                                                                                                                                                                                                                                              0            0

.xt.lit._ZNSt10unique_ptrI10WiFiClientSt14default_deleteIS0_EED2Ev                                                                                                                                                                                                                                                                  0            0

.xt.lit._ZNSt10unique_ptrI15TransportTraitsSt14default_deleteIS0_EED2Ev                                                                                                                                                                                                                                                             0            0

.xt.lit._ZNSt10unique_ptrI15TransportTraitsSt14default_deleteIS0_EEaSEOS3_                                                                                                                                                                                                                                                          0            0

.xt.lit._ZNSt6vectorI6CookieSaIS0_EE8_M_eraseEN9__gnu_cxx17__normal_iteratorIPS0_S2_EE                                                                                                                                                                                                                                              8            0

.xt.lit._ZN6CookieC2ERKS_                                                                                                                                                                                                                                                                                                           0            0

.xt.lit._ZNSt12_Destroy_auxILb0EE9__destroyIP6CookieEEvT_S4_                                                                                                                                                                                                                                                                        0            0

.xt.lit._ZNSt20__uninitialized_copyILb0EE13__uninit_copyIPK6CookiePS2_EET0_T_S7_S6_                                                                                                                                                                                                                                                 0            0

.xt.lit._ZNSt6vectorI6CookieSaIS0_EE17_M_realloc_insertIJRKS0_EEEvN9__gnu_cxx17__normal_iteratorIPS0_S2_EEDpOT_                                                                                                                                                                                                                     8            0

.xt.prop._ZN15TransportTraitsD2Ev                                                                                                                                                                                                                                                                                                  36            0

.xt.prop._ZN15TransportTraits6verifyER10WiFiClientPKc                                                                                                                                                                                                                                                                              36            0

.xt.prop._ZN9TLSTraitsD2Ev                                                                                                                                                                                                                                                                                                         36            0

.xt.prop._ZN9TLSTraitsD0Ev                                                                                                                                                                                                                                                                                                         36            0

.xt.prop._ZN15TransportTraitsD0Ev                                                                                                                                                                                                                                                                                                  36            0

.xt.prop._ZN9TLSTraits6verifyER10WiFiClientPKc                                                                                                                                                                                                                                                                                     72            0

.xt.prop._ZN9TLSTraits6createEv                                                                                                                                                                                                                                                                                                    60            0

.xt.prop._ZN15TransportTraits6createEv                                                                                                                                                                                                                                                                                             60            0

.xt.prop._ZN6CookieD2Ev                                                                                                                                                                                                                                                                                                            36            0

.xt.prop._ZNSt10unique_ptrI10WiFiClientSt14default_deleteIS0_EED2Ev                                                                                                                                                                                                                                                                36            0

.xt.prop._ZNSt10unique_ptrI15TransportTraitsSt14default_deleteIS0_EED2Ev                                                                                                                                                                                                                                                           36            0

.xt.prop._ZNSt10unique_ptrI15TransportTraitsSt14default_deleteIS0_EEaSEOS3_                                                                                                                                                                                                                                                        36            0

.xt.prop._ZNSt6vectorI6CookieSaIS0_EE8_M_eraseEN9__gnu_cxx17__normal_iteratorIPS0_S2_EE                                                                                                                                                                                                                                            72            0

.xt.prop._ZN6CookieC2ERKS_                                                                                                                                                                                                                                                                                                        120            0

.xt.prop._ZNSt12_Destroy_auxILb0EE9__destroyIP6CookieEEvT_S4_                                                                                                                                                                                                                                                                      60            0

.xt.prop._ZNSt20__uninitialized_copyILb0EE13__uninit_copyIPK6CookiePS2_EET0_T_S7_S6_                                                                                                                                                                                                                                              108            0

.xt.prop._ZNSt6vectorI6CookieSaIS0_EE17_M_realloc_insertIJRKS0_EEEvN9__gnu_cxx17__normal_iteratorIPS0_S2_EEDpOT_                                                                                                                                                                                                                  204            0

.xt.prop._ZTV15TransportTraits                                                                                                                                                                                                                                                                                                     12            0

.xt.prop._ZTV9TLSTraits                                                                                                                                                                                                                                                                                                            12            0

.xt.lit._ZN12LittleFSImplD0Ev                                                                                                                                                                                                                                                                                                       0            0

.xt.lit._ZNSt15_Sp_counted_ptrIP12LittleFSImplLN9__gnu_cxx12_Lock_policyE2EED0Ev                                                                                                                                                                                                                                                    0            0

.xt.lit._ZNSt15_Sp_counted_ptrIP12LittleFSImplLN9__gnu_cxx12_Lock_policyE2EE10_M_destroyEv                                                                                                                                                                                                                                          0            0

.xt.prop._ZN12LittleFSImplD2Ev                                                                                                                                                                                                                                                                                                     36            0

.xt.prop._ZNSt15_Sp_counted_ptrIP12LittleFSImplLN9__gnu_cxx12_Lock_policyE2EED2Ev                                                                                                                                                                                                                                                  36            0

.xt.prop._ZNSt15_Sp_counted_ptrIP12LittleFSImplLN9__gnu_cxx12_Lock_policyE2EE10_M_disposeEv                                                                                                                                                                                                                                        48            0

.xt.prop._ZNSt15_Sp_counted_ptrIP12LittleFSImplLN9__gnu_cxx12_Lock_policyE2EE14_M_get_deleterERKSt9type_info                                                                                                                                                                                                                       36            0

.xt.prop._ZN12LittleFSImplD0Ev                                                                                                                                                                                                                                                                                                     36            0

.xt.prop._ZNSt15_Sp_counted_ptrIP12LittleFSImplLN9__gnu_cxx12_Lock_policyE2EED0Ev                                                                                                                                                                                                                                                  36            0

.xt.prop._ZNSt15_Sp_counted_ptrIP12LittleFSImplLN9__gnu_cxx12_Lock_policyE2EE10_M_destroyEv                                                                                                                                                                                                                                        36            0

.xt.prop._ZTV12LittleFSImpl                                                                                                                                                                                                                                                                                                        12            0

.xt.prop._ZTVSt15_Sp_counted_ptrIP12LittleFSImplLN9__gnu_cxx12_Lock_policyE2EE                                                                                                                                                                                                                                                     12            0

.xt.lit._ZN10MD5Builder3addEPKc                                                                                                                                                                                                                                                                                                     0            0

.xt.lit._ZNKSt8functionIFv11ota_error_tEEclES0_                                                                                                                                                                                                                                                                                     0            0

.xt.prop._ZN10MD5Builder3addEPKc                                                                                                                                                                                                                                                                                                   36            0

.xt.prop._ZNKSt8functionIFv11ota_error_tEEclES0_                                                                                                                                                                                                                                                                                   48            0

.xt.prop._ZN14HardwareSerial9readBytesEPcj                                                                                                                                                                                                                                                                                         36            0

.xt.prop._ZTV14HardwareSerial                                                                                                                                                                                                                                                                                                      12            0

.xt.lit._ZN9IPAddressD0Ev                                                                                                                                                                                                                                                                                                           0            0

.xt.prop._ZN9IPAddressD2Ev                                                                                                                                                                                                                                                                                                         36            0

.xt.prop._ZN9IPAddressD0Ev                                                                                                                                                                                                                                                                                                         36            0

.xt.prop._ZTV9IPAddress                                                                                                                                                                                                                                                                                                            12            0

.xt.lit._ZN11IPv6AddressD0Ev                                                                                                                                                                                                                                                                                                        0            0

.xt.prop._ZN11IPv6AddressD2Ev                                                                                                                                                                                                                                                                                                      36            0

.xt.prop._ZN11IPv6AddressD0Ev                                                                                                                                                                                                                                                                                                      36            0

.xt.prop._ZTV11IPv6Address                                                                                                                                                                                                                                                                                                         12            0

.xt.lit._ZN5Print5writeEPKc                                                                                                                                                                                                                                                                                                         0            0

.xt.prop._ZN5Print5writeEPKc                                                                                                                                                                                                                                                                                                       48            0

.xt.prop._ZTV6Stream                                                                                                                                                                                                                                                                                                               12            0

.xt.lit._ZN12StreamStringD2Ev                                                                                                                                                                                                                                                                                                       0            0

.xt.lit._ZN12StreamStringD0Ev                                                                                                                                                                                                                                                                                                       0            0

.xt.prop._ZN12StreamStringD2Ev                                                                                                                                                                                                                                                                                                     48            0

.xt.prop._ZN12StreamStringD0Ev                                                                                                                                                                                                                                                                                                     36            0

.xt.prop._ZTV12StreamString                                                                                                                                                                                                                                                                                                        12            0

.xt.lit._ZN6String4initEv                                                                                                                                                                                                                                                                                                           8            0

.xt.prop._ZNK6String3lenEv                                                                                                                                                                                                                                                                                                         60            0

.xt.prop._ZN6String6setLenEi                                                                                                                                                                                                                                                                                                       72            0

.xt.prop._ZN6String4initEv                                                                                                                                                                                                                                                                                                         48            0

.xt.lit._ZN3nvs4Lock4initEv                                                                                                                                                                                                                                                                                                         0            0

.xt.prop._ZN3nvs4Lock4initEv                                                                                                                                                                                                                                                                                                       72            0

.xt.prop._ZN14intrusive_listI14NVSHandleEntryE5eraseENS1_8iteratorE                                                                                                                                                                                                                                                                84            0

.xt.lit._ZN14intrusive_listIN3nvs7Storage14NamespaceEntryEE17clearAndFreeNodesEv                                                                                                                                                                                                                                                    0            0

.xt.prop._ZN14intrusive_listIN3nvs7Storage14NamespaceEntryEE17clearAndFreeNodesEv                                                                                                                                                                                                                                                 108            0

.xt.prop._ZN14intrusive_listIN3nvs7Storage14NamespaceEntryEE9push_backEPS2_                                                                                                                                                                                                                                                        60            0

.xt.prop._ZTVN3nvs15NVSHandleSimpleE                                                                                                                                                                                                                                                                                               12            0

.xt.lit._ZN3nvs12NVSPartitionD5Ev                                                                                                                                                                                                                                                                                                   0            0

.xt.prop._ZN3nvs12NVSPartitionD5Ev                                                                                                                                                                                                                                                                                                  0            0

.xt.prop._ZN3nvs12NVSPartitionD2Ev                                                                                                                                                                                                                                                                                                 36            0

.xt.prop._ZN3nvs12NVSPartitionD0Ev                                                                                                                                                                                                                                                                                                 36            0

.xt.prop._ZTVN3nvs12NVSPartitionE                                                                                                                                                                                                                                                                                                  12            0

.xt.lit._ZN3nvs19NVSPartitionManagerD5Ev                                                                                                                                                                                                                                                                                            0            0

.xt.prop._ZN3nvs19NVSPartitionManagerD5Ev                                                                                                                                                                                                                                                                                           0            0

.xt.prop._ZN3nvs19NVSPartitionManagerD2Ev                                                                                                                                                                                                                                                                                          36            0

.xt.prop._ZN3nvs19NVSPartitionManagerD0Ev                                                                                                                                                                                                                                                                                          36            0

.xt.prop._ZN14intrusive_listIN3nvs12NVSPartitionEE5eraseENS2_8iteratorE                                                                                                                                                                                                                                                            84            0

.xt.prop._ZN14intrusive_listIN3nvs15NVSHandleSimpleEE5eraseENS2_8iteratorE                                                                                                                                                                                                                                                         84            0

.xt.prop._ZTVN3nvs19NVSPartitionManagerE                                                                                                                                                                                                                                                                                           12            0

.xt.prop._ZN14intrusive_listIN3nvs8HashList13HashListBlockEE5eraseENS3_8iteratorE                                                                                                                                                                                                                                                  84            0

.xt.lit._ZN3nvs4ItemC5EhNS_8ItemTypeEhPKch                                                                                                                                                                                                                                                                                          0            0

.xt.prop._ZN3nvs4ItemC5EhNS_8ItemTypeEhPKch                                                                                                                                                                                                                                                                                         0            0

.xt.prop._ZN3nvs20isVariableLengthTypeENS_8ItemTypeE                                                                                                                                                                                                                                                                               48            0

.xt.prop._ZN3nvs4ItemC2EhNS_8ItemTypeEhPKch                                                                                                                                                                                                                                                                                        60            0

.xt.prop._ZNK19CompressedEnumTableIN3nvs4Page10EntryStateELj2ELj126EE3getEjPS2_                                                                                                                                                                                                                                                    48            0

.xt.lit._ZN14intrusive_listIN3nvs4PageEE5clearEv                                                                                                                                                                                                                                                                                    8            0

.xt.prop._ZN14intrusive_listIN3nvs4PageEE5clearEv                                                                                                                                                                                                                                                                                  72            0

.xt.prop._ZN14intrusive_listIN3nvs4PageEE9push_backEPS1_                                                                                                                                                                                                                                                                           60            0

.xt.prop._ZN14intrusive_listIN3nvs4PageEE5eraseENS2_8iteratorE                                                                                                                                                                                                                                                                     84            0

.xt.prop._ZTVN10__cxxabiv117__class_type_infoE                                                                                                                                                                                                                                                                                     12            0

.xt.lit._ZNK9__gnu_cxx24__concurrence_lock_error4whatEv                                                                                                                                                                                                                                                                             8            0

.xt.lit._ZNK9__gnu_cxx26__concurrence_unlock_error4whatEv                                                                                                                                                                                                                                                                           8            0

.xt.lit._ZN9__gnu_cxx24__concurrence_lock_errorD5Ev                                                                                                                                                                                                                                                                                 8            0

.xt.lit._ZN9__gnu_cxx26__concurrence_unlock_errorD5Ev                                                                                                                                                                                                                                                                               8            0

.xt.lit._ZN9__gnu_cxx7__mutex4lockEv                                                                                                                                                                                                                                                                                                8            0

.xt.lit._ZN9__gnu_cxx13__scoped_lockD5Ev                                                                                                                                                                                                                                                                                            8            0

.xt.prop._ZNK9__gnu_cxx24__concurrence_lock_error4whatEv                                                                                                                                                                                                                                                                           48            0

.xt.prop._ZNK9__gnu_cxx26__concurrence_unlock_error4whatEv                                                                                                                                                                                                                                                                         48            0

.xt.prop._ZN9__gnu_cxx24__concurrence_lock_errorD5Ev                                                                                                                                                                                                                                                                               12            0

.xt.prop._ZN9__gnu_cxx26__concurrence_unlock_errorD5Ev                                                                                                                                                                                                                                                                             12            0

.xt.prop._ZN9__gnu_cxx7__mutex4lockEv                                                                                                                                                                                                                                                                                              48            0

.xt.prop._ZN9__gnu_cxx13__scoped_lockD5Ev                                                                                                                                                                                                                                                                                          12            0

.xt.prop._ZN9__gnu_cxx24__concurrence_lock_errorD2Ev                                                                                                                                                                                                                                                                               36            0

.xt.prop._ZN9__gnu_cxx26__concurrence_unlock_errorD2Ev                                                                                                                                                                                                                                                                             36            0

.xt.prop._ZN9__gnu_cxx24__concurrence_lock_errorD0Ev                                                                                                                                                                                                                                                                               36            0

.xt.prop._ZN9__gnu_cxx26__concurrence_unlock_errorD0Ev                                                                                                                                                                                                                                                                             36            0

.xt.prop._ZN9__gnu_cxx13__scoped_lockD2Ev                                                                                                                                                                                                                                                                                          72            0

.xt.prop._ZTIN9__gnu_cxx24__concurrence_lock_errorE                                                                                                                                                                                                                                                                                12            0

.xt.prop._ZTIN9__gnu_cxx26__concurrence_unlock_errorE                                                                                                                                                                                                                                                                              12            0

.xt.prop._ZTVN9__gnu_cxx24__concurrence_lock_errorE                                                                                                                                                                                                                                                                                12            0

.xt.prop._ZTVN9__gnu_cxx26__concurrence_unlock_errorE                                                                                                                                                                                                                                                                              12            0

.xt.prop._ZTISt9bad_alloc                                                                                                                                                                                                                                                                                                          12            0

.xt.prop._ZTVSt9bad_alloc                                                                                                                                                                                                                                                                                                          12            0

.xt.prop._ZTVN10__cxxabiv120__si_class_type_infoE                                                                                                                                                                                                                                                                                  12            0

.xt.lit._ZNKSt6locale5facet19_M_remove_referenceEv                                                                                                                                                                                                                                                                                  0            0

.xt.lit._ZNSt6locale5_Impl19_M_remove_referenceEv                                                                                                                                                                                                                                                                                   0            0

.xt.prop._ZNKSt6locale5facet19_M_remove_referenceEv                                                                                                                                                                                                                                                                               156            0

.xt.prop._ZNSt6locale5_Impl19_M_remove_referenceEv                                                                                                                                                                                                                                                                                 60            0

.xt.prop._ZNKSt6locale5facet16_M_add_referenceEv                                                                                                                                                                                                                                                                                   48            0

.xt.lit._ZNSt18__moneypunct_cacheIcLb1EED5Ev                                                                                                                                                                                                                                                                                        0            0

.xt.lit._ZNSt18__moneypunct_cacheIcLb0EED5Ev                                                                                                                                                                                                                                                                                        0            0

.xt.lit._ZNSt18__moneypunct_cacheIwLb1EED5Ev                                                                                                                                                                                                                                                                                        0            0

.xt.lit._ZNSt18__moneypunct_cacheIwLb0EED5Ev                                                                                                                                                                                                                                                                                        0            0

.xt.prop._ZNSt18__moneypunct_cacheIcLb1EED5Ev                                                                                                                                                                                                                                                                                       0            0

.xt.prop._ZNSt18__moneypunct_cacheIcLb0EED5Ev                                                                                                                                                                                                                                                                                       0            0

.xt.prop._ZNSt18__moneypunct_cacheIwLb1EED5Ev                                                                                                                                                                                                                                                                                       0            0

.xt.prop._ZNSt18__moneypunct_cacheIwLb0EED5Ev                                                                                                                                                                                                                                                                                       0            0

.xt.prop._ZNSt18__moneypunct_cacheIcLb1EED2Ev                                                                                                                                                                                                                                                                                      84            0

.xt.prop._ZNSt18__moneypunct_cacheIcLb1EED0Ev                                                                                                                                                                                                                                                                                      60            0

.xt.prop._ZNSt18__moneypunct_cacheIcLb0EED2Ev                                                                                                                                                                                                                                                                                      84            0

.xt.prop._ZNSt18__moneypunct_cacheIcLb0EED0Ev                                                                                                                                                                                                                                                                                      60            0

.xt.prop._ZNSt18__moneypunct_cacheIwLb1EED2Ev                                                                                                                                                                                                                                                                                      84            0

.xt.prop._ZNSt18__moneypunct_cacheIwLb1EED0Ev                                                                                                                                                                                                                                                                                      60            0

.xt.prop._ZNSt18__moneypunct_cacheIwLb0EED2Ev                                                                                                                                                                                                                                                                                      84            0

.xt.prop._ZNSt18__moneypunct_cacheIwLb0EED0Ev                                                                                                                                                                                                                                                                                      60            0

.xt.prop._ZTVSt18__moneypunct_cacheIcLb1EE                                                                                                                                                                                                                                                                                         12            0

.xt.prop._ZTVSt18__moneypunct_cacheIcLb0EE                                                                                                                                                                                                                                                                                         12            0

.xt.prop._ZTVSt18__moneypunct_cacheIwLb1EE                                                                                                                                                                                                                                                                                         12            0

.xt.prop._ZTVSt18__moneypunct_cacheIwLb0EE                                                                                                                                                                                                                                                                                         12            0

.xt.lit._ZNSt13__facet_shims12__any_stringaSIcEERS0_RKNSt7__cxx1112basic_stringIT_St11char_traitsIS5_ESaIS5_EEE                                                                                                                                                                                                                     8            0

.xt.lit._ZNSt13__facet_shims12__any_stringaSIwEERS0_RKNSt7__cxx1112basic_stringIT_St11char_traitsIS5_ESaIS5_EEE                                                                                                                                                                                                                     8            0

.xt.lit._ZNSt13__facet_shims21__numpunct_fill_cacheIcEEvSt17integral_constantIbLb1EEPKNSt6locale5facetEPSt16__numpunct_cacheIT_E                                                                                                                                                                                                    0            0

.xt.lit._ZNSt13__facet_shims21__numpunct_fill_cacheIwEEvSt17integral_constantIbLb1EEPKNSt6locale5facetEPSt16__numpunct_cacheIT_E                                                                                                                                                                                                    0            0

.xt.lit._ZNSt13__facet_shims17__collate_compareIcEEiSt17integral_constantIbLb1EEPKNSt6locale5facetEPKT_S9_S9_S9_                                                                                                                                                                                                                    0            0

.xt.lit._ZNSt13__facet_shims17__collate_compareIwEEiSt17integral_constantIbLb1EEPKNSt6locale5facetEPKT_S9_S9_S9_                                                                                                                                                                                                                    0            0

.xt.lit._ZNSt13__facet_shims23__moneypunct_fill_cacheIcLb1EEEvSt17integral_constantIbLb1EEPKNSt6locale5facetEPSt18__moneypunct_cacheIT_XT0_EE                                                                                                                                                                                       0            0

.xt.lit._ZNSt13__facet_shims23__moneypunct_fill_cacheIcLb0EEEvSt17integral_constantIbLb1EEPKNSt6locale5facetEPSt18__moneypunct_cacheIT_XT0_EE                                                                                                                                                                                       0            0

.xt.lit._ZNSt13__facet_shims23__moneypunct_fill_cacheIwLb1EEEvSt17integral_constantIbLb1EEPKNSt6locale5facetEPSt18__moneypunct_cacheIT_XT0_EE                                                                                                                                                                                       0            0

.xt.lit._ZNSt13__facet_shims23__moneypunct_fill_cacheIwLb0EEEvSt17integral_constantIbLb1EEPKNSt6locale5facetEPSt18__moneypunct_cacheIT_XT0_EE                                                                                                                                                                                       0            0

.xt.lit._ZNSt13__facet_shims15__messages_openIcEEiSt17integral_constantIbLb1EEPKNSt6locale5facetEPKcjRKS3_                                                                                                                                                                                                                          0            0

.xt.lit._ZNSt13__facet_shims15__messages_openIwEEiSt17integral_constantIbLb1EEPKNSt6locale5facetEPKcjRKS3_                                                                                                                                                                                                                          0            0

.xt.lit._ZNSt13__facet_shims16__messages_closeIcEEvSt17integral_constantIbLb1EEPKNSt6locale5facetEi                                                                                                                                                                                                                                 0            0

.xt.lit._ZNSt13__facet_shims16__messages_closeIwEEvSt17integral_constantIbLb1EEPKNSt6locale5facetEi                                                                                                                                                                                                                                 0            0

.xt.lit._ZNSt13__facet_shims20__time_get_dateorderIcEENSt9time_base9dateorderESt17integral_constantIbLb1EEPKNSt6locale5facetE                                                                                                                                                                                                       0            0

.xt.lit._ZNSt13__facet_shims20__time_get_dateorderIwEENSt9time_base9dateorderESt17integral_constantIbLb1EEPKNSt6locale5facetE                                                                                                                                                                                                       0            0

.xt.lit._ZNSt13__facet_shims10__time_getIcEESt19istreambuf_iteratorIT_St11char_traitsIS2_EESt17integral_constantIbLb1EEPKNSt6locale5facetES5_S5_RSt8ios_baseRSt12_Ios_IostateP2tmc                                                                                                                                                  0            0

.xt.lit._ZNSt13__facet_shims10__time_getIwEESt19istreambuf_iteratorIT_St11char_traitsIS2_EESt17integral_constantIbLb1EEPKNSt6locale5facetES5_S5_RSt8ios_baseRSt12_Ios_IostateP2tmc                                                                                                                                                  0            0

.xt.lit._ZNKSt13__facet_shims12__any_stringcvNSt7__cxx1112basic_stringIT_St11char_traitsIS3_ESaIS3_EEEB5cxx11IcEEv                                                                                                                                                                                                                  8            0

.xt.lit._ZNSt13__facet_shims11__money_putIcEESt19ostreambuf_iteratorIT_St11char_traitsIS2_EESt17integral_constantIbLb1EEPKNSt6locale5facetES5_bRSt8ios_baseS2_ePKNS_12__any_stringE                                                                                                                                                 0            0

.xt.lit._ZNSt13__facet_shims19__collate_transformIcEEvSt17integral_constantIbLb1EEPKNSt6locale5facetERNS_12__any_stringEPKT_SB_                                                                                                                                                                                                     0            0

.xt.lit._ZNSt13__facet_shims11__money_getIcEESt19istreambuf_iteratorIT_St11char_traitsIS2_EESt17integral_constantIbLb1EEPKNSt6locale5facetES5_S5_bRSt8ios_baseRSt12_Ios_IostatePePNS_12__any_stringE                                                                                                                                0            0

.xt.lit._ZNSt13__facet_shims14__messages_getIcEEvSt17integral_constantIbLb1EEPKNSt6locale5facetERNS_12__any_stringEiiiPKT_j                                                                                                                                                                                                         0            0

.xt.lit._ZNKSt13__facet_shims12__any_stringcvNSt7__cxx1112basic_stringIT_St11char_traitsIS3_ESaIS3_EEEB5cxx11IwEEv                                                                                                                                                                                                                  0            0

.xt.lit._ZNSt13__facet_shims11__money_putIwEESt19ostreambuf_iteratorIT_St11char_traitsIS2_EESt17integral_constantIbLb1EEPKNSt6locale5facetES5_bRSt8ios_baseS2_ePKNS_12__any_stringE                                                                                                                                                 0            0

.xt.lit._ZNSt13__facet_shims19__collate_transformIwEEvSt17integral_constantIbLb1EEPKNSt6locale5facetERNS_12__any_stringEPKT_SB_                                                                                                                                                                                                     0            0

.xt.lit._ZNSt13__facet_shims11__money_getIwEESt19istreambuf_iteratorIT_St11char_traitsIS2_EESt17integral_constantIbLb1EEPKNSt6locale5facetES5_S5_bRSt8ios_baseRSt12_Ios_IostatePePNS_12__any_stringE                                                                                                                                0            0

.xt.lit._ZNSt13__facet_shims14__messages_getIwEEvSt17integral_constantIbLb1EEPKNSt6locale5facetERNS_12__any_stringEiiiPKT_j                                                                                                                                                                                                         0            0

.xt.prop._ZNSt13__facet_shims12__any_stringaSIcEERS0_RKNSt7__cxx1112basic_stringIT_St11char_traitsIS5_ESaIS5_EEE                                                                                                                                                                                                                   60            0

.xt.prop._ZNSt13__facet_shims12__any_stringaSIwEERS0_RKNSt7__cxx1112basic_stringIT_St11char_traitsIS5_ESaIS5_EEE                                                                                                                                                                                                                   60            0

.xt.prop._ZNSt13__facet_shims21__numpunct_fill_cacheIcEEvSt17integral_constantIbLb1EEPKNSt6locale5facetEPSt16__numpunct_cacheIT_E                                                                                                                                                                                                 108            0

.xt.prop._ZNSt13__facet_shims21__numpunct_fill_cacheIwEEvSt17integral_constantIbLb1EEPKNSt6locale5facetEPSt16__numpunct_cacheIT_E                                                                                                                                                                                                 108            0

.xt.prop._ZNSt13__facet_shims17__collate_compareIcEEiSt17integral_constantIbLb1EEPKNSt6locale5facetEPKT_S9_S9_S9_                                                                                                                                                                                                                  36            0

.xt.prop._ZNSt13__facet_shims17__collate_compareIwEEiSt17integral_constantIbLb1EEPKNSt6locale5facetEPKT_S9_S9_S9_                                                                                                                                                                                                                  36            0

.xt.prop._ZNSt13__facet_shims23__moneypunct_fill_cacheIcLb1EEEvSt17integral_constantIbLb1EEPKNSt6locale5facetEPSt18__moneypunct_cacheIT_XT0_EE                                                                                                                                                                                    120            0

.xt.prop._ZNSt13__facet_shims23__moneypunct_fill_cacheIcLb0EEEvSt17integral_constantIbLb1EEPKNSt6locale5facetEPSt18__moneypunct_cacheIT_XT0_EE                                                                                                                                                                                    120            0

.xt.prop._ZNSt13__facet_shims23__moneypunct_fill_cacheIwLb1EEEvSt17integral_constantIbLb1EEPKNSt6locale5facetEPSt18__moneypunct_cacheIT_XT0_EE                                                                                                                                                                                    120            0

.xt.prop._ZNSt13__facet_shims23__moneypunct_fill_cacheIwLb0EEEvSt17integral_constantIbLb1EEPKNSt6locale5facetEPSt18__moneypunct_cacheIT_XT0_EE                                                                                                                                                                                    120            0

.xt.prop._ZNSt13__facet_shims15__messages_openIcEEiSt17integral_constantIbLb1EEPKNSt6locale5facetEPKcjRKS3_                                                                                                                                                                                                                        60            0

.xt.prop._ZNSt13__facet_shims15__messages_openIwEEiSt17integral_constantIbLb1EEPKNSt6locale5facetEPKcjRKS3_                                                                                                                                                                                                                        60            0

.xt.prop._ZNSt13__facet_shims16__messages_closeIcEEvSt17integral_constantIbLb1EEPKNSt6locale5facetEi                                                                                                                                                                                                                               36            0

.xt.prop._ZNSt13__facet_shims16__messages_closeIwEEvSt17integral_constantIbLb1EEPKNSt6locale5facetEi                                                                                                                                                                                                                               36            0

.xt.prop._ZNSt13__facet_shims20__time_get_dateorderIcEENSt9time_base9dateorderESt17integral_constantIbLb1EEPKNSt6locale5facetE                                                                                                                                                                                                     36            0

.xt.prop._ZNSt13__facet_shims20__time_get_dateorderIwEENSt9time_base9dateorderESt17integral_constantIbLb1EEPKNSt6locale5facetE                                                                                                                                                                                                     36            0

.xt.prop._ZNSt13__facet_shims10__time_getIcEESt19istreambuf_iteratorIT_St11char_traitsIS2_EESt17integral_constantIbLb1EEPKNSt6locale5facetES5_S5_RSt8ios_baseRSt12_Ios_IostateP2tmc                                                                                                                                               204            0

.xt.prop._ZNSt13__facet_shims10__time_getIwEESt19istreambuf_iteratorIT_St11char_traitsIS2_EESt17integral_constantIbLb1EEPKNSt6locale5facetES5_S5_RSt8ios_baseRSt12_Ios_IostateP2tmc                                                                                                                                               204            0

.xt.prop._ZNKSt13__facet_shims12__any_stringcvNSt7__cxx1112basic_stringIT_St11char_traitsIS3_ESaIS3_EEEB5cxx11IcEEv                                                                                                                                                                                                                48            0

.xt.prop._ZNSt13__facet_shims11__money_putIcEESt19ostreambuf_iteratorIT_St11char_traitsIS2_EESt17integral_constantIbLb1EEPKNSt6locale5facetES5_bRSt8ios_baseS2_ePKNS_12__any_stringE                                                                                                                                               84            0

.xt.prop._ZNSt13__facet_shims19__collate_transformIcEEvSt17integral_constantIbLb1EEPKNSt6locale5facetERNS_12__any_stringEPKT_SB_                                                                                                                                                                                                   60            0

.xt.prop._ZNSt13__facet_shims11__money_getIcEESt19istreambuf_iteratorIT_St11char_traitsIS2_EESt17integral_constantIbLb1EEPKNSt6locale5facetES5_S5_bRSt8ios_baseRSt12_Ios_IostatePePNS_12__any_stringE                                                                                                                              96            0

.xt.prop._ZNSt13__facet_shims14__messages_getIcEEvSt17integral_constantIbLb1EEPKNSt6locale5facetERNS_12__any_stringEiiiPKT_j                                                                                                                                                                                                       84            0

.xt.prop._ZNKSt13__facet_shims12__any_stringcvNSt7__cxx1112basic_stringIT_St11char_traitsIS3_ESaIS3_EEEB5cxx11IwEEv                                                                                                                                                                                                                48            0

.xt.prop._ZNSt13__facet_shims11__money_putIwEESt19ostreambuf_iteratorIT_St11char_traitsIS2_EESt17integral_constantIbLb1EEPKNSt6locale5facetES5_bRSt8ios_baseS2_ePKNS_12__any_stringE                                                                                                                                               84            0

.xt.prop._ZNSt13__facet_shims19__collate_transformIwEEvSt17integral_constantIbLb1EEPKNSt6locale5facetERNS_12__any_stringEPKT_SB_                                                                                                                                                                                                   60            0

.xt.prop._ZNSt13__facet_shims11__money_getIwEESt19istreambuf_iteratorIT_St11char_traitsIS2_EESt17integral_constantIbLb1EEPKNSt6locale5facetES5_S5_bRSt8ios_baseRSt12_Ios_IostatePePNS_12__any_stringE                                                                                                                              96            0

.xt.prop._ZNSt13__facet_shims14__messages_getIwEEvSt17integral_constantIbLb1EEPKNSt6locale5facetERNS_12__any_stringEiiiPKT_j                                                                                                                                                                                                       84            0

.xt.prop._ZNSt13__facet_shims12_GLOBAL__N_116__destroy_stringIcEEvPv                                                                                                                                                                                                                                                               72            0

.xt.prop._ZNSt13__facet_shims12_GLOBAL__N_116__destroy_stringIwEEvPv                                                                                                                                                                                                                                                               72            0

.xt.prop._ZNSt6locale5facet6__shimD2Ev                                                                                                                                                                                                                                                                                             48            0

.xt.prop._ZNSt13__facet_shims12__any_stringD2Ev                                                                                                                                                                                                                                                                                    36            0

.xt.lit._ZNSt11char_traitsIcE7compareEPKcS2_j                                                                                                                                                                                                                                                                                       0            0

.xt.lit._ZNSt11char_traitsIcE4findEPKcjRS1_                                                                                                                                                                                                                                                                                         8            0

.xt.lit._ZNSt11char_traitsIcE4copyEPcPKcj                                                                                                                                                                                                                                                                                           0            0

.xt.lit._ZNSt7__cxx1112basic_stringIcSt11char_traitsIcESaIcEE9_M_createERjj                                                                                                                                                                                                                                                         8            0

.xt.lit._ZNSt7__cxx1112basic_stringIcSt11char_traitsIcESaIcEE10_M_disposeEv                                                                                                                                                                                                                                                         0            0

.xt.lit._ZNKSt7__cxx1112basic_stringIcSt11char_traitsIcESaIcEE8_M_checkEjPKc                                                                                                                                                                                                                                                        8            0

.xt.lit._ZNKSt7__cxx1112basic_stringIcSt11char_traitsIcESaIcEE15_M_check_lengthEjjPKc                                                                                                                                                                                                                                               0            0

.xt.lit._ZNSt7__cxx1112basic_stringIcSt11char_traitsIcESaIcEE7_S_copyEPcPKcj                                                                                                                                                                                                                                                        0            0

.xt.lit._ZNSt7__cxx1112basic_stringIcSt11char_traitsIcESaIcEE7_S_moveEPcPKcj                                                                                                                                                                                                                                                        8            0

.xt.lit._ZNSt7__cxx1112basic_stringIcSt11char_traitsIcESaIcEE9_S_assignEPcjc                                                                                                                                                                                                                                                        0            0

.xt.lit._ZNSt7__cxx1112basic_stringIcSt11char_traitsIcESaIcEE12_M_constructEjc                                                                                                                                                                                                                                                      0            0

.xt.lit._ZNSt7__cxx1112basic_stringIcSt11char_traitsIcESaIcEE13_S_copy_charsEPcS5_S5_                                                                                                                                                                                                                                               0            0

.xt.lit._ZNSt7__cxx1112basic_stringIcSt11char_traitsIcESaIcEE13_S_copy_charsEPcPKcS7_                                                                                                                                                                                                                                               0            0

.xt.lit._ZNSt7__cxx1112basic_stringIcSt11char_traitsIcESaIcEE9_M_assignERKS4_                                                                                                                                                                                                                                                       0            0

.xt.lit._ZNSt7__cxx1112basic_stringIcSt11char_traitsIcESaIcEE9_M_mutateEjjPKcj                                                                                                                                                                                                                                                      0            0

.xt.lit._ZNSt7__cxx1112basic_stringIcSt11char_traitsIcESaIcEE8_M_eraseEjj                                                                                                                                                                                                                                                           0            0

.xt.lit._ZNSt7__cxx1112basic_stringIcSt11char_traitsIcESaIcEEC5EOS4_                                                                                                                                                                                                                                                                0            0

.xt.lit._ZNSt7__cxx1112basic_stringIcSt11char_traitsIcESaIcEEaSEOS4_                                                                                                                                                                                                                                                                0            0

.xt.lit._ZNSt7__cxx1112basic_stringIcSt11char_traitsIcESaIcEE7reserveEj                                                                                                                                                                                                                                                             0            0

.xt.lit._ZNSt7__cxx1112basic_stringIcSt11char_traitsIcESaIcEE9push_backEc                                                                                                                                                                                                                                                           0            0

.xt.lit._ZNSt7__cxx1112basic_stringIcSt11char_traitsIcESaIcEE5eraseEjj                                                                                                                                                                                                                                                              8            0

.xt.lit._ZNSt7__cxx1112basic_stringIcSt11char_traitsIcESaIcEE14_M_replace_auxEjjjc                                                                                                                                                                                                                                                  8            0

.xt.lit._ZNSt7__cxx1112basic_stringIcSt11char_traitsIcESaIcEE6appendEjc                                                                                                                                                                                                                                                             0            0

.xt.lit._ZNSt7__cxx1112basic_stringIcSt11char_traitsIcESaIcEE6resizeEjc                                                                                                                                                                                                                                                             0            0

.xt.lit._ZNSt7__cxx1112basic_stringIcSt11char_traitsIcESaIcEE6resizeEj                                                                                                                                                                                                                                                              0            0

.xt.lit._ZNSt7__cxx1112basic_stringIcSt11char_traitsIcESaIcEE6assignEjc                                                                                                                                                                                                                                                             0            0

.xt.lit._ZNSt7__cxx1112basic_stringIcSt11char_traitsIcESaIcEE6insertEjjc                                                                                                                                                                                                                                                            8            0

.xt.lit._ZNSt7__cxx1112basic_stringIcSt11char_traitsIcESaIcEE6insertEN9__gnu_cxx17__normal_iteratorIPKcS4_EEc                                                                                                                                                                                                                       0            0

.xt.lit._ZNSt7__cxx1112basic_stringIcSt11char_traitsIcESaIcEE10_M_replaceEjjPKcj                                                                                                                                                                                                                                                    8            0

.xt.lit._ZNSt7__cxx1112basic_stringIcSt11char_traitsIcESaIcEE6assignEPKcj                                                                                                                                                                                                                                                           0            0

.xt.lit._ZNSt7__cxx1112basic_stringIcSt11char_traitsIcESaIcEE6assignEPKc                                                                                                                                                                                                                                                            0            0

.xt.lit._ZNSt7__cxx1112basic_stringIcSt11char_traitsIcESaIcEEaSEPKc                                                                                                                                                                                                                                                                 0            0

.xt.lit._ZNSt7__cxx1112basic_stringIcSt11char_traitsIcESaIcEE7replaceEjjPKcj                                                                                                                                                                                                                                                        8            0

.xt.lit._ZNSt7__cxx1112basic_stringIcSt11char_traitsIcESaIcEE6insertEjPKc                                                                                                                                                                                                                                                           0            0

.xt.lit._ZNSt7__cxx1112basic_stringIcSt11char_traitsIcESaIcEE9_M_appendEPKcj                                                                                                                                                                                                                                                        0            0

.xt.lit._ZNSt7__cxx1112basic_stringIcSt11char_traitsIcESaIcEE6appendERKS4_                                                                                                                                                                                                                                                          0            0

.xt.lit._ZNSt7__cxx1112basic_stringIcSt11char_traitsIcESaIcEEpLERKS4_                                                                                                                                                                                                                                                               0            0

.xt.lit._ZNSt7__cxx1112basic_stringIcSt11char_traitsIcESaIcEE6appendEPKcj                                                                                                                                                                                                                                                           8            0

.xt.lit._ZNKSt7__cxx1112basic_stringIcSt11char_traitsIcESaIcEE4copyEPcjj                                                                                                                                                                                                                                                            8            0

.xt.lit._ZNSt7__cxx1112basic_stringIcSt11char_traitsIcESaIcEE4swapERS4_                                                                                                                                                                                                                                                             0            0

.xt.lit._ZNKSt7__cxx1112basic_stringIcSt11char_traitsIcESaIcEE7compareERKS4_                                                                                                                                                                                                                                                        0            0

.xt.lit._ZNKSt7__cxx1112basic_stringIcSt11char_traitsIcESaIcEE7compareEPKc                                                                                                                                                                                                                                                          0            0

.xt.lit._ZNSt7__cxx1112basic_stringIcSt11char_traitsIcESaIcEE12_M_constructIPcEEvT_S7_St20forward_iterator_tag                                                                                                                                                                                                                      8            0

.xt.lit._ZNSt7__cxx1112basic_stringIcSt11char_traitsIcESaIcEEC5ERKS4_                                                                                                                                                                                                                                                               0            0

.xt.prop._ZNSt11char_traitsIcE7compareEPKcS2_j                                                                                                                                                                                                                                                                                     48            0

.xt.prop._ZNSt11char_traitsIcE4findEPKcjRS1_                                                                                                                                                                                                                                                                                       60            0

.xt.prop._ZNSt11char_traitsIcE4copyEPcPKcj                                                                                                                                                                                                                                                                                         48            0

.xt.prop._ZNSt7__cxx1112basic_stringIcSt11char_traitsIcESaIcEE9_M_createERjj                                                                                                                                                                                                                                                       84            0

.xt.prop._ZNSt7__cxx1112basic_stringIcSt11char_traitsIcESaIcEE10_M_disposeEv                                                                                                                                                                                                                                                       36            0

.xt.prop._ZNKSt7__cxx1112basic_stringIcSt11char_traitsIcESaIcEE8_M_checkEjPKc                                                                                                                                                                                                                                                      60            0

.xt.prop._ZNKSt7__cxx1112basic_stringIcSt11char_traitsIcESaIcEE15_M_check_lengthEjjPKc                                                                                                                                                                                                                                             48            0

.xt.prop._ZNSt7__cxx1112basic_stringIcSt11char_traitsIcESaIcEE7_S_copyEPcPKcj                                                                                                                                                                                                                                                      60            0

.xt.prop._ZNSt7__cxx1112basic_stringIcSt11char_traitsIcESaIcEE7_S_moveEPcPKcj                                                                                                                                                                                                                                                      72            0

.xt.prop._ZNSt7__cxx1112basic_stringIcSt11char_traitsIcESaIcEE9_S_assignEPcjc                                                                                                                                                                                                                                                      60            0

.xt.prop._ZNSt7__cxx1112basic_stringIcSt11char_traitsIcESaIcEE12_M_constructEjc                                                                                                                                                                                                                                                    48            0

.xt.prop._ZNSt7__cxx1112basic_stringIcSt11char_traitsIcESaIcEE13_S_copy_charsEPcS5_S5_                                                                                                                                                                                                                                             36            0

.xt.prop._ZNSt7__cxx1112basic_stringIcSt11char_traitsIcESaIcEE13_S_copy_charsEPcPKcS7_                                                                                                                                                                                                                                             36            0

.xt.prop._ZNSt7__cxx1112basic_stringIcSt11char_traitsIcESaIcEE9_M_assignERKS4_                                                                                                                                                                                                                                                     36            0

.xt.prop._ZNSt7__cxx1112basic_stringIcSt11char_traitsIcESaIcEE9_M_mutateEjjPKcj                                                                                                                                                                                                                                                    72            0

.xt.prop._ZNSt7__cxx1112basic_stringIcSt11char_traitsIcESaIcEE8_M_eraseEjj                                                                                                                                                                                                                                                         36            0

.xt.prop._ZNSt7__cxx1112basic_stringIcSt11char_traitsIcESaIcEEC5EOS4_                                                                                                                                                                                                                                                               0            0

.xt.prop._ZNSt7__cxx1112basic_stringIcSt11char_traitsIcESaIcEEaSEOS4_                                                                                                                                                                                                                                                             108            0

.xt.prop._ZNSt7__cxx1112basic_stringIcSt11char_traitsIcESaIcEE7reserveEj                                                                                                                                                                                                                                                           84            0

.xt.prop._ZNSt7__cxx1112basic_stringIcSt11char_traitsIcESaIcEE9push_backEc                                                                                                                                                                                                                                                         36            0

.xt.prop._ZNSt7__cxx1112basic_stringIcSt11char_traitsIcESaIcEE5eraseEjj                                                                                                                                                                                                                                                            84            0

.xt.prop._ZNSt7__cxx1112basic_stringIcSt11char_traitsIcESaIcEE14_M_replace_auxEjjjc                                                                                                                                                                                                                                                72            0

.xt.prop._ZNSt7__cxx1112basic_stringIcSt11char_traitsIcESaIcEE6appendEjc                                                                                                                                                                                                                                                           36            0

.xt.prop._ZNSt7__cxx1112basic_stringIcSt11char_traitsIcESaIcEE6resizeEjc                                                                                                                                                                                                                                                           60            0

.xt.prop._ZNSt7__cxx1112basic_stringIcSt11char_traitsIcESaIcEE6resizeEj                                                                                                                                                                                                                                                            36            0

.xt.prop._ZNSt7__cxx1112basic_stringIcSt11char_traitsIcESaIcEE6assignEjc                                                                                                                                                                                                                                                           36            0

.xt.prop._ZNSt7__cxx1112basic_stringIcSt11char_traitsIcESaIcEE6insertEjjc                                                                                                                                                                                                                                                          48            0

.xt.prop._ZNSt7__cxx1112basic_stringIcSt11char_traitsIcESaIcEE6insertEN9__gnu_cxx17__normal_iteratorIPKcS4_EEc                                                                                                                                                                                                                     36            0

.xt.prop._ZNSt7__cxx1112basic_stringIcSt11char_traitsIcESaIcEE10_M_replaceEjjPKcj                                                                                                                                                                                                                                                 192            0

.xt.prop._ZNSt7__cxx1112basic_stringIcSt11char_traitsIcESaIcEE6assignEPKcj                                                                                                                                                                                                                                                         36            0

.xt.prop._ZNSt7__cxx1112basic_stringIcSt11char_traitsIcESaIcEE6assignEPKc                                                                                                                                                                                                                                                          36            0

.xt.prop._ZNSt7__cxx1112basic_stringIcSt11char_traitsIcESaIcEEaSEPKc                                                                                                                                                                                                                                                               36            0

.xt.prop._ZNSt7__cxx1112basic_stringIcSt11char_traitsIcESaIcEE7replaceEjjPKcj                                                                                                                                                                                                                                                      48            0

.xt.prop._ZNSt7__cxx1112basic_stringIcSt11char_traitsIcESaIcEE6insertEjPKc                                                                                                                                                                                                                                                         36            0

.xt.prop._ZNSt7__cxx1112basic_stringIcSt11char_traitsIcESaIcEE9_M_appendEPKcj                                                                                                                                                                                                                                                      60            0

.xt.prop._ZNSt7__cxx1112basic_stringIcSt11char_traitsIcESaIcEE6appendERKS4_                                                                                                                                                                                                                                                        36            0

.xt.prop._ZNSt7__cxx1112basic_stringIcSt11char_traitsIcESaIcEEpLERKS4_                                                                                                                                                                                                                                                             36            0

.xt.prop._ZNSt7__cxx1112basic_stringIcSt11char_traitsIcESaIcEE6appendEPKcj                                                                                                                                                                                                                                                         48            0

.xt.prop._ZNKSt7__cxx1112basic_stringIcSt11char_traitsIcESaIcEE4copyEPcjj                                                                                                                                                                                                                                                          60            0

.xt.prop._ZNSt7__cxx1112basic_stringIcSt11char_traitsIcESaIcEE4swapERS4_                                                                                                                                                                                                                                                          156            0

.xt.prop._ZNKSt7__cxx1112basic_stringIcSt11char_traitsIcESaIcEE7compareERKS4_                                                                                                                                                                                                                                                      36            0

.xt.prop._ZNKSt7__cxx1112basic_stringIcSt11char_traitsIcESaIcEE7compareEPKc                                                                                                                                                                                                                                                        36            0

.xt.prop._ZNSt7__cxx1112basic_stringIcSt11char_traitsIcESaIcEE12_M_constructIPcEEvT_S7_St20forward_iterator_tag                                                                                                                                                                                                                    48            0

.xt.prop._ZNSt7__cxx1112basic_stringIcSt11char_traitsIcESaIcEEC5ERKS4_                                                                                                                                                                                                                                                              0            0

.xt.prop._ZNKSt7__cxx1112basic_stringIcSt11char_traitsIcESaIcEE11_M_disjunctEPKc                                                                                                                                                                                                                                                   48            0

.xt.prop._ZNSt7__cxx1112basic_stringIcSt11char_traitsIcESaIcEEC2EOS4_                                                                                                                                                                                                                                                              60            0

.xt.prop._ZNKSt7__cxx1112basic_stringIcSt11char_traitsIcESaIcEE17find_first_not_ofEcj                                                                                                                                                                                                                                              72            0

.xt.prop._ZNSt7__cxx1112basic_stringIcSt11char_traitsIcESaIcEEC2ERKS4_                                                                                                                                                                                                                                                             36            0

.xt.prop._ZTVSt23__codecvt_abstract_baseIDsc10_mbstate_tE                                                                                                                                                                                                                                                                          12            0

.xt.prop._ZTVSt23__codecvt_abstract_baseIDic10_mbstate_tE                                                                                                                                                                                                                                                                          12            0

.xt.prop._ZTVSt7codecvtIDsc10_mbstate_tE                                                                                                                                                                                                                                                                                           12            0

.xt.prop._ZTVSt7codecvtIDic10_mbstate_tE                                                                                                                                                                                                                                                                                           12            0

.xt.prop._ZTVSt11regex_error                                                                                                                                                                                                                                                                                                       12            0

.xt.prop._ZTISt12system_error                                                                                                                                                                                                                                                                                                      12            0

.xt.prop._ZTVSt12system_error                                                                                                                                                                                                                                                                                                      12            0

.xt.lit._ZNSiD5Ev                                                                                                                                                                                                                                                                                                                   8            0

.xt.lit._ZNSiC5Ev                                                                                                                                                                                                                                                                                                                   0            0

.xt.lit._ZNSi6sentryC5ERSib                                                                                                                                                                                                                                                                                                         0            0

.xt.lit._ZNSi10_M_extractIlEERSiRT_                                                                                                                                                                                                                                                                                                 0            0

.xt.lit._ZNSirsERl                                                                                                                                                                                                                                                                                                                  0            0

.xt.prop._ZNSiD5Ev                                                                                                                                                                                                                                                                                                                 12            0

.xt.prop._ZNSiC5Ev                                                                                                                                                                                                                                                                                                                  0            0

.xt.prop._ZNSi6sentryC5ERSib                                                                                                                                                                                                                                                                                                        0            0

.xt.prop._ZNSi10_M_extractIlEERSiRT_                                                                                                                                                                                                                                                                                              156            0

.xt.prop._ZNSirsERl                                                                                                                                                                                                                                                                                                                36            0

.xt.prop._ZNSiD4Ev                                                                                                                                                                                                                                                                                                                 72            0

.xt.prop._ZNSiD1Ev                                                                                                                                                                                                                                                                                                                 60            0

.xt.prop._ZNSiD0Ev                                                                                                                                                                                                                                                                                                                 60            0

.xt.prop._ZNSiD2Ev                                                                                                                                                                                                                                                                                                                 36            0

.xt.prop._ZNSirsEPFRSt8ios_baseS0_E                                                                                                                                                                                                                                                                                                36            0

.xt.prop._ZNSiC2Ev                                                                                                                                                                                                                                                                                                                 36            0

.xt.prop._ZNSiC1Ev                                                                                                                                                                                                                                                                                                                 84            0

.xt.prop._ZNSi6sentryC2ERSib                                                                                                                                                                                                                                                                                                      276            0

.xt.prop._ZNSt19istreambuf_iteratorIcSt11char_traitsIcEEC2ERSi                                                                                                                                                                                                                                                                     36            0

.xt.prop._ZNKSt21__ctype_abstract_baseIwE2isEcw                                                                                                                                                                                                                                                                                    36            0

.xt.prop._ZTIN10__cxxabiv115__forced_unwindE                                                                                                                                                                                                                                                                                       12            0

.xt.prop._ZTTSi                                                                                                                                                                                                                                                                                                                    12            0

.xt.prop._ZTVSi                                                                                                                                                                                                                                                                                                                    12            0

.xt.lit._ZNSt7__cxx1115basic_stringbufIcSt11char_traitsIcESaIcEED5Ev                                                                                                                                                                                                                                                                8            0

.xt.lit._ZNSt7__cxx1115basic_stringbufIcSt11char_traitsIcESaIcEE9showmanycEv                                                                                                                                                                                                                                                        0            0

.xt.lit._ZNSt7__cxx1115basic_stringbufIcSt11char_traitsIcESaIcEE9underflowEv                                                                                                                                                                                                                                                        0            0

.xt.lit._ZNSt7__cxx1115basic_stringbufIcSt11char_traitsIcESaIcEE8_M_pbumpEPcS5_x                                                                                                                                                                                                                                                    8            0

.xt.lit._ZNSt7__cxx1115basic_stringbufIcSt11char_traitsIcESaIcEE7seekoffExSt12_Ios_SeekdirSt13_Ios_Openmode                                                                                                                                                                                                                         0            0

.xt.lit._ZNSt7__cxx1115basic_stringbufIcSt11char_traitsIcESaIcEE7seekposESt4fposI10_mbstate_tESt13_Ios_Openmode                                                                                                                                                                                                                     0            0

.xt.lit._ZNSt7__cxx1115basic_stringbufIcSt11char_traitsIcESaIcEE7_M_syncEPcjj                                                                                                                                                                                                                                                       0            0

.xt.lit._ZNSt7__cxx1115basic_stringbufIcSt11char_traitsIcESaIcEE17_M_stringbuf_initESt13_Ios_Openmode                                                                                                                                                                                                                               0            0

.xt.lit._ZNSt7__cxx1115basic_stringbufIcSt11char_traitsIcESaIcEEC5ERKNS_12basic_stringIcS2_S3_EESt13_Ios_Openmode                                                                                                                                                                                                                   0            0

.xt.lit._ZNSt7__cxx1115basic_stringbufIcSt11char_traitsIcESaIcEE6setbufEPci                                                                                                                                                                                                                                                         0            0

.xt.lit._ZNSt7__cxx1115basic_stringbufIcSt11char_traitsIcESaIcEE8overflowEi                                                                                                                                                                                                                                                         0            0

.xt.lit._ZNSt7__cxx1119basic_istringstreamIcSt11char_traitsIcESaIcEEC5ERKNS_12basic_stringIcS2_S3_EESt13_Ios_Openmode                                                                                                                                                                                                               8            0

.xt.lit._ZNSt7__cxx1119basic_istringstreamIcSt11char_traitsIcESaIcEED5Ev                                                                                                                                                                                                                                                            0            0

.xt.prop._ZNSt7__cxx1115basic_stringbufIcSt11char_traitsIcESaIcEED5Ev                                                                                                                                                                                                                                                              12            0

.xt.prop._ZNSt7__cxx1115basic_stringbufIcSt11char_traitsIcESaIcEE9showmanycEv                                                                                                                                                                                                                                                      48            0

.xt.prop._ZNSt7__cxx1115basic_stringbufIcSt11char_traitsIcESaIcEE9underflowEv                                                                                                                                                                                                                                                      72            0

.xt.prop._ZNSt7__cxx1115basic_stringbufIcSt11char_traitsIcESaIcEE8_M_pbumpEPcS5_x                                                                                                                                                                                                                                                  84            0

.xt.prop._ZNSt7__cxx1115basic_stringbufIcSt11char_traitsIcESaIcEE7seekoffExSt12_Ios_SeekdirSt13_Ios_Openmode                                                                                                                                                                                                                      180            0

.xt.prop._ZNSt7__cxx1115basic_stringbufIcSt11char_traitsIcESaIcEE7seekposESt4fposI10_mbstate_tESt13_Ios_Openmode                                                                                                                                                                                                                  108            0

.xt.prop._ZNSt7__cxx1115basic_stringbufIcSt11char_traitsIcESaIcEE7_M_syncEPcjj                                                                                                                                                                                                                                                     48            0

.xt.prop._ZNSt7__cxx1115basic_stringbufIcSt11char_traitsIcESaIcEE17_M_stringbuf_initESt13_Ios_Openmode                                                                                                                                                                                                                             36            0

.xt.prop._ZNSt7__cxx1115basic_stringbufIcSt11char_traitsIcESaIcEEC5ERKNS_12basic_stringIcS2_S3_EESt13_Ios_Openmode                                                                                                                                                                                                                  0            0

.xt.prop._ZNSt7__cxx1115basic_stringbufIcSt11char_traitsIcESaIcEE6setbufEPci                                                                                                                                                                                                                                                       48            0

.xt.prop._ZNSt7__cxx1115basic_stringbufIcSt11char_traitsIcESaIcEE8overflowEi                                                                                                                                                                                                                                                      192            0

.xt.prop._ZNSt7__cxx1119basic_istringstreamIcSt11char_traitsIcESaIcEEC5ERKNS_12basic_stringIcS2_S3_EESt13_Ios_Openmode                                                                                                                                                                                                             12            0

.xt.prop._ZNSt7__cxx1119basic_istringstreamIcSt11char_traitsIcESaIcEED5Ev                                                                                                                                                                                                                                                           0            0

.xt.prop._ZNSt7__cxx1115basic_stringbufIcSt11char_traitsIcESaIcEE9pbackfailEi                                                                                                                                                                                                                                                      96            0

.xt.prop._ZNSt7__cxx1115basic_stringbufIcSt11char_traitsIcESaIcEED2Ev                                                                                                                                                                                                                                                              36            0

.xt.prop._ZNSt7__cxx1115basic_stringbufIcSt11char_traitsIcESaIcEED0Ev                                                                                                                                                                                                                                                              36            0

.xt.prop._ZNSt7__cxx1115basic_stringbufIcSt11char_traitsIcESaIcEE15_M_update_egptrEv                                                                                                                                                                                                                                               60            0

.xt.prop._ZNSt7__cxx1115basic_stringbufIcSt11char_traitsIcESaIcEEC2ERKNS_12basic_stringIcS2_S3_EESt13_Ios_Openmode                                                                                                                                                                                                                108            0

.xt.prop._ZNSt7__cxx1119basic_istringstreamIcSt11char_traitsIcESaIcEEC2ERKNS_12basic_stringIcS2_S3_EESt13_Ios_Openmode                                                                                                                                                                                                            108            0

.xt.prop._ZNSt7__cxx1119basic_istringstreamIcSt11char_traitsIcESaIcEEC1ERKNS_12basic_stringIcS2_S3_EESt13_Ios_Openmode                                                                                                                                                                                                            132            0

.xt.prop._ZNSt7__cxx1119basic_istringstreamIcSt11char_traitsIcESaIcEED4Ev                                                                                                                                                                                                                                                          84            0

.xt.prop._ZNSt7__cxx1119basic_istringstreamIcSt11char_traitsIcESaIcEED1Ev                                                                                                                                                                                                                                                          60            0

.xt.prop._ZNSt7__cxx1119basic_istringstreamIcSt11char_traitsIcESaIcEED0Ev                                                                                                                                                                                                                                                          60            0

.xt.prop._ZNSt7__cxx1119basic_istringstreamIcSt11char_traitsIcESaIcEED2Ev                                                                                                                                                                                                                                                          36            0

.xt.prop._ZTVNSt7__cxx1115basic_stringbufIcSt11char_traitsIcESaIcEEE                                                                                                                                                                                                                                                               12            0

.xt.prop._ZTCNSt7__cxx1119basic_istringstreamIcSt11char_traitsIcESaIcEEE0_Si                                                                                                                                                                                                                                                       12            0

.xt.prop._ZTTNSt7__cxx1119basic_istringstreamIcSt11char_traitsIcESaIcEEE                                                                                                                                                                                                                                                           12            0

.xt.prop._ZTVNSt7__cxx1119basic_istringstreamIcSt11char_traitsIcESaIcEEE                                                                                                                                                                                                                                                           12            0

.xt.prop._ZTISt8bad_cast                                                                                                                                                                                                                                                                                                           12            0

.xt.prop._ZTISt11logic_error                                                                                                                                                                                                                                                                                                       12            0

.xt.prop._ZTISt12length_error                                                                                                                                                                                                                                                                                                      12            0

.xt.prop._ZTISt12out_of_range                                                                                                                                                                                                                                                                                                      12            0

.xt.lit._ZNKSt7__cxx1110moneypunctIwLb0EE13do_pos_formatEv                                                                                                                                                                                                                                                                          8            0

.xt.lit._ZNKSt7__cxx1110moneypunctIwLb0EE13do_neg_formatEv                                                                                                                                                                                                                                                                          0            0

.xt.lit._ZNKSt7__cxx1110moneypunctIwLb1EE13do_pos_formatEv                                                                                                                                                                                                                                                                          0            0

.xt.lit._ZNKSt7__cxx1110moneypunctIwLb1EE13do_neg_formatEv                                                                                                                                                                                                                                                                          0            0

.xt.lit._ZNSt7__cxx119money_getIwSt19istreambuf_iteratorIwSt11char_traitsIwEEED5Ev                                                                                                                                                                                                                                                  0            0

.xt.lit._ZNSt7__cxx119money_putIwSt19ostreambuf_iteratorIwSt11char_traitsIwEEED5Ev                                                                                                                                                                                                                                                  0            0

.xt.lit._ZNSt7__cxx118time_getIwSt19istreambuf_iteratorIwSt11char_traitsIwEEED5Ev                                                                                                                                                                                                                                                   0            0

.xt.lit._ZNSt7__cxx118messagesIwED5Ev                                                                                                                                                                                                                                                                                               8            0

.xt.lit._ZNSt7__cxx117collateIwED5Ev                                                                                                                                                                                                                                                                                                8            0

.xt.lit._ZNKSt7__cxx1110moneypunctIwLb0EE11do_groupingEv                                                                                                                                                                                                                                                                            0            0

.xt.lit._ZNKSt7__cxx1110moneypunctIwLb1EE11do_groupingEv                                                                                                                                                                                                                                                                            0            0

.xt.lit._ZNKSt7__cxx118numpunctIwE11do_groupingEv                                                                                                                                                                                                                                                                                   0            0

.xt.lit._ZNKSt7__cxx117collateIwE12do_transformEPKwS3_                                                                                                                                                                                                                                                                              0            0

.xt.lit._ZNKSt7__cxx1110moneypunctIwLb0EE14do_curr_symbolEv                                                                                                                                                                                                                                                                         0            0

.xt.lit._ZNKSt7__cxx1110moneypunctIwLb0EE16do_positive_signEv                                                                                                                                                                                                                                                                       0            0

.xt.lit._ZNKSt7__cxx1110moneypunctIwLb0EE16do_negative_signEv                                                                                                                                                                                                                                                                       0            0

.xt.lit._ZNKSt7__cxx1110moneypunctIwLb1EE14do_curr_symbolEv                                                                                                                                                                                                                                                                         0            0

.xt.lit._ZNKSt7__cxx1110moneypunctIwLb1EE16do_positive_signEv                                                                                                                                                                                                                                                                       0            0

.xt.lit._ZNKSt7__cxx1110moneypunctIwLb1EE16do_negative_signEv                                                                                                                                                                                                                                                                       0            0

.xt.lit._ZNKSt7__cxx118numpunctIwE11do_truenameEv                                                                                                                                                                                                                                                                                   0            0

.xt.lit._ZNKSt7__cxx118numpunctIwE12do_falsenameEv                                                                                                                                                                                                                                                                                  0            0

.xt.lit._ZNKSt7__cxx117collateIwE10do_compareEPKwS3_S3_S3_                                                                                                                                                                                                                                                                          0            0

.xt.lit._ZSt16__convert_from_vRKPiPciPKcz                                                                                                                                                                                                                                                                                           8            0

.xt.lit._ZNSt11char_traitsIwE4findEPKwjRS1_                                                                                                                                                                                                                                                                                         0            0

.xt.lit._ZNSt7__cxx1110moneypunctIwLb0EEC5EPSt18__moneypunct_cacheIwLb0EEj                                                                                                                                                                                                                                                          8            0

.xt.lit._ZNKSt7__cxx1110moneypunctIwLb0EE10pos_formatEv                                                                                                                                                                                                                                                                             0            0

.xt.lit._ZNKSt7__cxx1110moneypunctIwLb0EE10neg_formatEv                                                                                                                                                                                                                                                                             0            0

.xt.lit._ZNSt7__cxx1110moneypunctIwLb1EEC5EPSt18__moneypunct_cacheIwLb1EEj                                                                                                                                                                                                                                                          8            0

.xt.lit._ZNKSt7__cxx1110moneypunctIwLb1EE10pos_formatEv                                                                                                                                                                                                                                                                             0            0

.xt.lit._ZNKSt7__cxx1110moneypunctIwLb1EE10neg_formatEv                                                                                                                                                                                                                                                                             0            0

.xt.lit._ZNSt7__cxx118numpunctIwEC5EPSt16__numpunct_cacheIwEj                                                                                                                                                                                                                                                                       8            0

.xt.lit._ZNSt7__cxx118messagesIwEC5Ej                                                                                                                                                                                                                                                                                               0            0

.xt.lit._ZNSt7__cxx117collateIwEC5Ej                                                                                                                                                                                                                                                                                                0            0

.xt.lit._ZNKSt11__use_cacheISt18__moneypunct_cacheIwLb1EEEclERKSt6locale                                                                                                                                                                                                                                                            0            0

.xt.lit._ZNSt19istreambuf_iteratorIwSt11char_traitsIwEEppEv                                                                                                                                                                                                                                                                         0            0

.xt.lit._ZNKSt11__use_cacheISt18__moneypunct_cacheIwLb0EEEclERKSt6locale                                                                                                                                                                                                                                                            0            0

.xt.lit._ZSt7__writeIwESt19ostreambuf_iteratorIT_St11char_traitsIS1_EES4_PKS1_i                                                                                                                                                                                                                                                     0            0

.xt.lit._ZNKSt7__cxx119money_putIwSt19ostreambuf_iteratorIwSt11char_traitsIwEEE9_M_insertILb1EEES4_S4_RSt8ios_basewRKNS_12basic_stringIwS3_SaIwEEE                                                                                                                                                                                  8            0

.xt.lit._ZNKSt7__cxx119money_putIwSt19ostreambuf_iteratorIwSt11char_traitsIwEEE9_M_insertILb0EEES4_S4_RSt8ios_basewRKNS_12basic_stringIwS3_SaIwEEE                                                                                                                                                                                  8            0

.xt.lit._ZNKSt7__cxx119money_putIwSt19ostreambuf_iteratorIwSt11char_traitsIwEEE6do_putES4_bRSt8ios_basewe                                                                                                                                                                                                                           8            0

.xt.lit._ZNKSt7__cxx119money_putIwSt19ostreambuf_iteratorIwSt11char_traitsIwEEE6do_putES4_bRSt8ios_basewRKNS_12basic_stringIwS3_SaIwEEE                                                                                                                                                                                             0            0

.xt.lit._ZNKSt11__use_cacheISt16__numpunct_cacheIwEEclERKSt6locale                                                                                                                                                                                                                                                                  0            0

.xt.lit._ZNKSt19istreambuf_iteratorIwSt11char_traitsIwEE6_M_getEv                                                                                                                                                                                                                                                                   0            0

.xt.lit._ZNKSt19istreambuf_iteratorIwSt11char_traitsIwEE5equalERKS2_                                                                                                                                                                                                                                                                0            0

.xt.lit._ZStneIwSt11char_traitsIwEEbRKSt19istreambuf_iteratorIT_T0_ES7_                                                                                                                                                                                                                                                             0            0

.xt.lit._ZNKSt7__cxx118time_getIwSt19istreambuf_iteratorIwSt11char_traitsIwEEE14_M_extract_numES4_S4_RiiijRSt8ios_baseRSt12_Ios_Iostate                                                                                                                                                                                             0            0

.xt.lit._ZNKSt7__cxx118time_getIwSt19istreambuf_iteratorIwSt11char_traitsIwEEE15_M_extract_nameES4_S4_RiPPKwjRSt8ios_baseRSt12_Ios_Iostate                                                                                                                                                                                          0            0

.xt.lit._ZNKSt7__cxx118time_getIwSt19istreambuf_iteratorIwSt11char_traitsIwEEE24_M_extract_wday_or_monthES4_S4_RiPPKwjRSt8ios_baseRSt12_Ios_Iostate                                                                                                                                                                                 0            0

.xt.lit._ZNKSt7__cxx118time_getIwSt19istreambuf_iteratorIwSt11char_traitsIwEEE21_M_extract_via_formatES4_S4_RSt8ios_baseRSt12_Ios_IostateP2tmPKw                                                                                                                                                                                    8            0

.xt.lit._ZNKSt7__cxx118time_getIwSt19istreambuf_iteratorIwSt11char_traitsIwEEE11do_get_yearES4_S4_RSt8ios_baseRSt12_Ios_IostateP2tm                                                                                                                                                                                                 0            0

.xt.lit._ZNKSt7__cxx118time_getIwSt19istreambuf_iteratorIwSt11char_traitsIwEEE14do_get_weekdayES4_S4_RSt8ios_baseRSt12_Ios_IostateP2tm                                                                                                                                                                                              0            0

.xt.lit._ZNKSt7__cxx118time_getIwSt19istreambuf_iteratorIwSt11char_traitsIwEEE16do_get_monthnameES4_S4_RSt8ios_baseRSt12_Ios_IostateP2tm                                                                                                                                                                                            0            0

.xt.lit._ZNKSt7__cxx118time_getIwSt19istreambuf_iteratorIwSt11char_traitsIwEEE11do_get_timeES4_S4_RSt8ios_baseRSt12_Ios_IostateP2tm                                                                                                                                                                                                 0            0

.xt.lit._ZNKSt7__cxx118time_getIwSt19istreambuf_iteratorIwSt11char_traitsIwEEE11do_get_dateES4_S4_RSt8ios_baseRSt12_Ios_IostateP2tm                                                                                                                                                                                                 0            0

.xt.lit._ZNKSt7__cxx118time_getIwSt19istreambuf_iteratorIwSt11char_traitsIwEEE6do_getES4_S4_RSt8ios_baseRSt12_Ios_IostateP2tmcc                                                                                                                                                                                                     0            0

.xt.lit._ZNKSt7__cxx119money_getIwSt19istreambuf_iteratorIwSt11char_traitsIwEEE10_M_extractILb1EEES4_S4_S4_RSt8ios_baseRSt12_Ios_IostateRNS_12basic_stringIcS2_IcESaIcEEE                                                                                                                                                           8            0

.xt.lit._ZNKSt7__cxx119money_getIwSt19istreambuf_iteratorIwSt11char_traitsIwEEE10_M_extractILb0EEES4_S4_S4_RSt8ios_baseRSt12_Ios_IostateRNS_12basic_stringIcS2_IcESaIcEEE                                                                                                                                                           8            0

.xt.lit._ZNKSt7__cxx119money_getIwSt19istreambuf_iteratorIwSt11char_traitsIwEEE6do_getES4_S4_bRSt8ios_baseRSt12_Ios_IostateRe                                                                                                                                                                                                       0            0

.xt.lit._ZNKSt7__cxx119money_getIwSt19istreambuf_iteratorIwSt11char_traitsIwEEE6do_getES4_S4_bRSt8ios_baseRSt12_Ios_IostateRNS_12basic_stringIwS3_SaIwEEE                                                                                                                                                                           0            0

.xt.prop._ZNKSt7__cxx1110moneypunctIwLb0EE13do_pos_formatEv                                                                                                                                                                                                                                                                        48            0

.xt.prop._ZNKSt7__cxx1110moneypunctIwLb0EE13do_neg_formatEv                                                                                                                                                                                                                                                                        36            0

.xt.prop._ZNKSt7__cxx1110moneypunctIwLb1EE13do_pos_formatEv                                                                                                                                                                                                                                                                        36            0

.xt.prop._ZNKSt7__cxx1110moneypunctIwLb1EE13do_neg_formatEv                                                                                                                                                                                                                                                                        36            0

.xt.prop._ZNSt7__cxx119money_getIwSt19istreambuf_iteratorIwSt11char_traitsIwEEED5Ev                                                                                                                                                                                                                                                 0            0

.xt.prop._ZNSt7__cxx119money_putIwSt19ostreambuf_iteratorIwSt11char_traitsIwEEED5Ev                                                                                                                                                                                                                                                 0            0

.xt.prop._ZNSt7__cxx118time_getIwSt19istreambuf_iteratorIwSt11char_traitsIwEEED5Ev                                                                                                                                                                                                                                                  0            0

.xt.prop._ZNSt7__cxx118messagesIwED5Ev                                                                                                                                                                                                                                                                                             12            0

.xt.prop._ZNSt7__cxx117collateIwED5Ev                                                                                                                                                                                                                                                                                              12            0

.xt.prop._ZNKSt7__cxx1110moneypunctIwLb0EE11do_groupingEv                                                                                                                                                                                                                                                                          36            0

.xt.prop._ZNKSt7__cxx1110moneypunctIwLb1EE11do_groupingEv                                                                                                                                                                                                                                                                          36            0

.xt.prop._ZNKSt7__cxx118numpunctIwE11do_groupingEv                                                                                                                                                                                                                                                                                 36            0

.xt.prop._ZNKSt7__cxx117collateIwE12do_transformEPKwS3_                                                                                                                                                                                                                                                                           252            0

.xt.prop._ZNKSt7__cxx1110moneypunctIwLb0EE14do_curr_symbolEv                                                                                                                                                                                                                                                                       36            0

.xt.prop._ZNKSt7__cxx1110moneypunctIwLb0EE16do_positive_signEv                                                                                                                                                                                                                                                                     36            0

.xt.prop._ZNKSt7__cxx1110moneypunctIwLb0EE16do_negative_signEv                                                                                                                                                                                                                                                                     36            0

.xt.prop._ZNKSt7__cxx1110moneypunctIwLb1EE14do_curr_symbolEv                                                                                                                                                                                                                                                                       36            0

.xt.prop._ZNKSt7__cxx1110moneypunctIwLb1EE16do_positive_signEv                                                                                                                                                                                                                                                                     36            0

.xt.prop._ZNKSt7__cxx1110moneypunctIwLb1EE16do_negative_signEv                                                                                                                                                                                                                                                                     36            0

.xt.prop._ZNKSt7__cxx118numpunctIwE11do_truenameEv                                                                                                                                                                                                                                                                                 36            0

.xt.prop._ZNKSt7__cxx118numpunctIwE12do_falsenameEv                                                                                                                                                                                                                                                                                36            0

.xt.prop._ZNKSt7__cxx117collateIwE10do_compareEPKwS3_S3_S3_                                                                                                                                                                                                                                                                       120            0

.xt.prop._ZSt16__convert_from_vRKPiPciPKcz                                                                                                                                                                                                                                                                                         60            0

.xt.prop._ZNSt11char_traitsIwE4findEPKwjRS1_                                                                                                                                                                                                                                                                                       48            0

.xt.prop._ZNSt7__cxx1110moneypunctIwLb0EEC5EPSt18__moneypunct_cacheIwLb0EEj                                                                                                                                                                                                                                                        12            0

.xt.prop._ZNKSt7__cxx1110moneypunctIwLb0EE10pos_formatEv                                                                                                                                                                                                                                                                           36            0

.xt.prop._ZNKSt7__cxx1110moneypunctIwLb0EE10neg_formatEv                                                                                                                                                                                                                                                                           36            0

.xt.prop._ZNSt7__cxx1110moneypunctIwLb1EEC5EPSt18__moneypunct_cacheIwLb1EEj                                                                                                                                                                                                                                                        12            0

.xt.prop._ZNKSt7__cxx1110moneypunctIwLb1EE10pos_formatEv                                                                                                                                                                                                                                                                           36            0

.xt.prop._ZNKSt7__cxx1110moneypunctIwLb1EE10neg_formatEv                                                                                                                                                                                                                                                                           36            0

.xt.prop._ZNSt7__cxx118numpunctIwEC5EPSt16__numpunct_cacheIwEj                                                                                                                                                                                                                                                                     12            0

.xt.prop._ZNSt7__cxx118messagesIwEC5Ej                                                                                                                                                                                                                                                                                              0            0

.xt.prop._ZNSt7__cxx117collateIwEC5Ej                                                                                                                                                                                                                                                                                               0            0

.xt.prop._ZNKSt11__use_cacheISt18__moneypunct_cacheIwLb1EEEclERKSt6locale                                                                                                                                                                                                                                                         108            0

.xt.prop._ZNSt19istreambuf_iteratorIwSt11char_traitsIwEEppEv                                                                                                                                                                                                                                                                       36            0

.xt.prop._ZNKSt11__use_cacheISt18__moneypunct_cacheIwLb0EEEclERKSt6locale                                                                                                                                                                                                                                                         108            0

.xt.prop._ZSt7__writeIwESt19ostreambuf_iteratorIT_St11char_traitsIS1_EES4_PKS1_i                                                                                                                                                                                                                                                   36            0

.xt.prop._ZNKSt7__cxx119money_putIwSt19ostreambuf_iteratorIwSt11char_traitsIwEEE9_M_insertILb1EEES4_S4_RSt8ios_basewRKNS_12basic_stringIwS3_SaIwEEE                                                                                                                                                                               432            0

.xt.prop._ZNKSt7__cxx119money_putIwSt19ostreambuf_iteratorIwSt11char_traitsIwEEE9_M_insertILb0EEES4_S4_RSt8ios_basewRKNS_12basic_stringIwS3_SaIwEEE                                                                                                                                                                               432            0

.xt.prop._ZNKSt7__cxx119money_putIwSt19ostreambuf_iteratorIwSt11char_traitsIwEEE6do_putES4_bRSt8ios_basewe                                                                                                                                                                                                                        120            0

.xt.prop._ZNKSt7__cxx119money_putIwSt19ostreambuf_iteratorIwSt11char_traitsIwEEE6do_putES4_bRSt8ios_basewRKNS_12basic_stringIwS3_SaIwEEE                                                                                                                                                                                           60            0

.xt.prop._ZNKSt11__use_cacheISt16__numpunct_cacheIwEEclERKSt6locale                                                                                                                                                                                                                                                               108            0

.xt.prop._ZNKSt19istreambuf_iteratorIwSt11char_traitsIwEE6_M_getEv                                                                                                                                                                                                                                                                 48            0

.xt.prop._ZNKSt19istreambuf_iteratorIwSt11char_traitsIwEE5equalERKS2_                                                                                                                                                                                                                                                              36            0

.xt.prop._ZStneIwSt11char_traitsIwEEbRKSt19istreambuf_iteratorIT_T0_ES7_                                                                                                                                                                                                                                                           36            0

.xt.prop._ZNKSt7__cxx118time_getIwSt19istreambuf_iteratorIwSt11char_traitsIwEEE14_M_extract_numES4_S4_RiiijRSt8ios_baseRSt12_Ios_Iostate                                                                                                                                                                                          120            0

.xt.prop._ZNKSt7__cxx118time_getIwSt19istreambuf_iteratorIwSt11char_traitsIwEEE15_M_extract_nameES4_S4_RiPPKwjRSt8ios_baseRSt12_Ios_Iostate                                                                                                                                                                                       288            0

.xt.prop._ZNKSt7__cxx118time_getIwSt19istreambuf_iteratorIwSt11char_traitsIwEEE24_M_extract_wday_or_monthES4_S4_RiPPKwjRSt8ios_baseRSt12_Ios_Iostate                                                                                                                                                                              312            0

.xt.prop._ZNKSt7__cxx118time_getIwSt19istreambuf_iteratorIwSt11char_traitsIwEEE21_M_extract_via_formatES4_S4_RSt8ios_baseRSt12_Ios_IostateP2tmPKw                                                                                                                                                                                 792            0

.xt.prop._ZNKSt7__cxx118time_getIwSt19istreambuf_iteratorIwSt11char_traitsIwEEE11do_get_yearES4_S4_RSt8ios_baseRSt12_Ios_IostateP2tm                                                                                                                                                                                               72            0

.xt.prop._ZNKSt7__cxx118time_getIwSt19istreambuf_iteratorIwSt11char_traitsIwEEE14do_get_weekdayES4_S4_RSt8ios_baseRSt12_Ios_IostateP2tm                                                                                                                                                                                            60            0

.xt.prop._ZNKSt7__cxx118time_getIwSt19istreambuf_iteratorIwSt11char_traitsIwEEE16do_get_monthnameES4_S4_RSt8ios_baseRSt12_Ios_IostateP2tm                                                                                                                                                                                          60            0

.xt.prop._ZNKSt7__cxx118time_getIwSt19istreambuf_iteratorIwSt11char_traitsIwEEE11do_get_timeES4_S4_RSt8ios_baseRSt12_Ios_IostateP2tm                                                                                                                                                                                               36            0

.xt.prop._ZNKSt7__cxx118time_getIwSt19istreambuf_iteratorIwSt11char_traitsIwEEE11do_get_dateES4_S4_RSt8ios_baseRSt12_Ios_IostateP2tm                                                                                                                                                                                               36            0

.xt.prop._ZNKSt7__cxx118time_getIwSt19istreambuf_iteratorIwSt11char_traitsIwEEE6do_getES4_S4_RSt8ios_baseRSt12_Ios_IostateP2tmcc                                                                                                                                                                                                   60            0

.xt.prop._ZNKSt7__cxx119money_getIwSt19istreambuf_iteratorIwSt11char_traitsIwEEE10_M_extractILb1EEES4_S4_S4_RSt8ios_baseRSt12_Ios_IostateRNS_12basic_stringIcS2_IcESaIcEEE                                                                                                                                                        996            0

.xt.prop._ZNKSt7__cxx119money_getIwSt19istreambuf_iteratorIwSt11char_traitsIwEEE10_M_extractILb0EEES4_S4_S4_RSt8ios_baseRSt12_Ios_IostateRNS_12basic_stringIcS2_IcESaIcEEE                                                                                                                                                        996            0

.xt.prop._ZNKSt7__cxx119money_getIwSt19istreambuf_iteratorIwSt11char_traitsIwEEE6do_getES4_S4_bRSt8ios_baseRSt12_Ios_IostateRe                                                                                                                                                                                                     84            0

.xt.prop._ZNKSt7__cxx119money_getIwSt19istreambuf_iteratorIwSt11char_traitsIwEEE6do_getES4_S4_bRSt8ios_baseRSt12_Ios_IostateRNS_12basic_stringIwS3_SaIwEEE                                                                                                                                                                        132            0

.xt.prop._ZNKSt7__cxx1110moneypunctIwLb0EE16do_decimal_pointEv                                                                                                                                                                                                                                                                     36            0

.xt.prop._ZNKSt7__cxx1110moneypunctIwLb0EE16do_thousands_sepEv                                                                                                                                                                                                                                                                     36            0

.xt.prop._ZNKSt7__cxx1110moneypunctIwLb0EE14do_frac_digitsEv                                                                                                                                                                                                                                                                       36            0

.xt.prop._ZNKSt7__cxx1110moneypunctIwLb1EE16do_decimal_pointEv                                                                                                                                                                                                                                                                     36            0

.xt.prop._ZNKSt7__cxx1110moneypunctIwLb1EE16do_thousands_sepEv                                                                                                                                                                                                                                                                     36            0

.xt.prop._ZNKSt7__cxx1110moneypunctIwLb1EE14do_frac_digitsEv                                                                                                                                                                                                                                                                       36            0

.xt.prop._ZNKSt7__cxx118numpunctIwE16do_decimal_pointEv                                                                                                                                                                                                                                                                            36            0

.xt.prop._ZNKSt7__cxx118numpunctIwE16do_thousands_sepEv                                                                                                                                                                                                                                                                            36            0

.xt.prop._ZNKSt7__cxx118time_getIwSt19istreambuf_iteratorIwSt11char_traitsIwEEE13do_date_orderEv                                                                                                                                                                                                                                   36            0

.xt.prop._ZNKSt7__cxx118messagesIwE7do_openERKNS_12basic_stringIcSt11char_traitsIcESaIcEEERKSt6locale                                                                                                                                                                                                                              36            0

.xt.prop._ZNKSt7__cxx118messagesIwE8do_closeEi                                                                                                                                                                                                                                                                                     36            0

.xt.prop._ZNKSt7__cxx117collateIwE7do_hashEPKwS3_                                                                                                                                                                                                                                                                                  60            0

.xt.prop._ZNSt7__cxx119money_getIwSt19istreambuf_iteratorIwSt11char_traitsIwEEED2Ev                                                                                                                                                                                                                                                36            0

.xt.prop._ZNSt7__cxx119money_putIwSt19ostreambuf_iteratorIwSt11char_traitsIwEEED2Ev                                                                                                                                                                                                                                                36            0

.xt.prop._ZNSt7__cxx118time_getIwSt19istreambuf_iteratorIwSt11char_traitsIwEEED2Ev                                                                                                                                                                                                                                                 36            0

.xt.prop._ZNSt7__cxx119money_getIwSt19istreambuf_iteratorIwSt11char_traitsIwEEED0Ev                                                                                                                                                                                                                                                36            0

.xt.prop._ZNSt7__cxx119money_putIwSt19ostreambuf_iteratorIwSt11char_traitsIwEEED0Ev                                                                                                                                                                                                                                                36            0

.xt.prop._ZNSt7__cxx118time_getIwSt19istreambuf_iteratorIwSt11char_traitsIwEEED0Ev                                                                                                                                                                                                                                                 36            0

.xt.prop._ZNSt7__cxx118messagesIwED2Ev                                                                                                                                                                                                                                                                                             36            0

.xt.prop._ZNSt7__cxx118messagesIwED0Ev                                                                                                                                                                                                                                                                                             36            0

.xt.prop._ZNSt7__cxx117collateIwED2Ev                                                                                                                                                                                                                                                                                              36            0

.xt.prop._ZNSt7__cxx117collateIwED0Ev                                                                                                                                                                                                                                                                                              36            0

.xt.prop._ZNSt7__cxx1110moneypunctIwLb0EEC2EPSt18__moneypunct_cacheIwLb0EEj                                                                                                                                                                                                                                                        84            0

.xt.prop._ZNKSt7__cxx1110moneypunctIwLb0EE13decimal_pointEv                                                                                                                                                                                                                                                                        36            0

.xt.prop._ZNKSt7__cxx1110moneypunctIwLb0EE13thousands_sepEv                                                                                                                                                                                                                                                                        36            0

.xt.prop._ZNKSt7__cxx1110moneypunctIwLb0EE8groupingEv                                                                                                                                                                                                                                                                              36            0

.xt.prop._ZNKSt7__cxx1110moneypunctIwLb0EE11curr_symbolEv                                                                                                                                                                                                                                                                          36            0

.xt.prop._ZNKSt7__cxx1110moneypunctIwLb0EE13positive_signEv                                                                                                                                                                                                                                                                        36            0

.xt.prop._ZNKSt7__cxx1110moneypunctIwLb0EE13negative_signEv                                                                                                                                                                                                                                                                        36            0

.xt.prop._ZNKSt7__cxx1110moneypunctIwLb0EE11frac_digitsEv                                                                                                                                                                                                                                                                          36            0

.xt.prop._ZNSt7__cxx1110moneypunctIwLb1EEC2EPSt18__moneypunct_cacheIwLb1EEj                                                                                                                                                                                                                                                        84            0

.xt.prop._ZNKSt7__cxx1110moneypunctIwLb1EE13decimal_pointEv                                                                                                                                                                                                                                                                        36            0

.xt.prop._ZNKSt7__cxx1110moneypunctIwLb1EE13thousands_sepEv                                                                                                                                                                                                                                                                        36            0

.xt.prop._ZNKSt7__cxx1110moneypunctIwLb1EE8groupingEv                                                                                                                                                                                                                                                                              36            0

.xt.prop._ZNKSt7__cxx1110moneypunctIwLb1EE11curr_symbolEv                                                                                                                                                                                                                                                                          36            0

.xt.prop._ZNKSt7__cxx1110moneypunctIwLb1EE13positive_signEv                                                                                                                                                                                                                                                                        36            0

.xt.prop._ZNKSt7__cxx1110moneypunctIwLb1EE13negative_signEv                                                                                                                                                                                                                                                                        36            0

.xt.prop._ZNKSt7__cxx1110moneypunctIwLb1EE11frac_digitsEv                                                                                                                                                                                                                                                                          36            0

.xt.prop._ZNKSt7__cxx119money_getIwSt19istreambuf_iteratorIwSt11char_traitsIwEEE3getES4_S4_bRSt8ios_baseRSt12_Ios_IostateRe                                                                                                                                                                                                        36            0

.xt.prop._ZNKSt7__cxx119money_getIwSt19istreambuf_iteratorIwSt11char_traitsIwEEE3getES4_S4_bRSt8ios_baseRSt12_Ios_IostateRNS_12basic_stringIwS3_SaIwEEE                                                                                                                                                                            36            0

.xt.prop._ZNKSt7__cxx119money_putIwSt19ostreambuf_iteratorIwSt11char_traitsIwEEE3putES4_bRSt8ios_basewe                                                                                                                                                                                                                            36            0

.xt.prop._ZNKSt7__cxx119money_putIwSt19ostreambuf_iteratorIwSt11char_traitsIwEEE3putES4_bRSt8ios_basewRKNS_12basic_stringIwS3_SaIwEEE                                                                                                                                                                                              36            0

.xt.prop._ZNSt7__cxx118numpunctIwEC2EPSt16__numpunct_cacheIwEj                                                                                                                                                                                                                                                                     84            0

.xt.prop._ZNKSt7__cxx118numpunctIwE13decimal_pointEv                                                                                                                                                                                                                                                                               36            0

.xt.prop._ZNKSt7__cxx118numpunctIwE13thousands_sepEv                                                                                                                                                                                                                                                                               36            0

.xt.prop._ZNKSt7__cxx118numpunctIwE8groupingEv                                                                                                                                                                                                                                                                                     36            0

.xt.prop._ZNKSt7__cxx118numpunctIwE8truenameEv                                                                                                                                                                                                                                                                                     36            0

.xt.prop._ZNKSt7__cxx118numpunctIwE9falsenameEv                                                                                                                                                                                                                                                                                    36            0

.xt.prop._ZNKSt7__cxx118time_getIwSt19istreambuf_iteratorIwSt11char_traitsIwEEE10date_orderEv                                                                                                                                                                                                                                      36            0

.xt.prop._ZNKSt7__cxx118time_getIwSt19istreambuf_iteratorIwSt11char_traitsIwEEE8get_timeES4_S4_RSt8ios_baseRSt12_Ios_IostateP2tm                                                                                                                                                                                                   36            0

.xt.prop._ZNKSt7__cxx118time_getIwSt19istreambuf_iteratorIwSt11char_traitsIwEEE8get_dateES4_S4_RSt8ios_baseRSt12_Ios_IostateP2tm                                                                                                                                                                                                   36            0

.xt.prop._ZNKSt7__cxx118time_getIwSt19istreambuf_iteratorIwSt11char_traitsIwEEE11get_weekdayES4_S4_RSt8ios_baseRSt12_Ios_IostateP2tm                                                                                                                                                                                               36            0

.xt.prop._ZNKSt7__cxx118time_getIwSt19istreambuf_iteratorIwSt11char_traitsIwEEE13get_monthnameES4_S4_RSt8ios_baseRSt12_Ios_IostateP2tm                                                                                                                                                                                             36            0

.xt.prop._ZNKSt7__cxx118time_getIwSt19istreambuf_iteratorIwSt11char_traitsIwEEE8get_yearES4_S4_RSt8ios_baseRSt12_Ios_IostateP2tm                                                                                                                                                                                                   36            0

.xt.prop._ZNSt7__cxx118messagesIwEC2Ej                                                                                                                                                                                                                                                                                             60            0

.xt.prop._ZNKSt7__cxx118messagesIwE4openERKNS_12basic_stringIcSt11char_traitsIcESaIcEEERKSt6locale                                                                                                                                                                                                                                 36            0

.xt.prop._ZNKSt7__cxx118messagesIwE3getEiiiRKNS_12basic_stringIwSt11char_traitsIwESaIwEEE                                                                                                                                                                                                                                          36            0

.xt.prop._ZNKSt7__cxx118messagesIwE5closeEi                                                                                                                                                                                                                                                                                        36            0

.xt.prop._ZNSt7__cxx117collateIwEC2Ej                                                                                                                                                                                                                                                                                              60            0

.xt.prop._ZNKSt7__cxx117collateIwE7compareEPKwS3_S3_S3_                                                                                                                                                                                                                                                                            36            0

.xt.prop._ZNKSt7__cxx117collateIwE9transformEPKwS3_                                                                                                                                                                                                                                                                                36            0

.xt.prop._ZNKSt21__ctype_abstract_baseIwE5widenEPKcS2_Pw                                                                                                                                                                                                                                                                           36            0

.xt.prop._ZNKSt7num_getIwSt19istreambuf_iteratorIwSt11char_traitsIwEEE7_M_findIwEEN9__gnu_cxx11__enable_ifIXsrSt9__is_charIT_E7__valueEiE6__typeEPKS9_jS9_                                                                                                                                                                         84            0

.xt.prop._ZNKSt21__ctype_abstract_baseIwE6narrowEwc                                                                                                                                                                                                                                                                                36            0

.xt.prop._ZNKSt21__ctype_abstract_baseIwE7toupperEw                                                                                                                                                                                                                                                                                36            0

.xt.prop._ZNKSt21__ctype_abstract_baseIwE5widenEc                                                                                                                                                                                                                                                                                  36            0

.xt.prop._ZGVNSt7__cxx117collateIwE2idE                                                                                                                                                                                                                                                                                            12            0

.xt.prop._ZGVNSt7__cxx118messagesIwE2idE                                                                                                                                                                                                                                                                                           12            0

.xt.prop._ZGVNSt7__cxx118time_getIwSt19istreambuf_iteratorIwSt11char_traitsIwEEE2idE                                                                                                                                                                                                                                               12            0

.xt.prop._ZGVNSt7__cxx118numpunctIwE2idE                                                                                                                                                                                                                                                                                           12            0

.xt.prop._ZGVNSt7__cxx119money_putIwSt19ostreambuf_iteratorIwSt11char_traitsIwEEE2idE                                                                                                                                                                                                                                              12            0

.xt.prop._ZGVNSt7__cxx119money_getIwSt19istreambuf_iteratorIwSt11char_traitsIwEEE2idE                                                                                                                                                                                                                                              12            0

.xt.prop._ZGVNSt7__cxx1110moneypunctIwLb1EE2idE                                                                                                                                                                                                                                                                                    12            0

.xt.prop._ZGVNSt7__cxx1110moneypunctIwLb0EE2idE                                                                                                                                                                                                                                                                                    12            0

.xt.prop._ZTVNSt7__cxx117collateIwEE                                                                                                                                                                                                                                                                                               12            0

.xt.prop._ZTVNSt7__cxx118numpunctIwEE                                                                                                                                                                                                                                                                                              12            0

.xt.prop._ZTVNSt7__cxx1110moneypunctIwLb1EEE                                                                                                                                                                                                                                                                                       12            0

.xt.prop._ZTVNSt7__cxx1110moneypunctIwLb0EEE                                                                                                                                                                                                                                                                                       12            0

.xt.prop._ZTVNSt7__cxx118messagesIwEE                                                                                                                                                                                                                                                                                              12            0

.xt.prop._ZTVNSt7__cxx119money_getIwSt19istreambuf_iteratorIwSt11char_traitsIwEEEE                                                                                                                                                                                                                                                 12            0

.xt.prop._ZTVNSt7__cxx119money_putIwSt19ostreambuf_iteratorIwSt11char_traitsIwEEEE                                                                                                                                                                                                                                                 12            0

.xt.prop._ZTVNSt7__cxx118time_getIwSt19istreambuf_iteratorIwSt11char_traitsIwEEEE                                                                                                                                                                                                                                                  12            0

.xt.prop._ZNSt7__cxx117collateIwE2idE                                                                                                                                                                                                                                                                                              12            0

.xt.prop._ZNSt7__cxx118messagesIwE2idE                                                                                                                                                                                                                                                                                             12            0

.xt.prop._ZNSt7__cxx118time_getIwSt19istreambuf_iteratorIwSt11char_traitsIwEEE2idE                                                                                                                                                                                                                                                 12            0

.xt.prop._ZNSt7__cxx118numpunctIwE2idE                                                                                                                                                                                                                                                                                             12            0

.xt.prop._ZNSt7__cxx119money_putIwSt19ostreambuf_iteratorIwSt11char_traitsIwEEE2idE                                                                                                                                                                                                                                                12            0

.xt.prop._ZNSt7__cxx119money_getIwSt19istreambuf_iteratorIwSt11char_traitsIwEEE2idE                                                                                                                                                                                                                                                12            0

.xt.prop._ZNSt7__cxx1110moneypunctIwLb1EE2idE                                                                                                                                                                                                                                                                                      12            0

.xt.prop._ZNSt7__cxx1110moneypunctIwLb0EE2idE                                                                                                                                                                                                                                                                                      12            0

.xt.lit._ZNSt11char_traitsIwE4copyEPwPKwj                                                                                                                                                                                                                                                                                           0            0

.xt.lit._ZNSt7__cxx1112basic_stringIwSt11char_traitsIwESaIwEE9_M_createERjj                                                                                                                                                                                                                                                         8            0

.xt.lit._ZNSt7__cxx1112basic_stringIwSt11char_traitsIwESaIwEE10_M_disposeEv                                                                                                                                                                                                                                                         0            0

.xt.lit._ZNKSt7__cxx1112basic_stringIwSt11char_traitsIwESaIwEE8_M_checkEjPKc                                                                                                                                                                                                                                                        8            0

.xt.lit._ZNKSt7__cxx1112basic_stringIwSt11char_traitsIwESaIwEE15_M_check_lengthEjjPKc                                                                                                                                                                                                                                               0            0

.xt.lit._ZNSt7__cxx1112basic_stringIwSt11char_traitsIwESaIwEE7_S_copyEPwPKwj                                                                                                                                                                                                                                                        0            0

.xt.lit._ZNSt7__cxx1112basic_stringIwSt11char_traitsIwESaIwEE7_S_moveEPwPKwj                                                                                                                                                                                                                                                        0            0

.xt.lit._ZNSt7__cxx1112basic_stringIwSt11char_traitsIwESaIwEE9_S_assignEPwjw                                                                                                                                                                                                                                                        0            0

.xt.lit._ZNSt7__cxx1112basic_stringIwSt11char_traitsIwESaIwEE12_M_constructEjw                                                                                                                                                                                                                                                      0            0

.xt.lit._ZNSt7__cxx1112basic_stringIwSt11char_traitsIwESaIwEE13_S_copy_charsEPwS5_S5_                                                                                                                                                                                                                                               0            0

.xt.lit._ZNSt7__cxx1112basic_stringIwSt11char_traitsIwESaIwEE13_S_copy_charsEPwPKwS7_                                                                                                                                                                                                                                               0            0

.xt.lit._ZNSt7__cxx1112basic_stringIwSt11char_traitsIwESaIwEE9_M_mutateEjjPKwj                                                                                                                                                                                                                                                      0            0

.xt.lit._ZNSt7__cxx1112basic_stringIwSt11char_traitsIwESaIwEE8_M_eraseEjj                                                                                                                                                                                                                                                           0            0

.xt.lit._ZNSt7__cxx1112basic_stringIwSt11char_traitsIwESaIwEEaSEOS4_                                                                                                                                                                                                                                                                0            0

.xt.lit._ZNSt7__cxx1112basic_stringIwSt11char_traitsIwESaIwEE7reserveEj                                                                                                                                                                                                                                                             0            0

.xt.lit._ZNSt7__cxx1112basic_stringIwSt11char_traitsIwESaIwEE9push_backEw                                                                                                                                                                                                                                                           0            0

.xt.lit._ZNSt7__cxx1112basic_stringIwSt11char_traitsIwESaIwEE5eraseEjj                                                                                                                                                                                                                                                              8            0

.xt.lit._ZNSt7__cxx1112basic_stringIwSt11char_traitsIwESaIwEE14_M_replace_auxEjjjw                                                                                                                                                                                                                                                  8            0

.xt.lit._ZNSt7__cxx1112basic_stringIwSt11char_traitsIwESaIwEE6appendEjw                                                                                                                                                                                                                                                             0            0

.xt.lit._ZNSt7__cxx1112basic_stringIwSt11char_traitsIwESaIwEE6resizeEjw                                                                                                                                                                                                                                                             0            0

.xt.lit._ZNSt7__cxx1112basic_stringIwSt11char_traitsIwESaIwEE6resizeEj                                                                                                                                                                                                                                                              0            0

.xt.lit._ZNSt7__cxx1112basic_stringIwSt11char_traitsIwESaIwEE6assignEjw                                                                                                                                                                                                                                                             0            0

.xt.lit._ZNSt7__cxx1112basic_stringIwSt11char_traitsIwESaIwEE6insertEjjw                                                                                                                                                                                                                                                            8            0

.xt.lit._ZNSt7__cxx1112basic_stringIwSt11char_traitsIwESaIwEE10_M_replaceEjjPKwj                                                                                                                                                                                                                                                    8            0

.xt.lit._ZNSt7__cxx1112basic_stringIwSt11char_traitsIwESaIwEE6assignEPKwj                                                                                                                                                                                                                                                           0            0

.xt.lit._ZNSt7__cxx1112basic_stringIwSt11char_traitsIwESaIwEE9_M_appendEPKwj                                                                                                                                                                                                                                                        0            0

.xt.lit._ZNSt7__cxx1112basic_stringIwSt11char_traitsIwESaIwEE6appendERKS4_                                                                                                                                                                                                                                                          0            0

.xt.lit._ZNSt7__cxx1112basic_stringIwSt11char_traitsIwESaIwEEpLERKS4_                                                                                                                                                                                                                                                               0            0

.xt.lit._ZNSt7__cxx1112basic_stringIwSt11char_traitsIwESaIwEE6appendEPKwj                                                                                                                                                                                                                                                           8            0

.xt.lit._ZNKSt7__cxx1112basic_stringIwSt11char_traitsIwESaIwEE4copyEPwjj                                                                                                                                                                                                                                                            8            0

.xt.lit._ZNSt7__cxx1112basic_stringIwSt11char_traitsIwESaIwEE12_M_constructIPwEEvT_S7_St20forward_iterator_tag                                                                                                                                                                                                                      8            0

.xt.lit._ZNSt7__cxx1112basic_stringIwSt11char_traitsIwESaIwEEC5ERKS4_                                                                                                                                                                                                                                                               0            0

.xt.lit._ZNSt7__cxx1112basic_stringIwSt11char_traitsIwESaIwEE12_M_constructIPKwEEvT_S8_St20forward_iterator_tag                                                                                                                                                                                                                     0            0

.xt.prop._ZNSt11char_traitsIwE4copyEPwPKwj                                                                                                                                                                                                                                                                                         48            0

.xt.prop._ZNSt7__cxx1112basic_stringIwSt11char_traitsIwESaIwEE9_M_createERjj                                                                                                                                                                                                                                                       84            0

.xt.prop._ZNSt7__cxx1112basic_stringIwSt11char_traitsIwESaIwEE10_M_disposeEv                                                                                                                                                                                                                                                       36            0

.xt.prop._ZNKSt7__cxx1112basic_stringIwSt11char_traitsIwESaIwEE8_M_checkEjPKc                                                                                                                                                                                                                                                      60            0

.xt.prop._ZNKSt7__cxx1112basic_stringIwSt11char_traitsIwESaIwEE15_M_check_lengthEjjPKc                                                                                                                                                                                                                                             48            0

.xt.prop._ZNSt7__cxx1112basic_stringIwSt11char_traitsIwESaIwEE7_S_copyEPwPKwj                                                                                                                                                                                                                                                      60            0

.xt.prop._ZNSt7__cxx1112basic_stringIwSt11char_traitsIwESaIwEE7_S_moveEPwPKwj                                                                                                                                                                                                                                                      60            0

.xt.prop._ZNSt7__cxx1112basic_stringIwSt11char_traitsIwESaIwEE9_S_assignEPwjw                                                                                                                                                                                                                                                      60            0

.xt.prop._ZNSt7__cxx1112basic_stringIwSt11char_traitsIwESaIwEE12_M_constructEjw                                                                                                                                                                                                                                                    48            0

.xt.prop._ZNSt7__cxx1112basic_stringIwSt11char_traitsIwESaIwEE13_S_copy_charsEPwS5_S5_                                                                                                                                                                                                                                             36            0

.xt.prop._ZNSt7__cxx1112basic_stringIwSt11char_traitsIwESaIwEE13_S_copy_charsEPwPKwS7_                                                                                                                                                                                                                                             36            0

.xt.prop._ZNSt7__cxx1112basic_stringIwSt11char_traitsIwESaIwEE9_M_mutateEjjPKwj                                                                                                                                                                                                                                                    72            0

.xt.prop._ZNSt7__cxx1112basic_stringIwSt11char_traitsIwESaIwEE8_M_eraseEjj                                                                                                                                                                                                                                                         36            0

.xt.prop._ZNSt7__cxx1112basic_stringIwSt11char_traitsIwESaIwEEaSEOS4_                                                                                                                                                                                                                                                             108            0

.xt.prop._ZNSt7__cxx1112basic_stringIwSt11char_traitsIwESaIwEE7reserveEj                                                                                                                                                                                                                                                           84            0

.xt.prop._ZNSt7__cxx1112basic_stringIwSt11char_traitsIwESaIwEE9push_backEw                                                                                                                                                                                                                                                         36            0

.xt.prop._ZNSt7__cxx1112basic_stringIwSt11char_traitsIwESaIwEE5eraseEjj                                                                                                                                                                                                                                                            84            0

.xt.prop._ZNSt7__cxx1112basic_stringIwSt11char_traitsIwESaIwEE14_M_replace_auxEjjjw                                                                                                                                                                                                                                                84            0

.xt.prop._ZNSt7__cxx1112basic_stringIwSt11char_traitsIwESaIwEE6appendEjw                                                                                                                                                                                                                                                           36            0

.xt.prop._ZNSt7__cxx1112basic_stringIwSt11char_traitsIwESaIwEE6resizeEjw                                                                                                                                                                                                                                                           72            0

.xt.prop._ZNSt7__cxx1112basic_stringIwSt11char_traitsIwESaIwEE6resizeEj                                                                                                                                                                                                                                                            36            0

.xt.prop._ZNSt7__cxx1112basic_stringIwSt11char_traitsIwESaIwEE6assignEjw                                                                                                                                                                                                                                                           36            0

.xt.prop._ZNSt7__cxx1112basic_stringIwSt11char_traitsIwESaIwEE6insertEjjw                                                                                                                                                                                                                                                          48            0

.xt.prop._ZNSt7__cxx1112basic_stringIwSt11char_traitsIwESaIwEE10_M_replaceEjjPKwj                                                                                                                                                                                                                                                 192            0

.xt.prop._ZNSt7__cxx1112basic_stringIwSt11char_traitsIwESaIwEE6assignEPKwj                                                                                                                                                                                                                                                         36            0

.xt.prop._ZNSt7__cxx1112basic_stringIwSt11char_traitsIwESaIwEE9_M_appendEPKwj                                                                                                                                                                                                                                                      72            0

.xt.prop._ZNSt7__cxx1112basic_stringIwSt11char_traitsIwESaIwEE6appendERKS4_                                                                                                                                                                                                                                                        36            0

.xt.prop._ZNSt7__cxx1112basic_stringIwSt11char_traitsIwESaIwEEpLERKS4_                                                                                                                                                                                                                                                             36            0

.xt.prop._ZNSt7__cxx1112basic_stringIwSt11char_traitsIwESaIwEE6appendEPKwj                                                                                                                                                                                                                                                         48            0

.xt.prop._ZNKSt7__cxx1112basic_stringIwSt11char_traitsIwESaIwEE4copyEPwjj                                                                                                                                                                                                                                                          60            0

.xt.prop._ZNSt7__cxx1112basic_stringIwSt11char_traitsIwESaIwEE12_M_constructIPwEEvT_S7_St20forward_iterator_tag                                                                                                                                                                                                                    48            0

.xt.prop._ZNSt7__cxx1112basic_stringIwSt11char_traitsIwESaIwEEC5ERKS4_                                                                                                                                                                                                                                                              0            0

.xt.prop._ZNSt7__cxx1112basic_stringIwSt11char_traitsIwESaIwEE12_M_constructIPKwEEvT_S8_St20forward_iterator_tag                                                                                                                                                                                                                   36            0

.xt.prop._ZNSt7__cxx1112basic_stringIwSt11char_traitsIwESaIwEE13_M_set_lengthEj                                                                                                                                                                                                                                                    36            0

.xt.prop._ZNKSt7__cxx1112basic_stringIwSt11char_traitsIwESaIwEE11_M_disjunctEPKw                                                                                                                                                                                                                                                   48            0

.xt.prop._ZNSt7__cxx1112basic_stringIwSt11char_traitsIwESaIwEEC2ERKS4_                                                                                                                                                                                                                                                             36            0

.xt.lit._ZNSt9basic_iosIcSt11char_traitsIcEED5Ev                                                                                                                                                                                                                                                                                    8            0

.xt.lit._ZNSt9basic_iosIcSt11char_traitsIcEE5clearESt12_Ios_Iostate                                                                                                                                                                                                                                                                 8            0

.xt.lit._ZNSt9basic_iosIcSt11char_traitsIcEE8setstateESt12_Ios_Iostate                                                                                                                                                                                                                                                              0            0

.xt.lit._ZNSt9basic_iosIcSt11char_traitsIcEE11_M_setstateESt12_Ios_Iostate                                                                                                                                                                                                                                                          0            0

.xt.lit._ZNSt9basic_iosIcSt11char_traitsIcEEC5Ev                                                                                                                                                                                                                                                                                    0            0

.xt.lit._ZNSt9basic_iosIcSt11char_traitsIcEE15_M_cache_localeERKSt6locale                                                                                                                                                                                                                                                           0            0

.xt.lit._ZNSt9basic_iosIcSt11char_traitsIcEE4initEPSt15basic_streambufIcS1_E                                                                                                                                                                                                                                                        0            0

.xt.prop._ZNSt9basic_iosIcSt11char_traitsIcEED5Ev                                                                                                                                                                                                                                                                                  12            0

.xt.prop._ZNSt9basic_iosIcSt11char_traitsIcEE5clearESt12_Ios_Iostate                                                                                                                                                                                                                                                               72            0

.xt.prop._ZNSt9basic_iosIcSt11char_traitsIcEE8setstateESt12_Ios_Iostate                                                                                                                                                                                                                                                            36            0

.xt.prop._ZNSt9basic_iosIcSt11char_traitsIcEE11_M_setstateESt12_Ios_Iostate                                                                                                                                                                                                                                                        48            0

.xt.prop._ZNSt9basic_iosIcSt11char_traitsIcEEC5Ev                                                                                                                                                                                                                                                                                   0            0

.xt.prop._ZNSt9basic_iosIcSt11char_traitsIcEE15_M_cache_localeERKSt6locale                                                                                                                                                                                                                                                         72            0

.xt.prop._ZNSt9basic_iosIcSt11char_traitsIcEE4initEPSt15basic_streambufIcS1_E                                                                                                                                                                                                                                                      36            0

.xt.prop._ZNSt9basic_iosIcSt11char_traitsIcEED2Ev                                                                                                                                                                                                                                                                                  36            0

.xt.prop._ZNSt9basic_iosIcSt11char_traitsIcEED0Ev                                                                                                                                                                                                                                                                                  36            0

.xt.prop._ZNSt9basic_iosIcSt11char_traitsIcEEC2Ev                                                                                                                                                                                                                                                                                  36            0

.xt.prop._ZTVSt9basic_iosIcSt11char_traitsIcEE                                                                                                                                                                                                                                                                                     12            0

.xt.lit._ZNKSt10moneypunctIcLb0EE13do_pos_formatEv                                                                                                                                                                                                                                                                                  0            0

.xt.lit._ZNKSt10moneypunctIcLb0EE13do_neg_formatEv                                                                                                                                                                                                                                                                                  0            0

.xt.lit._ZNKSt10moneypunctIcLb1EE13do_pos_formatEv                                                                                                                                                                                                                                                                                  0            0

.xt.lit._ZNKSt10moneypunctIcLb1EE13do_neg_formatEv                                                                                                                                                                                                                                                                                  0            0

.xt.lit._ZNSt9money_getIcSt19istreambuf_iteratorIcSt11char_traitsIcEEED5Ev                                                                                                                                                                                                                                                          0            0

.xt.lit._ZNSt9money_putIcSt19ostreambuf_iteratorIcSt11char_traitsIcEEED5Ev                                                                                                                                                                                                                                                          0            0

.xt.lit._ZNSt16__numpunct_cacheIcED5Ev                                                                                                                                                                                                                                                                                              0            0

.xt.lit._ZNSt7num_getIcSt19istreambuf_iteratorIcSt11char_traitsIcEEED5Ev                                                                                                                                                                                                                                                            0            0

.xt.lit._ZNSt7num_putIcSt19ostreambuf_iteratorIcSt11char_traitsIcEEED5Ev                                                                                                                                                                                                                                                            0            0

.xt.lit._ZNSt17__timepunct_cacheIcED5Ev                                                                                                                                                                                                                                                                                             0            0

.xt.lit._ZNSt8time_putIcSt19ostreambuf_iteratorIcSt11char_traitsIcEEED5Ev                                                                                                                                                                                                                                                           0            0

.xt.lit._ZNSt8time_getIcSt19istreambuf_iteratorIcSt11char_traitsIcEEED5Ev                                                                                                                                                                                                                                                           0            0

.xt.lit._ZNKSt10moneypunctIcLb0EE11do_groupingEv                                                                                                                                                                                                                                                                                    0            0

.xt.lit._ZNKSt10moneypunctIcLb0EE14do_curr_symbolEv                                                                                                                                                                                                                                                                                 0            0

.xt.lit._ZNKSt10moneypunctIcLb0EE16do_positive_signEv                                                                                                                                                                                                                                                                               0            0

.xt.lit._ZNKSt10moneypunctIcLb0EE16do_negative_signEv                                                                                                                                                                                                                                                                               0            0

.xt.lit._ZNKSt10moneypunctIcLb1EE11do_groupingEv                                                                                                                                                                                                                                                                                    0            0

.xt.lit._ZNKSt10moneypunctIcLb1EE14do_curr_symbolEv                                                                                                                                                                                                                                                                                 0            0

.xt.lit._ZNKSt10moneypunctIcLb1EE16do_positive_signEv                                                                                                                                                                                                                                                                               0            0

.xt.lit._ZNKSt10moneypunctIcLb1EE16do_negative_signEv                                                                                                                                                                                                                                                                               0            0

.xt.lit._ZNKSt8numpunctIcE11do_groupingEv                                                                                                                                                                                                                                                                                           0            0

.xt.lit._ZNKSt8numpunctIcE11do_truenameEv                                                                                                                                                                                                                                                                                           0            0

.xt.lit._ZNKSt8numpunctIcE12do_falsenameEv                                                                                                                                                                                                                                                                                          0            0

.xt.lit._ZNSt8messagesIcED5Ev                                                                                                                                                                                                                                                                                                       8            0

.xt.lit._ZNSt7collateIcED5Ev                                                                                                                                                                                                                                                                                                        8            0

.xt.lit._ZNSt11__timepunctIcED5Ev                                                                                                                                                                                                                                                                                                   8            0

.xt.lit._ZNKSt7collateIcE10do_compareEPKcS2_S2_S2_                                                                                                                                                                                                                                                                                  0            0

.xt.lit._ZNKSt7collateIcE12do_transformEPKcS2_                                                                                                                                                                                                                                                                                      8            0

.xt.lit._ZNSt11char_traitsIcE6assignEPcjc                                                                                                                                                                                                                                                                                           0            0

.xt.lit._ZNKSt5ctypeIcE5widenEc                                                                                                                                                                                                                                                                                                     0            0

.xt.lit._ZNKSt5ctypeIcE5widenEPKcS2_Pc                                                                                                                                                                                                                                                                                              0            0

.xt.lit._ZNSt18__moneypunct_cacheIcLb0EEC5Ej                                                                                                                                                                                                                                                                                        0            0

.xt.lit._ZNSt18__moneypunct_cacheIcLb1EEC5Ej                                                                                                                                                                                                                                                                                        0            0

.xt.lit._ZNSt10moneypunctIcLb0EEC5EPSt18__moneypunct_cacheIcLb0EEj                                                                                                                                                                                                                                                                  0            0

.xt.lit._ZNKSt10moneypunctIcLb0EE10pos_formatEv                                                                                                                                                                                                                                                                                     0            0

.xt.lit._ZNKSt10moneypunctIcLb0EE10neg_formatEv                                                                                                                                                                                                                                                                                     0            0

.xt.lit._ZNSt10moneypunctIcLb1EEC5EPSt18__moneypunct_cacheIcLb1EEj                                                                                                                                                                                                                                                                  0            0

.xt.lit._ZNKSt10moneypunctIcLb1EE10pos_formatEv                                                                                                                                                                                                                                                                                     0            0

.xt.lit._ZNKSt10moneypunctIcLb1EE10neg_formatEv                                                                                                                                                                                                                                                                                     0            0

.xt.lit._ZNSt16__numpunct_cacheIcEC5Ej                                                                                                                                                                                                                                                                                              0            0

.xt.lit._ZNSt8numpunctIcEC5EPSt16__numpunct_cacheIcEj                                                                                                                                                                                                                                                                               8            0

.xt.lit._ZNSt11__timepunctIcEC5EPSt17__timepunct_cacheIcEj                                                                                                                                                                                                                                                                          0            0

.xt.lit._ZNSt8messagesIcEC5Ej                                                                                                                                                                                                                                                                                                       0            0

.xt.lit._ZNSt7collateIcEC5Ej                                                                                                                                                                                                                                                                                                        0            0

.xt.lit._ZSt9use_facetISt5ctypeIcEERKT_RKSt6locale                                                                                                                                                                                                                                                                                  0            0

.xt.lit._ZSt9use_facetISt8numpunctIcEERKT_RKSt6locale                                                                                                                                                                                                                                                                               0            0

.xt.lit._ZNSt16__numpunct_cacheIcE8_M_cacheERKSt6locale                                                                                                                                                                                                                                                                             8            0

.xt.lit._ZSt9use_facetISt7num_putIcSt19ostreambuf_iteratorIcSt11char_traitsIcEEEERKT_RKSt6locale                                                                                                                                                                                                                                    0            0

.xt.lit._ZSt9use_facetISt7num_getIcSt19istreambuf_iteratorIcSt11char_traitsIcEEEERKT_RKSt6locale                                                                                                                                                                                                                                    0            0

.xt.lit._ZSt9use_facetISt10moneypunctIcLb1EEERKT_RKSt6locale                                                                                                                                                                                                                                                                        0            0

.xt.lit._ZNSt18__moneypunct_cacheIcLb1EE8_M_cacheERKSt6locale                                                                                                                                                                                                                                                                       0            0

.xt.lit._ZSt9use_facetISt10moneypunctIcLb0EEERKT_RKSt6locale                                                                                                                                                                                                                                                                        0            0

.xt.lit._ZNSt18__moneypunct_cacheIcLb0EE8_M_cacheERKSt6locale                                                                                                                                                                                                                                                                       0            0

.xt.lit._ZSt9use_facetISt11__timepunctIcEERKT_RKSt6locale                                                                                                                                                                                                                                                                           0            0

.xt.lit._ZSt9has_facetISt5ctypeIcEEbRKSt6locale                                                                                                                                                                                                                                                                                     0            0

.xt.lit._ZSt9has_facetISt7num_putIcSt19ostreambuf_iteratorIcSt11char_traitsIcEEEEbRKSt6locale                                                                                                                                                                                                                                       0            0

.xt.lit._ZSt9has_facetISt7num_getIcSt19istreambuf_iteratorIcSt11char_traitsIcEEEEbRKSt6locale                                                                                                                                                                                                                                       0            0

.xt.lit._ZNKSt7num_putIcSt19ostreambuf_iteratorIcSt11char_traitsIcEEE14_M_group_floatEPKcjcS6_PcS7_Ri                                                                                                                                                                                                                               0            0

.xt.lit._ZNKSt7num_putIcSt19ostreambuf_iteratorIcSt11char_traitsIcEEE12_M_group_intEPKcjcRSt8ios_basePcS9_Ri                                                                                                                                                                                                                        0            0

.xt.lit._ZNSt5__padIcSt11char_traitsIcEE6_S_padERSt8ios_basecPcPKcii                                                                                                                                                                                                                                                                0            0

.xt.lit._ZNKSt7num_putIcSt19ostreambuf_iteratorIcSt11char_traitsIcEEE6_M_padEciRSt8ios_basePcPKcRi                                                                                                                                                                                                                                  0            0

.xt.lit._ZSt13__int_to_charIcmEiPT_T0_PKS0_St13_Ios_Fmtflagsb                                                                                                                                                                                                                                                                       0            0

.xt.lit._ZSt13__int_to_charIcyEiPT_T0_PKS0_St13_Ios_Fmtflagsb                                                                                                                                                                                                                                                                       8            0

.xt.lit._ZNKSt11__use_cacheISt18__moneypunct_cacheIcLb1EEEclERKSt6locale                                                                                                                                                                                                                                                            0            0

.xt.lit._ZNSt19istreambuf_iteratorIcSt11char_traitsIcEEppEv                                                                                                                                                                                                                                                                         0            0

.xt.lit._ZNKSt11__use_cacheISt18__moneypunct_cacheIcLb0EEEclERKSt6locale                                                                                                                                                                                                                                                            0            0

.xt.lit._ZSt7__writeIcESt19ostreambuf_iteratorIT_St11char_traitsIS1_EES4_PKS1_i                                                                                                                                                                                                                                                     0            0

.xt.lit._ZNKSt9money_putIcSt19ostreambuf_iteratorIcSt11char_traitsIcEEE9_M_insertILb1EEES3_S3_RSt8ios_basecRKSs                                                                                                                                                                                                                     8            0

.xt.lit._ZNKSt9money_putIcSt19ostreambuf_iteratorIcSt11char_traitsIcEEE9_M_insertILb0EEES3_S3_RSt8ios_basecRKSs                                                                                                                                                                                                                     8            0

.xt.lit._ZNKSt9money_putIcSt19ostreambuf_iteratorIcSt11char_traitsIcEEE6do_putES3_bRSt8ios_basece                                                                                                                                                                                                                                   8            0

.xt.lit._ZNKSt9money_putIcSt19ostreambuf_iteratorIcSt11char_traitsIcEEE6do_putES3_bRSt8ios_basecRKSs                                                                                                                                                                                                                                0            0

.xt.lit._ZNKSt8time_putIcSt19ostreambuf_iteratorIcSt11char_traitsIcEEE6do_putES3_RSt8ios_basecPK2tmcc                                                                                                                                                                                                                               0            0

.xt.lit._ZNKSt11__use_cacheISt16__numpunct_cacheIcEEclERKSt6locale                                                                                                                                                                                                                                                                  0            0

.xt.lit._ZNKSt7num_putIcSt19ostreambuf_iteratorIcSt11char_traitsIcEEE13_M_insert_intIlEES3_S3_RSt8ios_basecT_                                                                                                                                                                                                                       0            0

.xt.lit._ZNKSt7num_putIcSt19ostreambuf_iteratorIcSt11char_traitsIcEEE6do_putES3_RSt8ios_basecl                                                                                                                                                                                                                                      0            0

.xt.lit._ZNKSt7num_putIcSt19ostreambuf_iteratorIcSt11char_traitsIcEEE6do_putES3_RSt8ios_basecb                                                                                                                                                                                                                                      0            0

.xt.lit._ZNKSt7num_putIcSt19ostreambuf_iteratorIcSt11char_traitsIcEEE13_M_insert_intImEES3_S3_RSt8ios_basecT_                                                                                                                                                                                                                       0            0

.xt.lit._ZNKSt7num_putIcSt19ostreambuf_iteratorIcSt11char_traitsIcEEE6do_putES3_RSt8ios_basecm                                                                                                                                                                                                                                      0            0

.xt.lit._ZNKSt7num_putIcSt19ostreambuf_iteratorIcSt11char_traitsIcEEE6do_putES3_RSt8ios_basecPKv                                                                                                                                                                                                                                    8            0

.xt.lit._ZNKSt7num_putIcSt19ostreambuf_iteratorIcSt11char_traitsIcEEE13_M_insert_intIxEES3_S3_RSt8ios_basecT_                                                                                                                                                                                                                       0            0

.xt.lit._ZNKSt7num_putIcSt19ostreambuf_iteratorIcSt11char_traitsIcEEE6do_putES3_RSt8ios_basecx                                                                                                                                                                                                                                      0            0

.xt.lit._ZNKSt7num_putIcSt19ostreambuf_iteratorIcSt11char_traitsIcEEE13_M_insert_intIyEES3_S3_RSt8ios_basecT_                                                                                                                                                                                                                       0            0

.xt.lit._ZNKSt7num_putIcSt19ostreambuf_iteratorIcSt11char_traitsIcEEE6do_putES3_RSt8ios_basecy                                                                                                                                                                                                                                      0            0

.xt.lit._ZNKSt7num_putIcSt19ostreambuf_iteratorIcSt11char_traitsIcEEE15_M_insert_floatIdEES3_S3_RSt8ios_baseccT_                                                                                                                                                                                                                    0            0

.xt.lit._ZNKSt7num_putIcSt19ostreambuf_iteratorIcSt11char_traitsIcEEE6do_putES3_RSt8ios_basecd                                                                                                                                                                                                                                      0            0

.xt.lit._ZNKSt7num_putIcSt19ostreambuf_iteratorIcSt11char_traitsIcEEE15_M_insert_floatIeEES3_S3_RSt8ios_baseccT_                                                                                                                                                                                                                    0            0

.xt.lit._ZNKSt7num_putIcSt19ostreambuf_iteratorIcSt11char_traitsIcEEE6do_putES3_RSt8ios_basece                                                                                                                                                                                                                                      0            0

.xt.lit._ZNKSt19istreambuf_iteratorIcSt11char_traitsIcEE6_M_getEv                                                                                                                                                                                                                                                                   0            0

.xt.lit._ZNKSt19istreambuf_iteratorIcSt11char_traitsIcEE5equalERKS2_                                                                                                                                                                                                                                                                0            0

.xt.lit._ZStneIcSt11char_traitsIcEEbRKSt19istreambuf_iteratorIT_T0_ES7_                                                                                                                                                                                                                                                             0            0

.xt.lit._ZNKSt8time_getIcSt19istreambuf_iteratorIcSt11char_traitsIcEEE14_M_extract_numES3_S3_RiiijRSt8ios_baseRSt12_Ios_Iostate                                                                                                                                                                                                     0            0

.xt.lit._ZNKSt8time_getIcSt19istreambuf_iteratorIcSt11char_traitsIcEEE15_M_extract_nameES3_S3_RiPPKcjRSt8ios_baseRSt12_Ios_Iostate                                                                                                                                                                                                  0            0

.xt.lit._ZNKSt8time_getIcSt19istreambuf_iteratorIcSt11char_traitsIcEEE24_M_extract_wday_or_monthES3_S3_RiPPKcjRSt8ios_baseRSt12_Ios_Iostate                                                                                                                                                                                         0            0

.xt.lit._ZNKSt8time_getIcSt19istreambuf_iteratorIcSt11char_traitsIcEEE21_M_extract_via_formatES3_S3_RSt8ios_baseRSt12_Ios_IostateP2tmPKc                                                                                                                                                                                            8            0

.xt.lit._ZNKSt7num_getIcSt19istreambuf_iteratorIcSt11char_traitsIcEEE16_M_extract_floatES3_S3_RSt8ios_baseRSt12_Ios_IostateRSs                                                                                                                                                                                                      0            0

.xt.lit._ZNKSt7num_getIcSt19istreambuf_iteratorIcSt11char_traitsIcEEE6do_getES3_S3_RSt8ios_baseRSt12_Ios_IostateRf                                                                                                                                                                                                                  0            0

.xt.lit._ZNKSt7num_getIcSt19istreambuf_iteratorIcSt11char_traitsIcEEE6do_getES3_S3_RSt8ios_baseRSt12_Ios_IostateRd                                                                                                                                                                                                                  0            0

.xt.lit._ZNKSt7num_getIcSt19istreambuf_iteratorIcSt11char_traitsIcEEE6do_getES3_S3_RSt8ios_baseRSt12_Ios_IostateRe                                                                                                                                                                                                                  0            0

.xt.lit._ZNKSt7num_getIcSt19istreambuf_iteratorIcSt11char_traitsIcEEE14_M_extract_intIlEES3_S3_S3_RSt8ios_baseRSt12_Ios_IostateRT_                                                                                                                                                                                                  0            0

.xt.lit._ZNKSt7num_getIcSt19istreambuf_iteratorIcSt11char_traitsIcEEE6do_getES3_S3_RSt8ios_baseRSt12_Ios_IostateRl                                                                                                                                                                                                                  0            0

.xt.lit._ZNKSt7num_getIcSt19istreambuf_iteratorIcSt11char_traitsIcEEE6do_getES3_S3_RSt8ios_baseRSt12_Ios_IostateRb                                                                                                                                                                                                                  0            0

.xt.lit._ZNKSt7num_getIcSt19istreambuf_iteratorIcSt11char_traitsIcEEE14_M_extract_intItEES3_S3_S3_RSt8ios_baseRSt12_Ios_IostateRT_                                                                                                                                                                                                  0            0

.xt.lit._ZNKSt7num_getIcSt19istreambuf_iteratorIcSt11char_traitsIcEEE6do_getES3_S3_RSt8ios_baseRSt12_Ios_IostateRt                                                                                                                                                                                                                  0            0

.xt.lit._ZNKSt7num_getIcSt19istreambuf_iteratorIcSt11char_traitsIcEEE14_M_extract_intIjEES3_S3_S3_RSt8ios_baseRSt12_Ios_IostateRT_                                                                                                                                                                                                  0            0

.xt.lit._ZNKSt7num_getIcSt19istreambuf_iteratorIcSt11char_traitsIcEEE6do_getES3_S3_RSt8ios_baseRSt12_Ios_IostateRj                                                                                                                                                                                                                  0            0

.xt.lit._ZNKSt7num_getIcSt19istreambuf_iteratorIcSt11char_traitsIcEEE14_M_extract_intImEES3_S3_S3_RSt8ios_baseRSt12_Ios_IostateRT_                                                                                                                                                                                                  0            0

.xt.lit._ZNKSt7num_getIcSt19istreambuf_iteratorIcSt11char_traitsIcEEE6do_getES3_S3_RSt8ios_baseRSt12_Ios_IostateRm                                                                                                                                                                                                                  0            0

.xt.lit._ZNKSt7num_getIcSt19istreambuf_iteratorIcSt11char_traitsIcEEE6do_getES3_S3_RSt8ios_baseRSt12_Ios_IostateRPv                                                                                                                                                                                                                 0            0

.xt.lit._ZNKSt7num_getIcSt19istreambuf_iteratorIcSt11char_traitsIcEEE14_M_extract_intIxEES3_S3_S3_RSt8ios_baseRSt12_Ios_IostateRT_                                                                                                                                                                                                  0            0

.xt.lit._ZNKSt7num_getIcSt19istreambuf_iteratorIcSt11char_traitsIcEEE6do_getES3_S3_RSt8ios_baseRSt12_Ios_IostateRx                                                                                                                                                                                                                  0            0

.xt.lit._ZNKSt7num_getIcSt19istreambuf_iteratorIcSt11char_traitsIcEEE14_M_extract_intIyEES3_S3_S3_RSt8ios_baseRSt12_Ios_IostateRT_                                                                                                                                                                                                  0            0

.xt.lit._ZNKSt7num_getIcSt19istreambuf_iteratorIcSt11char_traitsIcEEE6do_getES3_S3_RSt8ios_baseRSt12_Ios_IostateRy                                                                                                                                                                                                                  0            0

.xt.lit._ZNKSt8time_getIcSt19istreambuf_iteratorIcSt11char_traitsIcEEE11do_get_yearES3_S3_RSt8ios_baseRSt12_Ios_IostateP2tm                                                                                                                                                                                                         0            0

.xt.lit._ZNKSt8time_getIcSt19istreambuf_iteratorIcSt11char_traitsIcEEE14do_get_weekdayES3_S3_RSt8ios_baseRSt12_Ios_IostateP2tm                                                                                                                                                                                                      0            0

.xt.lit._ZNKSt8time_getIcSt19istreambuf_iteratorIcSt11char_traitsIcEEE16do_get_monthnameES3_S3_RSt8ios_baseRSt12_Ios_IostateP2tm                                                                                                                                                                                                    0            0

.xt.lit._ZNKSt8time_getIcSt19istreambuf_iteratorIcSt11char_traitsIcEEE11do_get_timeES3_S3_RSt8ios_baseRSt12_Ios_IostateP2tm                                                                                                                                                                                                         0            0

.xt.lit._ZNKSt8time_getIcSt19istreambuf_iteratorIcSt11char_traitsIcEEE11do_get_dateES3_S3_RSt8ios_baseRSt12_Ios_IostateP2tm                                                                                                                                                                                                         0            0

.xt.lit._ZNKSt9money_getIcSt19istreambuf_iteratorIcSt11char_traitsIcEEE10_M_extractILb1EEES3_S3_S3_RSt8ios_baseRSt12_Ios_IostateRSs                                                                                                                                                                                                 8            0

.xt.lit._ZNKSt9money_getIcSt19istreambuf_iteratorIcSt11char_traitsIcEEE10_M_extractILb0EEES3_S3_S3_RSt8ios_baseRSt12_Ios_IostateRSs                                                                                                                                                                                                 8            0

.xt.lit._ZNKSt9money_getIcSt19istreambuf_iteratorIcSt11char_traitsIcEEE6do_getES3_S3_bRSt8ios_baseRSt12_Ios_IostateRe                                                                                                                                                                                                               0            0

.xt.lit._ZNKSt9money_getIcSt19istreambuf_iteratorIcSt11char_traitsIcEEE6do_getES3_S3_bRSt8ios_baseRSt12_Ios_IostateRSs                                                                                                                                                                                                              0            0

.xt.prop._ZNKSt10moneypunctIcLb0EE13do_pos_formatEv                                                                                                                                                                                                                                                                                36            0

.xt.prop._ZNKSt10moneypunctIcLb0EE13do_neg_formatEv                                                                                                                                                                                                                                                                                36            0

.xt.prop._ZNKSt10moneypunctIcLb1EE13do_pos_formatEv                                                                                                                                                                                                                                                                                36            0

.xt.prop._ZNKSt10moneypunctIcLb1EE13do_neg_formatEv                                                                                                                                                                                                                                                                                36            0

.xt.prop._ZNSt9money_getIcSt19istreambuf_iteratorIcSt11char_traitsIcEEED5Ev                                                                                                                                                                                                                                                         0            0

.xt.prop._ZNSt9money_putIcSt19ostreambuf_iteratorIcSt11char_traitsIcEEED5Ev                                                                                                                                                                                                                                                         0            0

.xt.prop._ZNSt16__numpunct_cacheIcED5Ev                                                                                                                                                                                                                                                                                             0            0

.xt.prop._ZNSt7num_getIcSt19istreambuf_iteratorIcSt11char_traitsIcEEED5Ev                                                                                                                                                                                                                                                           0            0

.xt.prop._ZNSt7num_putIcSt19ostreambuf_iteratorIcSt11char_traitsIcEEED5Ev                                                                                                                                                                                                                                                           0            0

.xt.prop._ZNSt17__timepunct_cacheIcED5Ev                                                                                                                                                                                                                                                                                            0            0

.xt.prop._ZNSt8time_putIcSt19ostreambuf_iteratorIcSt11char_traitsIcEEED5Ev                                                                                                                                                                                                                                                          0            0

.xt.prop._ZNSt8time_getIcSt19istreambuf_iteratorIcSt11char_traitsIcEEED5Ev                                                                                                                                                                                                                                                          0            0

.xt.prop._ZNKSt10moneypunctIcLb0EE11do_groupingEv                                                                                                                                                                                                                                                                                  36            0

.xt.prop._ZNKSt10moneypunctIcLb0EE14do_curr_symbolEv                                                                                                                                                                                                                                                                               36            0

.xt.prop._ZNKSt10moneypunctIcLb0EE16do_positive_signEv                                                                                                                                                                                                                                                                             36            0

.xt.prop._ZNKSt10moneypunctIcLb0EE16do_negative_signEv                                                                                                                                                                                                                                                                             36            0

.xt.prop._ZNKSt10moneypunctIcLb1EE11do_groupingEv                                                                                                                                                                                                                                                                                  36            0

.xt.prop._ZNKSt10moneypunctIcLb1EE14do_curr_symbolEv                                                                                                                                                                                                                                                                               36            0

.xt.prop._ZNKSt10moneypunctIcLb1EE16do_positive_signEv                                                                                                                                                                                                                                                                             36            0

.xt.prop._ZNKSt10moneypunctIcLb1EE16do_negative_signEv                                                                                                                                                                                                                                                                             36            0

.xt.prop._ZNKSt8numpunctIcE11do_groupingEv                                                                                                                                                                                                                                                                                         36            0

.xt.prop._ZNKSt8numpunctIcE11do_truenameEv                                                                                                                                                                                                                                                                                         36            0

.xt.prop._ZNKSt8numpunctIcE12do_falsenameEv                                                                                                                                                                                                                                                                                        36            0

.xt.prop._ZNSt8messagesIcED5Ev                                                                                                                                                                                                                                                                                                     12            0

.xt.prop._ZNSt7collateIcED5Ev                                                                                                                                                                                                                                                                                                      12            0

.xt.prop._ZNSt11__timepunctIcED5Ev                                                                                                                                                                                                                                                                                                 12            0

.xt.prop._ZNKSt7collateIcE10do_compareEPKcS2_S2_S2_                                                                                                                                                                                                                                                                               120            0

.xt.prop._ZNKSt7collateIcE12do_transformEPKcS2_                                                                                                                                                                                                                                                                                   216            0

.xt.prop._ZNSt11char_traitsIcE6assignEPcjc                                                                                                                                                                                                                                                                                         48            0

.xt.prop._ZNKSt5ctypeIcE5widenEc                                                                                                                                                                                                                                                                                                   60            0

.xt.prop._ZNKSt5ctypeIcE5widenEPKcS2_Pc                                                                                                                                                                                                                                                                                            84            0

.xt.prop._ZNSt18__moneypunct_cacheIcLb0EEC5Ej                                                                                                                                                                                                                                                                                       0            0

.xt.prop._ZNSt18__moneypunct_cacheIcLb1EEC5Ej                                                                                                                                                                                                                                                                                       0            0

.xt.prop._ZNSt10moneypunctIcLb0EEC5EPSt18__moneypunct_cacheIcLb0EEj                                                                                                                                                                                                                                                                 0            0

.xt.prop._ZNKSt10moneypunctIcLb0EE10pos_formatEv                                                                                                                                                                                                                                                                                   36            0

.xt.prop._ZNKSt10moneypunctIcLb0EE10neg_formatEv                                                                                                                                                                                                                                                                                   36            0

.xt.prop._ZNSt10moneypunctIcLb1EEC5EPSt18__moneypunct_cacheIcLb1EEj                                                                                                                                                                                                                                                                 0            0

.xt.prop._ZNKSt10moneypunctIcLb1EE10pos_formatEv                                                                                                                                                                                                                                                                                   36            0

.xt.prop._ZNKSt10moneypunctIcLb1EE10neg_formatEv                                                                                                                                                                                                                                                                                   36            0

.xt.prop._ZNSt16__numpunct_cacheIcEC5Ej                                                                                                                                                                                                                                                                                             0            0

.xt.prop._ZNSt8numpunctIcEC5EPSt16__numpunct_cacheIcEj                                                                                                                                                                                                                                                                             12            0

.xt.prop._ZNSt11__timepunctIcEC5EPSt17__timepunct_cacheIcEj                                                                                                                                                                                                                                                                         0            0

.xt.prop._ZNSt8messagesIcEC5Ej                                                                                                                                                                                                                                                                                                      0            0

.xt.prop._ZNSt7collateIcEC5Ej                                                                                                                                                                                                                                                                                                       0            0

.xt.prop._ZSt9use_facetISt5ctypeIcEERKT_RKSt6locale                                                                                                                                                                                                                                                                                60            0

.xt.prop._ZSt9use_facetISt8numpunctIcEERKT_RKSt6locale                                                                                                                                                                                                                                                                             60            0

.xt.prop._ZNSt16__numpunct_cacheIcE8_M_cacheERKSt6locale                                                                                                                                                                                                                                                                          444            0

.xt.prop._ZSt9use_facetISt7num_putIcSt19ostreambuf_iteratorIcSt11char_traitsIcEEEERKT_RKSt6locale                                                                                                                                                                                                                                  60            0

.xt.prop._ZSt9use_facetISt7num_getIcSt19istreambuf_iteratorIcSt11char_traitsIcEEEERKT_RKSt6locale                                                                                                                                                                                                                                  60            0

.xt.prop._ZSt9use_facetISt10moneypunctIcLb1EEERKT_RKSt6locale                                                                                                                                                                                                                                                                      60            0

.xt.prop._ZNSt18__moneypunct_cacheIcLb1EE8_M_cacheERKSt6locale                                                                                                                                                                                                                                                                    564            0

.xt.prop._ZSt9use_facetISt10moneypunctIcLb0EEERKT_RKSt6locale                                                                                                                                                                                                                                                                      60            0

.xt.prop._ZNSt18__moneypunct_cacheIcLb0EE8_M_cacheERKSt6locale                                                                                                                                                                                                                                                                    564            0

.xt.prop._ZSt9use_facetISt11__timepunctIcEERKT_RKSt6locale                                                                                                                                                                                                                                                                         60            0

.xt.prop._ZSt9has_facetISt5ctypeIcEEbRKSt6locale                                                                                                                                                                                                                                                                                   48            0

.xt.prop._ZSt9has_facetISt7num_putIcSt19ostreambuf_iteratorIcSt11char_traitsIcEEEEbRKSt6locale                                                                                                                                                                                                                                     48            0

.xt.prop._ZSt9has_facetISt7num_getIcSt19istreambuf_iteratorIcSt11char_traitsIcEEEEbRKSt6locale                                                                                                                                                                                                                                     48            0

.xt.prop._ZNKSt7num_putIcSt19ostreambuf_iteratorIcSt11char_traitsIcEEE14_M_group_floatEPKcjcS6_PcS7_Ri                                                                                                                                                                                                                             48            0

.xt.prop._ZNKSt7num_putIcSt19ostreambuf_iteratorIcSt11char_traitsIcEEE12_M_group_intEPKcjcRSt8ios_basePcS9_Ri                                                                                                                                                                                                                      36            0

.xt.prop._ZNSt5__padIcSt11char_traitsIcEE6_S_padERSt8ios_basecPcPKcii                                                                                                                                                                                                                                                             180            0

.xt.prop._ZNKSt7num_putIcSt19ostreambuf_iteratorIcSt11char_traitsIcEEE6_M_padEciRSt8ios_basePcPKcRi                                                                                                                                                                                                                                36            0

.xt.prop._ZSt13__int_to_charIcmEiPT_T0_PKS0_St13_Ios_Fmtflagsb                                                                                                                                                                                                                                                                    108            0

.xt.prop._ZSt13__int_to_charIcyEiPT_T0_PKS0_St13_Ios_Fmtflagsb                                                                                                                                                                                                                                                                    132            0

.xt.prop._ZNKSt11__use_cacheISt18__moneypunct_cacheIcLb1EEEclERKSt6locale                                                                                                                                                                                                                                                         108            0

.xt.prop._ZNSt19istreambuf_iteratorIcSt11char_traitsIcEEppEv                                                                                                                                                                                                                                                                       36            0

.xt.prop._ZNKSt11__use_cacheISt18__moneypunct_cacheIcLb0EEEclERKSt6locale                                                                                                                                                                                                                                                         108            0

.xt.prop._ZSt7__writeIcESt19ostreambuf_iteratorIT_St11char_traitsIS1_EES4_PKS1_i                                                                                                                                                                                                                                                   36            0

.xt.prop._ZNKSt9money_putIcSt19ostreambuf_iteratorIcSt11char_traitsIcEEE9_M_insertILb1EEES3_S3_RSt8ios_basecRKSs                                                                                                                                                                                                                  444            0

.xt.prop._ZNKSt9money_putIcSt19ostreambuf_iteratorIcSt11char_traitsIcEEE9_M_insertILb0EEES3_S3_RSt8ios_basecRKSs                                                                                                                                                                                                                  444            0

.xt.prop._ZNKSt9money_putIcSt19ostreambuf_iteratorIcSt11char_traitsIcEEE6do_putES3_bRSt8ios_basece                                                                                                                                                                                                                                120            0

.xt.prop._ZNKSt9money_putIcSt19ostreambuf_iteratorIcSt11char_traitsIcEEE6do_putES3_bRSt8ios_basecRKSs                                                                                                                                                                                                                              60            0

.xt.prop._ZNKSt8time_putIcSt19ostreambuf_iteratorIcSt11char_traitsIcEEE6do_putES3_RSt8ios_basecPK2tmcc                                                                                                                                                                                                                             60            0

.xt.prop._ZNKSt11__use_cacheISt16__numpunct_cacheIcEEclERKSt6locale                                                                                                                                                                                                                                                               108            0

.xt.prop._ZNKSt7num_putIcSt19ostreambuf_iteratorIcSt11char_traitsIcEEE13_M_insert_intIlEES3_S3_RSt8ios_basecT_                                                                                                                                                                                                                    120            0

.xt.prop._ZNKSt7num_putIcSt19ostreambuf_iteratorIcSt11char_traitsIcEEE6do_putES3_RSt8ios_basecl                                                                                                                                                                                                                                    36            0

.xt.prop._ZNKSt7num_putIcSt19ostreambuf_iteratorIcSt11char_traitsIcEEE6do_putES3_RSt8ios_basecb                                                                                                                                                                                                                                   132            0

.xt.prop._ZNKSt7num_putIcSt19ostreambuf_iteratorIcSt11char_traitsIcEEE13_M_insert_intImEES3_S3_RSt8ios_basecT_                                                                                                                                                                                                                     60            0

.xt.prop._ZNKSt7num_putIcSt19ostreambuf_iteratorIcSt11char_traitsIcEEE6do_putES3_RSt8ios_basecm                                                                                                                                                                                                                                    36            0

.xt.prop._ZNKSt7num_putIcSt19ostreambuf_iteratorIcSt11char_traitsIcEEE6do_putES3_RSt8ios_basecPKv                                                                                                                                                                                                                                  48            0

.xt.prop._ZNKSt7num_putIcSt19ostreambuf_iteratorIcSt11char_traitsIcEEE13_M_insert_intIxEES3_S3_RSt8ios_basecT_                                                                                                                                                                                                                    120            0

.xt.prop._ZNKSt7num_putIcSt19ostreambuf_iteratorIcSt11char_traitsIcEEE6do_putES3_RSt8ios_basecx                                                                                                                                                                                                                                    36            0

.xt.prop._ZNKSt7num_putIcSt19ostreambuf_iteratorIcSt11char_traitsIcEEE13_M_insert_intIyEES3_S3_RSt8ios_basecT_                                                                                                                                                                                                                     60            0

.xt.prop._ZNKSt7num_putIcSt19ostreambuf_iteratorIcSt11char_traitsIcEEE6do_putES3_RSt8ios_basecy                                                                                                                                                                                                                                    36            0

.xt.prop._ZNKSt7num_putIcSt19ostreambuf_iteratorIcSt11char_traitsIcEEE15_M_insert_floatIdEES3_S3_RSt8ios_baseccT_                                                                                                                                                                                                                 108            0

.xt.prop._ZNKSt7num_putIcSt19ostreambuf_iteratorIcSt11char_traitsIcEEE6do_putES3_RSt8ios_basecd                                                                                                                                                                                                                                    36            0

.xt.prop._ZNKSt7num_putIcSt19ostreambuf_iteratorIcSt11char_traitsIcEEE15_M_insert_floatIeEES3_S3_RSt8ios_baseccT_                                                                                                                                                                                                                 108            0

.xt.prop._ZNKSt7num_putIcSt19ostreambuf_iteratorIcSt11char_traitsIcEEE6do_putES3_RSt8ios_basece                                                                                                                                                                                                                                    36            0

.xt.prop._ZNKSt19istreambuf_iteratorIcSt11char_traitsIcEE6_M_getEv                                                                                                                                                                                                                                                                 48            0

.xt.prop._ZNKSt19istreambuf_iteratorIcSt11char_traitsIcEE5equalERKS2_                                                                                                                                                                                                                                                              36            0

.xt.prop._ZStneIcSt11char_traitsIcEEbRKSt19istreambuf_iteratorIT_T0_ES7_                                                                                                                                                                                                                                                           36            0

.xt.prop._ZNKSt8time_getIcSt19istreambuf_iteratorIcSt11char_traitsIcEEE14_M_extract_numES3_S3_RiiijRSt8ios_baseRSt12_Ios_Iostate                                                                                                                                                                                                  120            0

.xt.prop._ZNKSt8time_getIcSt19istreambuf_iteratorIcSt11char_traitsIcEEE15_M_extract_nameES3_S3_RiPPKcjRSt8ios_baseRSt12_Ios_Iostate                                                                                                                                                                                               288            0

.xt.prop._ZNKSt8time_getIcSt19istreambuf_iteratorIcSt11char_traitsIcEEE24_M_extract_wday_or_monthES3_S3_RiPPKcjRSt8ios_baseRSt12_Ios_Iostate                                                                                                                                                                                      312            0

.xt.prop._ZNKSt8time_getIcSt19istreambuf_iteratorIcSt11char_traitsIcEEE21_M_extract_via_formatES3_S3_RSt8ios_baseRSt12_Ios_IostateP2tmPKc                                                                                                                                                                                         792            0

.xt.prop._ZNKSt7num_getIcSt19istreambuf_iteratorIcSt11char_traitsIcEEE16_M_extract_floatES3_S3_RSt8ios_baseRSt12_Ios_IostateRSs                                                                                                                                                                                                   660            0

.xt.prop._ZNKSt7num_getIcSt19istreambuf_iteratorIcSt11char_traitsIcEEE6do_getES3_S3_RSt8ios_baseRSt12_Ios_IostateRf                                                                                                                                                                                                                60            0

.xt.prop._ZNKSt7num_getIcSt19istreambuf_iteratorIcSt11char_traitsIcEEE6do_getES3_S3_RSt8ios_baseRSt12_Ios_IostateRd                                                                                                                                                                                                                60            0

.xt.prop._ZNKSt7num_getIcSt19istreambuf_iteratorIcSt11char_traitsIcEEE6do_getES3_S3_RSt8ios_baseRSt12_Ios_IostateRe                                                                                                                                                                                                                60            0

.xt.prop._ZNKSt7num_getIcSt19istreambuf_iteratorIcSt11char_traitsIcEEE14_M_extract_intIlEES3_S3_S3_RSt8ios_baseRSt12_Ios_IostateRT_                                                                                                                                                                                               816            0

.xt.prop._ZNKSt7num_getIcSt19istreambuf_iteratorIcSt11char_traitsIcEEE6do_getES3_S3_RSt8ios_baseRSt12_Ios_IostateRl                                                                                                                                                                                                                36            0

.xt.prop._ZNKSt7num_getIcSt19istreambuf_iteratorIcSt11char_traitsIcEEE6do_getES3_S3_RSt8ios_baseRSt12_Ios_IostateRb                                                                                                                                                                                                               384            0

.xt.prop._ZNKSt7num_getIcSt19istreambuf_iteratorIcSt11char_traitsIcEEE14_M_extract_intItEES3_S3_S3_RSt8ios_baseRSt12_Ios_IostateRT_                                                                                                                                                                                               780            0

.xt.prop._ZNKSt7num_getIcSt19istreambuf_iteratorIcSt11char_traitsIcEEE6do_getES3_S3_RSt8ios_baseRSt12_Ios_IostateRt                                                                                                                                                                                                                36            0

.xt.prop._ZNKSt7num_getIcSt19istreambuf_iteratorIcSt11char_traitsIcEEE14_M_extract_intIjEES3_S3_S3_RSt8ios_baseRSt12_Ios_IostateRT_                                                                                                                                                                                               780            0

.xt.prop._ZNKSt7num_getIcSt19istreambuf_iteratorIcSt11char_traitsIcEEE6do_getES3_S3_RSt8ios_baseRSt12_Ios_IostateRj                                                                                                                                                                                                                36            0

.xt.prop._ZNKSt7num_getIcSt19istreambuf_iteratorIcSt11char_traitsIcEEE14_M_extract_intImEES3_S3_S3_RSt8ios_baseRSt12_Ios_IostateRT_                                                                                                                                                                                               780            0

.xt.prop._ZNKSt7num_getIcSt19istreambuf_iteratorIcSt11char_traitsIcEEE6do_getES3_S3_RSt8ios_baseRSt12_Ios_IostateRm                                                                                                                                                                                                                36            0

.xt.prop._ZNKSt7num_getIcSt19istreambuf_iteratorIcSt11char_traitsIcEEE6do_getES3_S3_RSt8ios_baseRSt12_Ios_IostateRPv                                                                                                                                                                                                               36            0

.xt.prop._ZNKSt7num_getIcSt19istreambuf_iteratorIcSt11char_traitsIcEEE14_M_extract_intIxEES3_S3_S3_RSt8ios_baseRSt12_Ios_IostateRT_                                                                                                                                                                                               900            0

.xt.prop._ZNKSt7num_getIcSt19istreambuf_iteratorIcSt11char_traitsIcEEE6do_getES3_S3_RSt8ios_baseRSt12_Ios_IostateRx                                                                                                                                                                                                                36            0

.xt.prop._ZNKSt7num_getIcSt19istreambuf_iteratorIcSt11char_traitsIcEEE14_M_extract_intIyEES3_S3_S3_RSt8ios_baseRSt12_Ios_IostateRT_                                                                                                                                                                                               852            0

.xt.prop._ZNKSt7num_getIcSt19istreambuf_iteratorIcSt11char_traitsIcEEE6do_getES3_S3_RSt8ios_baseRSt12_Ios_IostateRy                                                                                                                                                                                                                36            0

.xt.prop._ZNKSt8time_getIcSt19istreambuf_iteratorIcSt11char_traitsIcEEE11do_get_yearES3_S3_RSt8ios_baseRSt12_Ios_IostateP2tm                                                                                                                                                                                                       72            0

.xt.prop._ZNKSt8time_getIcSt19istreambuf_iteratorIcSt11char_traitsIcEEE14do_get_weekdayES3_S3_RSt8ios_baseRSt12_Ios_IostateP2tm                                                                                                                                                                                                    60            0

.xt.prop._ZNKSt8time_getIcSt19istreambuf_iteratorIcSt11char_traitsIcEEE16do_get_monthnameES3_S3_RSt8ios_baseRSt12_Ios_IostateP2tm                                                                                                                                                                                                  60            0

.xt.prop._ZNKSt8time_getIcSt19istreambuf_iteratorIcSt11char_traitsIcEEE11do_get_timeES3_S3_RSt8ios_baseRSt12_Ios_IostateP2tm                                                                                                                                                                                                       36            0

.xt.prop._ZNKSt8time_getIcSt19istreambuf_iteratorIcSt11char_traitsIcEEE11do_get_dateES3_S3_RSt8ios_baseRSt12_Ios_IostateP2tm                                                                                                                                                                                                       36            0

.xt.prop._ZNKSt9money_getIcSt19istreambuf_iteratorIcSt11char_traitsIcEEE10_M_extractILb1EEES3_S3_S3_RSt8ios_baseRSt12_Ios_IostateRSs                                                                                                                                                                                             1032            0

.xt.prop._ZNKSt9money_getIcSt19istreambuf_iteratorIcSt11char_traitsIcEEE10_M_extractILb0EEES3_S3_S3_RSt8ios_baseRSt12_Ios_IostateRSs                                                                                                                                                                                             1032            0

.xt.prop._ZNKSt9money_getIcSt19istreambuf_iteratorIcSt11char_traitsIcEEE6do_getES3_S3_bRSt8ios_baseRSt12_Ios_IostateRe                                                                                                                                                                                                             84            0

.xt.prop._ZNKSt9money_getIcSt19istreambuf_iteratorIcSt11char_traitsIcEEE6do_getES3_S3_bRSt8ios_baseRSt12_Ios_IostateRSs                                                                                                                                                                                                           132            0

.xt.prop._ZNKSt10moneypunctIcLb0EE16do_decimal_pointEv                                                                                                                                                                                                                                                                             36            0

.xt.prop._ZNKSt10moneypunctIcLb0EE16do_thousands_sepEv                                                                                                                                                                                                                                                                             36            0

.xt.prop._ZNKSt10moneypunctIcLb0EE14do_frac_digitsEv                                                                                                                                                                                                                                                                               36            0

.xt.prop._ZNKSt10moneypunctIcLb1EE16do_decimal_pointEv                                                                                                                                                                                                                                                                             36            0

.xt.prop._ZNKSt10moneypunctIcLb1EE16do_thousands_sepEv                                                                                                                                                                                                                                                                             36            0

.xt.prop._ZNKSt10moneypunctIcLb1EE14do_frac_digitsEv                                                                                                                                                                                                                                                                               36            0

.xt.prop._ZNKSt8numpunctIcE16do_decimal_pointEv                                                                                                                                                                                                                                                                                    36            0

.xt.prop._ZNKSt8numpunctIcE16do_thousands_sepEv                                                                                                                                                                                                                                                                                    36            0

.xt.prop._ZNKSt8time_getIcSt19istreambuf_iteratorIcSt11char_traitsIcEEE13do_date_orderEv                                                                                                                                                                                                                                           36            0

.xt.prop._ZNKSt8messagesIcE7do_openERKSsRKSt6locale                                                                                                                                                                                                                                                                                36            0

.xt.prop._ZNKSt8messagesIcE8do_closeEi                                                                                                                                                                                                                                                                                             36            0

.xt.prop._ZNKSt7collateIcE7do_hashEPKcS2_                                                                                                                                                                                                                                                                                          60            0

.xt.prop._ZNSt9money_getIcSt19istreambuf_iteratorIcSt11char_traitsIcEEED2Ev                                                                                                                                                                                                                                                        36            0

.xt.prop._ZNSt9money_putIcSt19ostreambuf_iteratorIcSt11char_traitsIcEEED2Ev                                                                                                                                                                                                                                                        36            0

.xt.prop._ZNSt16__numpunct_cacheIcED2Ev                                                                                                                                                                                                                                                                                            72            0

.xt.prop._ZNSt7num_getIcSt19istreambuf_iteratorIcSt11char_traitsIcEEED2Ev                                                                                                                                                                                                                                                          36            0

.xt.prop._ZNSt7num_putIcSt19ostreambuf_iteratorIcSt11char_traitsIcEEED2Ev                                                                                                                                                                                                                                                          36            0

.xt.prop._ZNSt17__timepunct_cacheIcED2Ev                                                                                                                                                                                                                                                                                           36            0

.xt.prop._ZNSt8time_putIcSt19ostreambuf_iteratorIcSt11char_traitsIcEEED2Ev                                                                                                                                                                                                                                                         36            0

.xt.prop._ZNSt8time_getIcSt19istreambuf_iteratorIcSt11char_traitsIcEEED2Ev                                                                                                                                                                                                                                                         36            0

.xt.prop._ZNSt9money_getIcSt19istreambuf_iteratorIcSt11char_traitsIcEEED0Ev                                                                                                                                                                                                                                                        36            0

.xt.prop._ZNSt9money_putIcSt19ostreambuf_iteratorIcSt11char_traitsIcEEED0Ev                                                                                                                                                                                                                                                        36            0

.xt.prop._ZNSt16__numpunct_cacheIcED0Ev                                                                                                                                                                                                                                                                                            36            0

.xt.prop._ZNSt7num_getIcSt19istreambuf_iteratorIcSt11char_traitsIcEEED0Ev                                                                                                                                                                                                                                                          36            0

.xt.prop._ZNSt7num_putIcSt19ostreambuf_iteratorIcSt11char_traitsIcEEED0Ev                                                                                                                                                                                                                                                          36            0

.xt.prop._ZNSt17__timepunct_cacheIcED0Ev                                                                                                                                                                                                                                                                                           36            0

.xt.prop._ZNSt8time_putIcSt19ostreambuf_iteratorIcSt11char_traitsIcEEED0Ev                                                                                                                                                                                                                                                         36            0

.xt.prop._ZNSt8time_getIcSt19istreambuf_iteratorIcSt11char_traitsIcEEED0Ev                                                                                                                                                                                                                                                         36            0

.xt.prop._ZNSt8messagesIcED2Ev                                                                                                                                                                                                                                                                                                     36            0

.xt.prop._ZNSt8messagesIcED0Ev                                                                                                                                                                                                                                                                                                     36            0

.xt.prop._ZNSt7collateIcED2Ev                                                                                                                                                                                                                                                                                                      36            0

.xt.prop._ZNSt7collateIcED0Ev                                                                                                                                                                                                                                                                                                      36            0

.xt.prop._ZNSt11__timepunctIcED2Ev                                                                                                                                                                                                                                                                                                 60            0

.xt.prop._ZNSt11__timepunctIcED0Ev                                                                                                                                                                                                                                                                                                 36            0

.xt.prop._ZNKSt5ctypeIcE7toupperEc                                                                                                                                                                                                                                                                                                 36            0

.xt.prop._ZNSt18__moneypunct_cacheIcLb0EEC2Ej                                                                                                                                                                                                                                                                                      36            0

.xt.prop._ZNSt18__moneypunct_cacheIcLb1EEC2Ej                                                                                                                                                                                                                                                                                      36            0

.xt.prop._ZNSt10moneypunctIcLb0EEC2EPSt18__moneypunct_cacheIcLb0EEj                                                                                                                                                                                                                                                                84            0

.xt.prop._ZNKSt10moneypunctIcLb0EE13decimal_pointEv                                                                                                                                                                                                                                                                                36            0

.xt.prop._ZNKSt10moneypunctIcLb0EE13thousands_sepEv                                                                                                                                                                                                                                                                                36            0

.xt.prop._ZNKSt10moneypunctIcLb0EE8groupingEv                                                                                                                                                                                                                                                                                      36            0

.xt.prop._ZNKSt10moneypunctIcLb0EE11curr_symbolEv                                                                                                                                                                                                                                                                                  36            0

.xt.prop._ZNKSt10moneypunctIcLb0EE13positive_signEv                                                                                                                                                                                                                                                                                36            0

.xt.prop._ZNKSt10moneypunctIcLb0EE13negative_signEv                                                                                                                                                                                                                                                                                36            0

.xt.prop._ZNKSt10moneypunctIcLb0EE11frac_digitsEv                                                                                                                                                                                                                                                                                  36            0

.xt.prop._ZNSt10moneypunctIcLb1EEC2EPSt18__moneypunct_cacheIcLb1EEj                                                                                                                                                                                                                                                                84            0

.xt.prop._ZNKSt10moneypunctIcLb1EE13decimal_pointEv                                                                                                                                                                                                                                                                                36            0

.xt.prop._ZNKSt10moneypunctIcLb1EE13thousands_sepEv                                                                                                                                                                                                                                                                                36            0

.xt.prop._ZNKSt10moneypunctIcLb1EE8groupingEv                                                                                                                                                                                                                                                                                      36            0

.xt.prop._ZNKSt10moneypunctIcLb1EE11curr_symbolEv                                                                                                                                                                                                                                                                                  36            0

.xt.prop._ZNKSt10moneypunctIcLb1EE13positive_signEv                                                                                                                                                                                                                                                                                36            0

.xt.prop._ZNKSt10moneypunctIcLb1EE13negative_signEv                                                                                                                                                                                                                                                                                36            0

.xt.prop._ZNKSt10moneypunctIcLb1EE11frac_digitsEv                                                                                                                                                                                                                                                                                  36            0

.xt.prop._ZNKSt9money_getIcSt19istreambuf_iteratorIcSt11char_traitsIcEEE3getES3_S3_bRSt8ios_baseRSt12_Ios_IostateRe                                                                                                                                                                                                                36            0

.xt.prop._ZNKSt9money_getIcSt19istreambuf_iteratorIcSt11char_traitsIcEEE3getES3_S3_bRSt8ios_baseRSt12_Ios_IostateRSs                                                                                                                                                                                                               36            0

.xt.prop._ZNKSt9money_putIcSt19ostreambuf_iteratorIcSt11char_traitsIcEEE3putES3_bRSt8ios_basece                                                                                                                                                                                                                                    36            0

.xt.prop._ZNKSt9money_putIcSt19ostreambuf_iteratorIcSt11char_traitsIcEEE3putES3_bRSt8ios_basecRKSs                                                                                                                                                                                                                                 36            0

.xt.prop._ZNSt16__numpunct_cacheIcEC2Ej                                                                                                                                                                                                                                                                                            36            0

.xt.prop._ZNSt8numpunctIcEC2EPSt16__numpunct_cacheIcEj                                                                                                                                                                                                                                                                             84            0

.xt.prop._ZNKSt8numpunctIcE13decimal_pointEv                                                                                                                                                                                                                                                                                       36            0

.xt.prop._ZNKSt8numpunctIcE13thousands_sepEv                                                                                                                                                                                                                                                                                       36            0

.xt.prop._ZNKSt8numpunctIcE8groupingEv                                                                                                                                                                                                                                                                                             36            0

.xt.prop._ZNKSt8numpunctIcE8truenameEv                                                                                                                                                                                                                                                                                             36            0

.xt.prop._ZNKSt8numpunctIcE9falsenameEv                                                                                                                                                                                                                                                                                            36            0

.xt.prop._ZNKSt7num_getIcSt19istreambuf_iteratorIcSt11char_traitsIcEEE3getES3_S3_RSt8ios_baseRSt12_Ios_IostateRl                                                                                                                                                                                                                   36            0

.xt.prop._ZNSt11__timepunctIcEC2EPSt17__timepunct_cacheIcEj                                                                                                                                                                                                                                                                        84            0

.xt.prop._ZNKSt11__timepunctIcE15_M_date_formatsEPPKc                                                                                                                                                                                                                                                                              36            0

.xt.prop._ZNKSt11__timepunctIcE15_M_time_formatsEPPKc                                                                                                                                                                                                                                                                              36            0

.xt.prop._ZNKSt11__timepunctIcE20_M_date_time_formatsEPPKc                                                                                                                                                                                                                                                                         36            0

.xt.prop._ZNKSt11__timepunctIcE7_M_daysEPPKc                                                                                                                                                                                                                                                                                       36            0

.xt.prop._ZNKSt11__timepunctIcE19_M_days_abbreviatedEPPKc                                                                                                                                                                                                                                                                          36            0

.xt.prop._ZNKSt11__timepunctIcE9_M_monthsEPPKc                                                                                                                                                                                                                                                                                     36            0

.xt.prop._ZNKSt11__timepunctIcE21_M_months_abbreviatedEPPKc                                                                                                                                                                                                                                                                        36            0

.xt.prop._ZNKSt8time_getIcSt19istreambuf_iteratorIcSt11char_traitsIcEEE10date_orderEv                                                                                                                                                                                                                                              36            0

.xt.prop._ZNKSt8time_getIcSt19istreambuf_iteratorIcSt11char_traitsIcEEE8get_timeES3_S3_RSt8ios_baseRSt12_Ios_IostateP2tm                                                                                                                                                                                                           36            0

.xt.prop._ZNKSt8time_getIcSt19istreambuf_iteratorIcSt11char_traitsIcEEE8get_dateES3_S3_RSt8ios_baseRSt12_Ios_IostateP2tm                                                                                                                                                                                                           36            0

.xt.prop._ZNKSt8time_getIcSt19istreambuf_iteratorIcSt11char_traitsIcEEE11get_weekdayES3_S3_RSt8ios_baseRSt12_Ios_IostateP2tm                                                                                                                                                                                                       36            0

.xt.prop._ZNKSt8time_getIcSt19istreambuf_iteratorIcSt11char_traitsIcEEE13get_monthnameES3_S3_RSt8ios_baseRSt12_Ios_IostateP2tm                                                                                                                                                                                                     36            0

.xt.prop._ZNKSt8time_getIcSt19istreambuf_iteratorIcSt11char_traitsIcEEE8get_yearES3_S3_RSt8ios_baseRSt12_Ios_IostateP2tm                                                                                                                                                                                                           36            0

.xt.prop._ZNSt8messagesIcEC2Ej                                                                                                                                                                                                                                                                                                     60            0

.xt.prop._ZNKSt8messagesIcE4openERKSsRKSt6locale                                                                                                                                                                                                                                                                                   36            0

.xt.prop._ZNKSt8messagesIcE3getEiiiRKSs                                                                                                                                                                                                                                                                                            36            0

.xt.prop._ZNKSt8messagesIcE5closeEi                                                                                                                                                                                                                                                                                                36            0

.xt.prop._ZNSt7collateIcEC2Ej                                                                                                                                                                                                                                                                                                      60            0

.xt.prop._ZNKSt7collateIcE7compareEPKcS2_S2_S2_                                                                                                                                                                                                                                                                                    36            0

.xt.prop._ZNKSt7collateIcE9transformEPKcS2_                                                                                                                                                                                                                                                                                        36            0

.xt.prop._ZSt14__add_groupingIcEPT_S1_S0_PKcjPKS0_S5_                                                                                                                                                                                                                                                                             264            0

.xt.prop._ZNKSt7num_getIcSt19istreambuf_iteratorIcSt11char_traitsIcEEE7_M_findIcEEN9__gnu_cxx11__enable_ifIXsrSt9__is_charIT_E7__valueEiE6__typeEPKS9_jS9_                                                                                                                                                                         84            0

.xt.prop._ZGVNSt7collateIcE2idE                                                                                                                                                                                                                                                                                                    12            0

.xt.prop._ZGVNSt8messagesIcE2idE                                                                                                                                                                                                                                                                                                   12            0

.xt.prop._ZGVNSt8time_getIcSt19istreambuf_iteratorIcSt11char_traitsIcEEE2idE                                                                                                                                                                                                                                                       12            0

.xt.prop._ZGVNSt8time_putIcSt19ostreambuf_iteratorIcSt11char_traitsIcEEE2idE                                                                                                                                                                                                                                                       12            0

.xt.prop._ZGVNSt11__timepunctIcE2idE                                                                                                                                                                                                                                                                                               12            0

.xt.prop._ZGVNSt7num_putIcSt19ostreambuf_iteratorIcSt11char_traitsIcEEE2idE                                                                                                                                                                                                                                                        12            0

.xt.prop._ZGVNSt7num_getIcSt19istreambuf_iteratorIcSt11char_traitsIcEEE2idE                                                                                                                                                                                                                                                        12            0

.xt.prop._ZGVNSt8numpunctIcE2idE                                                                                                                                                                                                                                                                                                   12            0

.xt.prop._ZGVNSt9money_putIcSt19ostreambuf_iteratorIcSt11char_traitsIcEEE2idE                                                                                                                                                                                                                                                      12            0

.xt.prop._ZGVNSt9money_getIcSt19istreambuf_iteratorIcSt11char_traitsIcEEE2idE                                                                                                                                                                                                                                                      12            0

.xt.prop._ZGVNSt10moneypunctIcLb1EE2idE                                                                                                                                                                                                                                                                                            12            0

.xt.prop._ZGVNSt10moneypunctIcLb0EE2idE                                                                                                                                                                                                                                                                                            12            0

.xt.prop._ZTVSt7collateIcE                                                                                                                                                                                                                                                                                                         12            0

.xt.prop._ZTVSt8numpunctIcE                                                                                                                                                                                                                                                                                                        12            0

.xt.prop._ZTVSt7num_getIcSt19istreambuf_iteratorIcSt11char_traitsIcEEE                                                                                                                                                                                                                                                             12            0

.xt.prop._ZTVSt7num_putIcSt19ostreambuf_iteratorIcSt11char_traitsIcEEE                                                                                                                                                                                                                                                             12            0

.xt.prop._ZTVSt17__timepunct_cacheIcE                                                                                                                                                                                                                                                                                              12            0

.xt.prop._ZTVSt11__timepunctIcE                                                                                                                                                                                                                                                                                                    12            0

.xt.prop._ZTVSt10moneypunctIcLb1EE                                                                                                                                                                                                                                                                                                 12            0

.xt.prop._ZTVSt10moneypunctIcLb0EE                                                                                                                                                                                                                                                                                                 12            0

.xt.prop._ZTVSt8messagesIcE                                                                                                                                                                                                                                                                                                        12            0

.xt.prop._ZTVSt23__codecvt_abstract_baseIcc10_mbstate_tE                                                                                                                                                                                                                                                                           12            0

.xt.prop._ZTVSt9money_getIcSt19istreambuf_iteratorIcSt11char_traitsIcEEE                                                                                                                                                                                                                                                           12            0

.xt.prop._ZTVSt9money_putIcSt19ostreambuf_iteratorIcSt11char_traitsIcEEE                                                                                                                                                                                                                                                           12            0

.xt.prop._ZTVSt8time_putIcSt19ostreambuf_iteratorIcSt11char_traitsIcEEE                                                                                                                                                                                                                                                            12            0

.xt.prop._ZTVSt8time_getIcSt19istreambuf_iteratorIcSt11char_traitsIcEEE                                                                                                                                                                                                                                                            12            0

.xt.prop._ZTVSt16__numpunct_cacheIcE                                                                                                                                                                                                                                                                                               12            0

.xt.prop._ZNSt7collateIcE2idE                                                                                                                                                                                                                                                                                                      12            0

.xt.prop._ZNSt8messagesIcE2idE                                                                                                                                                                                                                                                                                                     12            0

.xt.prop._ZNSt8time_getIcSt19istreambuf_iteratorIcSt11char_traitsIcEEE2idE                                                                                                                                                                                                                                                         12            0

.xt.prop._ZNSt8time_putIcSt19ostreambuf_iteratorIcSt11char_traitsIcEEE2idE                                                                                                                                                                                                                                                         12            0

.xt.prop._ZNSt11__timepunctIcE2idE                                                                                                                                                                                                                                                                                                 12            0

.xt.prop._ZNSt7num_putIcSt19ostreambuf_iteratorIcSt11char_traitsIcEEE2idE                                                                                                                                                                                                                                                          12            0

.xt.prop._ZNSt7num_getIcSt19istreambuf_iteratorIcSt11char_traitsIcEEE2idE                                                                                                                                                                                                                                                          12            0

.xt.prop._ZNSt8numpunctIcE2idE                                                                                                                                                                                                                                                                                                     12            0

.xt.prop._ZNSt9money_putIcSt19ostreambuf_iteratorIcSt11char_traitsIcEEE2idE                                                                                                                                                                                                                                                        12            0

.xt.prop._ZNSt9money_getIcSt19istreambuf_iteratorIcSt11char_traitsIcEEE2idE                                                                                                                                                                                                                                                        12            0

.xt.prop._ZNSt10moneypunctIcLb1EE2idE                                                                                                                                                                                                                                                                                              12            0

.xt.prop._ZNSt10moneypunctIcLb0EE2idE                                                                                                                                                                                                                                                                                              12            0

.xt.lit._ZNKSs8_M_checkEjPKc                                                                                                                                                                                                                                                                                                        8            0

.xt.lit._ZNKSs15_M_check_lengthEjjPKc                                                                                                                                                                                                                                                                                               8            0

.xt.lit._ZNSs7_M_copyEPcPKcj                                                                                                                                                                                                                                                                                                        0            0

.xt.lit._ZNSs7_M_moveEPcPKcj                                                                                                                                                                                                                                                                                                        0            0

.xt.lit._ZNSs9_M_assignEPcjc                                                                                                                                                                                                                                                                                                        0            0

.xt.lit._ZNSs13_S_copy_charsEPcPKcS1_                                                                                                                                                                                                                                                                                               0            0

.xt.lit._ZNKSs4copyEPcjj                                                                                                                                                                                                                                                                                                            8            0

.xt.lit._ZNSs4swapERSs                                                                                                                                                                                                                                                                                                              0            0

.xt.lit._ZNSs4_Rep26_M_set_length_and_sharableEj                                                                                                                                                                                                                                                                                    8            0

.xt.lit._ZNSs4_Rep9_S_createEjjRKSaIcE                                                                                                                                                                                                                                                                                              8            0

.xt.lit._ZNSs12_S_constructEjcRKSaIcE                                                                                                                                                                                                                                                                                               0            0

.xt.lit._ZNSsC5EjcRKSaIcE                                                                                                                                                                                                                                                                                                           0            0

.xt.lit._ZNSs4_Rep10_M_destroyERKSaIcE                                                                                                                                                                                                                                                                                              0            0

.xt.lit._ZNSs4_Rep10_M_disposeERKSaIcE                                                                                                                                                                                                                                                                                              0            0

.xt.lit._ZNSsD5Ev                                                                                                                                                                                                                                                                                                                   0            0

.xt.lit._ZNSs5clearEv                                                                                                                                                                                                                                                                                                               0            0

.xt.lit._ZNSs9_M_mutateEjjj                                                                                                                                                                                                                                                                                                         0            0

.xt.lit._ZNSs12_M_leak_hardEv                                                                                                                                                                                                                                                                                                       0            0

.xt.lit._ZNSs7_M_leakEv                                                                                                                                                                                                                                                                                                             0            0

.xt.lit._ZNSs5beginEv                                                                                                                                                                                                                                                                                                               0            0

.xt.lit._ZNSs5eraseEjj                                                                                                                                                                                                                                                                                                              8            0

.xt.lit._ZNSs14_M_replace_auxEjjjc                                                                                                                                                                                                                                                                                                  8            0

.xt.lit._ZNSs6assignEjc                                                                                                                                                                                                                                                                                                             0            0

.xt.lit._ZNSs6insertEjjc                                                                                                                                                                                                                                                                                                            8            0

.xt.lit._ZNSs6insertEN9__gnu_cxx17__normal_iteratorIPcSsEEc                                                                                                                                                                                                                                                                         0            0

.xt.lit._ZNSs15_M_replace_safeEjjPKcj                                                                                                                                                                                                                                                                                               0            0

.xt.lit._ZNSs6assignEPKcj                                                                                                                                                                                                                                                                                                           8            0

.xt.lit._ZNSs4_Rep10_M_refcopyEv                                                                                                                                                                                                                                                                                                    0            0

.xt.lit._ZNSs4_Rep8_M_cloneERKSaIcEj                                                                                                                                                                                                                                                                                                0            0

.xt.lit._ZNSs7reserveEj                                                                                                                                                                                                                                                                                                             0            0

.xt.lit._ZNSs6appendERKSs                                                                                                                                                                                                                                                                                                           0            0

.xt.lit._ZNSspLERKSs                                                                                                                                                                                                                                                                                                                0            0

.xt.lit._ZNSs6appendEPKcj                                                                                                                                                                                                                                                                                                           8            0

.xt.lit._ZNSs6appendEjc                                                                                                                                                                                                                                                                                                             0            0

.xt.lit._ZNSs6resizeEjc                                                                                                                                                                                                                                                                                                             8            0

.xt.lit._ZNSs6resizeEj                                                                                                                                                                                                                                                                                                              0            0

.xt.lit._ZNSs9push_backEc                                                                                                                                                                                                                                                                                                           0            0

.xt.lit._ZNSs4_Rep7_M_grabERKSaIcES2_                                                                                                                                                                                                                                                                                               0            0

.xt.lit._ZNSsC5ERKSs                                                                                                                                                                                                                                                                                                                0            0

.xt.lit._ZNSs12_S_constructIPKcEEPcT_S3_RKSaIcESt20forward_iterator_tag                                                                                                                                                                                                                                                             8            0

.xt.lit._ZNSsC5EPKcRKSaIcE                                                                                                                                                                                                                                                                                                          0            0

.xt.lit._ZNSsC5IPKcEET_S2_RKSaIcE                                                                                                                                                                                                                                                                                                   0            0

.xt.lit._ZNSsC5EPKcjRKSaIcE                                                                                                                                                                                                                                                                                                         0            0

.xt.prop._ZNKSs8_M_checkEjPKc                                                                                                                                                                                                                                                                                                      60            0

.xt.prop._ZNKSs15_M_check_lengthEjjPKc                                                                                                                                                                                                                                                                                             60            0

.xt.prop._ZNSs7_M_copyEPcPKcj                                                                                                                                                                                                                                                                                                      60            0

.xt.prop._ZNSs7_M_moveEPcPKcj                                                                                                                                                                                                                                                                                                      60            0

.xt.prop._ZNSs9_M_assignEPcjc                                                                                                                                                                                                                                                                                                      60            0

.xt.prop._ZNSs13_S_copy_charsEPcPKcS1_                                                                                                                                                                                                                                                                                             36            0

.xt.prop._ZNKSs4copyEPcjj                                                                                                                                                                                                                                                                                                          60            0

.xt.prop._ZNSs4swapERSs                                                                                                                                                                                                                                                                                                            36            0

.xt.prop._ZNSs4_Rep26_M_set_length_and_sharableEj                                                                                                                                                                                                                                                                                  48            0

.xt.prop._ZNSs4_Rep9_S_createEjjRKSaIcE                                                                                                                                                                                                                                                                                            96            0

.xt.prop._ZNSs12_S_constructEjcRKSaIcE                                                                                                                                                                                                                                                                                             36            0

.xt.prop._ZNSsC5EjcRKSaIcE                                                                                                                                                                                                                                                                                                          0            0

.xt.prop._ZNSs4_Rep10_M_destroyERKSaIcE                                                                                                                                                                                                                                                                                            36            0

.xt.prop._ZNSs4_Rep10_M_disposeERKSaIcE                                                                                                                                                                                                                                                                                            48            0

.xt.prop._ZNSsD5Ev                                                                                                                                                                                                                                                                                                                  0            0

.xt.prop._ZNSs5clearEv                                                                                                                                                                                                                                                                                                             60            0

.xt.prop._ZNSs9_M_mutateEjjj                                                                                                                                                                                                                                                                                                      132            0

.xt.prop._ZNSs12_M_leak_hardEv                                                                                                                                                                                                                                                                                                     36            0

.xt.prop._ZNSs7_M_leakEv                                                                                                                                                                                                                                                                                                           48            0

.xt.prop._ZNSs5beginEv                                                                                                                                                                                                                                                                                                             36            0

.xt.prop._ZNSs5eraseEjj                                                                                                                                                                                                                                                                                                            48            0

.xt.prop._ZNSs14_M_replace_auxEjjjc                                                                                                                                                                                                                                                                                                60            0

.xt.prop._ZNSs6assignEjc                                                                                                                                                                                                                                                                                                           36            0

.xt.prop._ZNSs6insertEjjc                                                                                                                                                                                                                                                                                                          48            0

.xt.prop._ZNSs6insertEN9__gnu_cxx17__normal_iteratorIPcSsEEc                                                                                                                                                                                                                                                                       36            0

.xt.prop._ZNSs15_M_replace_safeEjjPKcj                                                                                                                                                                                                                                                                                             48            0

.xt.prop._ZNSs6assignEPKcj                                                                                                                                                                                                                                                                                                        108            0

.xt.prop._ZNSs4_Rep10_M_refcopyEv                                                                                                                                                                                                                                                                                                  48            0

.xt.prop._ZNSs4_Rep8_M_cloneERKSaIcEj                                                                                                                                                                                                                                                                                              48            0

.xt.prop._ZNSs7reserveEj                                                                                                                                                                                                                                                                                                           72            0

.xt.prop._ZNSs6appendERKSs                                                                                                                                                                                                                                                                                                         72            0

.xt.prop._ZNSspLERKSs                                                                                                                                                                                                                                                                                                              36            0

.xt.prop._ZNSs6appendEPKcj                                                                                                                                                                                                                                                                                                        132            0

.xt.prop._ZNSs6appendEjc                                                                                                                                                                                                                                                                                                           72            0

.xt.prop._ZNSs6resizeEjc                                                                                                                                                                                                                                                                                                           84            0

.xt.prop._ZNSs6resizeEj                                                                                                                                                                                                                                                                                                            36            0

.xt.prop._ZNSs9push_backEc                                                                                                                                                                                                                                                                                                         72            0

.xt.prop._ZNSs4_Rep7_M_grabERKSaIcES2_                                                                                                                                                                                                                                                                                             60            0

.xt.prop._ZNSsC5ERKSs                                                                                                                                                                                                                                                                                                               0            0

.xt.prop._ZNSs12_S_constructIPKcEEPcT_S3_RKSaIcESt20forward_iterator_tag                                                                                                                                                                                                                                                           84            0

.xt.prop._ZNSsC5EPKcRKSaIcE                                                                                                                                                                                                                                                                                                         0            0

.xt.prop._ZNSsC5IPKcEET_S2_RKSaIcE                                                                                                                                                                                                                                                                                                  0            0

.xt.prop._ZNSsC5EPKcjRKSaIcE                                                                                                                                                                                                                                                                                                        0            0

.xt.prop._ZNKSs11_M_disjunctEPKc                                                                                                                                                                                                                                                                                                   48            0

.xt.prop._ZNKSs17find_first_not_ofEcj                                                                                                                                                                                                                                                                                              72            0

.xt.prop._ZNKSs4_Rep12_M_is_leakedEv                                                                                                                                                                                                                                                                                               36            0

.xt.prop._ZNKSs4_Rep12_M_is_sharedEv                                                                                                                                                                                                                                                                                               36            0

.xt.prop._ZNSsC2EjcRKSaIcE                                                                                                                                                                                                                                                                                                         36            0

.xt.prop._ZNSsD2Ev                                                                                                                                                                                                                                                                                                                 36            0

.xt.prop._ZNSsC2ERKSs                                                                                                                                                                                                                                                                                                              36            0

.xt.prop._ZNSsC2EPKcRKSaIcE                                                                                                                                                                                                                                                                                                        36            0

.xt.prop._ZNSsC2IPKcEET_S2_RKSaIcE                                                                                                                                                                                                                                                                                                 36            0

.xt.prop._ZNSsC2EPKcjRKSaIcE                                                                                                                                                                                                                                                                                                       36            0

.xt.prop._ZNSs4_Rep20_S_empty_rep_storageE                                                                                                                                                                                                                                                                                         12            0

.xt.lit._ZNKSt7__cxx1110moneypunctIcLb0EE13do_pos_formatEv                                                                                                                                                                                                                                                                          0            0

.xt.lit._ZNKSt7__cxx1110moneypunctIcLb0EE13do_neg_formatEv                                                                                                                                                                                                                                                                          0            0

.xt.lit._ZNKSt7__cxx1110moneypunctIcLb1EE13do_pos_formatEv                                                                                                                                                                                                                                                                          0            0

.xt.lit._ZNKSt7__cxx1110moneypunctIcLb1EE13do_neg_formatEv                                                                                                                                                                                                                                                                          0            0

.xt.lit._ZNSt7__cxx119money_getIcSt19istreambuf_iteratorIcSt11char_traitsIcEEED5Ev                                                                                                                                                                                                                                                  0            0

.xt.lit._ZNSt7__cxx119money_putIcSt19ostreambuf_iteratorIcSt11char_traitsIcEEED5Ev                                                                                                                                                                                                                                                  0            0

.xt.lit._ZNSt7__cxx118time_getIcSt19istreambuf_iteratorIcSt11char_traitsIcEEED5Ev                                                                                                                                                                                                                                                   0            0

.xt.lit._ZNSt7__cxx118messagesIcED5Ev                                                                                                                                                                                                                                                                                               8            0

.xt.lit._ZNSt7__cxx117collateIcED5Ev                                                                                                                                                                                                                                                                                                8            0

.xt.lit._ZNKSt7__cxx117collateIcE12do_transformEPKcS3_                                                                                                                                                                                                                                                                              0            0

.xt.lit._ZNKSt7__cxx1110moneypunctIcLb0EE11do_groupingEv                                                                                                                                                                                                                                                                            0            0

.xt.lit._ZNKSt7__cxx1110moneypunctIcLb0EE14do_curr_symbolEv                                                                                                                                                                                                                                                                         0            0

.xt.lit._ZNKSt7__cxx1110moneypunctIcLb0EE16do_positive_signEv                                                                                                                                                                                                                                                                       0            0

.xt.lit._ZNKSt7__cxx1110moneypunctIcLb0EE16do_negative_signEv                                                                                                                                                                                                                                                                       0            0

.xt.lit._ZNKSt7__cxx1110moneypunctIcLb1EE11do_groupingEv                                                                                                                                                                                                                                                                            0            0

.xt.lit._ZNKSt7__cxx1110moneypunctIcLb1EE14do_curr_symbolEv                                                                                                                                                                                                                                                                         0            0

.xt.lit._ZNKSt7__cxx1110moneypunctIcLb1EE16do_positive_signEv                                                                                                                                                                                                                                                                       0            0

.xt.lit._ZNKSt7__cxx1110moneypunctIcLb1EE16do_negative_signEv                                                                                                                                                                                                                                                                       0            0

.xt.lit._ZNKSt7__cxx118numpunctIcE11do_groupingEv                                                                                                                                                                                                                                                                                   0            0

.xt.lit._ZNKSt7__cxx118numpunctIcE11do_truenameEv                                                                                                                                                                                                                                                                                   0            0

.xt.lit._ZNKSt7__cxx118numpunctIcE12do_falsenameEv                                                                                                                                                                                                                                                                                  0            0

.xt.lit._ZNKSt7__cxx117collateIcE10do_compareEPKcS3_S3_S3_                                                                                                                                                                                                                                                                          0            0

.xt.lit._ZNSt7__cxx1110moneypunctIcLb0EEC5EPSt18__moneypunct_cacheIcLb0EEj                                                                                                                                                                                                                                                          8            0

.xt.lit._ZNKSt7__cxx1110moneypunctIcLb0EE10pos_formatEv                                                                                                                                                                                                                                                                             0            0

.xt.lit._ZNKSt7__cxx1110moneypunctIcLb0EE10neg_formatEv                                                                                                                                                                                                                                                                             0            0

.xt.lit._ZNSt7__cxx1110moneypunctIcLb1EEC5EPSt18__moneypunct_cacheIcLb1EEj                                                                                                                                                                                                                                                          8            0

.xt.lit._ZNKSt7__cxx1110moneypunctIcLb1EE10pos_formatEv                                                                                                                                                                                                                                                                             0            0

.xt.lit._ZNKSt7__cxx1110moneypunctIcLb1EE10neg_formatEv                                                                                                                                                                                                                                                                             0            0

.xt.lit._ZNSt7__cxx118numpunctIcEC5EPSt16__numpunct_cacheIcEj                                                                                                                                                                                                                                                                       8            0

.xt.lit._ZNSt7__cxx118messagesIcEC5Ej                                                                                                                                                                                                                                                                                               0            0

.xt.lit._ZNSt7__cxx117collateIcEC5Ej                                                                                                                                                                                                                                                                                                0            0

.xt.lit._ZSt9use_facetINSt7__cxx117collateIcEEERKT_RKSt6locale                                                                                                                                                                                                                                                                      0            0

.xt.lit._ZNKSt7__cxx119money_putIcSt19ostreambuf_iteratorIcSt11char_traitsIcEEE9_M_insertILb1EEES4_S4_RSt8ios_basecRKNS_12basic_stringIcS3_SaIcEEE                                                                                                                                                                                  8            0

.xt.lit._ZNKSt7__cxx119money_putIcSt19ostreambuf_iteratorIcSt11char_traitsIcEEE9_M_insertILb0EEES4_S4_RSt8ios_basecRKNS_12basic_stringIcS3_SaIcEEE                                                                                                                                                                                  8            0

.xt.lit._ZNKSt7__cxx119money_putIcSt19ostreambuf_iteratorIcSt11char_traitsIcEEE6do_putES4_bRSt8ios_basece                                                                                                                                                                                                                           8            0

.xt.lit._ZNKSt7__cxx119money_putIcSt19ostreambuf_iteratorIcSt11char_traitsIcEEE6do_putES4_bRSt8ios_basecRKNS_12basic_stringIcS3_SaIcEEE                                                                                                                                                                                             0            0

.xt.lit._ZNKSt7__cxx118time_getIcSt19istreambuf_iteratorIcSt11char_traitsIcEEE14_M_extract_numES4_S4_RiiijRSt8ios_baseRSt12_Ios_Iostate                                                                                                                                                                                             0            0

.xt.lit._ZNKSt7__cxx118time_getIcSt19istreambuf_iteratorIcSt11char_traitsIcEEE15_M_extract_nameES4_S4_RiPPKcjRSt8ios_baseRSt12_Ios_Iostate                                                                                                                                                                                          0            0

.xt.lit._ZNKSt7__cxx118time_getIcSt19istreambuf_iteratorIcSt11char_traitsIcEEE24_M_extract_wday_or_monthES4_S4_RiPPKcjRSt8ios_baseRSt12_Ios_Iostate                                                                                                                                                                                 0            0

.xt.lit._ZNKSt7__cxx118time_getIcSt19istreambuf_iteratorIcSt11char_traitsIcEEE21_M_extract_via_formatES4_S4_RSt8ios_baseRSt12_Ios_IostateP2tmPKc                                                                                                                                                                                    8            0

.xt.lit._ZNKSt7__cxx118time_getIcSt19istreambuf_iteratorIcSt11char_traitsIcEEE11do_get_yearES4_S4_RSt8ios_baseRSt12_Ios_IostateP2tm                                                                                                                                                                                                 0            0

.xt.lit._ZNKSt7__cxx118time_getIcSt19istreambuf_iteratorIcSt11char_traitsIcEEE14do_get_weekdayES4_S4_RSt8ios_baseRSt12_Ios_IostateP2tm                                                                                                                                                                                              0            0

.xt.lit._ZNKSt7__cxx118time_getIcSt19istreambuf_iteratorIcSt11char_traitsIcEEE16do_get_monthnameES4_S4_RSt8ios_baseRSt12_Ios_IostateP2tm                                                                                                                                                                                            0            0

.xt.lit._ZNKSt7__cxx118time_getIcSt19istreambuf_iteratorIcSt11char_traitsIcEEE11do_get_timeES4_S4_RSt8ios_baseRSt12_Ios_IostateP2tm                                                                                                                                                                                                 0            0

.xt.lit._ZNKSt7__cxx118time_getIcSt19istreambuf_iteratorIcSt11char_traitsIcEEE11do_get_dateES4_S4_RSt8ios_baseRSt12_Ios_IostateP2tm                                                                                                                                                                                                 0            0

.xt.lit._ZNKSt7__cxx118time_getIcSt19istreambuf_iteratorIcSt11char_traitsIcEEE6do_getES4_S4_RSt8ios_baseRSt12_Ios_IostateP2tmcc                                                                                                                                                                                                     0            0

.xt.lit._ZNKSt7__cxx119money_getIcSt19istreambuf_iteratorIcSt11char_traitsIcEEE10_M_extractILb1EEES4_S4_S4_RSt8ios_baseRSt12_Ios_IostateRNS_12basic_stringIcS3_SaIcEEE                                                                                                                                                              8            0

.xt.lit._ZNKSt7__cxx119money_getIcSt19istreambuf_iteratorIcSt11char_traitsIcEEE10_M_extractILb0EEES4_S4_S4_RSt8ios_baseRSt12_Ios_IostateRNS_12basic_stringIcS3_SaIcEEE                                                                                                                                                              8            0

.xt.lit._ZNKSt7__cxx119money_getIcSt19istreambuf_iteratorIcSt11char_traitsIcEEE6do_getES4_S4_bRSt8ios_baseRSt12_Ios_IostateRe                                                                                                                                                                                                       0            0

.xt.lit._ZNKSt7__cxx119money_getIcSt19istreambuf_iteratorIcSt11char_traitsIcEEE6do_getES4_S4_bRSt8ios_baseRSt12_Ios_IostateRNS_12basic_stringIcS3_SaIcEEE                                                                                                                                                                           0            0

.xt.prop._ZNKSt7__cxx1110moneypunctIcLb0EE13do_pos_formatEv                                                                                                                                                                                                                                                                        36            0

.xt.prop._ZNKSt7__cxx1110moneypunctIcLb0EE13do_neg_formatEv                                                                                                                                                                                                                                                                        36            0

.xt.prop._ZNKSt7__cxx1110moneypunctIcLb1EE13do_pos_formatEv                                                                                                                                                                                                                                                                        36            0

.xt.prop._ZNKSt7__cxx1110moneypunctIcLb1EE13do_neg_formatEv                                                                                                                                                                                                                                                                        36            0

.xt.prop._ZNSt7__cxx119money_getIcSt19istreambuf_iteratorIcSt11char_traitsIcEEED5Ev                                                                                                                                                                                                                                                 0            0

.xt.prop._ZNSt7__cxx119money_putIcSt19ostreambuf_iteratorIcSt11char_traitsIcEEED5Ev                                                                                                                                                                                                                                                 0            0

.xt.prop._ZNSt7__cxx118time_getIcSt19istreambuf_iteratorIcSt11char_traitsIcEEED5Ev                                                                                                                                                                                                                                                  0            0

.xt.prop._ZNSt7__cxx118messagesIcED5Ev                                                                                                                                                                                                                                                                                             12            0

.xt.prop._ZNSt7__cxx117collateIcED5Ev                                                                                                                                                                                                                                                                                              12            0

.xt.prop._ZNKSt7__cxx117collateIcE12do_transformEPKcS3_                                                                                                                                                                                                                                                                           192            0

.xt.prop._ZNKSt7__cxx1110moneypunctIcLb0EE11do_groupingEv                                                                                                                                                                                                                                                                          36            0

.xt.prop._ZNKSt7__cxx1110moneypunctIcLb0EE14do_curr_symbolEv                                                                                                                                                                                                                                                                       36            0

.xt.prop._ZNKSt7__cxx1110moneypunctIcLb0EE16do_positive_signEv                                                                                                                                                                                                                                                                     36            0

.xt.prop._ZNKSt7__cxx1110moneypunctIcLb0EE16do_negative_signEv                                                                                                                                                                                                                                                                     36            0

.xt.prop._ZNKSt7__cxx1110moneypunctIcLb1EE11do_groupingEv                                                                                                                                                                                                                                                                          36            0

.xt.prop._ZNKSt7__cxx1110moneypunctIcLb1EE14do_curr_symbolEv                                                                                                                                                                                                                                                                       36            0

.xt.prop._ZNKSt7__cxx1110moneypunctIcLb1EE16do_positive_signEv                                                                                                                                                                                                                                                                     36            0

.xt.prop._ZNKSt7__cxx1110moneypunctIcLb1EE16do_negative_signEv                                                                                                                                                                                                                                                                     36            0

.xt.prop._ZNKSt7__cxx118numpunctIcE11do_groupingEv                                                                                                                                                                                                                                                                                 36            0

.xt.prop._ZNKSt7__cxx118numpunctIcE11do_truenameEv                                                                                                                                                                                                                                                                                 36            0

.xt.prop._ZNKSt7__cxx118numpunctIcE12do_falsenameEv                                                                                                                                                                                                                                                                                36            0

.xt.prop._ZNKSt7__cxx117collateIcE10do_compareEPKcS3_S3_S3_                                                                                                                                                                                                                                                                       120            0

.xt.prop._ZNSt7__cxx1110moneypunctIcLb0EEC5EPSt18__moneypunct_cacheIcLb0EEj                                                                                                                                                                                                                                                        12            0

.xt.prop._ZNKSt7__cxx1110moneypunctIcLb0EE10pos_formatEv                                                                                                                                                                                                                                                                           36            0

.xt.prop._ZNKSt7__cxx1110moneypunctIcLb0EE10neg_formatEv                                                                                                                                                                                                                                                                           36            0

.xt.prop._ZNSt7__cxx1110moneypunctIcLb1EEC5EPSt18__moneypunct_cacheIcLb1EEj                                                                                                                                                                                                                                                        12            0

.xt.prop._ZNKSt7__cxx1110moneypunctIcLb1EE10pos_formatEv                                                                                                                                                                                                                                                                           36            0

.xt.prop._ZNKSt7__cxx1110moneypunctIcLb1EE10neg_formatEv                                                                                                                                                                                                                                                                           36            0

.xt.prop._ZNSt7__cxx118numpunctIcEC5EPSt16__numpunct_cacheIcEj                                                                                                                                                                                                                                                                     12            0

.xt.prop._ZNSt7__cxx118messagesIcEC5Ej                                                                                                                                                                                                                                                                                              0            0

.xt.prop._ZNSt7__cxx117collateIcEC5Ej                                                                                                                                                                                                                                                                                               0            0

.xt.prop._ZSt9use_facetINSt7__cxx117collateIcEEERKT_RKSt6locale                                                                                                                                                                                                                                                                    60            0

.xt.prop._ZNKSt7__cxx119money_putIcSt19ostreambuf_iteratorIcSt11char_traitsIcEEE9_M_insertILb1EEES4_S4_RSt8ios_basecRKNS_12basic_stringIcS3_SaIcEEE                                                                                                                                                                               468            0

.xt.prop._ZNKSt7__cxx119money_putIcSt19ostreambuf_iteratorIcSt11char_traitsIcEEE9_M_insertILb0EEES4_S4_RSt8ios_basecRKNS_12basic_stringIcS3_SaIcEEE                                                                                                                                                                               468            0

.xt.prop._ZNKSt7__cxx119money_putIcSt19ostreambuf_iteratorIcSt11char_traitsIcEEE6do_putES4_bRSt8ios_basece                                                                                                                                                                                                                        120            0

.xt.prop._ZNKSt7__cxx119money_putIcSt19ostreambuf_iteratorIcSt11char_traitsIcEEE6do_putES4_bRSt8ios_basecRKNS_12basic_stringIcS3_SaIcEEE                                                                                                                                                                                           60            0

.xt.prop._ZNKSt7__cxx118time_getIcSt19istreambuf_iteratorIcSt11char_traitsIcEEE14_M_extract_numES4_S4_RiiijRSt8ios_baseRSt12_Ios_Iostate                                                                                                                                                                                          120            0

.xt.prop._ZNKSt7__cxx118time_getIcSt19istreambuf_iteratorIcSt11char_traitsIcEEE15_M_extract_nameES4_S4_RiPPKcjRSt8ios_baseRSt12_Ios_Iostate                                                                                                                                                                                       288            0

.xt.prop._ZNKSt7__cxx118time_getIcSt19istreambuf_iteratorIcSt11char_traitsIcEEE24_M_extract_wday_or_monthES4_S4_RiPPKcjRSt8ios_baseRSt12_Ios_Iostate                                                                                                                                                                              312            0

.xt.prop._ZNKSt7__cxx118time_getIcSt19istreambuf_iteratorIcSt11char_traitsIcEEE21_M_extract_via_formatES4_S4_RSt8ios_baseRSt12_Ios_IostateP2tmPKc                                                                                                                                                                                 792            0

.xt.prop._ZNKSt7__cxx118time_getIcSt19istreambuf_iteratorIcSt11char_traitsIcEEE11do_get_yearES4_S4_RSt8ios_baseRSt12_Ios_IostateP2tm                                                                                                                                                                                               72            0

.xt.prop._ZNKSt7__cxx118time_getIcSt19istreambuf_iteratorIcSt11char_traitsIcEEE14do_get_weekdayES4_S4_RSt8ios_baseRSt12_Ios_IostateP2tm                                                                                                                                                                                            60            0

.xt.prop._ZNKSt7__cxx118time_getIcSt19istreambuf_iteratorIcSt11char_traitsIcEEE16do_get_monthnameES4_S4_RSt8ios_baseRSt12_Ios_IostateP2tm                                                                                                                                                                                          60            0

.xt.prop._ZNKSt7__cxx118time_getIcSt19istreambuf_iteratorIcSt11char_traitsIcEEE11do_get_timeES4_S4_RSt8ios_baseRSt12_Ios_IostateP2tm                                                                                                                                                                                               36            0

.xt.prop._ZNKSt7__cxx118time_getIcSt19istreambuf_iteratorIcSt11char_traitsIcEEE11do_get_dateES4_S4_RSt8ios_baseRSt12_Ios_IostateP2tm                                                                                                                                                                                               36            0

.xt.prop._ZNKSt7__cxx118time_getIcSt19istreambuf_iteratorIcSt11char_traitsIcEEE6do_getES4_S4_RSt8ios_baseRSt12_Ios_IostateP2tmcc                                                                                                                                                                                                   84            0

.xt.prop._ZNKSt7__cxx119money_getIcSt19istreambuf_iteratorIcSt11char_traitsIcEEE10_M_extractILb1EEES4_S4_S4_RSt8ios_baseRSt12_Ios_IostateRNS_12basic_stringIcS3_SaIcEEE                                                                                                                                                           996            0

.xt.prop._ZNKSt7__cxx119money_getIcSt19istreambuf_iteratorIcSt11char_traitsIcEEE10_M_extractILb0EEES4_S4_S4_RSt8ios_baseRSt12_Ios_IostateRNS_12basic_stringIcS3_SaIcEEE                                                                                                                                                           996            0

.xt.prop._ZNKSt7__cxx119money_getIcSt19istreambuf_iteratorIcSt11char_traitsIcEEE6do_getES4_S4_bRSt8ios_baseRSt12_Ios_IostateRe                                                                                                                                                                                                     84            0

.xt.prop._ZNKSt7__cxx119money_getIcSt19istreambuf_iteratorIcSt11char_traitsIcEEE6do_getES4_S4_bRSt8ios_baseRSt12_Ios_IostateRNS_12basic_stringIcS3_SaIcEEE                                                                                                                                                                        132            0

.xt.prop._ZNKSt7__cxx1110moneypunctIcLb0EE16do_decimal_pointEv                                                                                                                                                                                                                                                                     36            0

.xt.prop._ZNKSt7__cxx1110moneypunctIcLb0EE16do_thousands_sepEv                                                                                                                                                                                                                                                                     36            0

.xt.prop._ZNKSt7__cxx1110moneypunctIcLb0EE14do_frac_digitsEv                                                                                                                                                                                                                                                                       36            0

.xt.prop._ZNKSt7__cxx1110moneypunctIcLb1EE16do_decimal_pointEv                                                                                                                                                                                                                                                                     36            0

.xt.prop._ZNKSt7__cxx1110moneypunctIcLb1EE16do_thousands_sepEv                                                                                                                                                                                                                                                                     36            0

.xt.prop._ZNKSt7__cxx1110moneypunctIcLb1EE14do_frac_digitsEv                                                                                                                                                                                                                                                                       36            0

.xt.prop._ZNKSt7__cxx118numpunctIcE16do_decimal_pointEv                                                                                                                                                                                                                                                                            36            0

.xt.prop._ZNKSt7__cxx118numpunctIcE16do_thousands_sepEv                                                                                                                                                                                                                                                                            36            0

.xt.prop._ZNKSt7__cxx118time_getIcSt19istreambuf_iteratorIcSt11char_traitsIcEEE13do_date_orderEv                                                                                                                                                                                                                                   36            0

.xt.prop._ZNKSt7__cxx118messagesIcE7do_openERKNS_12basic_stringIcSt11char_traitsIcESaIcEEERKSt6locale                                                                                                                                                                                                                              36            0

.xt.prop._ZNKSt7__cxx118messagesIcE8do_closeEi                                                                                                                                                                                                                                                                                     36            0

.xt.prop._ZNKSt7__cxx117collateIcE7do_hashEPKcS3_                                                                                                                                                                                                                                                                                  60            0

.xt.prop._ZNSt7__cxx119money_getIcSt19istreambuf_iteratorIcSt11char_traitsIcEEED2Ev                                                                                                                                                                                                                                                36            0

.xt.prop._ZNSt7__cxx119money_putIcSt19ostreambuf_iteratorIcSt11char_traitsIcEEED2Ev                                                                                                                                                                                                                                                36            0

.xt.prop._ZNSt7__cxx118time_getIcSt19istreambuf_iteratorIcSt11char_traitsIcEEED2Ev                                                                                                                                                                                                                                                 36            0

.xt.prop._ZNSt7__cxx119money_getIcSt19istreambuf_iteratorIcSt11char_traitsIcEEED0Ev                                                                                                                                                                                                                                                36            0

.xt.prop._ZNSt7__cxx119money_putIcSt19ostreambuf_iteratorIcSt11char_traitsIcEEED0Ev                                                                                                                                                                                                                                                36            0

.xt.prop._ZNSt7__cxx118time_getIcSt19istreambuf_iteratorIcSt11char_traitsIcEEED0Ev                                                                                                                                                                                                                                                 36            0

.xt.prop._ZNSt7__cxx118messagesIcED2Ev                                                                                                                                                                                                                                                                                             36            0

.xt.prop._ZNSt7__cxx118messagesIcED0Ev                                                                                                                                                                                                                                                                                             36            0

.xt.prop._ZNSt7__cxx117collateIcED2Ev                                                                                                                                                                                                                                                                                              36            0

.xt.prop._ZNSt7__cxx117collateIcED0Ev                                                                                                                                                                                                                                                                                              36            0

.xt.prop._ZNSt7__cxx1110moneypunctIcLb0EEC2EPSt18__moneypunct_cacheIcLb0EEj                                                                                                                                                                                                                                                        84            0

.xt.prop._ZNKSt7__cxx1110moneypunctIcLb0EE13decimal_pointEv                                                                                                                                                                                                                                                                        36            0

.xt.prop._ZNKSt7__cxx1110moneypunctIcLb0EE13thousands_sepEv                                                                                                                                                                                                                                                                        36            0

.xt.prop._ZNKSt7__cxx1110moneypunctIcLb0EE8groupingEv                                                                                                                                                                                                                                                                              36            0

.xt.prop._ZNKSt7__cxx1110moneypunctIcLb0EE11curr_symbolEv                                                                                                                                                                                                                                                                          36            0

.xt.prop._ZNKSt7__cxx1110moneypunctIcLb0EE13positive_signEv                                                                                                                                                                                                                                                                        36            0

.xt.prop._ZNKSt7__cxx1110moneypunctIcLb0EE13negative_signEv                                                                                                                                                                                                                                                                        36            0

.xt.prop._ZNKSt7__cxx1110moneypunctIcLb0EE11frac_digitsEv                                                                                                                                                                                                                                                                          36            0

.xt.prop._ZNSt7__cxx1110moneypunctIcLb1EEC2EPSt18__moneypunct_cacheIcLb1EEj                                                                                                                                                                                                                                                        84            0

.xt.prop._ZNKSt7__cxx1110moneypunctIcLb1EE13decimal_pointEv                                                                                                                                                                                                                                                                        36            0

.xt.prop._ZNKSt7__cxx1110moneypunctIcLb1EE13thousands_sepEv                                                                                                                                                                                                                                                                        36            0

.xt.prop._ZNKSt7__cxx1110moneypunctIcLb1EE8groupingEv                                                                                                                                                                                                                                                                              36            0

.xt.prop._ZNKSt7__cxx1110moneypunctIcLb1EE11curr_symbolEv                                                                                                                                                                                                                                                                          36            0

.xt.prop._ZNKSt7__cxx1110moneypunctIcLb1EE13positive_signEv                                                                                                                                                                                                                                                                        36            0

.xt.prop._ZNKSt7__cxx1110moneypunctIcLb1EE13negative_signEv                                                                                                                                                                                                                                                                        36            0

.xt.prop._ZNKSt7__cxx1110moneypunctIcLb1EE11frac_digitsEv                                                                                                                                                                                                                                                                          36            0

.xt.prop._ZNKSt7__cxx119money_getIcSt19istreambuf_iteratorIcSt11char_traitsIcEEE3getES4_S4_bRSt8ios_baseRSt12_Ios_IostateRe                                                                                                                                                                                                        36            0

.xt.prop._ZNKSt7__cxx119money_getIcSt19istreambuf_iteratorIcSt11char_traitsIcEEE3getES4_S4_bRSt8ios_baseRSt12_Ios_IostateRNS_12basic_stringIcS3_SaIcEEE                                                                                                                                                                            36            0

.xt.prop._ZNKSt7__cxx119money_putIcSt19ostreambuf_iteratorIcSt11char_traitsIcEEE3putES4_bRSt8ios_basece                                                                                                                                                                                                                            36            0

.xt.prop._ZNKSt7__cxx119money_putIcSt19ostreambuf_iteratorIcSt11char_traitsIcEEE3putES4_bRSt8ios_basecRKNS_12basic_stringIcS3_SaIcEEE                                                                                                                                                                                              36            0

.xt.prop._ZNSt7__cxx118numpunctIcEC2EPSt16__numpunct_cacheIcEj                                                                                                                                                                                                                                                                     84            0

.xt.prop._ZNKSt7__cxx118numpunctIcE13decimal_pointEv                                                                                                                                                                                                                                                                               36            0

.xt.prop._ZNKSt7__cxx118numpunctIcE13thousands_sepEv                                                                                                                                                                                                                                                                               36            0

.xt.prop._ZNKSt7__cxx118numpunctIcE8groupingEv                                                                                                                                                                                                                                                                                     36            0

.xt.prop._ZNKSt7__cxx118numpunctIcE8truenameEv                                                                                                                                                                                                                                                                                     36            0

.xt.prop._ZNKSt7__cxx118numpunctIcE9falsenameEv                                                                                                                                                                                                                                                                                    36            0

.xt.prop._ZNKSt7__cxx118time_getIcSt19istreambuf_iteratorIcSt11char_traitsIcEEE10date_orderEv                                                                                                                                                                                                                                      36            0

.xt.prop._ZNKSt7__cxx118time_getIcSt19istreambuf_iteratorIcSt11char_traitsIcEEE8get_timeES4_S4_RSt8ios_baseRSt12_Ios_IostateP2tm                                                                                                                                                                                                   36            0

.xt.prop._ZNKSt7__cxx118time_getIcSt19istreambuf_iteratorIcSt11char_traitsIcEEE8get_dateES4_S4_RSt8ios_baseRSt12_Ios_IostateP2tm                                                                                                                                                                                                   36            0

.xt.prop._ZNKSt7__cxx118time_getIcSt19istreambuf_iteratorIcSt11char_traitsIcEEE11get_weekdayES4_S4_RSt8ios_baseRSt12_Ios_IostateP2tm                                                                                                                                                                                               36            0

.xt.prop._ZNKSt7__cxx118time_getIcSt19istreambuf_iteratorIcSt11char_traitsIcEEE13get_monthnameES4_S4_RSt8ios_baseRSt12_Ios_IostateP2tm                                                                                                                                                                                             36            0

.xt.prop._ZNKSt7__cxx118time_getIcSt19istreambuf_iteratorIcSt11char_traitsIcEEE8get_yearES4_S4_RSt8ios_baseRSt12_Ios_IostateP2tm                                                                                                                                                                                                   36            0

.xt.prop._ZNSt7__cxx118messagesIcEC2Ej                                                                                                                                                                                                                                                                                             60            0

.xt.prop._ZNKSt7__cxx118messagesIcE4openERKNS_12basic_stringIcSt11char_traitsIcESaIcEEERKSt6locale                                                                                                                                                                                                                                 36            0

.xt.prop._ZNKSt7__cxx118messagesIcE3getEiiiRKNS_12basic_stringIcSt11char_traitsIcESaIcEEE                                                                                                                                                                                                                                          36            0

.xt.prop._ZNKSt7__cxx118messagesIcE5closeEi                                                                                                                                                                                                                                                                                        36            0

.xt.prop._ZNSt7__cxx117collateIcEC2Ej                                                                                                                                                                                                                                                                                              60            0

.xt.prop._ZNKSt7__cxx117collateIcE7compareEPKcS3_S3_S3_                                                                                                                                                                                                                                                                            36            0

.xt.prop._ZNKSt7__cxx117collateIcE9transformEPKcS3_                                                                                                                                                                                                                                                                                36            0

.xt.prop._ZGVNSt7__cxx117collateIcE2idE                                                                                                                                                                                                                                                                                            12            0

.xt.prop._ZGVNSt7__cxx118messagesIcE2idE                                                                                                                                                                                                                                                                                           12            0

.xt.prop._ZGVNSt7__cxx118time_getIcSt19istreambuf_iteratorIcSt11char_traitsIcEEE2idE                                                                                                                                                                                                                                               12            0

.xt.prop._ZGVNSt7__cxx118numpunctIcE2idE                                                                                                                                                                                                                                                                                           12            0

.xt.prop._ZGVNSt7__cxx119money_putIcSt19ostreambuf_iteratorIcSt11char_traitsIcEEE2idE                                                                                                                                                                                                                                              12            0

.xt.prop._ZGVNSt7__cxx119money_getIcSt19istreambuf_iteratorIcSt11char_traitsIcEEE2idE                                                                                                                                                                                                                                              12            0

.xt.prop._ZGVNSt7__cxx1110moneypunctIcLb1EE2idE                                                                                                                                                                                                                                                                                    12            0

.xt.prop._ZGVNSt7__cxx1110moneypunctIcLb0EE2idE                                                                                                                                                                                                                                                                                    12            0

.xt.prop._ZTVNSt7__cxx117collateIcEE                                                                                                                                                                                                                                                                                               12            0

.xt.prop._ZTVNSt7__cxx118numpunctIcEE                                                                                                                                                                                                                                                                                              12            0

.xt.prop._ZTVNSt7__cxx1110moneypunctIcLb1EEE                                                                                                                                                                                                                                                                                       12            0

.xt.prop._ZTVNSt7__cxx1110moneypunctIcLb0EEE                                                                                                                                                                                                                                                                                       12            0

.xt.prop._ZTVNSt7__cxx118messagesIcEE                                                                                                                                                                                                                                                                                              12            0

.xt.prop._ZTVNSt7__cxx119money_getIcSt19istreambuf_iteratorIcSt11char_traitsIcEEEE                                                                                                                                                                                                                                                 12            0

.xt.prop._ZTVNSt7__cxx119money_putIcSt19ostreambuf_iteratorIcSt11char_traitsIcEEEE                                                                                                                                                                                                                                                 12            0

.xt.prop._ZTVNSt7__cxx118time_getIcSt19istreambuf_iteratorIcSt11char_traitsIcEEEE                                                                                                                                                                                                                                                  12            0

.xt.prop._ZNSt7__cxx117collateIcE2idE                                                                                                                                                                                                                                                                                              12            0

.xt.prop._ZNSt7__cxx118messagesIcE2idE                                                                                                                                                                                                                                                                                             12            0

.xt.prop._ZNSt7__cxx118time_getIcSt19istreambuf_iteratorIcSt11char_traitsIcEEE2idE                                                                                                                                                                                                                                                 12            0

.xt.prop._ZNSt7__cxx118numpunctIcE2idE                                                                                                                                                                                                                                                                                             12            0

.xt.prop._ZNSt7__cxx119money_putIcSt19ostreambuf_iteratorIcSt11char_traitsIcEEE2idE                                                                                                                                                                                                                                                12            0

.xt.prop._ZNSt7__cxx119money_getIcSt19istreambuf_iteratorIcSt11char_traitsIcEEE2idE                                                                                                                                                                                                                                                12            0

.xt.prop._ZNSt7__cxx1110moneypunctIcLb1EE2idE                                                                                                                                                                                                                                                                                      12            0

.xt.prop._ZNSt7__cxx1110moneypunctIcLb0EE2idE                                                                                                                                                                                                                                                                                      12            0

.xt.lit._ZNKSt10moneypunctIwLb0EE13do_pos_formatEv                                                                                                                                                                                                                                                                                  0            0

.xt.lit._ZNKSt10moneypunctIwLb0EE13do_neg_formatEv                                                                                                                                                                                                                                                                                  0            0

.xt.lit._ZNKSt10moneypunctIwLb1EE13do_pos_formatEv                                                                                                                                                                                                                                                                                  0            0

.xt.lit._ZNKSt10moneypunctIwLb1EE13do_neg_formatEv                                                                                                                                                                                                                                                                                  0            0

.xt.lit._ZNSt9money_getIwSt19istreambuf_iteratorIwSt11char_traitsIwEEED5Ev                                                                                                                                                                                                                                                          0            0

.xt.lit._ZNSt9money_putIwSt19ostreambuf_iteratorIwSt11char_traitsIwEEED5Ev                                                                                                                                                                                                                                                          0            0

.xt.lit._ZNSt16__numpunct_cacheIwED5Ev                                                                                                                                                                                                                                                                                              0            0

.xt.lit._ZNSt7num_getIwSt19istreambuf_iteratorIwSt11char_traitsIwEEED5Ev                                                                                                                                                                                                                                                            0            0

.xt.lit._ZNSt7num_putIwSt19ostreambuf_iteratorIwSt11char_traitsIwEEED5Ev                                                                                                                                                                                                                                                            0            0

.xt.lit._ZNSt17__timepunct_cacheIwED5Ev                                                                                                                                                                                                                                                                                             0            0

.xt.lit._ZNSt8time_putIwSt19ostreambuf_iteratorIwSt11char_traitsIwEEED5Ev                                                                                                                                                                                                                                                           0            0

.xt.lit._ZNSt8time_getIwSt19istreambuf_iteratorIwSt11char_traitsIwEEED5Ev                                                                                                                                                                                                                                                           0            0

.xt.lit._ZNKSt10moneypunctIwLb0EE11do_groupingEv                                                                                                                                                                                                                                                                                    0            0

.xt.lit._ZNKSt10moneypunctIwLb1EE11do_groupingEv                                                                                                                                                                                                                                                                                    0            0

.xt.lit._ZNKSt8numpunctIwE11do_groupingEv                                                                                                                                                                                                                                                                                           0            0

.xt.lit._ZNKSt10moneypunctIwLb0EE14do_curr_symbolEv                                                                                                                                                                                                                                                                                 0            0

.xt.lit._ZNKSt10moneypunctIwLb0EE16do_positive_signEv                                                                                                                                                                                                                                                                               0            0

.xt.lit._ZNKSt10moneypunctIwLb0EE16do_negative_signEv                                                                                                                                                                                                                                                                               0            0

.xt.lit._ZNKSt10moneypunctIwLb1EE14do_curr_symbolEv                                                                                                                                                                                                                                                                                 0            0

.xt.lit._ZNKSt10moneypunctIwLb1EE16do_positive_signEv                                                                                                                                                                                                                                                                               0            0

.xt.lit._ZNKSt10moneypunctIwLb1EE16do_negative_signEv                                                                                                                                                                                                                                                                               0            0

.xt.lit._ZNKSt8numpunctIwE11do_truenameEv                                                                                                                                                                                                                                                                                           0            0

.xt.lit._ZNKSt8numpunctIwE12do_falsenameEv                                                                                                                                                                                                                                                                                          0            0

.xt.lit._ZNSt8messagesIwED5Ev                                                                                                                                                                                                                                                                                                       8            0

.xt.lit._ZNSt7collateIwED5Ev                                                                                                                                                                                                                                                                                                        8            0

.xt.lit._ZNSt11__timepunctIwED5Ev                                                                                                                                                                                                                                                                                                   8            0

.xt.lit._ZNKSt7collateIwE10do_compareEPKwS2_S2_S2_                                                                                                                                                                                                                                                                                  0            0

.xt.lit._ZNKSt7collateIwE12do_transformEPKwS2_                                                                                                                                                                                                                                                                                      8            0

.xt.lit._ZNSt11char_traitsIwE6assignEPwjw                                                                                                                                                                                                                                                                                           0            0

.xt.lit._ZNSt10moneypunctIwLb0EEC5EPSt18__moneypunct_cacheIwLb0EEj                                                                                                                                                                                                                                                                  0            0

.xt.lit._ZNKSt10moneypunctIwLb0EE10pos_formatEv                                                                                                                                                                                                                                                                                     0            0

.xt.lit._ZNKSt10moneypunctIwLb0EE10neg_formatEv                                                                                                                                                                                                                                                                                     0            0

.xt.lit._ZNSt10moneypunctIwLb1EEC5EPSt18__moneypunct_cacheIwLb1EEj                                                                                                                                                                                                                                                                  0            0

.xt.lit._ZNKSt10moneypunctIwLb1EE10pos_formatEv                                                                                                                                                                                                                                                                                     0            0

.xt.lit._ZNKSt10moneypunctIwLb1EE10neg_formatEv                                                                                                                                                                                                                                                                                     0            0

.xt.lit._ZNSt8numpunctIwEC5EPSt16__numpunct_cacheIwEj                                                                                                                                                                                                                                                                               8            0

.xt.lit._ZNSt11__timepunctIwEC5EPSt17__timepunct_cacheIwEj                                                                                                                                                                                                                                                                          0            0

.xt.lit._ZNSt8messagesIwEC5Ej                                                                                                                                                                                                                                                                                                       0            0

.xt.lit._ZNSt7collateIwEC5Ej                                                                                                                                                                                                                                                                                                        0            0

.xt.lit._ZSt9use_facetISt5ctypeIwEERKT_RKSt6locale                                                                                                                                                                                                                                                                                  0            0

.xt.lit._ZSt9use_facetISt8numpunctIwEERKT_RKSt6locale                                                                                                                                                                                                                                                                               0            0

.xt.lit._ZSt9use_facetISt10moneypunctIwLb1EEERKT_RKSt6locale                                                                                                                                                                                                                                                                        0            0

.xt.lit._ZSt9use_facetISt10moneypunctIwLb0EEERKT_RKSt6locale                                                                                                                                                                                                                                                                        0            0

.xt.lit._ZSt9use_facetISt11__timepunctIwEERKT_RKSt6locale                                                                                                                                                                                                                                                                           0            0

.xt.lit._ZNKSt7num_putIwSt19ostreambuf_iteratorIwSt11char_traitsIwEEE14_M_group_floatEPKcjwPKwPwS9_Ri                                                                                                                                                                                                                               0            0

.xt.lit._ZNKSt7num_putIwSt19ostreambuf_iteratorIwSt11char_traitsIwEEE12_M_group_intEPKcjwRSt8ios_basePwS9_Ri                                                                                                                                                                                                                        0            0

.xt.lit._ZSt13__int_to_charIwmEiPT_T0_PKS0_St13_Ios_Fmtflagsb                                                                                                                                                                                                                                                                       0            0

.xt.lit._ZSt13__int_to_charIwyEiPT_T0_PKS0_St13_Ios_Fmtflagsb                                                                                                                                                                                                                                                                       0            0

.xt.lit._ZNSt18__moneypunct_cacheIwLb0EE8_M_cacheERKSt6locale                                                                                                                                                                                                                                                                       0            0

.xt.lit._ZNSt18__moneypunct_cacheIwLb1EE8_M_cacheERKSt6locale                                                                                                                                                                                                                                                                       0            0

.xt.lit._ZNSt16__numpunct_cacheIwE8_M_cacheERKSt6locale                                                                                                                                                                                                                                                                             0            0

.xt.lit._ZNKSt9money_putIwSt19ostreambuf_iteratorIwSt11char_traitsIwEEE9_M_insertILb1EEES3_S3_RSt8ios_basewRKSbIwS2_SaIwEE                                                                                                                                                                                                          8            0

.xt.lit._ZNKSt9money_putIwSt19ostreambuf_iteratorIwSt11char_traitsIwEEE9_M_insertILb0EEES3_S3_RSt8ios_basewRKSbIwS2_SaIwEE                                                                                                                                                                                                          8            0

.xt.lit._ZNKSt9money_putIwSt19ostreambuf_iteratorIwSt11char_traitsIwEEE6do_putES3_bRSt8ios_basewe                                                                                                                                                                                                                                   8            0

.xt.lit._ZNKSt9money_putIwSt19ostreambuf_iteratorIwSt11char_traitsIwEEE6do_putES3_bRSt8ios_basewRKSbIwS2_SaIwEE                                                                                                                                                                                                                     0            0

.xt.lit._ZNSt5__padIwSt11char_traitsIwEE6_S_padERSt8ios_basewPwPKwii                                                                                                                                                                                                                                                                0            0

.xt.lit._ZNKSt7num_putIwSt19ostreambuf_iteratorIwSt11char_traitsIwEEE6_M_padEwiRSt8ios_basePwPKwRi                                                                                                                                                                                                                                  0            0

.xt.lit._ZNKSt7num_putIwSt19ostreambuf_iteratorIwSt11char_traitsIwEEE13_M_insert_intIlEES3_S3_RSt8ios_basewT_                                                                                                                                                                                                                       0            0

.xt.lit._ZNKSt7num_putIwSt19ostreambuf_iteratorIwSt11char_traitsIwEEE6do_putES3_RSt8ios_basewl                                                                                                                                                                                                                                      0            0

.xt.lit._ZNKSt7num_putIwSt19ostreambuf_iteratorIwSt11char_traitsIwEEE6do_putES3_RSt8ios_basewb                                                                                                                                                                                                                                      0            0

.xt.lit._ZNKSt7num_putIwSt19ostreambuf_iteratorIwSt11char_traitsIwEEE13_M_insert_intImEES3_S3_RSt8ios_basewT_                                                                                                                                                                                                                       0            0

.xt.lit._ZNKSt7num_putIwSt19ostreambuf_iteratorIwSt11char_traitsIwEEE6do_putES3_RSt8ios_basewm                                                                                                                                                                                                                                      0            0

.xt.lit._ZNKSt7num_putIwSt19ostreambuf_iteratorIwSt11char_traitsIwEEE6do_putES3_RSt8ios_basewPKv                                                                                                                                                                                                                                    0            0

.xt.lit._ZNKSt7num_putIwSt19ostreambuf_iteratorIwSt11char_traitsIwEEE13_M_insert_intIxEES3_S3_RSt8ios_basewT_                                                                                                                                                                                                                       0            0

.xt.lit._ZNKSt7num_putIwSt19ostreambuf_iteratorIwSt11char_traitsIwEEE6do_putES3_RSt8ios_basewx                                                                                                                                                                                                                                      0            0

.xt.lit._ZNKSt7num_putIwSt19ostreambuf_iteratorIwSt11char_traitsIwEEE13_M_insert_intIyEES3_S3_RSt8ios_basewT_                                                                                                                                                                                                                       0            0

.xt.lit._ZNKSt7num_putIwSt19ostreambuf_iteratorIwSt11char_traitsIwEEE6do_putES3_RSt8ios_basewy                                                                                                                                                                                                                                      0            0

.xt.lit._ZNKSt7num_putIwSt19ostreambuf_iteratorIwSt11char_traitsIwEEE15_M_insert_floatIdEES3_S3_RSt8ios_basewcT_                                                                                                                                                                                                                    0            0

.xt.lit._ZNKSt7num_putIwSt19ostreambuf_iteratorIwSt11char_traitsIwEEE6do_putES3_RSt8ios_basewd                                                                                                                                                                                                                                      0            0

.xt.lit._ZNKSt7num_putIwSt19ostreambuf_iteratorIwSt11char_traitsIwEEE15_M_insert_floatIeEES3_S3_RSt8ios_basewcT_                                                                                                                                                                                                                    0            0

.xt.lit._ZNKSt7num_putIwSt19ostreambuf_iteratorIwSt11char_traitsIwEEE6do_putES3_RSt8ios_basewe                                                                                                                                                                                                                                      0            0

.xt.lit._ZNKSt8time_putIwSt19ostreambuf_iteratorIwSt11char_traitsIwEEE6do_putES3_RSt8ios_basewPK2tmcc                                                                                                                                                                                                                               0            0

.xt.lit._ZNKSt8time_getIwSt19istreambuf_iteratorIwSt11char_traitsIwEEE14_M_extract_numES3_S3_RiiijRSt8ios_baseRSt12_Ios_Iostate                                                                                                                                                                                                     0            0

.xt.lit._ZNKSt8time_getIwSt19istreambuf_iteratorIwSt11char_traitsIwEEE15_M_extract_nameES3_S3_RiPPKwjRSt8ios_baseRSt12_Ios_Iostate                                                                                                                                                                                                  0            0

.xt.lit._ZNKSt8time_getIwSt19istreambuf_iteratorIwSt11char_traitsIwEEE24_M_extract_wday_or_monthES3_S3_RiPPKwjRSt8ios_baseRSt12_Ios_Iostate                                                                                                                                                                                         0            0

.xt.lit._ZNKSt8time_getIwSt19istreambuf_iteratorIwSt11char_traitsIwEEE21_M_extract_via_formatES3_S3_RSt8ios_baseRSt12_Ios_IostateP2tmPKw                                                                                                                                                                                            8            0

.xt.lit._ZNKSt7num_getIwSt19istreambuf_iteratorIwSt11char_traitsIwEEE16_M_extract_floatES3_S3_RSt8ios_baseRSt12_Ios_IostateRSs                                                                                                                                                                                                      0            0

.xt.lit._ZNKSt7num_getIwSt19istreambuf_iteratorIwSt11char_traitsIwEEE6do_getES3_S3_RSt8ios_baseRSt12_Ios_IostateRf                                                                                                                                                                                                                  0            0

.xt.lit._ZNKSt7num_getIwSt19istreambuf_iteratorIwSt11char_traitsIwEEE6do_getES3_S3_RSt8ios_baseRSt12_Ios_IostateRd                                                                                                                                                                                                                  0            0

.xt.lit._ZNKSt7num_getIwSt19istreambuf_iteratorIwSt11char_traitsIwEEE6do_getES3_S3_RSt8ios_baseRSt12_Ios_IostateRe                                                                                                                                                                                                                  0            0

.xt.lit._ZNKSt7num_getIwSt19istreambuf_iteratorIwSt11char_traitsIwEEE14_M_extract_intIlEES3_S3_S3_RSt8ios_baseRSt12_Ios_IostateRT_                                                                                                                                                                                                  0            0

.xt.lit._ZNKSt7num_getIwSt19istreambuf_iteratorIwSt11char_traitsIwEEE6do_getES3_S3_RSt8ios_baseRSt12_Ios_IostateRl                                                                                                                                                                                                                  0            0

.xt.lit._ZNKSt7num_getIwSt19istreambuf_iteratorIwSt11char_traitsIwEEE6do_getES3_S3_RSt8ios_baseRSt12_Ios_IostateRb                                                                                                                                                                                                                  0            0

.xt.lit._ZNKSt7num_getIwSt19istreambuf_iteratorIwSt11char_traitsIwEEE14_M_extract_intItEES3_S3_S3_RSt8ios_baseRSt12_Ios_IostateRT_                                                                                                                                                                                                  0            0

.xt.lit._ZNKSt7num_getIwSt19istreambuf_iteratorIwSt11char_traitsIwEEE6do_getES3_S3_RSt8ios_baseRSt12_Ios_IostateRt                                                                                                                                                                                                                  0            0

.xt.lit._ZNKSt7num_getIwSt19istreambuf_iteratorIwSt11char_traitsIwEEE14_M_extract_intIjEES3_S3_S3_RSt8ios_baseRSt12_Ios_IostateRT_                                                                                                                                                                                                  0            0

.xt.lit._ZNKSt7num_getIwSt19istreambuf_iteratorIwSt11char_traitsIwEEE6do_getES3_S3_RSt8ios_baseRSt12_Ios_IostateRj                                                                                                                                                                                                                  0            0

.xt.lit._ZNKSt7num_getIwSt19istreambuf_iteratorIwSt11char_traitsIwEEE14_M_extract_intImEES3_S3_S3_RSt8ios_baseRSt12_Ios_IostateRT_                                                                                                                                                                                                  0            0

.xt.lit._ZNKSt7num_getIwSt19istreambuf_iteratorIwSt11char_traitsIwEEE6do_getES3_S3_RSt8ios_baseRSt12_Ios_IostateRm                                                                                                                                                                                                                  0            0

.xt.lit._ZNKSt7num_getIwSt19istreambuf_iteratorIwSt11char_traitsIwEEE6do_getES3_S3_RSt8ios_baseRSt12_Ios_IostateRPv                                                                                                                                                                                                                 0            0

.xt.lit._ZNKSt7num_getIwSt19istreambuf_iteratorIwSt11char_traitsIwEEE14_M_extract_intIxEES3_S3_S3_RSt8ios_baseRSt12_Ios_IostateRT_                                                                                                                                                                                                  0            0

.xt.lit._ZNKSt7num_getIwSt19istreambuf_iteratorIwSt11char_traitsIwEEE6do_getES3_S3_RSt8ios_baseRSt12_Ios_IostateRx                                                                                                                                                                                                                  0            0

.xt.lit._ZNKSt7num_getIwSt19istreambuf_iteratorIwSt11char_traitsIwEEE14_M_extract_intIyEES3_S3_S3_RSt8ios_baseRSt12_Ios_IostateRT_                                                                                                                                                                                                  0            0

.xt.lit._ZNKSt7num_getIwSt19istreambuf_iteratorIwSt11char_traitsIwEEE6do_getES3_S3_RSt8ios_baseRSt12_Ios_IostateRy                                                                                                                                                                                                                  0            0

.xt.lit._ZNKSt8time_getIwSt19istreambuf_iteratorIwSt11char_traitsIwEEE11do_get_yearES3_S3_RSt8ios_baseRSt12_Ios_IostateP2tm                                                                                                                                                                                                         0            0

.xt.lit._ZNKSt8time_getIwSt19istreambuf_iteratorIwSt11char_traitsIwEEE14do_get_weekdayES3_S3_RSt8ios_baseRSt12_Ios_IostateP2tm                                                                                                                                                                                                      0            0

.xt.lit._ZNKSt8time_getIwSt19istreambuf_iteratorIwSt11char_traitsIwEEE16do_get_monthnameES3_S3_RSt8ios_baseRSt12_Ios_IostateP2tm                                                                                                                                                                                                    0            0

.xt.lit._ZNKSt8time_getIwSt19istreambuf_iteratorIwSt11char_traitsIwEEE11do_get_timeES3_S3_RSt8ios_baseRSt12_Ios_IostateP2tm                                                                                                                                                                                                         0            0

.xt.lit._ZNKSt8time_getIwSt19istreambuf_iteratorIwSt11char_traitsIwEEE11do_get_dateES3_S3_RSt8ios_baseRSt12_Ios_IostateP2tm                                                                                                                                                                                                         0            0

.xt.lit._ZNKSt9money_getIwSt19istreambuf_iteratorIwSt11char_traitsIwEEE10_M_extractILb1EEES3_S3_S3_RSt8ios_baseRSt12_Ios_IostateRSs                                                                                                                                                                                                 8            0

.xt.lit._ZNKSt9money_getIwSt19istreambuf_iteratorIwSt11char_traitsIwEEE10_M_extractILb0EEES3_S3_S3_RSt8ios_baseRSt12_Ios_IostateRSs                                                                                                                                                                                                 8            0

.xt.lit._ZNKSt9money_getIwSt19istreambuf_iteratorIwSt11char_traitsIwEEE6do_getES3_S3_bRSt8ios_baseRSt12_Ios_IostateRe                                                                                                                                                                                                               0            0

.xt.lit._ZNKSt9money_getIwSt19istreambuf_iteratorIwSt11char_traitsIwEEE6do_getES3_S3_bRSt8ios_baseRSt12_Ios_IostateRSbIwS2_SaIwEE                                                                                                                                                                                                   0            0

.xt.prop._ZNKSt10moneypunctIwLb0EE13do_pos_formatEv                                                                                                                                                                                                                                                                                36            0

.xt.prop._ZNKSt10moneypunctIwLb0EE13do_neg_formatEv                                                                                                                                                                                                                                                                                36            0

.xt.prop._ZNKSt10moneypunctIwLb1EE13do_pos_formatEv                                                                                                                                                                                                                                                                                36            0

.xt.prop._ZNKSt10moneypunctIwLb1EE13do_neg_formatEv                                                                                                                                                                                                                                                                                36            0

.xt.prop._ZNSt9money_getIwSt19istreambuf_iteratorIwSt11char_traitsIwEEED5Ev                                                                                                                                                                                                                                                         0            0

.xt.prop._ZNSt9money_putIwSt19ostreambuf_iteratorIwSt11char_traitsIwEEED5Ev                                                                                                                                                                                                                                                         0            0

.xt.prop._ZNSt16__numpunct_cacheIwED5Ev                                                                                                                                                                                                                                                                                             0            0

.xt.prop._ZNSt7num_getIwSt19istreambuf_iteratorIwSt11char_traitsIwEEED5Ev                                                                                                                                                                                                                                                           0            0

.xt.prop._ZNSt7num_putIwSt19ostreambuf_iteratorIwSt11char_traitsIwEEED5Ev                                                                                                                                                                                                                                                           0            0

.xt.prop._ZNSt17__timepunct_cacheIwED5Ev                                                                                                                                                                                                                                                                                            0            0

.xt.prop._ZNSt8time_putIwSt19ostreambuf_iteratorIwSt11char_traitsIwEEED5Ev                                                                                                                                                                                                                                                          0            0

.xt.prop._ZNSt8time_getIwSt19istreambuf_iteratorIwSt11char_traitsIwEEED5Ev                                                                                                                                                                                                                                                          0            0

.xt.prop._ZNKSt10moneypunctIwLb0EE11do_groupingEv                                                                                                                                                                                                                                                                                  36            0

.xt.prop._ZNKSt10moneypunctIwLb1EE11do_groupingEv                                                                                                                                                                                                                                                                                  36            0

.xt.prop._ZNKSt8numpunctIwE11do_groupingEv                                                                                                                                                                                                                                                                                         36            0

.xt.prop._ZNKSt10moneypunctIwLb0EE14do_curr_symbolEv                                                                                                                                                                                                                                                                               36            0

.xt.prop._ZNKSt10moneypunctIwLb0EE16do_positive_signEv                                                                                                                                                                                                                                                                             36            0

.xt.prop._ZNKSt10moneypunctIwLb0EE16do_negative_signEv                                                                                                                                                                                                                                                                             36            0

.xt.prop._ZNKSt10moneypunctIwLb1EE14do_curr_symbolEv                                                                                                                                                                                                                                                                               36            0

.xt.prop._ZNKSt10moneypunctIwLb1EE16do_positive_signEv                                                                                                                                                                                                                                                                             36            0

.xt.prop._ZNKSt10moneypunctIwLb1EE16do_negative_signEv                                                                                                                                                                                                                                                                             36            0

.xt.prop._ZNKSt8numpunctIwE11do_truenameEv                                                                                                                                                                                                                                                                                         36            0

.xt.prop._ZNKSt8numpunctIwE12do_falsenameEv                                                                                                                                                                                                                                                                                        36            0

.xt.prop._ZNSt8messagesIwED5Ev                                                                                                                                                                                                                                                                                                     12            0

.xt.prop._ZNSt7collateIwED5Ev                                                                                                                                                                                                                                                                                                      12            0

.xt.prop._ZNSt11__timepunctIwED5Ev                                                                                                                                                                                                                                                                                                 12            0

.xt.prop._ZNKSt7collateIwE10do_compareEPKwS2_S2_S2_                                                                                                                                                                                                                                                                               120            0

.xt.prop._ZNKSt7collateIwE12do_transformEPKwS2_                                                                                                                                                                                                                                                                                   276            0

.xt.prop._ZNSt11char_traitsIwE6assignEPwjw                                                                                                                                                                                                                                                                                         48            0

.xt.prop._ZNSt10moneypunctIwLb0EEC5EPSt18__moneypunct_cacheIwLb0EEj                                                                                                                                                                                                                                                                 0            0

.xt.prop._ZNKSt10moneypunctIwLb0EE10pos_formatEv                                                                                                                                                                                                                                                                                   36            0

.xt.prop._ZNKSt10moneypunctIwLb0EE10neg_formatEv                                                                                                                                                                                                                                                                                   36            0

.xt.prop._ZNSt10moneypunctIwLb1EEC5EPSt18__moneypunct_cacheIwLb1EEj                                                                                                                                                                                                                                                                 0            0

.xt.prop._ZNKSt10moneypunctIwLb1EE10pos_formatEv                                                                                                                                                                                                                                                                                   36            0

.xt.prop._ZNKSt10moneypunctIwLb1EE10neg_formatEv                                                                                                                                                                                                                                                                                   36            0

.xt.prop._ZNSt8numpunctIwEC5EPSt16__numpunct_cacheIwEj                                                                                                                                                                                                                                                                             12            0

.xt.prop._ZNSt11__timepunctIwEC5EPSt17__timepunct_cacheIwEj                                                                                                                                                                                                                                                                         0            0

.xt.prop._ZNSt8messagesIwEC5Ej                                                                                                                                                                                                                                                                                                      0            0

.xt.prop._ZNSt7collateIwEC5Ej                                                                                                                                                                                                                                                                                                       0            0

.xt.prop._ZSt9use_facetISt5ctypeIwEERKT_RKSt6locale                                                                                                                                                                                                                                                                                60            0

.xt.prop._ZSt9use_facetISt8numpunctIwEERKT_RKSt6locale                                                                                                                                                                                                                                                                             60            0

.xt.prop._ZSt9use_facetISt10moneypunctIwLb1EEERKT_RKSt6locale                                                                                                                                                                                                                                                                      60            0

.xt.prop._ZSt9use_facetISt10moneypunctIwLb0EEERKT_RKSt6locale                                                                                                                                                                                                                                                                      60            0

.xt.prop._ZSt9use_facetISt11__timepunctIwEERKT_RKSt6locale                                                                                                                                                                                                                                                                         60            0

.xt.prop._ZNKSt7num_putIwSt19ostreambuf_iteratorIwSt11char_traitsIwEEE14_M_group_floatEPKcjwPKwPwS9_Ri                                                                                                                                                                                                                             48            0

.xt.prop._ZNKSt7num_putIwSt19ostreambuf_iteratorIwSt11char_traitsIwEEE12_M_group_intEPKcjwRSt8ios_basePwS9_Ri                                                                                                                                                                                                                      36            0

.xt.prop._ZSt13__int_to_charIwmEiPT_T0_PKS0_St13_Ios_Fmtflagsb                                                                                                                                                                                                                                                                    108            0

.xt.prop._ZSt13__int_to_charIwyEiPT_T0_PKS0_St13_Ios_Fmtflagsb                                                                                                                                                                                                                                                                    120            0

.xt.prop._ZNSt18__moneypunct_cacheIwLb0EE8_M_cacheERKSt6locale                                                                                                                                                                                                                                                                    660            0

.xt.prop._ZNSt18__moneypunct_cacheIwLb1EE8_M_cacheERKSt6locale                                                                                                                                                                                                                                                                    660            0

.xt.prop._ZNSt16__numpunct_cacheIwE8_M_cacheERKSt6locale                                                                                                                                                                                                                                                                          504            0

.xt.prop._ZNKSt9money_putIwSt19ostreambuf_iteratorIwSt11char_traitsIwEEE9_M_insertILb1EEES3_S3_RSt8ios_basewRKSbIwS2_SaIwEE                                                                                                                                                                                                       420            0

.xt.prop._ZNKSt9money_putIwSt19ostreambuf_iteratorIwSt11char_traitsIwEEE9_M_insertILb0EEES3_S3_RSt8ios_basewRKSbIwS2_SaIwEE                                                                                                                                                                                                       420            0

.xt.prop._ZNKSt9money_putIwSt19ostreambuf_iteratorIwSt11char_traitsIwEEE6do_putES3_bRSt8ios_basewe                                                                                                                                                                                                                                120            0

.xt.prop._ZNKSt9money_putIwSt19ostreambuf_iteratorIwSt11char_traitsIwEEE6do_putES3_bRSt8ios_basewRKSbIwS2_SaIwEE                                                                                                                                                                                                                   60            0

.xt.prop._ZNSt5__padIwSt11char_traitsIwEE6_S_padERSt8ios_basewPwPKwii                                                                                                                                                                                                                                                             180            0

.xt.prop._ZNKSt7num_putIwSt19ostreambuf_iteratorIwSt11char_traitsIwEEE6_M_padEwiRSt8ios_basePwPKwRi                                                                                                                                                                                                                                36            0

.xt.prop._ZNKSt7num_putIwSt19ostreambuf_iteratorIwSt11char_traitsIwEEE13_M_insert_intIlEES3_S3_RSt8ios_basewT_                                                                                                                                                                                                                    120            0

.xt.prop._ZNKSt7num_putIwSt19ostreambuf_iteratorIwSt11char_traitsIwEEE6do_putES3_RSt8ios_basewl                                                                                                                                                                                                                                    36            0

.xt.prop._ZNKSt7num_putIwSt19ostreambuf_iteratorIwSt11char_traitsIwEEE6do_putES3_RSt8ios_basewb                                                                                                                                                                                                                                   132            0

.xt.prop._ZNKSt7num_putIwSt19ostreambuf_iteratorIwSt11char_traitsIwEEE13_M_insert_intImEES3_S3_RSt8ios_basewT_                                                                                                                                                                                                                     60            0

.xt.prop._ZNKSt7num_putIwSt19ostreambuf_iteratorIwSt11char_traitsIwEEE6do_putES3_RSt8ios_basewm                                                                                                                                                                                                                                    36            0

.xt.prop._ZNKSt7num_putIwSt19ostreambuf_iteratorIwSt11char_traitsIwEEE6do_putES3_RSt8ios_basewPKv                                                                                                                                                                                                                                  36            0

.xt.prop._ZNKSt7num_putIwSt19ostreambuf_iteratorIwSt11char_traitsIwEEE13_M_insert_intIxEES3_S3_RSt8ios_basewT_                                                                                                                                                                                                                    120            0

.xt.prop._ZNKSt7num_putIwSt19ostreambuf_iteratorIwSt11char_traitsIwEEE6do_putES3_RSt8ios_basewx                                                                                                                                                                                                                                    36            0

.xt.prop._ZNKSt7num_putIwSt19ostreambuf_iteratorIwSt11char_traitsIwEEE13_M_insert_intIyEES3_S3_RSt8ios_basewT_                                                                                                                                                                                                                     60            0

.xt.prop._ZNKSt7num_putIwSt19ostreambuf_iteratorIwSt11char_traitsIwEEE6do_putES3_RSt8ios_basewy                                                                                                                                                                                                                                    36            0

.xt.prop._ZNKSt7num_putIwSt19ostreambuf_iteratorIwSt11char_traitsIwEEE15_M_insert_floatIdEES3_S3_RSt8ios_basewcT_                                                                                                                                                                                                                 108            0

.xt.prop._ZNKSt7num_putIwSt19ostreambuf_iteratorIwSt11char_traitsIwEEE6do_putES3_RSt8ios_basewd                                                                                                                                                                                                                                    36            0

.xt.prop._ZNKSt7num_putIwSt19ostreambuf_iteratorIwSt11char_traitsIwEEE15_M_insert_floatIeEES3_S3_RSt8ios_basewcT_                                                                                                                                                                                                                 108            0

.xt.prop._ZNKSt7num_putIwSt19ostreambuf_iteratorIwSt11char_traitsIwEEE6do_putES3_RSt8ios_basewe                                                                                                                                                                                                                                    36            0

.xt.prop._ZNKSt8time_putIwSt19ostreambuf_iteratorIwSt11char_traitsIwEEE6do_putES3_RSt8ios_basewPK2tmcc                                                                                                                                                                                                                             60            0

.xt.prop._ZNKSt8time_getIwSt19istreambuf_iteratorIwSt11char_traitsIwEEE14_M_extract_numES3_S3_RiiijRSt8ios_baseRSt12_Ios_Iostate                                                                                                                                                                                                  120            0

.xt.prop._ZNKSt8time_getIwSt19istreambuf_iteratorIwSt11char_traitsIwEEE15_M_extract_nameES3_S3_RiPPKwjRSt8ios_baseRSt12_Ios_Iostate                                                                                                                                                                                               288            0

.xt.prop._ZNKSt8time_getIwSt19istreambuf_iteratorIwSt11char_traitsIwEEE24_M_extract_wday_or_monthES3_S3_RiPPKwjRSt8ios_baseRSt12_Ios_Iostate                                                                                                                                                                                      312            0

.xt.prop._ZNKSt8time_getIwSt19istreambuf_iteratorIwSt11char_traitsIwEEE21_M_extract_via_formatES3_S3_RSt8ios_baseRSt12_Ios_IostateP2tmPKw                                                                                                                                                                                         792            0

.xt.prop._ZNKSt7num_getIwSt19istreambuf_iteratorIwSt11char_traitsIwEEE16_M_extract_floatES3_S3_RSt8ios_baseRSt12_Ios_IostateRSs                                                                                                                                                                                                   660            0

.xt.prop._ZNKSt7num_getIwSt19istreambuf_iteratorIwSt11char_traitsIwEEE6do_getES3_S3_RSt8ios_baseRSt12_Ios_IostateRf                                                                                                                                                                                                                60            0

.xt.prop._ZNKSt7num_getIwSt19istreambuf_iteratorIwSt11char_traitsIwEEE6do_getES3_S3_RSt8ios_baseRSt12_Ios_IostateRd                                                                                                                                                                                                                60            0

.xt.prop._ZNKSt7num_getIwSt19istreambuf_iteratorIwSt11char_traitsIwEEE6do_getES3_S3_RSt8ios_baseRSt12_Ios_IostateRe                                                                                                                                                                                                                60            0

.xt.prop._ZNKSt7num_getIwSt19istreambuf_iteratorIwSt11char_traitsIwEEE14_M_extract_intIlEES3_S3_S3_RSt8ios_baseRSt12_Ios_IostateRT_                                                                                                                                                                                               816            0

.xt.prop._ZNKSt7num_getIwSt19istreambuf_iteratorIwSt11char_traitsIwEEE6do_getES3_S3_RSt8ios_baseRSt12_Ios_IostateRl                                                                                                                                                                                                                36            0

.xt.prop._ZNKSt7num_getIwSt19istreambuf_iteratorIwSt11char_traitsIwEEE6do_getES3_S3_RSt8ios_baseRSt12_Ios_IostateRb                                                                                                                                                                                                               384            0

.xt.prop._ZNKSt7num_getIwSt19istreambuf_iteratorIwSt11char_traitsIwEEE14_M_extract_intItEES3_S3_S3_RSt8ios_baseRSt12_Ios_IostateRT_                                                                                                                                                                                               780            0

.xt.prop._ZNKSt7num_getIwSt19istreambuf_iteratorIwSt11char_traitsIwEEE6do_getES3_S3_RSt8ios_baseRSt12_Ios_IostateRt                                                                                                                                                                                                                36            0

.xt.prop._ZNKSt7num_getIwSt19istreambuf_iteratorIwSt11char_traitsIwEEE14_M_extract_intIjEES3_S3_S3_RSt8ios_baseRSt12_Ios_IostateRT_                                                                                                                                                                                               780            0

.xt.prop._ZNKSt7num_getIwSt19istreambuf_iteratorIwSt11char_traitsIwEEE6do_getES3_S3_RSt8ios_baseRSt12_Ios_IostateRj                                                                                                                                                                                                                36            0

.xt.prop._ZNKSt7num_getIwSt19istreambuf_iteratorIwSt11char_traitsIwEEE14_M_extract_intImEES3_S3_S3_RSt8ios_baseRSt12_Ios_IostateRT_                                                                                                                                                                                               780            0

.xt.prop._ZNKSt7num_getIwSt19istreambuf_iteratorIwSt11char_traitsIwEEE6do_getES3_S3_RSt8ios_baseRSt12_Ios_IostateRm                                                                                                                                                                                                                36            0

.xt.prop._ZNKSt7num_getIwSt19istreambuf_iteratorIwSt11char_traitsIwEEE6do_getES3_S3_RSt8ios_baseRSt12_Ios_IostateRPv                                                                                                                                                                                                               36            0

.xt.prop._ZNKSt7num_getIwSt19istreambuf_iteratorIwSt11char_traitsIwEEE14_M_extract_intIxEES3_S3_S3_RSt8ios_baseRSt12_Ios_IostateRT_                                                                                                                                                                                               900            0

.xt.prop._ZNKSt7num_getIwSt19istreambuf_iteratorIwSt11char_traitsIwEEE6do_getES3_S3_RSt8ios_baseRSt12_Ios_IostateRx                                                                                                                                                                                                                36            0

.xt.prop._ZNKSt7num_getIwSt19istreambuf_iteratorIwSt11char_traitsIwEEE14_M_extract_intIyEES3_S3_S3_RSt8ios_baseRSt12_Ios_IostateRT_                                                                                                                                                                                               852            0

.xt.prop._ZNKSt7num_getIwSt19istreambuf_iteratorIwSt11char_traitsIwEEE6do_getES3_S3_RSt8ios_baseRSt12_Ios_IostateRy                                                                                                                                                                                                                36            0

.xt.prop._ZNKSt8time_getIwSt19istreambuf_iteratorIwSt11char_traitsIwEEE11do_get_yearES3_S3_RSt8ios_baseRSt12_Ios_IostateP2tm                                                                                                                                                                                                       72            0

.xt.prop._ZNKSt8time_getIwSt19istreambuf_iteratorIwSt11char_traitsIwEEE14do_get_weekdayES3_S3_RSt8ios_baseRSt12_Ios_IostateP2tm                                                                                                                                                                                                    60            0

.xt.prop._ZNKSt8time_getIwSt19istreambuf_iteratorIwSt11char_traitsIwEEE16do_get_monthnameES3_S3_RSt8ios_baseRSt12_Ios_IostateP2tm                                                                                                                                                                                                  60            0

.xt.prop._ZNKSt8time_getIwSt19istreambuf_iteratorIwSt11char_traitsIwEEE11do_get_timeES3_S3_RSt8ios_baseRSt12_Ios_IostateP2tm                                                                                                                                                                                                       36            0

.xt.prop._ZNKSt8time_getIwSt19istreambuf_iteratorIwSt11char_traitsIwEEE11do_get_dateES3_S3_RSt8ios_baseRSt12_Ios_IostateP2tm                                                                                                                                                                                                       36            0

.xt.prop._ZNKSt9money_getIwSt19istreambuf_iteratorIwSt11char_traitsIwEEE10_M_extractILb1EEES3_S3_S3_RSt8ios_baseRSt12_Ios_IostateRSs                                                                                                                                                                                             1032            0

.xt.prop._ZNKSt9money_getIwSt19istreambuf_iteratorIwSt11char_traitsIwEEE10_M_extractILb0EEES3_S3_S3_RSt8ios_baseRSt12_Ios_IostateRSs                                                                                                                                                                                             1032            0

.xt.prop._ZNKSt9money_getIwSt19istreambuf_iteratorIwSt11char_traitsIwEEE6do_getES3_S3_bRSt8ios_baseRSt12_Ios_IostateRe                                                                                                                                                                                                             84            0

.xt.prop._ZNKSt9money_getIwSt19istreambuf_iteratorIwSt11char_traitsIwEEE6do_getES3_S3_bRSt8ios_baseRSt12_Ios_IostateRSbIwS2_SaIwEE                                                                                                                                                                                                132            0

.xt.prop._ZNKSt10moneypunctIwLb0EE16do_decimal_pointEv                                                                                                                                                                                                                                                                             36            0

.xt.prop._ZNKSt10moneypunctIwLb0EE16do_thousands_sepEv                                                                                                                                                                                                                                                                             36            0

.xt.prop._ZNKSt10moneypunctIwLb0EE14do_frac_digitsEv                                                                                                                                                                                                                                                                               36            0

.xt.prop._ZNKSt10moneypunctIwLb1EE16do_decimal_pointEv                                                                                                                                                                                                                                                                             36            0

.xt.prop._ZNKSt10moneypunctIwLb1EE16do_thousands_sepEv                                                                                                                                                                                                                                                                             36            0

.xt.prop._ZNKSt10moneypunctIwLb1EE14do_frac_digitsEv                                                                                                                                                                                                                                                                               36            0

.xt.prop._ZNKSt8numpunctIwE16do_decimal_pointEv                                                                                                                                                                                                                                                                                    36            0

.xt.prop._ZNKSt8numpunctIwE16do_thousands_sepEv                                                                                                                                                                                                                                                                                    36            0

.xt.prop._ZNKSt8time_getIwSt19istreambuf_iteratorIwSt11char_traitsIwEEE13do_date_orderEv                                                                                                                                                                                                                                           36            0

.xt.prop._ZNKSt8messagesIwE7do_openERKSsRKSt6locale                                                                                                                                                                                                                                                                                36            0

.xt.prop._ZNKSt8messagesIwE8do_closeEi                                                                                                                                                                                                                                                                                             36            0

.xt.prop._ZNKSt7collateIwE7do_hashEPKwS2_                                                                                                                                                                                                                                                                                          60            0

.xt.prop._ZNSt9money_getIwSt19istreambuf_iteratorIwSt11char_traitsIwEEED2Ev                                                                                                                                                                                                                                                        36            0

.xt.prop._ZNSt9money_putIwSt19ostreambuf_iteratorIwSt11char_traitsIwEEED2Ev                                                                                                                                                                                                                                                        36            0

.xt.prop._ZNSt16__numpunct_cacheIwED2Ev                                                                                                                                                                                                                                                                                            72            0

.xt.prop._ZNSt7num_getIwSt19istreambuf_iteratorIwSt11char_traitsIwEEED2Ev                                                                                                                                                                                                                                                          36            0

.xt.prop._ZNSt7num_putIwSt19ostreambuf_iteratorIwSt11char_traitsIwEEED2Ev                                                                                                                                                                                                                                                          36            0

.xt.prop._ZNSt17__timepunct_cacheIwED2Ev                                                                                                                                                                                                                                                                                           36            0

.xt.prop._ZNSt8time_putIwSt19ostreambuf_iteratorIwSt11char_traitsIwEEED2Ev                                                                                                                                                                                                                                                         36            0

.xt.prop._ZNSt8time_getIwSt19istreambuf_iteratorIwSt11char_traitsIwEEED2Ev                                                                                                                                                                                                                                                         36            0

.xt.prop._ZNSt9money_getIwSt19istreambuf_iteratorIwSt11char_traitsIwEEED0Ev                                                                                                                                                                                                                                                        36            0

.xt.prop._ZNSt9money_putIwSt19ostreambuf_iteratorIwSt11char_traitsIwEEED0Ev                                                                                                                                                                                                                                                        36            0

.xt.prop._ZNSt16__numpunct_cacheIwED0Ev                                                                                                                                                                                                                                                                                            36            0

.xt.prop._ZNSt7num_getIwSt19istreambuf_iteratorIwSt11char_traitsIwEEED0Ev                                                                                                                                                                                                                                                          36            0

.xt.prop._ZNSt7num_putIwSt19ostreambuf_iteratorIwSt11char_traitsIwEEED0Ev                                                                                                                                                                                                                                                          36            0

.xt.prop._ZNSt17__timepunct_cacheIwED0Ev                                                                                                                                                                                                                                                                                           36            0

.xt.prop._ZNSt8time_putIwSt19ostreambuf_iteratorIwSt11char_traitsIwEEED0Ev                                                                                                                                                                                                                                                         36            0

.xt.prop._ZNSt8time_getIwSt19istreambuf_iteratorIwSt11char_traitsIwEEED0Ev                                                                                                                                                                                                                                                         36            0

.xt.prop._ZNSt8messagesIwED2Ev                                                                                                                                                                                                                                                                                                     36            0

.xt.prop._ZNSt8messagesIwED0Ev                                                                                                                                                                                                                                                                                                     36            0

.xt.prop._ZNSt7collateIwED2Ev                                                                                                                                                                                                                                                                                                      36            0

.xt.prop._ZNSt7collateIwED0Ev                                                                                                                                                                                                                                                                                                      36            0

.xt.prop._ZNSt11__timepunctIwED2Ev                                                                                                                                                                                                                                                                                                 60            0

.xt.prop._ZNSt11__timepunctIwED0Ev                                                                                                                                                                                                                                                                                                 36            0

.xt.prop._ZNSt10moneypunctIwLb0EEC2EPSt18__moneypunct_cacheIwLb0EEj                                                                                                                                                                                                                                                                84            0

.xt.prop._ZNKSt10moneypunctIwLb0EE13decimal_pointEv                                                                                                                                                                                                                                                                                36            0

.xt.prop._ZNKSt10moneypunctIwLb0EE13thousands_sepEv                                                                                                                                                                                                                                                                                36            0

.xt.prop._ZNKSt10moneypunctIwLb0EE8groupingEv                                                                                                                                                                                                                                                                                      36            0

.xt.prop._ZNKSt10moneypunctIwLb0EE11curr_symbolEv                                                                                                                                                                                                                                                                                  36            0

.xt.prop._ZNKSt10moneypunctIwLb0EE13positive_signEv                                                                                                                                                                                                                                                                                36            0

.xt.prop._ZNKSt10moneypunctIwLb0EE13negative_signEv                                                                                                                                                                                                                                                                                36            0

.xt.prop._ZNKSt10moneypunctIwLb0EE11frac_digitsEv                                                                                                                                                                                                                                                                                  36            0

.xt.prop._ZNSt10moneypunctIwLb1EEC2EPSt18__moneypunct_cacheIwLb1EEj                                                                                                                                                                                                                                                                84            0

.xt.prop._ZNKSt10moneypunctIwLb1EE13decimal_pointEv                                                                                                                                                                                                                                                                                36            0

.xt.prop._ZNKSt10moneypunctIwLb1EE13thousands_sepEv                                                                                                                                                                                                                                                                                36            0

.xt.prop._ZNKSt10moneypunctIwLb1EE8groupingEv                                                                                                                                                                                                                                                                                      36            0

.xt.prop._ZNKSt10moneypunctIwLb1EE11curr_symbolEv                                                                                                                                                                                                                                                                                  36            0

.xt.prop._ZNKSt10moneypunctIwLb1EE13positive_signEv                                                                                                                                                                                                                                                                                36            0

.xt.prop._ZNKSt10moneypunctIwLb1EE13negative_signEv                                                                                                                                                                                                                                                                                36            0

.xt.prop._ZNKSt10moneypunctIwLb1EE11frac_digitsEv                                                                                                                                                                                                                                                                                  36            0

.xt.prop._ZNKSt9money_getIwSt19istreambuf_iteratorIwSt11char_traitsIwEEE3getES3_S3_bRSt8ios_baseRSt12_Ios_IostateRe                                                                                                                                                                                                                36            0

.xt.prop._ZNKSt9money_getIwSt19istreambuf_iteratorIwSt11char_traitsIwEEE3getES3_S3_bRSt8ios_baseRSt12_Ios_IostateRSbIwS2_SaIwEE                                                                                                                                                                                                    36            0

.xt.prop._ZNKSt9money_putIwSt19ostreambuf_iteratorIwSt11char_traitsIwEEE3putES3_bRSt8ios_basewe                                                                                                                                                                                                                                    36            0

.xt.prop._ZNKSt9money_putIwSt19ostreambuf_iteratorIwSt11char_traitsIwEEE3putES3_bRSt8ios_basewRKSbIwS2_SaIwEE                                                                                                                                                                                                                      36            0

.xt.prop._ZNSt8numpunctIwEC2EPSt16__numpunct_cacheIwEj                                                                                                                                                                                                                                                                             84            0

.xt.prop._ZNKSt8numpunctIwE13decimal_pointEv                                                                                                                                                                                                                                                                                       36            0

.xt.prop._ZNKSt8numpunctIwE13thousands_sepEv                                                                                                                                                                                                                                                                                       36            0

.xt.prop._ZNKSt8numpunctIwE8groupingEv                                                                                                                                                                                                                                                                                             36            0

.xt.prop._ZNKSt8numpunctIwE8truenameEv                                                                                                                                                                                                                                                                                             36            0

.xt.prop._ZNKSt8numpunctIwE9falsenameEv                                                                                                                                                                                                                                                                                            36            0

.xt.prop._ZNSt11__timepunctIwEC2EPSt17__timepunct_cacheIwEj                                                                                                                                                                                                                                                                        84            0

.xt.prop._ZNKSt11__timepunctIwE15_M_date_formatsEPPKw                                                                                                                                                                                                                                                                              36            0

.xt.prop._ZNKSt11__timepunctIwE15_M_time_formatsEPPKw                                                                                                                                                                                                                                                                              36            0

.xt.prop._ZNKSt11__timepunctIwE20_M_date_time_formatsEPPKw                                                                                                                                                                                                                                                                         36            0

.xt.prop._ZNKSt11__timepunctIwE7_M_daysEPPKw                                                                                                                                                                                                                                                                                       36            0

.xt.prop._ZNKSt11__timepunctIwE19_M_days_abbreviatedEPPKw                                                                                                                                                                                                                                                                          36            0

.xt.prop._ZNKSt11__timepunctIwE9_M_monthsEPPKw                                                                                                                                                                                                                                                                                     36            0

.xt.prop._ZNKSt11__timepunctIwE21_M_months_abbreviatedEPPKw                                                                                                                                                                                                                                                                        36            0

.xt.prop._ZNKSt8time_getIwSt19istreambuf_iteratorIwSt11char_traitsIwEEE10date_orderEv                                                                                                                                                                                                                                              36            0

.xt.prop._ZNKSt8time_getIwSt19istreambuf_iteratorIwSt11char_traitsIwEEE8get_timeES3_S3_RSt8ios_baseRSt12_Ios_IostateP2tm                                                                                                                                                                                                           36            0

.xt.prop._ZNKSt8time_getIwSt19istreambuf_iteratorIwSt11char_traitsIwEEE8get_dateES3_S3_RSt8ios_baseRSt12_Ios_IostateP2tm                                                                                                                                                                                                           36            0

.xt.prop._ZNKSt8time_getIwSt19istreambuf_iteratorIwSt11char_traitsIwEEE11get_weekdayES3_S3_RSt8ios_baseRSt12_Ios_IostateP2tm                                                                                                                                                                                                       36            0

.xt.prop._ZNKSt8time_getIwSt19istreambuf_iteratorIwSt11char_traitsIwEEE13get_monthnameES3_S3_RSt8ios_baseRSt12_Ios_IostateP2tm                                                                                                                                                                                                     36            0

.xt.prop._ZNKSt8time_getIwSt19istreambuf_iteratorIwSt11char_traitsIwEEE8get_yearES3_S3_RSt8ios_baseRSt12_Ios_IostateP2tm                                                                                                                                                                                                           36            0

.xt.prop._ZNSt8messagesIwEC2Ej                                                                                                                                                                                                                                                                                                     60            0

.xt.prop._ZNKSt8messagesIwE4openERKSsRKSt6locale                                                                                                                                                                                                                                                                                   36            0

.xt.prop._ZNKSt8messagesIwE3getEiiiRKSbIwSt11char_traitsIwESaIwEE                                                                                                                                                                                                                                                                  36            0

.xt.prop._ZNKSt8messagesIwE5closeEi                                                                                                                                                                                                                                                                                                36            0

.xt.prop._ZNSt7collateIwEC2Ej                                                                                                                                                                                                                                                                                                      60            0

.xt.prop._ZNKSt7collateIwE7compareEPKwS2_S2_S2_                                                                                                                                                                                                                                                                                    36            0

.xt.prop._ZNKSt7collateIwE9transformEPKwS2_                                                                                                                                                                                                                                                                                        36            0

.xt.prop._ZSt14__add_groupingIwEPT_S1_S0_PKcjPKS0_S5_                                                                                                                                                                                                                                                                             240            0

.xt.prop._ZGVNSt7collateIwE2idE                                                                                                                                                                                                                                                                                                    12            0

.xt.prop._ZGVNSt8messagesIwE2idE                                                                                                                                                                                                                                                                                                   12            0

.xt.prop._ZGVNSt8time_getIwSt19istreambuf_iteratorIwSt11char_traitsIwEEE2idE                                                                                                                                                                                                                                                       12            0

.xt.prop._ZGVNSt8time_putIwSt19ostreambuf_iteratorIwSt11char_traitsIwEEE2idE                                                                                                                                                                                                                                                       12            0

.xt.prop._ZGVNSt11__timepunctIwE2idE                                                                                                                                                                                                                                                                                               12            0

.xt.prop._ZGVNSt7num_putIwSt19ostreambuf_iteratorIwSt11char_traitsIwEEE2idE                                                                                                                                                                                                                                                        12            0

.xt.prop._ZGVNSt7num_getIwSt19istreambuf_iteratorIwSt11char_traitsIwEEE2idE                                                                                                                                                                                                                                                        12            0

.xt.prop._ZGVNSt8numpunctIwE2idE                                                                                                                                                                                                                                                                                                   12            0

.xt.prop._ZGVNSt9money_putIwSt19ostreambuf_iteratorIwSt11char_traitsIwEEE2idE                                                                                                                                                                                                                                                      12            0

.xt.prop._ZGVNSt9money_getIwSt19istreambuf_iteratorIwSt11char_traitsIwEEE2idE                                                                                                                                                                                                                                                      12            0

.xt.prop._ZGVNSt10moneypunctIwLb1EE2idE                                                                                                                                                                                                                                                                                            12            0

.xt.prop._ZGVNSt10moneypunctIwLb0EE2idE                                                                                                                                                                                                                                                                                            12            0

.xt.prop._ZTVSt7collateIwE                                                                                                                                                                                                                                                                                                         12            0

.xt.prop._ZTVSt21__ctype_abstract_baseIwE                                                                                                                                                                                                                                                                                          12            0

.xt.prop._ZTVSt8numpunctIwE                                                                                                                                                                                                                                                                                                        12            0

.xt.prop._ZTVSt7num_getIwSt19istreambuf_iteratorIwSt11char_traitsIwEEE                                                                                                                                                                                                                                                             12            0

.xt.prop._ZTVSt7num_putIwSt19ostreambuf_iteratorIwSt11char_traitsIwEEE                                                                                                                                                                                                                                                             12            0

.xt.prop._ZTVSt17__timepunct_cacheIwE                                                                                                                                                                                                                                                                                              12            0

.xt.prop._ZTVSt11__timepunctIwE                                                                                                                                                                                                                                                                                                    12            0

.xt.prop._ZTVSt10moneypunctIwLb1EE                                                                                                                                                                                                                                                                                                 12            0

.xt.prop._ZTVSt10moneypunctIwLb0EE                                                                                                                                                                                                                                                                                                 12            0

.xt.prop._ZTVSt8messagesIwE                                                                                                                                                                                                                                                                                                        12            0

.xt.prop._ZTVSt23__codecvt_abstract_baseIwc10_mbstate_tE                                                                                                                                                                                                                                                                           12            0

.xt.prop._ZTVSt9money_getIwSt19istreambuf_iteratorIwSt11char_traitsIwEEE                                                                                                                                                                                                                                                           12            0

.xt.prop._ZTVSt9money_putIwSt19ostreambuf_iteratorIwSt11char_traitsIwEEE                                                                                                                                                                                                                                                           12            0

.xt.prop._ZTVSt8time_putIwSt19ostreambuf_iteratorIwSt11char_traitsIwEEE                                                                                                                                                                                                                                                            12            0

.xt.prop._ZTVSt8time_getIwSt19istreambuf_iteratorIwSt11char_traitsIwEEE                                                                                                                                                                                                                                                            12            0

.xt.prop._ZTVSt16__numpunct_cacheIwE                                                                                                                                                                                                                                                                                               12            0

.xt.prop._ZNSt7collateIwE2idE                                                                                                                                                                                                                                                                                                      12            0

.xt.prop._ZNSt8messagesIwE2idE                                                                                                                                                                                                                                                                                                     12            0

.xt.prop._ZNSt8time_getIwSt19istreambuf_iteratorIwSt11char_traitsIwEEE2idE                                                                                                                                                                                                                                                         12            0

.xt.prop._ZNSt8time_putIwSt19ostreambuf_iteratorIwSt11char_traitsIwEEE2idE                                                                                                                                                                                                                                                         12            0

.xt.prop._ZNSt11__timepunctIwE2idE                                                                                                                                                                                                                                                                                                 12            0

.xt.prop._ZNSt7num_putIwSt19ostreambuf_iteratorIwSt11char_traitsIwEEE2idE                                                                                                                                                                                                                                                          12            0

.xt.prop._ZNSt7num_getIwSt19istreambuf_iteratorIwSt11char_traitsIwEEE2idE                                                                                                                                                                                                                                                          12            0

.xt.prop._ZNSt8numpunctIwE2idE                                                                                                                                                                                                                                                                                                     12            0

.xt.prop._ZNSt9money_putIwSt19ostreambuf_iteratorIwSt11char_traitsIwEEE2idE                                                                                                                                                                                                                                                        12            0

.xt.prop._ZNSt9money_getIwSt19istreambuf_iteratorIwSt11char_traitsIwEEE2idE                                                                                                                                                                                                                                                        12            0

.xt.prop._ZNSt10moneypunctIwLb1EE2idE                                                                                                                                                                                                                                                                                              12            0

.xt.prop._ZNSt10moneypunctIwLb0EE2idE                                                                                                                                                                                                                                                                                              12            0

.xt.lit._ZNKSbIwSt11char_traitsIwESaIwEE8_M_checkEjPKc                                                                                                                                                                                                                                                                              8            0

.xt.lit._ZNKSbIwSt11char_traitsIwESaIwEE15_M_check_lengthEjjPKc                                                                                                                                                                                                                                                                     8            0

.xt.lit._ZNSbIwSt11char_traitsIwESaIwEE7_M_copyEPwPKwj                                                                                                                                                                                                                                                                              0            0

.xt.lit._ZNSbIwSt11char_traitsIwESaIwEE7_M_moveEPwPKwj                                                                                                                                                                                                                                                                              0            0

.xt.lit._ZNSbIwSt11char_traitsIwESaIwEE9_M_assignEPwjw                                                                                                                                                                                                                                                                              0            0

.xt.lit._ZNSbIwSt11char_traitsIwESaIwEE13_S_copy_charsEPwPKwS5_                                                                                                                                                                                                                                                                     0            0

.xt.lit._ZNKSbIwSt11char_traitsIwESaIwEE4copyEPwjj                                                                                                                                                                                                                                                                                  8            0

.xt.lit._ZNSbIwSt11char_traitsIwESaIwEE4swapERS2_                                                                                                                                                                                                                                                                                   0            0

.xt.lit._ZNSbIwSt11char_traitsIwESaIwEE4_Rep26_M_set_length_and_sharableEj                                                                                                                                                                                                                                                          8            0

.xt.lit._ZNSbIwSt11char_traitsIwESaIwEE4_Rep9_S_createEjjRKS1_                                                                                                                                                                                                                                                                      8            0

.xt.lit._ZNSbIwSt11char_traitsIwESaIwEE12_S_constructEjwRKS1_                                                                                                                                                                                                                                                                       0            0

.xt.lit._ZNSbIwSt11char_traitsIwESaIwEEC5EjwRKS1_                                                                                                                                                                                                                                                                                   0            0

.xt.lit._ZNSbIwSt11char_traitsIwESaIwEE4_Rep10_M_destroyERKS1_                                                                                                                                                                                                                                                                      0            0

.xt.lit._ZNSbIwSt11char_traitsIwESaIwEE4_Rep10_M_disposeERKS1_                                                                                                                                                                                                                                                                      0            0

.xt.lit._ZNSbIwSt11char_traitsIwESaIwEED5Ev                                                                                                                                                                                                                                                                                         0            0

.xt.lit._ZNSbIwSt11char_traitsIwESaIwEE9_M_mutateEjjj                                                                                                                                                                                                                                                                               0            0

.xt.lit._ZNSbIwSt11char_traitsIwESaIwEE12_M_leak_hardEv                                                                                                                                                                                                                                                                             0            0

.xt.lit._ZNSbIwSt11char_traitsIwESaIwEE7_M_leakEv                                                                                                                                                                                                                                                                                   0            0

.xt.lit._ZNSbIwSt11char_traitsIwESaIwEE5eraseEjj                                                                                                                                                                                                                                                                                    8            0

.xt.lit._ZNSbIwSt11char_traitsIwESaIwEE14_M_replace_auxEjjjw                                                                                                                                                                                                                                                                        8            0

.xt.lit._ZNSbIwSt11char_traitsIwESaIwEE6assignEjw                                                                                                                                                                                                                                                                                   0            0

.xt.lit._ZNSbIwSt11char_traitsIwESaIwEE6insertEjjw                                                                                                                                                                                                                                                                                  8            0

.xt.lit._ZNSbIwSt11char_traitsIwESaIwEE15_M_replace_safeEjjPKwj                                                                                                                                                                                                                                                                     0            0

.xt.lit._ZNSbIwSt11char_traitsIwESaIwEE6assignEPKwj                                                                                                                                                                                                                                                                                 8            0

.xt.lit._ZNSbIwSt11char_traitsIwESaIwEE4_Rep10_M_refcopyEv                                                                                                                                                                                                                                                                          0            0

.xt.lit._ZNSbIwSt11char_traitsIwESaIwEE4_Rep8_M_cloneERKS1_j                                                                                                                                                                                                                                                                        0            0

.xt.lit._ZNSbIwSt11char_traitsIwESaIwEE7reserveEj                                                                                                                                                                                                                                                                                   0            0

.xt.lit._ZNSbIwSt11char_traitsIwESaIwEE6appendERKS2_                                                                                                                                                                                                                                                                                0            0

.xt.lit._ZNSbIwSt11char_traitsIwESaIwEEpLERKS2_                                                                                                                                                                                                                                                                                     0            0

.xt.lit._ZNSbIwSt11char_traitsIwESaIwEE6appendEPKwj                                                                                                                                                                                                                                                                                 8            0

.xt.lit._ZNSbIwSt11char_traitsIwESaIwEE6appendEjw                                                                                                                                                                                                                                                                                   0            0

.xt.lit._ZNSbIwSt11char_traitsIwESaIwEE6resizeEjw                                                                                                                                                                                                                                                                                   8            0

.xt.lit._ZNSbIwSt11char_traitsIwESaIwEE6resizeEj                                                                                                                                                                                                                                                                                    0            0

.xt.lit._ZNSbIwSt11char_traitsIwESaIwEE9push_backEw                                                                                                                                                                                                                                                                                 0            0

.xt.lit._ZNSbIwSt11char_traitsIwESaIwEE4_Rep7_M_grabERKS1_S5_                                                                                                                                                                                                                                                                       0            0

.xt.lit._ZNSbIwSt11char_traitsIwESaIwEEC5ERKS2_                                                                                                                                                                                                                                                                                     0            0

.xt.lit._ZNSbIwSt11char_traitsIwESaIwEE12_S_constructIPKwEEPwT_S7_RKS1_St20forward_iterator_tag                                                                                                                                                                                                                                     8            0

.xt.lit._ZNSbIwSt11char_traitsIwESaIwEEC5EPKwRKS1_                                                                                                                                                                                                                                                                                  0            0

.xt.lit._ZNSbIwSt11char_traitsIwESaIwEEC5IPKwEET_S6_RKS1_                                                                                                                                                                                                                                                                           0            0

.xt.lit._ZNSbIwSt11char_traitsIwESaIwEEC5EPKwjRKS1_                                                                                                                                                                                                                                                                                 0            0

.xt.prop._ZNKSbIwSt11char_traitsIwESaIwEE8_M_checkEjPKc                                                                                                                                                                                                                                                                            60            0

.xt.prop._ZNKSbIwSt11char_traitsIwESaIwEE15_M_check_lengthEjjPKc                                                                                                                                                                                                                                                                   60            0

.xt.prop._ZNSbIwSt11char_traitsIwESaIwEE7_M_copyEPwPKwj                                                                                                                                                                                                                                                                            60            0

.xt.prop._ZNSbIwSt11char_traitsIwESaIwEE7_M_moveEPwPKwj                                                                                                                                                                                                                                                                            60            0

.xt.prop._ZNSbIwSt11char_traitsIwESaIwEE9_M_assignEPwjw                                                                                                                                                                                                                                                                            60            0

.xt.prop._ZNSbIwSt11char_traitsIwESaIwEE13_S_copy_charsEPwPKwS5_                                                                                                                                                                                                                                                                   36            0

.xt.prop._ZNKSbIwSt11char_traitsIwESaIwEE4copyEPwjj                                                                                                                                                                                                                                                                                60            0

.xt.prop._ZNSbIwSt11char_traitsIwESaIwEE4swapERS2_                                                                                                                                                                                                                                                                                 36            0

.xt.prop._ZNSbIwSt11char_traitsIwESaIwEE4_Rep26_M_set_length_and_sharableEj                                                                                                                                                                                                                                                        48            0

.xt.prop._ZNSbIwSt11char_traitsIwESaIwEE4_Rep9_S_createEjjRKS1_                                                                                                                                                                                                                                                                    72            0

.xt.prop._ZNSbIwSt11char_traitsIwESaIwEE12_S_constructEjwRKS1_                                                                                                                                                                                                                                                                     36            0

.xt.prop._ZNSbIwSt11char_traitsIwESaIwEEC5EjwRKS1_                                                                                                                                                                                                                                                                                  0            0

.xt.prop._ZNSbIwSt11char_traitsIwESaIwEE4_Rep10_M_destroyERKS1_                                                                                                                                                                                                                                                                    36            0

.xt.prop._ZNSbIwSt11char_traitsIwESaIwEE4_Rep10_M_disposeERKS1_                                                                                                                                                                                                                                                                    48            0

.xt.prop._ZNSbIwSt11char_traitsIwESaIwEED5Ev                                                                                                                                                                                                                                                                                        0            0

.xt.prop._ZNSbIwSt11char_traitsIwESaIwEE9_M_mutateEjjj                                                                                                                                                                                                                                                                            132            0

.xt.prop._ZNSbIwSt11char_traitsIwESaIwEE12_M_leak_hardEv                                                                                                                                                                                                                                                                           36            0

.xt.prop._ZNSbIwSt11char_traitsIwESaIwEE7_M_leakEv                                                                                                                                                                                                                                                                                 48            0

.xt.prop._ZNSbIwSt11char_traitsIwESaIwEE5eraseEjj                                                                                                                                                                                                                                                                                  48            0

.xt.prop._ZNSbIwSt11char_traitsIwESaIwEE14_M_replace_auxEjjjw                                                                                                                                                                                                                                                                      60            0

.xt.prop._ZNSbIwSt11char_traitsIwESaIwEE6assignEjw                                                                                                                                                                                                                                                                                 36            0

.xt.prop._ZNSbIwSt11char_traitsIwESaIwEE6insertEjjw                                                                                                                                                                                                                                                                                48            0

.xt.prop._ZNSbIwSt11char_traitsIwESaIwEE15_M_replace_safeEjjPKwj                                                                                                                                                                                                                                                                   48            0

.xt.prop._ZNSbIwSt11char_traitsIwESaIwEE6assignEPKwj                                                                                                                                                                                                                                                                              108            0

.xt.prop._ZNSbIwSt11char_traitsIwESaIwEE4_Rep10_M_refcopyEv                                                                                                                                                                                                                                                                        48            0

.xt.prop._ZNSbIwSt11char_traitsIwESaIwEE4_Rep8_M_cloneERKS1_j                                                                                                                                                                                                                                                                      48            0

.xt.prop._ZNSbIwSt11char_traitsIwESaIwEE7reserveEj                                                                                                                                                                                                                                                                                 72            0

.xt.prop._ZNSbIwSt11char_traitsIwESaIwEE6appendERKS2_                                                                                                                                                                                                                                                                              72            0

.xt.prop._ZNSbIwSt11char_traitsIwESaIwEEpLERKS2_                                                                                                                                                                                                                                                                                   36            0

.xt.prop._ZNSbIwSt11char_traitsIwESaIwEE6appendEPKwj                                                                                                                                                                                                                                                                              132            0

.xt.prop._ZNSbIwSt11char_traitsIwESaIwEE6appendEjw                                                                                                                                                                                                                                                                                 72            0

.xt.prop._ZNSbIwSt11char_traitsIwESaIwEE6resizeEjw                                                                                                                                                                                                                                                                                 84            0

.xt.prop._ZNSbIwSt11char_traitsIwESaIwEE6resizeEj                                                                                                                                                                                                                                                                                  36            0

.xt.prop._ZNSbIwSt11char_traitsIwESaIwEE9push_backEw                                                                                                                                                                                                                                                                               72            0

.xt.prop._ZNSbIwSt11char_traitsIwESaIwEE4_Rep7_M_grabERKS1_S5_                                                                                                                                                                                                                                                                     60            0

.xt.prop._ZNSbIwSt11char_traitsIwESaIwEEC5ERKS2_                                                                                                                                                                                                                                                                                    0            0

.xt.prop._ZNSbIwSt11char_traitsIwESaIwEE12_S_constructIPKwEEPwT_S7_RKS1_St20forward_iterator_tag                                                                                                                                                                                                                                   84            0

.xt.prop._ZNSbIwSt11char_traitsIwESaIwEEC5EPKwRKS1_                                                                                                                                                                                                                                                                                 0            0

.xt.prop._ZNSbIwSt11char_traitsIwESaIwEEC5IPKwEET_S6_RKS1_                                                                                                                                                                                                                                                                          0            0

.xt.prop._ZNSbIwSt11char_traitsIwESaIwEEC5EPKwjRKS1_                                                                                                                                                                                                                                                                                0            0

.xt.prop._ZNKSbIwSt11char_traitsIwESaIwEE11_M_disjunctEPKw                                                                                                                                                                                                                                                                         48            0

.xt.prop._ZNKSbIwSt11char_traitsIwESaIwEE4_Rep12_M_is_leakedEv                                                                                                                                                                                                                                                                     36            0

.xt.prop._ZNKSbIwSt11char_traitsIwESaIwEE4_Rep12_M_is_sharedEv                                                                                                                                                                                                                                                                     36            0

.xt.prop._ZNSbIwSt11char_traitsIwESaIwEEC2EjwRKS1_                                                                                                                                                                                                                                                                                 36            0

.xt.prop._ZNSbIwSt11char_traitsIwESaIwEED2Ev                                                                                                                                                                                                                                                                                       36            0

.xt.prop._ZNSbIwSt11char_traitsIwESaIwEEC2ERKS2_                                                                                                                                                                                                                                                                                   36            0

.xt.prop._ZNSbIwSt11char_traitsIwESaIwEEC2EPKwRKS1_                                                                                                                                                                                                                                                                                36            0

.xt.prop._ZNSbIwSt11char_traitsIwESaIwEEC2IPKwEET_S6_RKS1_                                                                                                                                                                                                                                                                         36            0

.xt.prop._ZNSbIwSt11char_traitsIwESaIwEEC2EPKwjRKS1_                                                                                                                                                                                                                                                                               36            0

.xt.prop._ZNSbIwSt11char_traitsIwESaIwEE4_Rep20_S_empty_rep_storageE                                                                                                                                                                                                                                                               12            0

.xt.lit._ZNKSt5ctypeIcE9do_narrowEPKcS2_cPc                                                                                                                                                                                                                                                                                         0            0

.xt.lit._ZNKSt5ctypeIcE8do_widenEPKcS2_Pc                                                                                                                                                                                                                                                                                           0            0

.xt.prop._ZNKSt5ctypeIcE9do_narrowEPKcS2_cPc                                                                                                                                                                                                                                                                                       48            0

.xt.prop._ZNKSt5ctypeIcE8do_widenEPKcS2_Pc                                                                                                                                                                                                                                                                                         48            0

.xt.prop._ZNKSt5ctypeIcE8do_widenEc                                                                                                                                                                                                                                                                                                36            0

.xt.prop._ZNKSt5ctypeIcE9do_narrowEcc                                                                                                                                                                                                                                                                                              36            0

.xt.prop._ZTVSt5ctypeIcE                                                                                                                                                                                                                                                                                                           12            0

.xt.prop._ZTVSt5ctypeIwE                                                                                                                                                                                                                                                                                                           12            0

.xt.prop._ZTISt17bad_function_call                                                                                                                                                                                                                                                                                                 12            0

.xt.prop._ZTVSt17bad_function_call                                                                                                                                                                                                                                                                                                 12            0

.xt.lit._ZNSt13__facet_shims12__any_stringaSIcEERS0_RKSbIT_St11char_traitsIS3_ESaIS3_EE                                                                                                                                                                                                                                             8            0

.xt.lit._ZNSt13__facet_shims12__any_stringaSIwEERS0_RKSbIT_St11char_traitsIS3_ESaIS3_EE                                                                                                                                                                                                                                             8            0

.xt.lit._ZNSt13__facet_shims21__numpunct_fill_cacheIcEEvSt17integral_constantIbLb0EEPKNSt6locale5facetEPSt16__numpunct_cacheIT_E                                                                                                                                                                                                    0            0

.xt.lit._ZNSt13__facet_shims21__numpunct_fill_cacheIwEEvSt17integral_constantIbLb0EEPKNSt6locale5facetEPSt16__numpunct_cacheIT_E                                                                                                                                                                                                    0            0

.xt.lit._ZNSt13__facet_shims17__collate_compareIcEEiSt17integral_constantIbLb0EEPKNSt6locale5facetEPKT_S9_S9_S9_                                                                                                                                                                                                                    0            0

.xt.lit._ZNSt13__facet_shims17__collate_compareIwEEiSt17integral_constantIbLb0EEPKNSt6locale5facetEPKT_S9_S9_S9_                                                                                                                                                                                                                    0            0

.xt.lit._ZNSt13__facet_shims23__moneypunct_fill_cacheIcLb1EEEvSt17integral_constantIbLb0EEPKNSt6locale5facetEPSt18__moneypunct_cacheIT_XT0_EE                                                                                                                                                                                       0            0

.xt.lit._ZNSt13__facet_shims23__moneypunct_fill_cacheIcLb0EEEvSt17integral_constantIbLb0EEPKNSt6locale5facetEPSt18__moneypunct_cacheIT_XT0_EE                                                                                                                                                                                       0            0

.xt.lit._ZNSt13__facet_shims23__moneypunct_fill_cacheIwLb1EEEvSt17integral_constantIbLb0EEPKNSt6locale5facetEPSt18__moneypunct_cacheIT_XT0_EE                                                                                                                                                                                       0            0

.xt.lit._ZNSt13__facet_shims23__moneypunct_fill_cacheIwLb0EEEvSt17integral_constantIbLb0EEPKNSt6locale5facetEPSt18__moneypunct_cacheIT_XT0_EE                                                                                                                                                                                       0            0

.xt.lit._ZNSt13__facet_shims15__messages_openIcEEiSt17integral_constantIbLb0EEPKNSt6locale5facetEPKcjRKS3_                                                                                                                                                                                                                          0            0

.xt.lit._ZNSt13__facet_shims15__messages_openIwEEiSt17integral_constantIbLb0EEPKNSt6locale5facetEPKcjRKS3_                                                                                                                                                                                                                          0            0

.xt.lit._ZNSt13__facet_shims16__messages_closeIcEEvSt17integral_constantIbLb0EEPKNSt6locale5facetEi                                                                                                                                                                                                                                 0            0

.xt.lit._ZNSt13__facet_shims16__messages_closeIwEEvSt17integral_constantIbLb0EEPKNSt6locale5facetEi                                                                                                                                                                                                                                 0            0

.xt.lit._ZNSt13__facet_shims20__time_get_dateorderIcEENSt9time_base9dateorderESt17integral_constantIbLb0EEPKNSt6locale5facetE                                                                                                                                                                                                       0            0

.xt.lit._ZNSt13__facet_shims20__time_get_dateorderIwEENSt9time_base9dateorderESt17integral_constantIbLb0EEPKNSt6locale5facetE                                                                                                                                                                                                       0            0

.xt.lit._ZNSt13__facet_shims10__time_getIcEESt19istreambuf_iteratorIT_St11char_traitsIS2_EESt17integral_constantIbLb0EEPKNSt6locale5facetES5_S5_RSt8ios_baseRSt12_Ios_IostateP2tmc                                                                                                                                                  0            0

.xt.lit._ZNSt13__facet_shims10__time_getIwEESt19istreambuf_iteratorIT_St11char_traitsIS2_EESt17integral_constantIbLb0EEPKNSt6locale5facetES5_S5_RSt8ios_baseRSt12_Ios_IostateP2tmc                                                                                                                                                  0            0

.xt.lit._ZNKSt13__facet_shims12__any_stringcvSbIT_St11char_traitsIS1_ESaIS1_EEIcEEv                                                                                                                                                                                                                                                 8            0

.xt.lit._ZNSt13__facet_shims11__money_putIcEESt19ostreambuf_iteratorIT_St11char_traitsIS2_EESt17integral_constantIbLb0EEPKNSt6locale5facetES5_bRSt8ios_baseS2_ePKNS_12__any_stringE                                                                                                                                                 0            0

.xt.lit._ZNSt13__facet_shims19__collate_transformIcEEvSt17integral_constantIbLb0EEPKNSt6locale5facetERNS_12__any_stringEPKT_SB_                                                                                                                                                                                                     0            0

.xt.lit._ZNSt13__facet_shims14__messages_getIcEEvSt17integral_constantIbLb0EEPKNSt6locale5facetERNS_12__any_stringEiiiPKT_j                                                                                                                                                                                                         0            0

.xt.lit._ZNSt13__facet_shims11__money_getIcEESt19istreambuf_iteratorIT_St11char_traitsIS2_EESt17integral_constantIbLb0EEPKNSt6locale5facetES5_S5_bRSt8ios_baseRSt12_Ios_IostatePePNS_12__any_stringE                                                                                                                                0            0

.xt.lit._ZNKSt13__facet_shims12__any_stringcvSbIT_St11char_traitsIS1_ESaIS1_EEIwEEv                                                                                                                                                                                                                                                 0            0

.xt.lit._ZNSt13__facet_shims11__money_putIwEESt19ostreambuf_iteratorIT_St11char_traitsIS2_EESt17integral_constantIbLb0EEPKNSt6locale5facetES5_bRSt8ios_baseS2_ePKNS_12__any_stringE                                                                                                                                                 0            0

.xt.lit._ZNSt13__facet_shims19__collate_transformIwEEvSt17integral_constantIbLb0EEPKNSt6locale5facetERNS_12__any_stringEPKT_SB_                                                                                                                                                                                                     0            0

.xt.lit._ZNSt13__facet_shims14__messages_getIwEEvSt17integral_constantIbLb0EEPKNSt6locale5facetERNS_12__any_stringEiiiPKT_j                                                                                                                                                                                                         0            0

.xt.lit._ZNSt13__facet_shims11__money_getIwEESt19istreambuf_iteratorIT_St11char_traitsIS2_EESt17integral_constantIbLb0EEPKNSt6locale5facetES5_S5_bRSt8ios_baseRSt12_Ios_IostatePePNS_12__any_stringE                                                                                                                                0            0

.xt.prop._ZNSt13__facet_shims12__any_stringaSIcEERS0_RKSbIT_St11char_traitsIS3_ESaIS3_EE                                                                                                                                                                                                                                           60            0

.xt.prop._ZNSt13__facet_shims12__any_stringaSIwEERS0_RKSbIT_St11char_traitsIS3_ESaIS3_EE                                                                                                                                                                                                                                           60            0

.xt.prop._ZNSt13__facet_shims21__numpunct_fill_cacheIcEEvSt17integral_constantIbLb0EEPKNSt6locale5facetEPSt16__numpunct_cacheIT_E                                                                                                                                                                                                  96            0

.xt.prop._ZNSt13__facet_shims21__numpunct_fill_cacheIwEEvSt17integral_constantIbLb0EEPKNSt6locale5facetEPSt16__numpunct_cacheIT_E                                                                                                                                                                                                  96            0

.xt.prop._ZNSt13__facet_shims17__collate_compareIcEEiSt17integral_constantIbLb0EEPKNSt6locale5facetEPKT_S9_S9_S9_                                                                                                                                                                                                                  36            0

.xt.prop._ZNSt13__facet_shims17__collate_compareIwEEiSt17integral_constantIbLb0EEPKNSt6locale5facetEPKT_S9_S9_S9_                                                                                                                                                                                                                  36            0

.xt.prop._ZNSt13__facet_shims23__moneypunct_fill_cacheIcLb1EEEvSt17integral_constantIbLb0EEPKNSt6locale5facetEPSt18__moneypunct_cacheIT_XT0_EE                                                                                                                                                                                    120            0

.xt.prop._ZNSt13__facet_shims23__moneypunct_fill_cacheIcLb0EEEvSt17integral_constantIbLb0EEPKNSt6locale5facetEPSt18__moneypunct_cacheIT_XT0_EE                                                                                                                                                                                    120            0

.xt.prop._ZNSt13__facet_shims23__moneypunct_fill_cacheIwLb1EEEvSt17integral_constantIbLb0EEPKNSt6locale5facetEPSt18__moneypunct_cacheIT_XT0_EE                                                                                                                                                                                    120            0

.xt.prop._ZNSt13__facet_shims23__moneypunct_fill_cacheIwLb0EEEvSt17integral_constantIbLb0EEPKNSt6locale5facetEPSt18__moneypunct_cacheIT_XT0_EE                                                                                                                                                                                    120            0

.xt.prop._ZNSt13__facet_shims15__messages_openIcEEiSt17integral_constantIbLb0EEPKNSt6locale5facetEPKcjRKS3_                                                                                                                                                                                                                        60            0

.xt.prop._ZNSt13__facet_shims15__messages_openIwEEiSt17integral_constantIbLb0EEPKNSt6locale5facetEPKcjRKS3_                                                                                                                                                                                                                        60            0

.xt.prop._ZNSt13__facet_shims16__messages_closeIcEEvSt17integral_constantIbLb0EEPKNSt6locale5facetEi                                                                                                                                                                                                                               36            0

.xt.prop._ZNSt13__facet_shims16__messages_closeIwEEvSt17integral_constantIbLb0EEPKNSt6locale5facetEi                                                                                                                                                                                                                               36            0

.xt.prop._ZNSt13__facet_shims20__time_get_dateorderIcEENSt9time_base9dateorderESt17integral_constantIbLb0EEPKNSt6locale5facetE                                                                                                                                                                                                     36            0

.xt.prop._ZNSt13__facet_shims20__time_get_dateorderIwEENSt9time_base9dateorderESt17integral_constantIbLb0EEPKNSt6locale5facetE                                                                                                                                                                                                     36            0

.xt.prop._ZNSt13__facet_shims10__time_getIcEESt19istreambuf_iteratorIT_St11char_traitsIS2_EESt17integral_constantIbLb0EEPKNSt6locale5facetES5_S5_RSt8ios_baseRSt12_Ios_IostateP2tmc                                                                                                                                               204            0

.xt.prop._ZNSt13__facet_shims10__time_getIwEESt19istreambuf_iteratorIT_St11char_traitsIS2_EESt17integral_constantIbLb0EEPKNSt6locale5facetES5_S5_RSt8ios_baseRSt12_Ios_IostateP2tmc                                                                                                                                               204            0

.xt.prop._ZNKSt13__facet_shims12__any_stringcvSbIT_St11char_traitsIS1_ESaIS1_EEIcEEv                                                                                                                                                                                                                                               48            0

.xt.prop._ZNSt13__facet_shims11__money_putIcEESt19ostreambuf_iteratorIT_St11char_traitsIS2_EESt17integral_constantIbLb0EEPKNSt6locale5facetES5_bRSt8ios_baseS2_ePKNS_12__any_stringE                                                                                                                                               84            0

.xt.prop._ZNSt13__facet_shims19__collate_transformIcEEvSt17integral_constantIbLb0EEPKNSt6locale5facetERNS_12__any_stringEPKT_SB_                                                                                                                                                                                                   60            0

.xt.prop._ZNSt13__facet_shims14__messages_getIcEEvSt17integral_constantIbLb0EEPKNSt6locale5facetERNS_12__any_stringEiiiPKT_j                                                                                                                                                                                                       84            0

.xt.prop._ZNSt13__facet_shims11__money_getIcEESt19istreambuf_iteratorIT_St11char_traitsIS2_EESt17integral_constantIbLb0EEPKNSt6locale5facetES5_S5_bRSt8ios_baseRSt12_Ios_IostatePePNS_12__any_stringE                                                                                                                              96            0

.xt.prop._ZNKSt13__facet_shims12__any_stringcvSbIT_St11char_traitsIS1_ESaIS1_EEIwEEv                                                                                                                                                                                                                                               36            0

.xt.prop._ZNSt13__facet_shims11__money_putIwEESt19ostreambuf_iteratorIT_St11char_traitsIS2_EESt17integral_constantIbLb0EEPKNSt6locale5facetES5_bRSt8ios_baseS2_ePKNS_12__any_stringE                                                                                                                                               84            0

.xt.prop._ZNSt13__facet_shims19__collate_transformIwEEvSt17integral_constantIbLb0EEPKNSt6locale5facetERNS_12__any_stringEPKT_SB_                                                                                                                                                                                                   60            0

.xt.prop._ZNSt13__facet_shims14__messages_getIwEEvSt17integral_constantIbLb0EEPKNSt6locale5facetERNS_12__any_stringEiiiPKT_j                                                                                                                                                                                                       84            0

.xt.prop._ZNSt13__facet_shims11__money_getIwEESt19istreambuf_iteratorIT_St11char_traitsIS2_EESt17integral_constantIbLb0EEPKNSt6locale5facetES5_S5_bRSt8ios_baseRSt12_Ios_IostatePePNS_12__any_stringE                                                                                                                              96            0

.xt.lit._ZNSo5flushEv                                                                                                                                                                                                                                                                                                               0            0

.xt.prop._ZNSo5flushEv                                                                                                                                                                                                                                                                                                            168            0

.xt.prop._ZTISt20bad_array_new_length                                                                                                                                                                                                                                                                                              12            0

.xt.prop._ZTVSt8bad_cast                                                                                                                                                                                                                                                                                                           12            0

.xt.prop._ZTVSt20bad_array_new_length                                                                                                                                                                                                                                                                                              12            0

.xt.prop._ZTVSt7codecvtIcc10_mbstate_tE                                                                                                                                                                                                                                                                                            12            0

.xt.prop._ZTVSt7codecvtIwc10_mbstate_tE                                                                                                                                                                                                                                                                                            12            0

.xt.prop._ZTVSt11logic_error                                                                                                                                                                                                                                                                                                       12            0

.xt.prop._ZTVSt12length_error                                                                                                                                                                                                                                                                                                      12            0

.xt.prop._ZTVSt12out_of_range                                                                                                                                                                                                                                                                                                      12            0

.xt.prop._ZTVSt13runtime_error                                                                                                                                                                                                                                                                                                     12            0

.xt.lit._ZNSt12system_errorC5ESt10error_codePKc                                                                                                                                                                                                                                                                                     8            0

.xt.prop._ZNSt12system_errorC5ESt10error_codePKc                                                                                                                                                                                                                                                                                   12            0

.xt.prop._ZNSt12system_errorC2ESt10error_codePKc                                                                                                                                                                                                                                                                                  108            0

.xt.prop._ZTINSt8ios_base7failureB5cxx11E                                                                                                                                                                                                                                                                                          12            0

.xt.prop._ZTVNSt8ios_base7failureB5cxx11E                                                                                                                                                                                                                                                                                          12            0

.xt.prop._ZTVSt8ios_base                                                                                                                                                                                                                                                                                                           12            0

.xt.lit._ZNSt15basic_streambufIcSt11char_traitsIcEED5Ev                                                                                                                                                                                                                                                                             8            0

.xt.lit._ZNSt15basic_streambufIcSt11char_traitsIcEE6xsputnEPKci                                                                                                                                                                                                                                                                     0            0

.xt.lit._ZNSt15basic_streambufIcSt11char_traitsIcEE6xsgetnEPci                                                                                                                                                                                                                                                                      0            0

.xt.lit._ZNSt15basic_streambufIcSt11char_traitsIcEE6snextcEv                                                                                                                                                                                                                                                                        0            0

.xt.lit._ZNSt15basic_streambufIcSt11char_traitsIcEEC5Ev                                                                                                                                                                                                                                                                             0            0

.xt.prop._ZNSt15basic_streambufIcSt11char_traitsIcEED5Ev                                                                                                                                                                                                                                                                           12            0

.xt.prop._ZNSt15basic_streambufIcSt11char_traitsIcEE6xsputnEPKci                                                                                                                                                                                                                                                                   72            0

.xt.prop._ZNSt15basic_streambufIcSt11char_traitsIcEE6xsgetnEPci                                                                                                                                                                                                                                                                    72            0

.xt.prop._ZNSt15basic_streambufIcSt11char_traitsIcEE6snextcEv                                                                                                                                                                                                                                                                      48            0

.xt.prop._ZNSt15basic_streambufIcSt11char_traitsIcEEC5Ev                                                                                                                                                                                                                                                                            0            0

.xt.prop._ZNSt15basic_streambufIcSt11char_traitsIcEE5imbueERKSt6locale                                                                                                                                                                                                                                                             36            0

.xt.prop._ZNSt15basic_streambufIcSt11char_traitsIcEE6setbufEPci                                                                                                                                                                                                                                                                    36            0

.xt.prop._ZNSt15basic_streambufIcSt11char_traitsIcEE7seekoffExSt12_Ios_SeekdirSt13_Ios_Openmode                                                                                                                                                                                                                                    36            0

.xt.prop._ZNSt15basic_streambufIcSt11char_traitsIcEE7seekposESt4fposI10_mbstate_tESt13_Ios_Openmode                                                                                                                                                                                                                                36            0

.xt.prop._ZNSt15basic_streambufIcSt11char_traitsIcEE4syncEv                                                                                                                                                                                                                                                                        36            0

.xt.prop._ZNSt15basic_streambufIcSt11char_traitsIcEE9showmanycEv                                                                                                                                                                                                                                                                   36            0

.xt.prop._ZNSt15basic_streambufIcSt11char_traitsIcEE9underflowEv                                                                                                                                                                                                                                                                   36            0

.xt.prop._ZNSt15basic_streambufIcSt11char_traitsIcEE5uflowEv                                                                                                                                                                                                                                                                       36            0

.xt.prop._ZNSt15basic_streambufIcSt11char_traitsIcEE9pbackfailEi                                                                                                                                                                                                                                                                   36            0

.xt.prop._ZNSt15basic_streambufIcSt11char_traitsIcEE8overflowEi                                                                                                                                                                                                                                                                    36            0

.xt.prop._ZNSt15basic_streambufIcSt11char_traitsIcEED2Ev                                                                                                                                                                                                                                                                           36            0

.xt.prop._ZNSt15basic_streambufIcSt11char_traitsIcEED0Ev                                                                                                                                                                                                                                                                           36            0

.xt.prop._ZNSt15basic_streambufIcSt11char_traitsIcEE7pubsyncEv                                                                                                                                                                                                                                                                     36            0

.xt.prop._ZNSt15basic_streambufIcSt11char_traitsIcEE6sbumpcEv                                                                                                                                                                                                                                                                      60            0

.xt.prop._ZNSt15basic_streambufIcSt11char_traitsIcEE5sgetcEv                                                                                                                                                                                                                                                                       60            0

.xt.prop._ZNSt15basic_streambufIcSt11char_traitsIcEE5sputnEPKci                                                                                                                                                                                                                                                                    36            0

.xt.prop._ZNSt15basic_streambufIcSt11char_traitsIcEEC2Ev                                                                                                                                                                                                                                                                           36            0

.xt.prop._ZNSt15basic_streambufIwSt11char_traitsIwEE6sbumpcEv                                                                                                                                                                                                                                                                      60            0

.xt.prop._ZNSt15basic_streambufIwSt11char_traitsIwEE5sgetcEv                                                                                                                                                                                                                                                                       60            0

.xt.prop._ZNSt15basic_streambufIwSt11char_traitsIwEE5sputnEPKwi                                                                                                                                                                                                                                                                    36            0

.xt.prop._ZTVSt15basic_streambufIcSt11char_traitsIcEE                                                                                                                                                                                                                                                                              12            0

.xt.prop._ZTV7WiFiUDP                                                                                                                                                                                                                                                                                                              12            0

.xt.lit._ZNSt23_Sp_counted_ptr_inplaceI11VFSFileImplSaIS0_ELN9__gnu_cxx12_Lock_policyE2EE14_M_get_deleterERKSt9type_info                                                                                                                                                                                                            8            0

.xt.lit._ZNSt23_Sp_counted_ptr_inplaceI11VFSFileImplSaIS0_ELN9__gnu_cxx12_Lock_policyE2EED0Ev                                                                                                                                                                                                                                       0            0

.xt.lit._ZNSt15__allocated_ptrISaISt23_Sp_counted_ptr_inplaceI11VFSFileImplSaIS1_ELN9__gnu_cxx12_Lock_policyE2EEEED2Ev                                                                                                                                                                                                              0            0

.xt.lit._ZSt11make_sharedI11VFSFileImplJP7VFSImplRPKcS5_EESt10shared_ptrIT_EDpOT0_                                                                                                                                                                                                                                                  8            0

.xt.lit._ZNSt23_Sp_counted_ptr_inplaceI11VFSFileImplSaIS0_ELN9__gnu_cxx12_Lock_policyE2EE10_M_destroyEv                                                                                                                                                                                                                             0            0

.xt.prop._ZNSt23_Sp_counted_ptr_inplaceI11VFSFileImplSaIS0_ELN9__gnu_cxx12_Lock_policyE2EED2Ev                                                                                                                                                                                                                                     36            0

.xt.prop._ZNSt23_Sp_counted_ptr_inplaceI11VFSFileImplSaIS0_ELN9__gnu_cxx12_Lock_policyE2EE14_M_get_deleterERKSt9type_info                                                                                                                                                                                                          48            0

.xt.prop._ZNSt23_Sp_counted_ptr_inplaceI11VFSFileImplSaIS0_ELN9__gnu_cxx12_Lock_policyE2EED0Ev                                                                                                                                                                                                                                     36            0

.xt.prop._ZNSt23_Sp_counted_ptr_inplaceI11VFSFileImplSaIS0_ELN9__gnu_cxx12_Lock_policyE2EE10_M_disposeEv                                                                                                                                                                                                                           36            0

.xt.prop._ZNSt15__allocated_ptrISaISt23_Sp_counted_ptr_inplaceI11VFSFileImplSaIS1_ELN9__gnu_cxx12_Lock_policyE2EEEED2Ev                                                                                                                                                                                                            36            0

.xt.prop._ZSt11make_sharedI11VFSFileImplJP7VFSImplRPKcS5_EESt10shared_ptrIT_EDpOT0_                                                                                                                                                                                                                                                72            0

.xt.prop._ZNSt23_Sp_counted_ptr_inplaceI11VFSFileImplSaIS0_ELN9__gnu_cxx12_Lock_policyE2EE10_M_destroyEv                                                                                                                                                                                                                           36            0

.xt.prop._ZTV11VFSFileImpl                                                                                                                                                                                                                                                                                                         12            0

.xt.prop._ZTVSt23_Sp_counted_ptr_inplaceI11VFSFileImplSaIS0_ELN9__gnu_cxx12_Lock_policyE2EE                                                                                                                                                                                                                                        12            0

.xt.lit._ZN22FunctionRequestHandler9canUploadE6String                                                                                                                                                                                                                                                                               8            0

.xt.lit._ZN9WebServer21_currentClientWrite_PEPKcj                                                                                                                                                                                                                                                                                   0            0

.xt.lit._ZN14RequestHandlerD2Ev                                                                                                                                                                                                                                                                                                     8            0

.xt.lit._ZN14RequestHandlerD0Ev                                                                                                                                                                                                                                                                                                     0            0

.xt.lit._ZN9WebServer19_currentClientWriteEPKcj                                                                                                                                                                                                                                                                                     8            0

.xt.lit._ZN9WebServer6clientEv                                                                                                                                                                                                                                                                                                      8            0

.xt.lit._ZN22FunctionRequestHandlerD2Ev                                                                                                                                                                                                                                                                                             8            0

.xt.lit._ZN22FunctionRequestHandlerD0Ev                                                                                                                                                                                                                                                                                             0            0

.xt.lit._ZN22FunctionRequestHandler3rawER9WebServer6StringR7HTTPRaw                                                                                                                                                                                                                                                                 8            0

.xt.lit._ZN22FunctionRequestHandler6uploadER9WebServer6StringR10HTTPUpload                                                                                                                                                                                                                                                          0            0

.xt.lit._ZN22FunctionRequestHandler6handleER9WebServer11http_method6String                                                                                                                                                                                                                                                          0            0

.xt.lit._ZNSt10unique_ptrI10HTTPUploadSt14default_deleteIS0_EED2Ev                                                                                                                                                                                                                                                                  0            0

.xt.lit._ZNSt10unique_ptrI7HTTPRawSt14default_deleteIS0_EED2Ev                                                                                                                                                                                                                                                                      0            0

.xt.prop._ZN14RequestHandler9canHandleE11http_method6String                                                                                                                                                                                                                                                                        36            0

.xt.prop._ZN14RequestHandler9canUploadE6String                                                                                                                                                                                                                                                                                     36            0

.xt.prop._ZN14RequestHandler6canRawE6String                                                                                                                                                                                                                                                                                        36            0

.xt.prop._ZN14RequestHandler6handleER9WebServer11http_method6String                                                                                                                                                                                                                                                                36            0

.xt.prop._ZN14RequestHandler6uploadER9WebServer6StringR10HTTPUpload                                                                                                                                                                                                                                                                36            0

.xt.prop._ZN14RequestHandler3rawER9WebServer6StringR7HTTPRaw                                                                                                                                                                                                                                                                       36            0

.xt.prop._ZN22FunctionRequestHandler6canRawE6String                                                                                                                                                                                                                                                                                48            0

.xt.prop._ZN22FunctionRequestHandler9canUploadE6String                                                                                                                                                                                                                                                                            120            0

.xt.prop._ZN9WebServer21_currentClientWrite_PEPKcj                                                                                                                                                                                                                                                                                 36            0

.xt.prop._ZN22FunctionRequestHandler9canHandleE11http_method6String                                                                                                                                                                                                                                                                36            0

.xt.prop._ZN14RequestHandlerD2Ev                                                                                                                                                                                                                                                                                                   72            0

.xt.prop._ZN14RequestHandlerD0Ev                                                                                                                                                                                                                                                                                                   36            0

.xt.prop._ZN9WebServer19_currentClientWriteEPKcj                                                                                                                                                                                                                                                                                   48            0

.xt.prop._ZN9WebServer6clientEv                                                                                                                                                                                                                                                                                                    72            0

.xt.prop._ZN22FunctionRequestHandlerD2Ev                                                                                                                                                                                                                                                                                           48            0

.xt.prop._ZN22FunctionRequestHandlerD0Ev                                                                                                                                                                                                                                                                                           36            0

.xt.prop._ZN22FunctionRequestHandler3rawER9WebServer6StringR7HTTPRaw                                                                                                                                                                                                                                                               96            0

.xt.prop._ZN22FunctionRequestHandler6uploadER9WebServer6StringR10HTTPUpload                                                                                                                                                                                                                                                        84            0

.xt.prop._ZN22FunctionRequestHandler6handleER9WebServer11http_method6String                                                                                                                                                                                                                                                        84            0

.xt.prop._ZNSt10unique_ptrI10HTTPUploadSt14default_deleteIS0_EED2Ev                                                                                                                                                                                                                                                                36            0

.xt.prop._ZNSt10unique_ptrI7HTTPRawSt14default_deleteIS0_EED2Ev                                                                                                                                                                                                                                                                    36            0

.xt.prop._ZTV14RequestHandler                                                                                                                                                                                                                                                                                                      12            0

.xt.prop._ZTV22FunctionRequestHandler                                                                                                                                                                                                                                                                                              12            0

.xt.prop._ZTV9WebServer                                                                                                                                                                                                                                                                                                            12            0

.xt.lit._ZN9WebServer15RequestArgumentD2Ev                                                                                                                                                                                                                                                                                          0            0

.xt.lit._ZN9WebServer15RequestArgumentC2Ev                                                                                                                                                                                                                                                                                          8            0

.xt.prop._ZN9WebServer15RequestArgumentD2Ev                                                                                                                                                                                                                                                                                        36            0

.xt.prop._ZN9WebServer15RequestArgumentC2Ev                                                                                                                                                                                                                                                                                        96            0

.xt.lit._ZNKSt8functionIFvPvP11AsyncClientEEclES0_S2_                                                                                                                                                                                                                                                                               0            0

.xt.lit._ZNSt8functionIFvPvP11AsyncClientEEaSERKS4_                                                                                                                                                                                                                                                                                 8            0

.xt.prop._ZNKSt8functionIFvPvP11AsyncClientEEclES0_S2_                                                                                                                                                                                                                                                                             48            0

.xt.prop._ZNSt8functionIFvPvP11AsyncClientEEaSERKS4_                                                                                                                                                                                                                                                                               84            0

.xt.lit._ZN10WiFiServerD2Ev                                                                                                                                                                                                                                                                                                         0            0

.xt.lit._ZN10WiFiServerD0Ev                                                                                                                                                                                                                                                                                                         0            0

.xt.prop._ZN10WiFiServer5writeEh                                                                                                                                                                                                                                                                                                   36            0

.xt.prop._ZN10WiFiServerD2Ev                                                                                                                                                                                                                                                                                                       48            0

.xt.prop._ZN10WiFiServerD0Ev                                                                                                                                                                                                                                                                                                       36            0

.xt.prop._ZTV10WiFiServer                                                                                                                                                                                                                                                                                                          12            0

.debug_frame                                                                                                                                                                                                                                                                                                                   304248            0

.debug_info                                                                                                                                                                                                                                                                                                                  15495092            0

.debug_abbrev                                                                                                                                                                                                                                                                                                                  943304            0

.debug_loc                                                                                                                                                                                                                                                                                                                    3209027            0

.debug_aranges                                                                                                                                                                                                                                                                                                                 112944            0

.debug_ranges                                                                                                                                                                                                                                                                                                                  479264            0

.debug_line                                                                                                                                                                                                                                                                                                                   5211148            0

.debug_str                                                                                                                                                                                                                                                                                                                    2590097            0

Total                                                                                                                                                                                                                                                                                                                        31035433
========================= [SUCCESS] Took 6.45 seconds =========================

Environment          Status    Duration
-------------------  --------  ------------
esp32dev             SUCCESS   00:00:06.452
buildfs              IGNORED
esp32dev-rc522       IGNORED
esp32dev-rc522-ota   IGNORED
esp32dev-rc522-test  IGNORED
========================= 1 succeeded in 00:00:06.452 =========================
